Archive member included to satisfy reference by file (symbol)

g:/pi/gcc_linaro_6_3/bin/../aarch64-elf/libc/usr/lib\libc.a(lib_a-ctype_.o)
                              C:\Users\ldebo\AppData\Local\Temp\ccP02CDv.o (__ctype_ptr__)
g:/pi/gcc_linaro_6_3/bin/../aarch64-elf/libc/usr/lib\libc.a(lib_a-rand.o)
                              C:\Users\ldebo\AppData\Local\Temp\ccEpbkGB.o (rand)
g:/pi/gcc_linaro_6_3/bin/../aarch64-elf/libc/usr/lib\libc.a(lib_a-strlen.o)
                              C:\Users\ldebo\AppData\Local\Temp\ccP02CDv.o (strlen)
g:/pi/gcc_linaro_6_3/bin/../aarch64-elf/libc/usr/lib\libc.a(lib_a-strnlen.o)
                              C:\Users\ldebo\AppData\Local\Temp\ccP02CDv.o (strnlen)
g:/pi/gcc_linaro_6_3/bin/../aarch64-elf/libc/usr/lib\libc.a(lib_a-impure.o)
                              g:/pi/gcc_linaro_6_3/bin/../aarch64-elf/libc/usr/lib\libc.a(lib_a-rand.o) (_impure_ptr)

Discarded input sections

 .text          0x0000000000000000        0x0 C:\Users\ldebo\AppData\Local\Temp\ccEpbkGB.o
 .data          0x0000000000000000        0x0 C:\Users\ldebo\AppData\Local\Temp\ccEpbkGB.o
 .bss           0x0000000000000000        0x0 C:\Users\ldebo\AppData\Local\Temp\ccEpbkGB.o
 .bss.test      0x0000000000000000        0x8 C:\Users\ldebo\AppData\Local\Temp\ccEpbkGB.o
 .comment       0x0000000000000000       0x2e C:\Users\ldebo\AppData\Local\Temp\ccEpbkGB.o
 .debug_frame   0x0000000000000000       0xe8 C:\Users\ldebo\AppData\Local\Temp\ccEpbkGB.o
 .text          0x0000000000000000        0x0 C:\Users\ldebo\AppData\Local\Temp\ccIKzY7F.o
 .data          0x0000000000000000        0x0 C:\Users\ldebo\AppData\Local\Temp\ccIKzY7F.o
 .bss           0x0000000000000000        0x0 C:\Users\ldebo\AppData\Local\Temp\ccIKzY7F.o
 .text          0x0000000000000000        0x0 C:\Users\ldebo\AppData\Local\Temp\ccP02CDv.o
 .data          0x0000000000000000        0x0 C:\Users\ldebo\AppData\Local\Temp\ccP02CDv.o
 .bss           0x0000000000000000        0x0 C:\Users\ldebo\AppData\Local\Temp\ccP02CDv.o
 .text.gpio_setup
                0x0000000000000000       0x74 C:\Users\ldebo\AppData\Local\Temp\ccP02CDv.o
 .text.gpio_output
                0x0000000000000000       0x18 C:\Users\ldebo\AppData\Local\Temp\ccP02CDv.o
 .text.gpio_input
                0x0000000000000000       0x48 C:\Users\ldebo\AppData\Local\Temp\ccP02CDv.o
 .text.gpio_checkEvent
                0x0000000000000000       0x48 C:\Users\ldebo\AppData\Local\Temp\ccP02CDv.o
 .text.gpio_clearEvent
                0x0000000000000000       0x40 C:\Users\ldebo\AppData\Local\Temp\ccP02CDv.o
 .text.gpio_edgeDetect
                0x0000000000000000       0xbc C:\Users\ldebo\AppData\Local\Temp\ccP02CDv.o
 .text.gpio_fixResistor
                0x0000000000000000       0xf0 C:\Users\ldebo\AppData\Local\Temp\ccP02CDv.o
 .text.timer_getTickCount
                0x0000000000000000       0x34 C:\Users\ldebo\AppData\Local\Temp\ccP02CDv.o
 .text.timer_wait
                0x0000000000000000       0x64 C:\Users\ldebo\AppData\Local\Temp\ccP02CDv.o
 .text.tick_difference
                0x0000000000000000        0x8 C:\Users\ldebo\AppData\Local\Temp\ccP02CDv.o
 .text.mailbox_write
                0x0000000000000000       0x18 C:\Users\ldebo\AppData\Local\Temp\ccP02CDv.o
 .text.mailbox_read
                0x0000000000000000       0x1c C:\Users\ldebo\AppData\Local\Temp\ccP02CDv.o
 .text.DeadLoop
                0x0000000000000000       0x34 C:\Users\ldebo\AppData\Local\Temp\ccP02CDv.o
 .text.PiConsole_WriteText
                0x0000000000000000       0x30 C:\Users\ldebo\AppData\Local\Temp\ccP02CDv.o
 .text.WriteText
                0x0000000000000000       0x84 C:\Users\ldebo\AppData\Local\Temp\ccP02CDv.o
 .text.sprintf  0x0000000000000000       0x78 C:\Users\ldebo\AppData\Local\Temp\ccP02CDv.o
 .rodata        0x0000000000000000        0x4 C:\Users\ldebo\AppData\Local\Temp\ccP02CDv.o
 .comment       0x0000000000000000       0x2e C:\Users\ldebo\AppData\Local\Temp\ccP02CDv.o
 .debug_frame   0x0000000000000000      0x450 C:\Users\ldebo\AppData\Local\Temp\ccP02CDv.o
 .text          0x0000000000000000       0x14 g:/pi/gcc_linaro_6_3/bin/../aarch64-elf/libc/usr/lib\libc.a(lib_a-ctype_.o)
 .bss           0x0000000000000000        0x0 g:/pi/gcc_linaro_6_3/bin/../aarch64-elf/libc/usr/lib\libc.a(lib_a-ctype_.o)
 .comment       0x0000000000000000       0x2e g:/pi/gcc_linaro_6_3/bin/../aarch64-elf/libc/usr/lib\libc.a(lib_a-ctype_.o)
 .debug_frame   0x0000000000000000       0x28 g:/pi/gcc_linaro_6_3/bin/../aarch64-elf/libc/usr/lib\libc.a(lib_a-ctype_.o)
 .data          0x0000000000000000        0x0 g:/pi/gcc_linaro_6_3/bin/../aarch64-elf/libc/usr/lib\libc.a(lib_a-rand.o)
 .bss           0x0000000000000000        0x0 g:/pi/gcc_linaro_6_3/bin/../aarch64-elf/libc/usr/lib\libc.a(lib_a-rand.o)
 .comment       0x0000000000000000       0x2e g:/pi/gcc_linaro_6_3/bin/../aarch64-elf/libc/usr/lib\libc.a(lib_a-rand.o)
 .debug_frame   0x0000000000000000       0x40 g:/pi/gcc_linaro_6_3/bin/../aarch64-elf/libc/usr/lib\libc.a(lib_a-rand.o)
 .text          0x0000000000000000      0x140 g:/pi/gcc_linaro_6_3/bin/../aarch64-elf/libc/usr/lib\libc.a(lib_a-strlen.o)
 .data          0x0000000000000000        0x0 g:/pi/gcc_linaro_6_3/bin/../aarch64-elf/libc/usr/lib\libc.a(lib_a-strlen.o)
 .bss           0x0000000000000000        0x0 g:/pi/gcc_linaro_6_3/bin/../aarch64-elf/libc/usr/lib\libc.a(lib_a-strlen.o)
 .debug_line    0x0000000000000000      0x150 g:/pi/gcc_linaro_6_3/bin/../aarch64-elf/libc/usr/lib\libc.a(lib_a-strlen.o)
 .debug_info    0x0000000000000000      0x1e6 g:/pi/gcc_linaro_6_3/bin/../aarch64-elf/libc/usr/lib\libc.a(lib_a-strlen.o)
 .debug_abbrev  0x0000000000000000       0x14 g:/pi/gcc_linaro_6_3/bin/../aarch64-elf/libc/usr/lib\libc.a(lib_a-strlen.o)
 .debug_aranges
                0x0000000000000000       0x30 g:/pi/gcc_linaro_6_3/bin/../aarch64-elf/libc/usr/lib\libc.a(lib_a-strlen.o)
 .data          0x0000000000000000        0x0 g:/pi/gcc_linaro_6_3/bin/../aarch64-elf/libc/usr/lib\libc.a(lib_a-strnlen.o)
 .bss           0x0000000000000000        0x0 g:/pi/gcc_linaro_6_3/bin/../aarch64-elf/libc/usr/lib\libc.a(lib_a-strnlen.o)
 .text          0x0000000000000000        0x0 g:/pi/gcc_linaro_6_3/bin/../aarch64-elf/libc/usr/lib\libc.a(lib_a-impure.o)
 .bss           0x0000000000000000        0x0 g:/pi/gcc_linaro_6_3/bin/../aarch64-elf/libc/usr/lib\libc.a(lib_a-impure.o)
 .rodata        0x0000000000000000        0x8 g:/pi/gcc_linaro_6_3/bin/../aarch64-elf/libc/usr/lib\libc.a(lib_a-impure.o)
 .comment       0x0000000000000000       0x2e g:/pi/gcc_linaro_6_3/bin/../aarch64-elf/libc/usr/lib\libc.a(lib_a-impure.o)

Memory Configuration

Name             Origin             Length             Attributes
RAM              0x0000000000080000 0x0000000008000000 xrw
*default*        0x0000000000000000 0xffffffffffffffff

Linker script and memory map


.text           0x0000000000080000     0x2ae0
                0x0000000000080000                . = ALIGN (0x4)
                0x0000000000080000                __text_start__ = .
                0x0000000000080000                _start = .
 *(.text.startup)
 .text.startup  0x0000000000080000      0x300 C:\Users\ldebo\AppData\Local\Temp\ccIKzY7F.o
                0x0000000000080294                RPi_CpuIdString
                0x00000000000802a8                EnableInterrupts
                0x00000000000802b0                DisableInterrupts
                0x00000000000802b8                CoreExecute
 *(.text .text.* .gnu.linkonce.t.*)
 .text.somerand
                0x0000000000080300       0x24 C:\Users\ldebo\AppData\Local\Temp\ccEpbkGB.o
                0x0000000000080300                somerand
 *fill*         0x0000000000080324        0xc 
 .text.marco    0x0000000000080330        0xc C:\Users\ldebo\AppData\Local\Temp\ccEpbkGB.o
                0x0000000000080330                marco
 *fill*         0x000000000008033c        0x4 
 .text.polo     0x0000000000080340        0xc C:\Users\ldebo\AppData\Local\Temp\ccEpbkGB.o
                0x0000000000080340                polo
 *fill*         0x000000000008034c        0x4 
 .text.caught   0x0000000000080350        0xc C:\Users\ldebo\AppData\Local\Temp\ccEpbkGB.o
                0x0000000000080350                caught
 *fill*         0x000000000008035c        0x4 
 .text.c_irq_handler
                0x0000000000080360       0x78 C:\Users\ldebo\AppData\Local\Temp\ccEpbkGB.o
                0x0000000000080360                c_irq_handler
 *fill*         0x00000000000803d8        0x8 
 .text.c_irq_identify_and_clear_source
                0x00000000000803e0       0x30 C:\Users\ldebo\AppData\Local\Temp\ccEpbkGB.o
                0x00000000000803e0                c_irq_identify_and_clear_source
 .text.kernel_main
                0x0000000000080410      0x1ec C:\Users\ldebo\AppData\Local\Temp\ccEpbkGB.o
                0x0000000000080410                kernel_main
 .text.ARMaddrToGPUaddr
                0x00000000000805fc        0xc C:\Users\ldebo\AppData\Local\Temp\ccIKzY7F.o
                0x00000000000805fc                ARMaddrToGPUaddr
 *fill*         0x0000000000080608      0x1f8 
 .text.GPUaddrToARMaddr
                0x0000000000080800      0xf84 C:\Users\ldebo\AppData\Local\Temp\ccIKzY7F.o
                0x0000000000080800                GPUaddrToARMaddr
                0x0000000000080814                irq_handler
                0x0000000000081000                VectorTable
 *fill*         0x0000000000081784        0xc 
 .text.WriteChar32
                0x0000000000081790       0xa0 C:\Users\ldebo\AppData\Local\Temp\ccP02CDv.o
 .text.WriteChar24
                0x0000000000081830       0xc4 C:\Users\ldebo\AppData\Local\Temp\ccP02CDv.o
 *fill*         0x00000000000818f4        0xc 
 .text.WriteChar16
                0x0000000000081900       0xec C:\Users\ldebo\AppData\Local\Temp\ccP02CDv.o
 *fill*         0x00000000000819ec        0x4 
 .text.number   0x00000000000819f0      0x280 C:\Users\ldebo\AppData\Local\Temp\ccP02CDv.o
 .text.gpio_output.part.0
                0x0000000000081c70       0x70 C:\Users\ldebo\AppData\Local\Temp\ccP02CDv.o
 .text.mailbox_write.part.1
                0x0000000000081ce0       0x2c C:\Users\ldebo\AppData\Local\Temp\ccP02CDv.o
 *fill*         0x0000000000081d0c        0x4 
 .text.mailbox_read.part.2
                0x0000000000081d10       0x30 C:\Users\ldebo\AppData\Local\Temp\ccP02CDv.o
 .text.set_Activity_LED
                0x0000000000081d40      0x16c C:\Users\ldebo\AppData\Local\Temp\ccP02CDv.o
                0x0000000000081d40                set_Activity_LED
 *fill*         0x0000000000081eac        0x4 
 .text.PiConsole_Init
                0x0000000000081eb0      0x174 C:\Users\ldebo\AppData\Local\Temp\ccP02CDv.o
                0x0000000000081eb0                PiConsole_Init
 *fill*         0x0000000000082024        0xc 
 .text.PiConsole_WriteChar
                0x0000000000082030       0x7c C:\Users\ldebo\AppData\Local\Temp\ccP02CDv.o
                0x0000000000082030                PiConsole_WriteChar
 *fill*         0x00000000000820ac        0x4 
 .text.vsprintf
                0x00000000000820b0      0x82c C:\Users\ldebo\AppData\Local\Temp\ccP02CDv.o
                0x00000000000820b0                vsprintf
 *fill*         0x00000000000828dc        0x4 
 .text.printf   0x00000000000828e0       0xb8 C:\Users\ldebo\AppData\Local\Temp\ccP02CDv.o
                0x00000000000828e0                printf
 .text          0x0000000000082998       0x48 g:/pi/gcc_linaro_6_3/bin/../aarch64-elf/libc/usr/lib\libc.a(lib_a-rand.o)
                0x0000000000082998                srand
                0x00000000000829b0                rand
 *fill*         0x00000000000829e0       0x20 
 .text          0x0000000000082a00       0xe0 g:/pi/gcc_linaro_6_3/bin/../aarch64-elf/libc/usr/lib\libc.a(lib_a-strnlen.o)
                0x0000000000082a24                strnlen
 *(.rel.text .rel.text.* .rel.gnu.linkonce.t.*)
 *(.init .init.*)
                0x0000000000082ae0                . = ALIGN (0x4)
                0x0000000000082ae0                __text_end__ = .

.iplt           0x0000000000082ae0        0x0
 .iplt          0x0000000000082ae0        0x0 C:\Users\ldebo\AppData\Local\Temp\ccEpbkGB.o

.bss            0x0000000000082ae0       0x58
                0x0000000000082ae0                . = ALIGN (0x4)
                0x0000000000082ae0                __bss_start__ = .
 *(.bss .bss.* .gnu.linkonce.b.*)
 .bss.core      0x0000000000082ae0        0x4 C:\Users\ldebo\AppData\Local\Temp\ccEpbkGB.o
 .bss.idx       0x0000000000082ae4        0x4 C:\Users\ldebo\AppData\Local\Temp\ccEpbkGB.o
 .bss.lit       0x0000000000082ae8        0x1 C:\Users\ldebo\AppData\Local\Temp\ccEpbkGB.o
 .bss.ModelCheckHasRun
                0x0000000000082ae9        0x1 C:\Users\ldebo\AppData\Local\Temp\ccP02CDv.o
 *fill*         0x0000000000082aea        0x6 
 .bss.con       0x0000000000082af0       0x48 C:\Users\ldebo\AppData\Local\Temp\ccP02CDv.o
                0x0000000000082af0                con
 *(.rela.bss .rela.bss.* .rela.gnu.linkonce.b.*)
 *(COMMON)
                0x0000000000082b38                . = ALIGN (0x4)
                0x0000000000082b38                __bss_end__ = .

.rodata         0x0000000000082b38     0x1258
                0x0000000000082b38                . = ALIGN (0x4)
                0x0000000000082b38                __rodata_start__ = .
 *(.rodata .rodata.*)
 .rodata.caught.str1.8
                0x0000000000082b38       0x14 C:\Users\ldebo\AppData\Local\Temp\ccEpbkGB.o
 *fill*         0x0000000000082b4c        0x4 
 .rodata.kernel_main.str1.8
                0x0000000000082b50       0xc5 C:\Users\ldebo\AppData\Local\Temp\ccEpbkGB.o
 *fill*         0x0000000000082c15        0x3 
 .rodata.marco.str1.8
                0x0000000000082c18       0x13 C:\Users\ldebo\AppData\Local\Temp\ccEpbkGB.o
 *fill*         0x0000000000082c2b        0x5 
 .rodata.polo.str1.8
                0x0000000000082c30       0x12 C:\Users\ldebo\AppData\Local\Temp\ccEpbkGB.o
 *fill*         0x0000000000082c42        0x6 
 .rodata.somerand.str1.8
                0x0000000000082c48       0x1a C:\Users\ldebo\AppData\Local\Temp\ccEpbkGB.o
 *fill*         0x0000000000082c62        0x2 
 .rodata.cpuid  0x0000000000082c64        0xc C:\Users\ldebo\AppData\Local\Temp\ccIKzY7F.o
 .rodata.BitFont
                0x0000000000082c70     0x1000 C:\Users\ldebo\AppData\Local\Temp\ccP02CDv.o
 .rodata.digits.4498
                0x0000000000083c70       0x10 C:\Users\ldebo\AppData\Local\Temp\ccP02CDv.o
 .rodata        0x0000000000083c80      0x101 g:/pi/gcc_linaro_6_3/bin/../aarch64-elf/libc/usr/lib\libc.a(lib_a-ctype_.o)
                0x0000000000083c80                _ctype_
 *fill*         0x0000000000083d81        0x7 
 .rodata.str1.8
                0x0000000000083d88        0x8 g:/pi/gcc_linaro_6_3/bin/../aarch64-elf/libc/usr/lib\libc.a(lib_a-impure.o)
                                          0x2 (size before relaxing)
 *(.rel.rodata .rel.rodata.* .rel.gnu.linkonce.r.*)
                0x0000000000083d90                . = ALIGN (0x4)
                0x0000000000083d90                __rodata_end__ = .

.rela.dyn       0x0000000000083d90        0x0
 .rela.iplt     0x0000000000083d90        0x0 C:\Users\ldebo\AppData\Local\Temp\ccEpbkGB.o

.data           0x0000000000083d90      0x778
                0x0000000000083d90                . = ALIGN (0x4)
                0x0000000000083d90                __data_start__ = .
 *(.data .data.* .gnu.linkonce.d.*)
 .data.smartstart64
                0x0000000000083d90       0x18 C:\Users\ldebo\AppData\Local\Temp\ccIKzY7F.o
                0x0000000000083d90                RPi_IO_Base_Addr
                0x0000000000083d94                RPi_BootAddr
                0x0000000000083d98                RPi_CoresReady
                0x0000000000083d9c                RPi_CPUBootMode
                0x0000000000083da0                RPi_CpuId
                0x0000000000083da4                RPi_CompileMode
 .data.ActivityGPIOPort
                0x0000000000083da8        0x4 C:\Users\ldebo\AppData\Local\Temp\ccP02CDv.o
 *fill*         0x0000000000083dac        0x4 
 .data          0x0000000000083db0        0x8 g:/pi/gcc_linaro_6_3/bin/../aarch64-elf/libc/usr/lib\libc.a(lib_a-ctype_.o)
                0x0000000000083db0                __ctype_ptr__
 .data          0x0000000000083db8      0x750 g:/pi/gcc_linaro_6_3/bin/../aarch64-elf/libc/usr/lib\libc.a(lib_a-impure.o)
                0x0000000000083db8                _impure_ptr
 *(.rel.data .rel.data.* .rel.gnu.linkonce.d.*)
                0x0000000000084508                . = ALIGN (0x4)
                0x0000000000084508                __data_end__ = .

.igot.plt       0x0000000000084508        0x0
 .igot.plt      0x0000000000084508        0x0 C:\Users\ldebo\AppData\Local\Temp\ccEpbkGB.o

.data1          0x0000000000084508        0x8
                0x0000000000084510                . = ALIGN (0x10)
 *fill*         0x0000000000084508        0x8 
                0x0000000000084510                __data1_start__ = .
 *(.data1 .data1.*)
 *(.rel.data1 .rel.data1.*)
                0x0000000000084510                . = ALIGN (0x10)
                0x0000000000084510                __data1_end__ = .

.stack          0x0000000000084510     0xc200
                0x0000000000084510                . = ALIGN (0x10)
                0x0000000000084510                __stack_start__ = .
                0x0000000000084710                . = (. + 0x200)
 *fill*         0x0000000000084510      0x200 
                0x0000000000084710                __EL0_stack_core0 = .
                0x000000000008c710                . = (. + 0x8000)
 *fill*         0x0000000000084710     0x8000 
                0x000000000008c710                __EL1_stack_core0 = .
                0x0000000000090710                . = (. + 0x4000)
 *fill*         0x000000000008c710     0x4000 
                0x0000000000090710                __EL2_stack_core0 = .
                0x0000000000090710                . = ALIGN (0x10)
                0x0000000000090710                __stack_end__ = .

.stack_core1    0x0000000000090710     0x1400
                0x0000000000090710                . = ALIGN (0x10)
                0x0000000000090710                __stack_start_core1__ = .
                0x0000000000090910                . = (. + 0x200)
 *fill*         0x0000000000090710      0x200 
                0x0000000000090910                __EL0_stack_core1 = .
                0x0000000000090b10                . = (. + 0x200)
 *fill*         0x0000000000090910      0x200 
                0x0000000000090b10                __EL1_stack_core1 = .
                0x0000000000091b10                . = (. + 0x1000)
 *fill*         0x0000000000090b10     0x1000 
                0x0000000000091b10                __EL2_stack_core1 = .
                0x0000000000091b10                . = ALIGN (0x10)
                0x0000000000091b10                __stack_end_core1__ = .

.stack_core2    0x0000000000091b10     0x1400
                0x0000000000091b10                . = ALIGN (0x10)
                0x0000000000091b10                __stack_start_core2__ = .
                0x0000000000091d10                . = (. + 0x200)
 *fill*         0x0000000000091b10      0x200 
                0x0000000000091d10                __EL0_stack_core2 = .
                0x0000000000091f10                . = (. + 0x200)
 *fill*         0x0000000000091d10      0x200 
                0x0000000000091f10                __EL1_stack_core2 = .
                0x0000000000092f10                . = (. + 0x1000)
 *fill*         0x0000000000091f10     0x1000 
                0x0000000000092f10                __EL2_stack_core2 = .
                0x0000000000092f10                . = ALIGN (0x10)
                0x0000000000092f10                __stack_end_core2__ = .

.stack_core3    0x0000000000092f10     0x1400
                0x0000000000092f10                . = ALIGN (0x10)
                0x0000000000092f10                __stack_start_core3__ = .
                0x0000000000093110                . = (. + 0x200)
 *fill*         0x0000000000092f10      0x200 
                0x0000000000093110                __EL0_stack_core3 = .
                0x0000000000093310                . = (. + 0x200)
 *fill*         0x0000000000093110      0x200 
                0x0000000000093310                __EL1_stack_core3 = .
                0x0000000000094310                . = (. + 0x1000)
 *fill*         0x0000000000093310     0x1000 
                0x0000000000094310                __EL2_stack_core3 = .
                0x0000000000094310                . = ALIGN (0x10)
                0x0000000000094310                __stack_end_core3__ = .

.ARM.attributes
 *(.ARM.attributes)

.Heap           0x0000000000094310        0x0
                0x0000000000094310                . = ALIGN (0x4)
                0x0000000000094310                __heap_start__ = .
                0x0000000000094310                _end = .
                [!provide]                        PROVIDE (end, .)

/DISCARD/
 *(.ARM.exidx .ARM.exidx.*)
 *(.rel.ARM.exidx .rel.ARM.exidx.* .gnu.linkonce.armexidx.*)
 *(.debug_frame .debug_frame.*)
 *(.comment *.comment.*)
 *(.symtab .symtab.*)
 *(.strtab .strtab.*)
 *(.shstrtab .shstrtab.*)
 libc.a(*)
 libm.a(*)
 libgcc.a(*)
 *(.note.GNU-stack)
 *(.gnu_debuglink)
 *(.gnu.lto_*)
LOAD C:\Users\ldebo\AppData\Local\Temp\ccEpbkGB.o
LOAD C:\Users\ldebo\AppData\Local\Temp\ccIKzY7F.o
LOAD C:\Users\ldebo\AppData\Local\Temp\ccP02CDv.o
LOAD g:/pi/gcc_linaro_6_3/bin/../aarch64-elf/libc/usr/lib\libc.a
LOAD g:/pi/gcc_linaro_6_3/bin/../aarch64-elf/libc/usr/lib\libg.a
LOAD g:/pi/gcc_linaro_6_3/bin/../aarch64-elf/libc/usr/lib\libm.a
LOAD g:/pi/gcc_linaro_6_3/bin/../lib/gcc/aarch64-elf/6.3.1\libgcc.a
LOAD g:/pi/gcc_linaro_6_3/bin/../aarch64-elf/libc/usr/lib\libnosys.a
OUTPUT(kernel.elf elf64-littleaarch64)

.debug_info     0x0000000000000000     0x500d
 .debug_info    0x0000000000000000     0x13a8 C:\Users\ldebo\AppData\Local\Temp\ccEpbkGB.o
 .debug_info    0x00000000000013a8       0x4e C:\Users\ldebo\AppData\Local\Temp\ccIKzY7F.o
 .debug_info    0x00000000000013f6     0x2785 C:\Users\ldebo\AppData\Local\Temp\ccP02CDv.o
 .debug_info    0x0000000000003b7b      0x100 g:/pi/gcc_linaro_6_3/bin/../aarch64-elf/libc/usr/lib\libc.a(lib_a-ctype_.o)
 .debug_info    0x0000000000003c7b      0x8fa g:/pi/gcc_linaro_6_3/bin/../aarch64-elf/libc/usr/lib\libc.a(lib_a-rand.o)
 .debug_info    0x0000000000004575      0x1e7 g:/pi/gcc_linaro_6_3/bin/../aarch64-elf/libc/usr/lib\libc.a(lib_a-strnlen.o)
 .debug_info    0x000000000000475c      0x8b1 g:/pi/gcc_linaro_6_3/bin/../aarch64-elf/libc/usr/lib\libc.a(lib_a-impure.o)

.debug_abbrev   0x0000000000000000      0xcd5
 .debug_abbrev  0x0000000000000000      0x2e8 C:\Users\ldebo\AppData\Local\Temp\ccEpbkGB.o
 .debug_abbrev  0x00000000000002e8       0x12 C:\Users\ldebo\AppData\Local\Temp\ccIKzY7F.o
 .debug_abbrev  0x00000000000002fa      0x5ba C:\Users\ldebo\AppData\Local\Temp\ccP02CDv.o
 .debug_abbrev  0x00000000000008b4       0x89 g:/pi/gcc_linaro_6_3/bin/../aarch64-elf/libc/usr/lib\libc.a(lib_a-ctype_.o)
 .debug_abbrev  0x000000000000093d      0x1f0 g:/pi/gcc_linaro_6_3/bin/../aarch64-elf/libc/usr/lib\libc.a(lib_a-rand.o)
 .debug_abbrev  0x0000000000000b2d       0x14 g:/pi/gcc_linaro_6_3/bin/../aarch64-elf/libc/usr/lib\libc.a(lib_a-strnlen.o)
 .debug_abbrev  0x0000000000000b41      0x194 g:/pi/gcc_linaro_6_3/bin/../aarch64-elf/libc/usr/lib\libc.a(lib_a-impure.o)

.debug_loc      0x0000000000000000     0x3584
 .debug_loc     0x0000000000000000       0xab C:\Users\ldebo\AppData\Local\Temp\ccEpbkGB.o
 .debug_loc     0x00000000000000ab     0x34a0 C:\Users\ldebo\AppData\Local\Temp\ccP02CDv.o
 .debug_loc     0x000000000000354b       0x39 g:/pi/gcc_linaro_6_3/bin/../aarch64-elf/libc/usr/lib\libc.a(lib_a-ctype_.o)

.debug_aranges  0x0000000000000000      0x370
 .debug_aranges
                0x0000000000000000       0x90 C:\Users\ldebo\AppData\Local\Temp\ccEpbkGB.o
 .debug_aranges
                0x0000000000000090       0x50 C:\Users\ldebo\AppData\Local\Temp\ccIKzY7F.o
 .debug_aranges
                0x00000000000000e0      0x1e0 C:\Users\ldebo\AppData\Local\Temp\ccP02CDv.o
 .debug_aranges
                0x00000000000002c0       0x30 g:/pi/gcc_linaro_6_3/bin/../aarch64-elf/libc/usr/lib\libc.a(lib_a-ctype_.o)
 .debug_aranges
                0x00000000000002f0       0x30 g:/pi/gcc_linaro_6_3/bin/../aarch64-elf/libc/usr/lib\libc.a(lib_a-rand.o)
 .debug_aranges
                0x0000000000000320       0x30 g:/pi/gcc_linaro_6_3/bin/../aarch64-elf/libc/usr/lib\libc.a(lib_a-strnlen.o)
 .debug_aranges
                0x0000000000000350       0x20 g:/pi/gcc_linaro_6_3/bin/../aarch64-elf/libc/usr/lib\libc.a(lib_a-impure.o)

.debug_ranges   0x0000000000000000      0x810
 .debug_ranges  0x0000000000000000       0x80 C:\Users\ldebo\AppData\Local\Temp\ccEpbkGB.o
 .debug_ranges  0x0000000000000080       0x50 C:\Users\ldebo\AppData\Local\Temp\ccIKzY7F.o
 .debug_ranges  0x00000000000000d0      0x740 C:\Users\ldebo\AppData\Local\Temp\ccP02CDv.o

.debug_line     0x0000000000000000     0x149d
 .debug_line    0x0000000000000000      0x246 C:\Users\ldebo\AppData\Local\Temp\ccEpbkGB.o
 .debug_line    0x0000000000000246      0x153 C:\Users\ldebo\AppData\Local\Temp\ccIKzY7F.o
 .debug_line    0x0000000000000399      0x823 C:\Users\ldebo\AppData\Local\Temp\ccP02CDv.o
 .debug_line    0x0000000000000bbc      0x1b9 g:/pi/gcc_linaro_6_3/bin/../aarch64-elf/libc/usr/lib\libc.a(lib_a-ctype_.o)
 .debug_line    0x0000000000000d75      0x36a g:/pi/gcc_linaro_6_3/bin/../aarch64-elf/libc/usr/lib\libc.a(lib_a-rand.o)
 .debug_line    0x00000000000010df      0x135 g:/pi/gcc_linaro_6_3/bin/../aarch64-elf/libc/usr/lib\libc.a(lib_a-strnlen.o)
 .debug_line    0x0000000000001214      0x289 g:/pi/gcc_linaro_6_3/bin/../aarch64-elf/libc/usr/lib\libc.a(lib_a-impure.o)

.debug_str      0x0000000000000000     0x1c0f
 .debug_str     0x0000000000000000      0xc04 C:\Users\ldebo\AppData\Local\Temp\ccEpbkGB.o
                                        0xc8f (size before relaxing)
 .debug_str     0x0000000000000c04      0xd54 C:\Users\ldebo\AppData\Local\Temp\ccP02CDv.o
                                       0x14a6 (size before relaxing)
 .debug_str     0x0000000000001958      0x128 g:/pi/gcc_linaro_6_3/bin/../aarch64-elf/libc/usr/lib\libc.a(lib_a-ctype_.o)
                                        0x1c5 (size before relaxing)
 .debug_str     0x0000000000001a80       0xc4 g:/pi/gcc_linaro_6_3/bin/../aarch64-elf/libc/usr/lib\libc.a(lib_a-rand.o)
                                        0x5a6 (size before relaxing)
 .debug_str     0x0000000000001b44       0xcb g:/pi/gcc_linaro_6_3/bin/../aarch64-elf/libc/usr/lib\libc.a(lib_a-impure.o)
                                        0x593 (size before relaxing)
