Archive member included to satisfy reference by file (symbol)

g:/pi/gcc_linaro_7_1/bin/../aarch64-elf/libc/usr/lib\libc.a(lib_a-locale.o)
                              C:\Users\ldebo\AppData\Local\Temp\cc6gZd4b.o (__locale_ctype_ptr)
g:/pi/gcc_linaro_7_1/bin/../aarch64-elf/libc/usr/lib\libc.a(lib_a-mbstowcs.o)
                              C:\Users\ldebo\AppData\Local\Temp\cc6gZd4b.o (mbstowcs)
g:/pi/gcc_linaro_7_1/bin/../aarch64-elf/libc/usr/lib\libc.a(lib_a-mbstowcs_r.o)
                              g:/pi/gcc_linaro_7_1/bin/../aarch64-elf/libc/usr/lib\libc.a(lib_a-mbstowcs.o) (_mbstowcs_r)
g:/pi/gcc_linaro_7_1/bin/../aarch64-elf/libc/usr/lib\libc.a(lib_a-mbtowc_r.o)
                              g:/pi/gcc_linaro_7_1/bin/../aarch64-elf/libc/usr/lib\libc.a(lib_a-locale.o) (__ascii_mbtowc)
g:/pi/gcc_linaro_7_1/bin/../aarch64-elf/libc/usr/lib\libc.a(lib_a-memset.o)
                              C:\Users\ldebo\AppData\Local\Temp\ccOYJ2OM.o (memset)
g:/pi/gcc_linaro_7_1/bin/../aarch64-elf/libc/usr/lib\libc.a(lib_a-reent.o)
                              C:\Users\ldebo\AppData\Local\Temp\cc62Olj6.o (errno)
g:/pi/gcc_linaro_7_1/bin/../aarch64-elf/libc/usr/lib\libc.a(lib_a-strcasecmp.o)
                              g:/pi/gcc_linaro_7_1/bin/../aarch64-elf/libc/usr/lib\libc.a(lib_a-locale.o) (strcasecmp)
g:/pi/gcc_linaro_7_1/bin/../aarch64-elf/libc/usr/lib\libc.a(lib_a-strcat.o)
                              g:/pi/gcc_linaro_7_1/bin/../aarch64-elf/libc/usr/lib\libc.a(lib_a-locale.o) (strcat)
g:/pi/gcc_linaro_7_1/bin/../aarch64-elf/libc/usr/lib\libc.a(lib_a-strchr.o)
                              C:\Users\ldebo\AppData\Local\Temp\cc6gZd4b.o (strchr)
g:/pi/gcc_linaro_7_1/bin/../aarch64-elf/libc/usr/lib\libc.a(lib_a-strcmp.o)
                              g:/pi/gcc_linaro_7_1/bin/../aarch64-elf/libc/usr/lib\libc.a(lib_a-locale.o) (strcmp)
g:/pi/gcc_linaro_7_1/bin/../aarch64-elf/libc/usr/lib\libc.a(lib_a-strcpy.o)
                              C:\Users\ldebo\AppData\Local\Temp\cc6gZd4b.o (strcpy)
g:/pi/gcc_linaro_7_1/bin/../aarch64-elf/libc/usr/lib\libc.a(lib_a-strlcpy.o)
                              g:/pi/gcc_linaro_7_1/bin/../aarch64-elf/libc/usr/lib\libc.a(lib_a-locale.o) (strlcpy)
g:/pi/gcc_linaro_7_1/bin/../aarch64-elf/libc/usr/lib\libc.a(lib_a-strlen.o)
                              C:\Users\ldebo\AppData\Local\Temp\cc62Olj6.o (strlen)
g:/pi/gcc_linaro_7_1/bin/../aarch64-elf/libc/usr/lib\libc.a(lib_a-strncasecmp.o)
                              g:/pi/gcc_linaro_7_1/bin/../aarch64-elf/libc/usr/lib\libc.a(lib_a-locale.o) (strncasecmp)
g:/pi/gcc_linaro_7_1/bin/../aarch64-elf/libc/usr/lib\libc.a(lib_a-strncmp.o)
                              g:/pi/gcc_linaro_7_1/bin/../aarch64-elf/libc/usr/lib\libc.a(lib_a-locale.o) (strncmp)
g:/pi/gcc_linaro_7_1/bin/../aarch64-elf/libc/usr/lib\libc.a(lib_a-strncpy.o)
                              C:\Users\ldebo\AppData\Local\Temp\cc6gZd4b.o (strncpy)
g:/pi/gcc_linaro_7_1/bin/../aarch64-elf/libc/usr/lib\libc.a(lib_a-strtod.o)
                              C:\Users\ldebo\AppData\Local\Temp\cc6gZd4b.o (strtod)
g:/pi/gcc_linaro_7_1/bin/../aarch64-elf/libc/usr/lib\libc.a(lib_a-strtol.o)
                              C:\Users\ldebo\AppData\Local\Temp\cc6gZd4b.o (strtol)
g:/pi/gcc_linaro_7_1/bin/../aarch64-elf/libc/usr/lib\libc.a(lib_a-strtold.o)
                              C:\Users\ldebo\AppData\Local\Temp\cc6gZd4b.o (strtold)
g:/pi/gcc_linaro_7_1/bin/../aarch64-elf/libc/usr/lib\libc.a(lib_a-strtoll.o)
                              C:\Users\ldebo\AppData\Local\Temp\cc6gZd4b.o (strtoll)
g:/pi/gcc_linaro_7_1/bin/../aarch64-elf/libc/usr/lib\libc.a(lib_a-strtorx.o)
                              g:/pi/gcc_linaro_7_1/bin/../aarch64-elf/libc/usr/lib\libc.a(lib_a-strtold.o) (_strtorx_l)
g:/pi/gcc_linaro_7_1/bin/../aarch64-elf/libc/usr/lib\libc.a(lib_a-strtoul.o)
                              C:\Users\ldebo\AppData\Local\Temp\cc6gZd4b.o (strtoul)
g:/pi/gcc_linaro_7_1/bin/../aarch64-elf/libc/usr/lib\libc.a(lib_a-strtoull.o)
                              C:\Users\ldebo\AppData\Local\Temp\cc6gZd4b.o (strtoull)
g:/pi/gcc_linaro_7_1/bin/../aarch64-elf/libc/usr/lib\libc.a(lib_a-wcscpy.o)
                              C:\Users\ldebo\AppData\Local\Temp\cc6gZd4b.o (wcscpy)
g:/pi/gcc_linaro_7_1/bin/../aarch64-elf/libc/usr/lib\libc.a(lib_a-wctob.o)
                              C:\Users\ldebo\AppData\Local\Temp\ccOYJ2OM.o (wctob)
g:/pi/gcc_linaro_7_1/bin/../aarch64-elf/libc/usr/lib\libc.a(lib_a-wctomb_r.o)
                              g:/pi/gcc_linaro_7_1/bin/../aarch64-elf/libc/usr/lib\libc.a(lib_a-locale.o) (__ascii_wctomb)
g:/pi/gcc_linaro_7_1/bin/../aarch64-elf/libc/usr/lib\libc.a(lib_a-ctype_.o)
                              g:/pi/gcc_linaro_7_1/bin/../aarch64-elf/libc/usr/lib\libc.a(lib_a-locale.o) (__set_ctype)
g:/pi/gcc_linaro_7_1/bin/../aarch64-elf/libc/usr/lib\libc.a(lib_a-freer.o)
                              g:/pi/gcc_linaro_7_1/bin/../aarch64-elf/libc/usr/lib\libc.a(lib_a-reent.o) (_free_r)
g:/pi/gcc_linaro_7_1/bin/../aarch64-elf/libc/usr/lib\libc.a(lib_a-gdtoa-gethex.o)
                              g:/pi/gcc_linaro_7_1/bin/../aarch64-elf/libc/usr/lib\libc.a(lib_a-strtod.o) (__gethex)
g:/pi/gcc_linaro_7_1/bin/../aarch64-elf/libc/usr/lib\libc.a(lib_a-gdtoa-hexnan.o)
                              g:/pi/gcc_linaro_7_1/bin/../aarch64-elf/libc/usr/lib\libc.a(lib_a-strtod.o) (__match)
g:/pi/gcc_linaro_7_1/bin/../aarch64-elf/libc/usr/lib\libc.a(lib_a-getenv_r.o)
                              g:/pi/gcc_linaro_7_1/bin/../aarch64-elf/libc/usr/lib\libc.a(lib_a-locale.o) (_getenv_r)
g:/pi/gcc_linaro_7_1/bin/../aarch64-elf/libc/usr/lib\libc.a(lib_a-impure.o)
                              g:/pi/gcc_linaro_7_1/bin/../aarch64-elf/libc/usr/lib\libc.a(lib_a-locale.o) (_impure_ptr)
g:/pi/gcc_linaro_7_1/bin/../aarch64-elf/libc/usr/lib\libc.a(lib_a-localeconv.o)
                              g:/pi/gcc_linaro_7_1/bin/../aarch64-elf/libc/usr/lib\libc.a(lib_a-strtod.o) (__localeconv_l)
g:/pi/gcc_linaro_7_1/bin/../aarch64-elf/libc/usr/lib\libc.a(lib_a-mallocr.o)
                              g:/pi/gcc_linaro_7_1/bin/../aarch64-elf/libc/usr/lib\libc.a(lib_a-freer.o) (__malloc_current_mallinfo)
g:/pi/gcc_linaro_7_1/bin/../aarch64-elf/libc/usr/lib\libc.a(lib_a-memcpy.o)
                              g:/pi/gcc_linaro_7_1/bin/../aarch64-elf/libc/usr/lib\libc.a(lib_a-strtod.o) (memcpy)
g:/pi/gcc_linaro_7_1/bin/../aarch64-elf/libc/usr/lib\libc.a(lib_a-mlock.o)
                              g:/pi/gcc_linaro_7_1/bin/../aarch64-elf/libc/usr/lib\libc.a(lib_a-freer.o) (__malloc_lock)
g:/pi/gcc_linaro_7_1/bin/../aarch64-elf/libc/usr/lib\libc.a(lib_a-mprec.o)
                              g:/pi/gcc_linaro_7_1/bin/../aarch64-elf/libc/usr/lib\libc.a(lib_a-strtod.o) (_Balloc)
g:/pi/gcc_linaro_7_1/bin/../aarch64-elf/libc/usr/lib\libc.a(lib_a-sbrkr.o)
                              g:/pi/gcc_linaro_7_1/bin/../aarch64-elf/libc/usr/lib\libc.a(lib_a-freer.o) (_sbrk_r)
g:/pi/gcc_linaro_7_1/bin/../aarch64-elf/libc/usr/lib\libc.a(lib_a-sf_nan.o)
                              g:/pi/gcc_linaro_7_1/bin/../aarch64-elf/libc/usr/lib\libc.a(lib_a-strtod.o) (nanf)
g:/pi/gcc_linaro_7_1/bin/../aarch64-elf/libc/usr/lib\libc.a(lib_a-strtodg.o)
                              g:/pi/gcc_linaro_7_1/bin/../aarch64-elf/libc/usr/lib\libc.a(lib_a-strtorx.o) (_strtodg_l)
g:/pi/gcc_linaro_7_1/bin/../aarch64-elf/libc/usr/lib\libc.a(lib_a-callocr.o)
                              g:/pi/gcc_linaro_7_1/bin/../aarch64-elf/libc/usr/lib\libc.a(lib_a-mprec.o) (_calloc_r)
g:/pi/gcc_linaro_7_1/bin/../aarch64-elf/libc/usr/lib\libc.a(lib_a-environ.o)
                              g:/pi/gcc_linaro_7_1/bin/../aarch64-elf/libc/usr/lib\libc.a(lib_a-getenv_r.o) (environ)
g:/pi/gcc_linaro_7_1/bin/../aarch64-elf/libc/usr/lib\libc.a(lib_a-envlock.o)
                              g:/pi/gcc_linaro_7_1/bin/../aarch64-elf/libc/usr/lib\libc.a(lib_a-getenv_r.o) (__env_lock)

Allocating common symbols
Common symbol       size              file

__errno             0x4               C:\Users\ldebo\AppData\Local\Temp\ccQ2nSMS.o
errno               0x4               g:/pi/gcc_linaro_7_1/bin/../aarch64-elf/libc/usr/lib\libc.a(lib_a-reent.o)

Discarded input sections

 .data          0x0000000000000000        0x0 C:\Users\ldebo\AppData\Local\Temp\ccQ2nSMS.o
 .comment       0x0000000000000000       0x2e C:\Users\ldebo\AppData\Local\Temp\ccQ2nSMS.o
 .text          0x0000000000000000        0x0 C:\Users\ldebo\AppData\Local\Temp\ccpgmJl0.o
 .data          0x0000000000000000        0x0 C:\Users\ldebo\AppData\Local\Temp\ccpgmJl0.o
 .bss           0x0000000000000000        0x0 C:\Users\ldebo\AppData\Local\Temp\ccpgmJl0.o
 .comment       0x0000000000000000       0x2e C:\Users\ldebo\AppData\Local\Temp\cc62Olj6.o
 .data          0x0000000000000000        0x0 C:\Users\ldebo\AppData\Local\Temp\cc6gZd4b.o
 .bss           0x0000000000000000        0x0 C:\Users\ldebo\AppData\Local\Temp\cc6gZd4b.o
 .comment       0x0000000000000000       0x2e C:\Users\ldebo\AppData\Local\Temp\cc6gZd4b.o
 .comment       0x0000000000000000       0x2e C:\Users\ldebo\AppData\Local\Temp\ccOYJ2OM.o
 .comment       0x0000000000000000       0x2e g:/pi/gcc_linaro_7_1/bin/../aarch64-elf/libc/usr/lib\libc.a(lib_a-locale.o)
 .debug_frame   0x0000000000000000      0x2c8 g:/pi/gcc_linaro_7_1/bin/../aarch64-elf/libc/usr/lib\libc.a(lib_a-locale.o)
 .data          0x0000000000000000        0x0 g:/pi/gcc_linaro_7_1/bin/../aarch64-elf/libc/usr/lib\libc.a(lib_a-mbstowcs.o)
 .bss           0x0000000000000000        0x0 g:/pi/gcc_linaro_7_1/bin/../aarch64-elf/libc/usr/lib\libc.a(lib_a-mbstowcs.o)
 .comment       0x0000000000000000       0x2e g:/pi/gcc_linaro_7_1/bin/../aarch64-elf/libc/usr/lib\libc.a(lib_a-mbstowcs.o)
 .debug_frame   0x0000000000000000       0x38 g:/pi/gcc_linaro_7_1/bin/../aarch64-elf/libc/usr/lib\libc.a(lib_a-mbstowcs.o)
 .data          0x0000000000000000        0x0 g:/pi/gcc_linaro_7_1/bin/../aarch64-elf/libc/usr/lib\libc.a(lib_a-mbstowcs_r.o)
 .bss           0x0000000000000000        0x0 g:/pi/gcc_linaro_7_1/bin/../aarch64-elf/libc/usr/lib\libc.a(lib_a-mbstowcs_r.o)
 .comment       0x0000000000000000       0x2e g:/pi/gcc_linaro_7_1/bin/../aarch64-elf/libc/usr/lib\libc.a(lib_a-mbstowcs_r.o)
 .debug_frame   0x0000000000000000       0xa8 g:/pi/gcc_linaro_7_1/bin/../aarch64-elf/libc/usr/lib\libc.a(lib_a-mbstowcs_r.o)
 .data          0x0000000000000000        0x0 g:/pi/gcc_linaro_7_1/bin/../aarch64-elf/libc/usr/lib\libc.a(lib_a-mbtowc_r.o)
 .bss           0x0000000000000000        0x0 g:/pi/gcc_linaro_7_1/bin/../aarch64-elf/libc/usr/lib\libc.a(lib_a-mbtowc_r.o)
 .comment       0x0000000000000000       0x2e g:/pi/gcc_linaro_7_1/bin/../aarch64-elf/libc/usr/lib\libc.a(lib_a-mbtowc_r.o)
 .debug_frame   0x0000000000000000      0x128 g:/pi/gcc_linaro_7_1/bin/../aarch64-elf/libc/usr/lib\libc.a(lib_a-mbtowc_r.o)
 .data          0x0000000000000000        0x0 g:/pi/gcc_linaro_7_1/bin/../aarch64-elf/libc/usr/lib\libc.a(lib_a-memset.o)
 .bss           0x0000000000000000        0x0 g:/pi/gcc_linaro_7_1/bin/../aarch64-elf/libc/usr/lib\libc.a(lib_a-memset.o)
 .text          0x0000000000000000      0x144 g:/pi/gcc_linaro_7_1/bin/../aarch64-elf/libc/usr/lib\libc.a(lib_a-reent.o)
 .data          0x0000000000000000        0x0 g:/pi/gcc_linaro_7_1/bin/../aarch64-elf/libc/usr/lib\libc.a(lib_a-reent.o)
 .bss           0x0000000000000000        0x0 g:/pi/gcc_linaro_7_1/bin/../aarch64-elf/libc/usr/lib\libc.a(lib_a-reent.o)
 .comment       0x0000000000000000       0x2e g:/pi/gcc_linaro_7_1/bin/../aarch64-elf/libc/usr/lib\libc.a(lib_a-reent.o)
 .debug_frame   0x0000000000000000       0x90 g:/pi/gcc_linaro_7_1/bin/../aarch64-elf/libc/usr/lib\libc.a(lib_a-reent.o)
 .data          0x0000000000000000        0x0 g:/pi/gcc_linaro_7_1/bin/../aarch64-elf/libc/usr/lib\libc.a(lib_a-strcasecmp.o)
 .bss           0x0000000000000000        0x0 g:/pi/gcc_linaro_7_1/bin/../aarch64-elf/libc/usr/lib\libc.a(lib_a-strcasecmp.o)
 .comment       0x0000000000000000       0x2e g:/pi/gcc_linaro_7_1/bin/../aarch64-elf/libc/usr/lib\libc.a(lib_a-strcasecmp.o)
 .debug_frame   0x0000000000000000       0x60 g:/pi/gcc_linaro_7_1/bin/../aarch64-elf/libc/usr/lib\libc.a(lib_a-strcasecmp.o)
 .data          0x0000000000000000        0x0 g:/pi/gcc_linaro_7_1/bin/../aarch64-elf/libc/usr/lib\libc.a(lib_a-strcat.o)
 .bss           0x0000000000000000        0x0 g:/pi/gcc_linaro_7_1/bin/../aarch64-elf/libc/usr/lib\libc.a(lib_a-strcat.o)
 .comment       0x0000000000000000       0x2e g:/pi/gcc_linaro_7_1/bin/../aarch64-elf/libc/usr/lib\libc.a(lib_a-strcat.o)
 .debug_frame   0x0000000000000000       0x40 g:/pi/gcc_linaro_7_1/bin/../aarch64-elf/libc/usr/lib\libc.a(lib_a-strcat.o)
 .data          0x0000000000000000        0x0 g:/pi/gcc_linaro_7_1/bin/../aarch64-elf/libc/usr/lib\libc.a(lib_a-strchr.o)
 .bss           0x0000000000000000        0x0 g:/pi/gcc_linaro_7_1/bin/../aarch64-elf/libc/usr/lib\libc.a(lib_a-strchr.o)
 .data          0x0000000000000000        0x0 g:/pi/gcc_linaro_7_1/bin/../aarch64-elf/libc/usr/lib\libc.a(lib_a-strcmp.o)
 .bss           0x0000000000000000        0x0 g:/pi/gcc_linaro_7_1/bin/../aarch64-elf/libc/usr/lib\libc.a(lib_a-strcmp.o)
 .data          0x0000000000000000        0x0 g:/pi/gcc_linaro_7_1/bin/../aarch64-elf/libc/usr/lib\libc.a(lib_a-strcpy.o)
 .bss           0x0000000000000000        0x0 g:/pi/gcc_linaro_7_1/bin/../aarch64-elf/libc/usr/lib\libc.a(lib_a-strcpy.o)
 .data          0x0000000000000000        0x0 g:/pi/gcc_linaro_7_1/bin/../aarch64-elf/libc/usr/lib\libc.a(lib_a-strlcpy.o)
 .bss           0x0000000000000000        0x0 g:/pi/gcc_linaro_7_1/bin/../aarch64-elf/libc/usr/lib\libc.a(lib_a-strlcpy.o)
 .comment       0x0000000000000000       0x2e g:/pi/gcc_linaro_7_1/bin/../aarch64-elf/libc/usr/lib\libc.a(lib_a-strlcpy.o)
 .debug_frame   0x0000000000000000       0x28 g:/pi/gcc_linaro_7_1/bin/../aarch64-elf/libc/usr/lib\libc.a(lib_a-strlcpy.o)
 .data          0x0000000000000000        0x0 g:/pi/gcc_linaro_7_1/bin/../aarch64-elf/libc/usr/lib\libc.a(lib_a-strlen.o)
 .bss           0x0000000000000000        0x0 g:/pi/gcc_linaro_7_1/bin/../aarch64-elf/libc/usr/lib\libc.a(lib_a-strlen.o)
 .data          0x0000000000000000        0x0 g:/pi/gcc_linaro_7_1/bin/../aarch64-elf/libc/usr/lib\libc.a(lib_a-strncasecmp.o)
 .bss           0x0000000000000000        0x0 g:/pi/gcc_linaro_7_1/bin/../aarch64-elf/libc/usr/lib\libc.a(lib_a-strncasecmp.o)
 .comment       0x0000000000000000       0x2e g:/pi/gcc_linaro_7_1/bin/../aarch64-elf/libc/usr/lib\libc.a(lib_a-strncasecmp.o)
 .debug_frame   0x0000000000000000       0x60 g:/pi/gcc_linaro_7_1/bin/../aarch64-elf/libc/usr/lib\libc.a(lib_a-strncasecmp.o)
 .data          0x0000000000000000        0x0 g:/pi/gcc_linaro_7_1/bin/../aarch64-elf/libc/usr/lib\libc.a(lib_a-strncmp.o)
 .bss           0x0000000000000000        0x0 g:/pi/gcc_linaro_7_1/bin/../aarch64-elf/libc/usr/lib\libc.a(lib_a-strncmp.o)
 .data          0x0000000000000000        0x0 g:/pi/gcc_linaro_7_1/bin/../aarch64-elf/libc/usr/lib\libc.a(lib_a-strncpy.o)
 .bss           0x0000000000000000        0x0 g:/pi/gcc_linaro_7_1/bin/../aarch64-elf/libc/usr/lib\libc.a(lib_a-strncpy.o)
 .comment       0x0000000000000000       0x2e g:/pi/gcc_linaro_7_1/bin/../aarch64-elf/libc/usr/lib\libc.a(lib_a-strncpy.o)
 .debug_frame   0x0000000000000000       0x28 g:/pi/gcc_linaro_7_1/bin/../aarch64-elf/libc/usr/lib\libc.a(lib_a-strncpy.o)
 .data          0x0000000000000000        0x0 g:/pi/gcc_linaro_7_1/bin/../aarch64-elf/libc/usr/lib\libc.a(lib_a-strtod.o)
 .bss           0x0000000000000000        0x0 g:/pi/gcc_linaro_7_1/bin/../aarch64-elf/libc/usr/lib\libc.a(lib_a-strtod.o)
 .comment       0x0000000000000000       0x2e g:/pi/gcc_linaro_7_1/bin/../aarch64-elf/libc/usr/lib\libc.a(lib_a-strtod.o)
 .debug_frame   0x0000000000000000      0x330 g:/pi/gcc_linaro_7_1/bin/../aarch64-elf/libc/usr/lib\libc.a(lib_a-strtod.o)
 .data          0x0000000000000000        0x0 g:/pi/gcc_linaro_7_1/bin/../aarch64-elf/libc/usr/lib\libc.a(lib_a-strtol.o)
 .bss           0x0000000000000000        0x0 g:/pi/gcc_linaro_7_1/bin/../aarch64-elf/libc/usr/lib\libc.a(lib_a-strtol.o)
 .comment       0x0000000000000000       0x2e g:/pi/gcc_linaro_7_1/bin/../aarch64-elf/libc/usr/lib\libc.a(lib_a-strtol.o)
 .debug_frame   0x0000000000000000       0xa0 g:/pi/gcc_linaro_7_1/bin/../aarch64-elf/libc/usr/lib\libc.a(lib_a-strtol.o)
 .data          0x0000000000000000        0x0 g:/pi/gcc_linaro_7_1/bin/../aarch64-elf/libc/usr/lib\libc.a(lib_a-strtold.o)
 .bss           0x0000000000000000        0x0 g:/pi/gcc_linaro_7_1/bin/../aarch64-elf/libc/usr/lib\libc.a(lib_a-strtold.o)
 .comment       0x0000000000000000       0x2e g:/pi/gcc_linaro_7_1/bin/../aarch64-elf/libc/usr/lib\libc.a(lib_a-strtold.o)
 .debug_frame   0x0000000000000000       0x88 g:/pi/gcc_linaro_7_1/bin/../aarch64-elf/libc/usr/lib\libc.a(lib_a-strtold.o)
 .data          0x0000000000000000        0x0 g:/pi/gcc_linaro_7_1/bin/../aarch64-elf/libc/usr/lib\libc.a(lib_a-strtoll.o)
 .bss           0x0000000000000000        0x0 g:/pi/gcc_linaro_7_1/bin/../aarch64-elf/libc/usr/lib\libc.a(lib_a-strtoll.o)
 .comment       0x0000000000000000       0x2e g:/pi/gcc_linaro_7_1/bin/../aarch64-elf/libc/usr/lib\libc.a(lib_a-strtoll.o)
 .debug_frame   0x0000000000000000       0xa0 g:/pi/gcc_linaro_7_1/bin/../aarch64-elf/libc/usr/lib\libc.a(lib_a-strtoll.o)
 .bss           0x0000000000000000        0x0 g:/pi/gcc_linaro_7_1/bin/../aarch64-elf/libc/usr/lib\libc.a(lib_a-strtorx.o)
 .comment       0x0000000000000000       0x2e g:/pi/gcc_linaro_7_1/bin/../aarch64-elf/libc/usr/lib\libc.a(lib_a-strtorx.o)
 .debug_frame   0x0000000000000000       0x58 g:/pi/gcc_linaro_7_1/bin/../aarch64-elf/libc/usr/lib\libc.a(lib_a-strtorx.o)
 .data          0x0000000000000000        0x0 g:/pi/gcc_linaro_7_1/bin/../aarch64-elf/libc/usr/lib\libc.a(lib_a-strtoul.o)
 .bss           0x0000000000000000        0x0 g:/pi/gcc_linaro_7_1/bin/../aarch64-elf/libc/usr/lib\libc.a(lib_a-strtoul.o)
 .comment       0x0000000000000000       0x2e g:/pi/gcc_linaro_7_1/bin/../aarch64-elf/libc/usr/lib\libc.a(lib_a-strtoul.o)
 .debug_frame   0x0000000000000000       0xa0 g:/pi/gcc_linaro_7_1/bin/../aarch64-elf/libc/usr/lib\libc.a(lib_a-strtoul.o)
 .data          0x0000000000000000        0x0 g:/pi/gcc_linaro_7_1/bin/../aarch64-elf/libc/usr/lib\libc.a(lib_a-strtoull.o)
 .bss           0x0000000000000000        0x0 g:/pi/gcc_linaro_7_1/bin/../aarch64-elf/libc/usr/lib\libc.a(lib_a-strtoull.o)
 .comment       0x0000000000000000       0x2e g:/pi/gcc_linaro_7_1/bin/../aarch64-elf/libc/usr/lib\libc.a(lib_a-strtoull.o)
 .debug_frame   0x0000000000000000       0xa0 g:/pi/gcc_linaro_7_1/bin/../aarch64-elf/libc/usr/lib\libc.a(lib_a-strtoull.o)
 .data          0x0000000000000000        0x0 g:/pi/gcc_linaro_7_1/bin/../aarch64-elf/libc/usr/lib\libc.a(lib_a-wcscpy.o)
 .bss           0x0000000000000000        0x0 g:/pi/gcc_linaro_7_1/bin/../aarch64-elf/libc/usr/lib\libc.a(lib_a-wcscpy.o)
 .comment       0x0000000000000000       0x2e g:/pi/gcc_linaro_7_1/bin/../aarch64-elf/libc/usr/lib\libc.a(lib_a-wcscpy.o)
 .debug_frame   0x0000000000000000       0x28 g:/pi/gcc_linaro_7_1/bin/../aarch64-elf/libc/usr/lib\libc.a(lib_a-wcscpy.o)
 .data          0x0000000000000000        0x0 g:/pi/gcc_linaro_7_1/bin/../aarch64-elf/libc/usr/lib\libc.a(lib_a-wctob.o)
 .bss           0x0000000000000000        0x0 g:/pi/gcc_linaro_7_1/bin/../aarch64-elf/libc/usr/lib\libc.a(lib_a-wctob.o)
 .comment       0x0000000000000000       0x2e g:/pi/gcc_linaro_7_1/bin/../aarch64-elf/libc/usr/lib\libc.a(lib_a-wctob.o)
 .debug_frame   0x0000000000000000       0x48 g:/pi/gcc_linaro_7_1/bin/../aarch64-elf/libc/usr/lib\libc.a(lib_a-wctob.o)
 .data          0x0000000000000000        0x0 g:/pi/gcc_linaro_7_1/bin/../aarch64-elf/libc/usr/lib\libc.a(lib_a-wctomb_r.o)
 .bss           0x0000000000000000        0x0 g:/pi/gcc_linaro_7_1/bin/../aarch64-elf/libc/usr/lib\libc.a(lib_a-wctomb_r.o)
 .comment       0x0000000000000000       0x2e g:/pi/gcc_linaro_7_1/bin/../aarch64-elf/libc/usr/lib\libc.a(lib_a-wctomb_r.o)
 .debug_frame   0x0000000000000000       0xa0 g:/pi/gcc_linaro_7_1/bin/../aarch64-elf/libc/usr/lib\libc.a(lib_a-wctomb_r.o)
 .data          0x0000000000000000        0x0 g:/pi/gcc_linaro_7_1/bin/../aarch64-elf/libc/usr/lib\libc.a(lib_a-ctype_.o)
 .bss           0x0000000000000000        0x0 g:/pi/gcc_linaro_7_1/bin/../aarch64-elf/libc/usr/lib\libc.a(lib_a-ctype_.o)
 .comment       0x0000000000000000       0x2e g:/pi/gcc_linaro_7_1/bin/../aarch64-elf/libc/usr/lib\libc.a(lib_a-ctype_.o)
 .debug_frame   0x0000000000000000       0x28 g:/pi/gcc_linaro_7_1/bin/../aarch64-elf/libc/usr/lib\libc.a(lib_a-ctype_.o)
 .data          0x0000000000000000        0x0 g:/pi/gcc_linaro_7_1/bin/../aarch64-elf/libc/usr/lib\libc.a(lib_a-freer.o)
 .bss           0x0000000000000000        0x0 g:/pi/gcc_linaro_7_1/bin/../aarch64-elf/libc/usr/lib\libc.a(lib_a-freer.o)
 .comment       0x0000000000000000       0x2e g:/pi/gcc_linaro_7_1/bin/../aarch64-elf/libc/usr/lib\libc.a(lib_a-freer.o)
 .debug_frame   0x0000000000000000       0xb0 g:/pi/gcc_linaro_7_1/bin/../aarch64-elf/libc/usr/lib\libc.a(lib_a-freer.o)
 .data          0x0000000000000000        0x0 g:/pi/gcc_linaro_7_1/bin/../aarch64-elf/libc/usr/lib\libc.a(lib_a-gdtoa-gethex.o)
 .bss           0x0000000000000000        0x0 g:/pi/gcc_linaro_7_1/bin/../aarch64-elf/libc/usr/lib\libc.a(lib_a-gdtoa-gethex.o)
 .comment       0x0000000000000000       0x2e g:/pi/gcc_linaro_7_1/bin/../aarch64-elf/libc/usr/lib\libc.a(lib_a-gdtoa-gethex.o)
 .debug_frame   0x0000000000000000       0x88 g:/pi/gcc_linaro_7_1/bin/../aarch64-elf/libc/usr/lib\libc.a(lib_a-gdtoa-gethex.o)
 .data          0x0000000000000000        0x0 g:/pi/gcc_linaro_7_1/bin/../aarch64-elf/libc/usr/lib\libc.a(lib_a-gdtoa-hexnan.o)
 .bss           0x0000000000000000        0x0 g:/pi/gcc_linaro_7_1/bin/../aarch64-elf/libc/usr/lib\libc.a(lib_a-gdtoa-hexnan.o)
 .comment       0x0000000000000000       0x2e g:/pi/gcc_linaro_7_1/bin/../aarch64-elf/libc/usr/lib\libc.a(lib_a-gdtoa-hexnan.o)
 .debug_frame   0x0000000000000000       0x40 g:/pi/gcc_linaro_7_1/bin/../aarch64-elf/libc/usr/lib\libc.a(lib_a-gdtoa-hexnan.o)
 .data          0x0000000000000000        0x0 g:/pi/gcc_linaro_7_1/bin/../aarch64-elf/libc/usr/lib\libc.a(lib_a-getenv_r.o)
 .bss           0x0000000000000000        0x0 g:/pi/gcc_linaro_7_1/bin/../aarch64-elf/libc/usr/lib\libc.a(lib_a-getenv_r.o)
 .comment       0x0000000000000000       0x2e g:/pi/gcc_linaro_7_1/bin/../aarch64-elf/libc/usr/lib\libc.a(lib_a-getenv_r.o)
 .debug_frame   0x0000000000000000       0xb8 g:/pi/gcc_linaro_7_1/bin/../aarch64-elf/libc/usr/lib\libc.a(lib_a-getenv_r.o)
 .text          0x0000000000000000        0x0 g:/pi/gcc_linaro_7_1/bin/../aarch64-elf/libc/usr/lib\libc.a(lib_a-impure.o)
 .bss           0x0000000000000000        0x0 g:/pi/gcc_linaro_7_1/bin/../aarch64-elf/libc/usr/lib\libc.a(lib_a-impure.o)
 .rodata        0x0000000000000000        0x8 g:/pi/gcc_linaro_7_1/bin/../aarch64-elf/libc/usr/lib\libc.a(lib_a-impure.o)
 .comment       0x0000000000000000       0x2e g:/pi/gcc_linaro_7_1/bin/../aarch64-elf/libc/usr/lib\libc.a(lib_a-impure.o)
 .data          0x0000000000000000        0x0 g:/pi/gcc_linaro_7_1/bin/../aarch64-elf/libc/usr/lib\libc.a(lib_a-localeconv.o)
 .bss           0x0000000000000000        0x0 g:/pi/gcc_linaro_7_1/bin/../aarch64-elf/libc/usr/lib\libc.a(lib_a-localeconv.o)
 .comment       0x0000000000000000       0x2e g:/pi/gcc_linaro_7_1/bin/../aarch64-elf/libc/usr/lib\libc.a(lib_a-localeconv.o)
 .debug_frame   0x0000000000000000       0x58 g:/pi/gcc_linaro_7_1/bin/../aarch64-elf/libc/usr/lib\libc.a(lib_a-localeconv.o)
 .comment       0x0000000000000000       0x2e g:/pi/gcc_linaro_7_1/bin/../aarch64-elf/libc/usr/lib\libc.a(lib_a-mallocr.o)
 .debug_frame   0x0000000000000000      0x100 g:/pi/gcc_linaro_7_1/bin/../aarch64-elf/libc/usr/lib\libc.a(lib_a-mallocr.o)
 .data          0x0000000000000000        0x0 g:/pi/gcc_linaro_7_1/bin/../aarch64-elf/libc/usr/lib\libc.a(lib_a-memcpy.o)
 .bss           0x0000000000000000        0x0 g:/pi/gcc_linaro_7_1/bin/../aarch64-elf/libc/usr/lib\libc.a(lib_a-memcpy.o)
 .data          0x0000000000000000        0x0 g:/pi/gcc_linaro_7_1/bin/../aarch64-elf/libc/usr/lib\libc.a(lib_a-mlock.o)
 .bss           0x0000000000000000        0x0 g:/pi/gcc_linaro_7_1/bin/../aarch64-elf/libc/usr/lib\libc.a(lib_a-mlock.o)
 .comment       0x0000000000000000       0x2e g:/pi/gcc_linaro_7_1/bin/../aarch64-elf/libc/usr/lib\libc.a(lib_a-mlock.o)
 .debug_frame   0x0000000000000000       0x40 g:/pi/gcc_linaro_7_1/bin/../aarch64-elf/libc/usr/lib\libc.a(lib_a-mlock.o)
 .data          0x0000000000000000        0x0 g:/pi/gcc_linaro_7_1/bin/../aarch64-elf/libc/usr/lib\libc.a(lib_a-mprec.o)
 .bss           0x0000000000000000        0x0 g:/pi/gcc_linaro_7_1/bin/../aarch64-elf/libc/usr/lib\libc.a(lib_a-mprec.o)
 .comment       0x0000000000000000       0x2e g:/pi/gcc_linaro_7_1/bin/../aarch64-elf/libc/usr/lib\libc.a(lib_a-mprec.o)
 .debug_frame   0x0000000000000000      0x3b0 g:/pi/gcc_linaro_7_1/bin/../aarch64-elf/libc/usr/lib\libc.a(lib_a-mprec.o)
 .data          0x0000000000000000        0x0 g:/pi/gcc_linaro_7_1/bin/../aarch64-elf/libc/usr/lib\libc.a(lib_a-sbrkr.o)
 .bss           0x0000000000000000        0x0 g:/pi/gcc_linaro_7_1/bin/../aarch64-elf/libc/usr/lib\libc.a(lib_a-sbrkr.o)
 .comment       0x0000000000000000       0x2e g:/pi/gcc_linaro_7_1/bin/../aarch64-elf/libc/usr/lib\libc.a(lib_a-sbrkr.o)
 .debug_frame   0x0000000000000000       0x50 g:/pi/gcc_linaro_7_1/bin/../aarch64-elf/libc/usr/lib\libc.a(lib_a-sbrkr.o)
 .data          0x0000000000000000        0x0 g:/pi/gcc_linaro_7_1/bin/../aarch64-elf/libc/usr/lib\libc.a(lib_a-sf_nan.o)
 .bss           0x0000000000000000        0x0 g:/pi/gcc_linaro_7_1/bin/../aarch64-elf/libc/usr/lib\libc.a(lib_a-sf_nan.o)
 .comment       0x0000000000000000       0x2e g:/pi/gcc_linaro_7_1/bin/../aarch64-elf/libc/usr/lib\libc.a(lib_a-sf_nan.o)
 .debug_frame   0x0000000000000000       0x28 g:/pi/gcc_linaro_7_1/bin/../aarch64-elf/libc/usr/lib\libc.a(lib_a-sf_nan.o)
 .data          0x0000000000000000        0x0 g:/pi/gcc_linaro_7_1/bin/../aarch64-elf/libc/usr/lib\libc.a(lib_a-strtodg.o)
 .bss           0x0000000000000000        0x0 g:/pi/gcc_linaro_7_1/bin/../aarch64-elf/libc/usr/lib\libc.a(lib_a-strtodg.o)
 .comment       0x0000000000000000       0x2e g:/pi/gcc_linaro_7_1/bin/../aarch64-elf/libc/usr/lib\libc.a(lib_a-strtodg.o)
 .debug_frame   0x0000000000000000      0x328 g:/pi/gcc_linaro_7_1/bin/../aarch64-elf/libc/usr/lib\libc.a(lib_a-strtodg.o)
 .data          0x0000000000000000        0x0 g:/pi/gcc_linaro_7_1/bin/../aarch64-elf/libc/usr/lib\libc.a(lib_a-callocr.o)
 .bss           0x0000000000000000        0x0 g:/pi/gcc_linaro_7_1/bin/../aarch64-elf/libc/usr/lib\libc.a(lib_a-callocr.o)
 .comment       0x0000000000000000       0x2e g:/pi/gcc_linaro_7_1/bin/../aarch64-elf/libc/usr/lib\libc.a(lib_a-callocr.o)
 .debug_frame   0x0000000000000000       0x48 g:/pi/gcc_linaro_7_1/bin/../aarch64-elf/libc/usr/lib\libc.a(lib_a-callocr.o)
 .text          0x0000000000000000        0x0 g:/pi/gcc_linaro_7_1/bin/../aarch64-elf/libc/usr/lib\libc.a(lib_a-environ.o)
 .comment       0x0000000000000000       0x2e g:/pi/gcc_linaro_7_1/bin/../aarch64-elf/libc/usr/lib\libc.a(lib_a-environ.o)
 .data          0x0000000000000000        0x0 g:/pi/gcc_linaro_7_1/bin/../aarch64-elf/libc/usr/lib\libc.a(lib_a-envlock.o)
 .bss           0x0000000000000000        0x0 g:/pi/gcc_linaro_7_1/bin/../aarch64-elf/libc/usr/lib\libc.a(lib_a-envlock.o)
 .comment       0x0000000000000000       0x2e g:/pi/gcc_linaro_7_1/bin/../aarch64-elf/libc/usr/lib\libc.a(lib_a-envlock.o)
 .debug_frame   0x0000000000000000       0x40 g:/pi/gcc_linaro_7_1/bin/../aarch64-elf/libc/usr/lib\libc.a(lib_a-envlock.o)

Memory Configuration

Name             Origin             Length             Attributes
RAM              0x0000000000080000 0x0000000008000000 xrw
*default*        0x0000000000000000 0xffffffffffffffff

Linker script and memory map


.text           0x0000000000080000    0x163d4
                0x0000000000080000                . = ALIGN (0x4)
                0x0000000000080000                __text_start__ = .
                0x0000000000080000                _start = .
 *(.text.startup)
 .text.startup  0x0000000000080000      0x2f8 C:\Users\ldebo\AppData\Local\Temp\ccpgmJl0.o
                0x000000000008029c                EnableInterrupts
                0x00000000000802a4                DisableInterrupts
                0x00000000000802ac                CoreExecute
 *(.text .text.* .gnu.linkonce.t.*)
 *fill*         0x00000000000802f8        0x8 
 .text          0x0000000000080300       0xa8 C:\Users\ldebo\AppData\Local\Temp\ccQ2nSMS.o
                0x0000000000080300                c_irq_handler
                0x0000000000080330                kernel_main
 .text.setTimerIrqAddress
                0x00000000000803a8       0x20 C:\Users\ldebo\AppData\Local\Temp\ccpgmJl0.o
                0x00000000000803a8                setTimerIrqAddress
 .text.ARMaddrToGPUaddr
                0x00000000000803c8        0xc C:\Users\ldebo\AppData\Local\Temp\ccpgmJl0.o
                0x00000000000803c8                ARMaddrToGPUaddr
 *fill*         0x00000000000803d4      0x42c 
 .text.GPUaddrToARMaddr
                0x0000000000080800      0xf98 C:\Users\ldebo\AppData\Local\Temp\ccpgmJl0.o
                0x0000000000080800                GPUaddrToARMaddr
                0x000000000008080c                irq_handler
                0x0000000000081000                VectorTable
 *fill*         0x0000000000081798        0x8 
 .text          0x00000000000817a0     0x2868 C:\Users\ldebo\AppData\Local\Temp\cc62Olj6.o
                0x00000000000829d0                RPi_CpuIdString
                0x0000000000082a30                gpio_setup
                0x0000000000082aa0                gpio_output
                0x0000000000082b10                gpio_input
                0x0000000000082b60                gpio_checkEvent
                0x0000000000082ba0                gpio_clearEvent
                0x0000000000082be0                gpio_edgeDetect
                0x0000000000082c90                gpio_fixResistor
                0x0000000000082d80                timer_getTickCount
                0x0000000000082db0                timer_wait
                0x0000000000082e10                tick_difference
                0x0000000000082e20                mailbox_write
                0x0000000000082e60                mailbox_read
                0x0000000000082eb0                mailbox_tag_message
                0x0000000000083030                TimerIrqSetup
                0x0000000000083130                set_Activity_LED
                0x00000000000832c0                ARM_setmaxspeed
                0x0000000000083370                displaySmartStart
                0x0000000000083450                Embedded_Console_WriteChar
                0x0000000000083510                WriteText
                0x0000000000083610                SetDCPenColor
                0x0000000000083630                SetDCBrushColor
                0x0000000000083650                MoveToEx
                0x0000000000083680                LineTo
                0x0000000000083740                TextOut
                0x00000000000837d0                TransparentTextOut
                0x0000000000083840                BmpOut
                0x0000000000083890                CvtBmpLine
                0x0000000000083b30                Rectangle
                0x0000000000083b60                PiConsole_Init
                0x0000000000083e20                GetConsoleDC
                0x0000000000083e30                GetConsole_FrameBuffer
                0x0000000000083e40                GetConsole_Width
                0x0000000000083e50                GetConsole_Height
                0x0000000000083e60                _sbrk
                0x0000000000083e90                _kill
                0x0000000000083eb0                _getpid
                0x0000000000083ec0                _read
                0x0000000000083ed0                _close
                0x0000000000083ee0                _lseek
                0x0000000000083ef0                _isatty
                0x0000000000083f00                _fstat
                0x0000000000083f10                _exit
                0x0000000000083f20                _write
 *fill*         0x0000000000084008        0x8 
 .text          0x0000000000084010     0x1acc C:\Users\ldebo\AppData\Local\Temp\cc6gZd4b.o
                0x00000000000842c0                strnlen
                0x0000000000084300                emb_vsprintf
                0x0000000000084be0                vsscanf
                0x0000000000085900                sscanf
                0x0000000000085990                emb_sprintf
                0x0000000000085a10                printf
 *fill*         0x0000000000085adc        0x4 
 .text          0x0000000000085ae0     0x7d78 C:\Users\ldebo\AppData\Local\Temp\ccOYJ2OM.o
                0x0000000000085ae0                HcdProcessRootHubMessage
                0x0000000000086140                PowerOnUsb
                0x0000000000086180                PowerOffUsb
                0x00000000000861c0                HCDReset
                0x00000000000862a0                HCDTransmitFifoFlush
                0x0000000000086350                HCDReceiveFifoFlush
                0x00000000000863f0                HCDStart
                0x0000000000086a50                HCDCheckErrorAndAction
                0x0000000000086b90                HCDWaitOnTransmissionResult
                0x0000000000086c50                HCDChannelTransfer
                0x00000000000878f0                HCDSumbitControlMessage
                0x0000000000087bf0                HCDSetAddress
                0x0000000000087c40                HCDSetConfiguration
                0x0000000000087ca0                HCDReadHubPortStatus
                0x0000000000087da0                HCDChangeHubPortFeature
                0x0000000000087e30                HCDInitialise
                0x0000000000087f90                AddHidPayload
                0x0000000000088100                RemoveHidPayload
                0x0000000000088150                AddHubPayload
                0x00000000000882c0                UsbAllocateDevice
                0x0000000000088350                UsbDeallocateDevice
                0x00000000000885e0                RemoveHubPayload
                0x00000000000888f0                EnumerateHID
                0x0000000000088de0                HCDGetDescriptor
                0x0000000000088f90                HCDReadStringDescriptor
                0x0000000000089850                IsHub
                0x00000000000898b0                IsHid
                0x0000000000089910                IsMassStorage
                0x0000000000089970                IsMouse
                0x00000000000899d0                IsKeyboard
                0x0000000000089a30                UsbGetRootHub
                0x0000000000089a50                UsbDeviceAtAddress
                0x0000000000089a90                UsbGetDescription
                0x0000000000089d60                HubPortReset
                0x000000000008a0e0                HubCheckConnection
                0x000000000008a530                EnumerateHub
                0x000000000008aa50                EnumerateDevice
                0x000000000008b550                HubPortConnectionChanged
                0x000000000008bb40                UsbAttachRootHub
                0x000000000008bc10                UsbInitialise
                0x000000000008be70                HubCheckForChange
                0x000000000008c360                UsbCheckForChange
                0x000000000008c970                UsbShowTree
                0x000000000008ccc0                HIDReadDescriptor
                0x000000000008d1b0                HIDReadReport
                0x000000000008d530                HIDWriteReport
                0x000000000008d7c0                HIDSetProtocol
 .text          0x000000000008d858      0xd0c g:/pi/gcc_linaro_7_1/bin/../aarch64-elf/libc/usr/lib\libc.a(lib_a-locale.o)
                0x000000000008d910                __loadlocale
                0x000000000008e0a8                __get_locale_env
                0x000000000008e138                _setlocale_r
                0x000000000008e4f8                __locale_mb_cur_max
                0x000000000008e520                __locale_ctype_ptr_l
                0x000000000008e528                __locale_ctype_ptr
                0x000000000008e550                setlocale
 *fill*         0x000000000008e564        0x4 
 .text          0x000000000008e568       0x30 g:/pi/gcc_linaro_7_1/bin/../aarch64-elf/libc/usr/lib\libc.a(lib_a-mbstowcs.o)
                0x000000000008e568                mbstowcs
 .text          0x000000000008e598       0xfc g:/pi/gcc_linaro_7_1/bin/../aarch64-elf/libc/usr/lib\libc.a(lib_a-mbstowcs_r.o)
                0x000000000008e598                _mbstowcs_r
 *fill*         0x000000000008e694        0x4 
 .text          0x000000000008e698      0x6e4 g:/pi/gcc_linaro_7_1/bin/../aarch64-elf/libc/usr/lib\libc.a(lib_a-mbtowc_r.o)
                0x000000000008e698                _mbtowc_r
                0x000000000008e6c0                __ascii_mbtowc
                0x000000000008e700                __utf8_mbtowc
                0x000000000008e9c8                __sjis_mbtowc
                0x000000000008ea98                __eucjp_mbtowc
                0x000000000008ebb8                __jis_mbtowc
 *fill*         0x000000000008ed7c        0x4 
 .text          0x000000000008ed80      0x1d8 g:/pi/gcc_linaro_7_1/bin/../aarch64-elf/libc/usr/lib\libc.a(lib_a-memset.o)
                0x000000000008ed80                memset
 .text          0x000000000008ef58       0xa0 g:/pi/gcc_linaro_7_1/bin/../aarch64-elf/libc/usr/lib\libc.a(lib_a-strcasecmp.o)
                0x000000000008ef58                strcasecmp
 .text          0x000000000008eff8       0x74 g:/pi/gcc_linaro_7_1/bin/../aarch64-elf/libc/usr/lib\libc.a(lib_a-strcat.o)
                0x000000000008eff8                strcat
 .text          0x000000000008f06c       0xdc g:/pi/gcc_linaro_7_1/bin/../aarch64-elf/libc/usr/lib\libc.a(lib_a-strchr.o)
                0x000000000008f06c                strchr
 *fill*         0x000000000008f148       0x38 
 .text          0x000000000008f180       0xa4 g:/pi/gcc_linaro_7_1/bin/../aarch64-elf/libc/usr/lib\libc.a(lib_a-strcmp.o)
                0x000000000008f180                strcmp
 *fill*         0x000000000008f224       0x1c 
 .text          0x000000000008f240      0x1b8 g:/pi/gcc_linaro_7_1/bin/../aarch64-elf/libc/usr/lib\libc.a(lib_a-strcpy.o)
                0x000000000008f240                strcpy
 .text          0x000000000008f3f8       0x44 g:/pi/gcc_linaro_7_1/bin/../aarch64-elf/libc/usr/lib\libc.a(lib_a-strlcpy.o)
                0x000000000008f3f8                strlcpy
 *fill*         0x000000000008f43c        0x4 
 .text          0x000000000008f440      0x140 g:/pi/gcc_linaro_7_1/bin/../aarch64-elf/libc/usr/lib\libc.a(lib_a-strlen.o)
                0x000000000008f440                strlen
 .text          0x000000000008f580       0xcc g:/pi/gcc_linaro_7_1/bin/../aarch64-elf/libc/usr/lib\libc.a(lib_a-strncasecmp.o)
                0x000000000008f580                strncasecmp
 *fill*         0x000000000008f64c       0x34 
 .text          0x000000000008f680      0x124 g:/pi/gcc_linaro_7_1/bin/../aarch64-elf/libc/usr/lib\libc.a(lib_a-strncmp.o)
                0x000000000008f69c                strncmp
 *fill*         0x000000000008f7a4        0x4 
 .text          0x000000000008f7a8       0xb0 g:/pi/gcc_linaro_7_1/bin/../aarch64-elf/libc/usr/lib\libc.a(lib_a-strncpy.o)
                0x000000000008f7a8                strncpy
 .text          0x000000000008f858     0x1288 g:/pi/gcc_linaro_7_1/bin/../aarch64-elf/libc/usr/lib\libc.a(lib_a-strtod.o)
                0x000000000008f858                _strtod_l
                0x0000000000090950                _strtod_r
                0x0000000000090970                strtod_l
                0x0000000000090988                strtod
                0x00000000000909b8                strtof_l
                0x0000000000090a40                strtof
 .text.unlikely
                0x0000000000090ae0       0x54 g:/pi/gcc_linaro_7_1/bin/../aarch64-elf/libc/usr/lib\libc.a(lib_a-strtod.o)
 *fill*         0x0000000000090b34        0x4 
 .text          0x0000000000090b38      0x240 g:/pi/gcc_linaro_7_1/bin/../aarch64-elf/libc/usr/lib\libc.a(lib_a-strtol.o)
                0x0000000000090d08                _strtol_r
                0x0000000000090d28                strtol_l
                0x0000000000090d48                strtol
 .text          0x0000000000090d78       0xc0 g:/pi/gcc_linaro_7_1/bin/../aarch64-elf/libc/usr/lib\libc.a(lib_a-strtold.o)
                0x0000000000090d78                _strtold_r
                0x0000000000090db8                strtold_l
                0x0000000000090df0                strtold
 .text          0x0000000000090e38      0x240 g:/pi/gcc_linaro_7_1/bin/../aarch64-elf/libc/usr/lib\libc.a(lib_a-strtoll.o)
                0x0000000000091008                _strtoll_r
                0x0000000000091028                strtoll_l
                0x0000000000091048                strtoll
 .text          0x0000000000091078      0x12c g:/pi/gcc_linaro_7_1/bin/../aarch64-elf/libc/usr/lib\libc.a(lib_a-strtorx.o)
                0x0000000000091078                ULtox
                0x0000000000091128                _strtorx_l
 *fill*         0x00000000000911a4        0x4 
 .text          0x00000000000911a8      0x250 g:/pi/gcc_linaro_7_1/bin/../aarch64-elf/libc/usr/lib\libc.a(lib_a-strtoul.o)
                0x0000000000091388                _strtoul_r
                0x00000000000913a8                strtoul_l
                0x00000000000913c8                strtoul
 .text          0x00000000000913f8      0x250 g:/pi/gcc_linaro_7_1/bin/../aarch64-elf/libc/usr/lib\libc.a(lib_a-strtoull.o)
                0x00000000000915d8                _strtoull_r
                0x00000000000915f8                strtoull_l
                0x0000000000091618                strtoull
 .text          0x0000000000091648       0x24 g:/pi/gcc_linaro_7_1/bin/../aarch64-elf/libc/usr/lib\libc.a(lib_a-wcscpy.o)
                0x0000000000091648                wcscpy
 *fill*         0x000000000009166c        0x4 
 .text          0x0000000000091670       0x84 g:/pi/gcc_linaro_7_1/bin/../aarch64-elf/libc/usr/lib\libc.a(lib_a-wctob.o)
                0x0000000000091670                wctob
 *fill*         0x00000000000916f4        0x4 
 .text          0x00000000000916f8      0x310 g:/pi/gcc_linaro_7_1/bin/../aarch64-elf/libc/usr/lib\libc.a(lib_a-wctomb_r.o)
                0x00000000000916f8                _wctomb_r
                0x0000000000091720                __ascii_wctomb
                0x0000000000091750                __utf8_wctomb
                0x0000000000091830                __sjis_wctomb
                0x00000000000918b0                __eucjp_wctomb
                0x0000000000091958                __jis_wctomb
 .text          0x0000000000091a08       0x10 g:/pi/gcc_linaro_7_1/bin/../aarch64-elf/libc/usr/lib\libc.a(lib_a-ctype_.o)
                0x0000000000091a08                __set_ctype
 .text          0x0000000000091a18      0x410 g:/pi/gcc_linaro_7_1/bin/../aarch64-elf/libc/usr/lib\libc.a(lib_a-freer.o)
                0x0000000000091a18                _malloc_trim_r
                0x0000000000091b28                _free_r
 .text          0x0000000000091e28      0x8b4 g:/pi/gcc_linaro_7_1/bin/../aarch64-elf/libc/usr/lib\libc.a(lib_a-gdtoa-gethex.o)
                0x0000000000091f20                __gethex
 *fill*         0x00000000000926dc        0x4 
 .text          0x00000000000926e0      0x270 g:/pi/gcc_linaro_7_1/bin/../aarch64-elf/libc/usr/lib\libc.a(lib_a-gdtoa-hexnan.o)
                0x00000000000926e0                __match
                0x0000000000092728                __hexnan
 .text          0x0000000000092950      0x128 g:/pi/gcc_linaro_7_1/bin/../aarch64-elf/libc/usr/lib\libc.a(lib_a-getenv_r.o)
                0x0000000000092950                _findenv_r
                0x0000000000092a60                _getenv_r
 .text          0x0000000000092a78       0x54 g:/pi/gcc_linaro_7_1/bin/../aarch64-elf/libc/usr/lib\libc.a(lib_a-localeconv.o)
                0x0000000000092a78                __localeconv_l
                0x0000000000092a80                _localeconv_r
                0x0000000000092aa8                localeconv
 *fill*         0x0000000000092acc        0x4 
 .text          0x0000000000092ad0      0x848 g:/pi/gcc_linaro_7_1/bin/../aarch64-elf/libc/usr/lib\libc.a(lib_a-mallocr.o)
                0x0000000000092ad0                _malloc_r
 *fill*         0x0000000000093318       0x28 
 .text          0x0000000000093340      0x16c g:/pi/gcc_linaro_7_1/bin/../aarch64-elf/libc/usr/lib\libc.a(lib_a-memcpy.o)
                0x0000000000093340                memcpy
 *fill*         0x00000000000934ac        0x4 
 .text          0x00000000000934b0        0xc g:/pi/gcc_linaro_7_1/bin/../aarch64-elf/libc/usr/lib\libc.a(lib_a-mlock.o)
                0x00000000000934b0                __malloc_lock
                0x00000000000934b8                __malloc_unlock
 *fill*         0x00000000000934bc        0x4 
 .text          0x00000000000934c0      0xe5c g:/pi/gcc_linaro_7_1/bin/../aarch64-elf/libc/usr/lib\libc.a(lib_a-mprec.o)
                0x00000000000934c0                _Balloc
                0x0000000000093568                _Bfree
                0x0000000000093588                __multadd
                0x0000000000093670                __s2b
                0x0000000000093790                __hi0bits
                0x00000000000937f0                __lo0bits
                0x0000000000093890                __i2b
                0x00000000000938c0                __multiply
                0x0000000000093a80                __pow5mult
                0x0000000000093ba8                __lshift
                0x0000000000093ce0                __mcmp
                0x0000000000093d30                __mdiff
                0x0000000000093ec0                __ulp
                0x0000000000093f30                __b2d
                0x0000000000094050                __d2b
                0x0000000000094170                __ratio
                0x00000000000941f8                _mprec_log10
                0x0000000000094230                __copybits
                0x0000000000094298                __any_on
 *fill*         0x000000000009431c        0x4 
 .text          0x0000000000094320       0x4c g:/pi/gcc_linaro_7_1/bin/../aarch64-elf/libc/usr/lib\libc.a(lib_a-sbrkr.o)
                0x0000000000094320                _sbrk_r
 *fill*         0x000000000009436c        0x4 
 .text          0x0000000000094370        0xc g:/pi/gcc_linaro_7_1/bin/../aarch64-elf/libc/usr/lib\libc.a(lib_a-sf_nan.o)
                0x0000000000094370                nanf
 *fill*         0x000000000009437c        0x4 
 .text          0x0000000000094380     0x1fb8 g:/pi/gcc_linaro_7_1/bin/../aarch64-elf/libc/usr/lib\libc.a(lib_a-strtodg.o)
                0x0000000000094478                increment
                0x0000000000094910                decrement
                0x0000000000094948                set_ones
                0x0000000000094a10                _strtodg_l
 .text          0x0000000000096338       0x90 g:/pi/gcc_linaro_7_1/bin/../aarch64-elf/libc/usr/lib\libc.a(lib_a-callocr.o)
                0x0000000000096338                _calloc_r
 .text          0x00000000000963c8        0xc g:/pi/gcc_linaro_7_1/bin/../aarch64-elf/libc/usr/lib\libc.a(lib_a-envlock.o)
                0x00000000000963c8                __env_lock
                0x00000000000963d0                __env_unlock
 *(.rel.text .rel.text.* .rel.gnu.linkonce.t.*)
 *(.init .init.*)
                0x00000000000963d4                . = ALIGN (0x4)
                0x00000000000963d4                __text_end__ = .

.iplt           0x00000000000963d4        0x0
 .iplt          0x00000000000963d4        0x0 C:\Users\ldebo\AppData\Local\Temp\ccQ2nSMS.o

.bss            0x00000000000963d8     0x8be8
                0x00000000000963d8                . = ALIGN (0x4)
                0x00000000000963d8                __bss_start__ = .
 *(.bss .bss.* .gnu.linkonce.b.*)
 .bss           0x00000000000963d8        0x1 C:\Users\ldebo\AppData\Local\Temp\ccQ2nSMS.o
 *fill*         0x00000000000963d9        0x7 
 .bss           0x00000000000963e0       0x78 C:\Users\ldebo\AppData\Local\Temp\cc62Olj6.o
                0x00000000000963e4                console
 .bss           0x0000000000096458     0x8868 C:\Users\ldebo\AppData\Local\Temp\ccOYJ2OM.o
                0x0000000000096458                RootHubDeviceNumber
                0x0000000000096459                PhyInitialised
                0x0000000000096460                HidTable
                0x00000000000966f0                HubTable
                0x0000000000096dc0                DeviceTable
 .bss           0x000000000009ecc0      0x2b0 g:/pi/gcc_linaro_7_1/bin/../aarch64-elf/libc/usr/lib\libc.a(lib_a-locale.o)
                0x000000000009ef68                _PathLocale
 .bss           0x000000000009ef70       0x40 g:/pi/gcc_linaro_7_1/bin/../aarch64-elf/libc/usr/lib\libc.a(lib_a-mallocr.o)
                0x000000000009ef70                __malloc_top_pad
                0x000000000009ef78                __malloc_current_mallinfo
                0x000000000009efa0                __malloc_max_sbrked_mem
                0x000000000009efa8                __malloc_max_total_mem
 .bss           0x000000000009efb0        0x8 g:/pi/gcc_linaro_7_1/bin/../aarch64-elf/libc/usr/lib\libc.a(lib_a-environ.o)
 *(.rela.bss .rela.bss.* .rela.gnu.linkonce.b.*)
 *(COMMON)
 COMMON         0x000000000009efb8        0x4 C:\Users\ldebo\AppData\Local\Temp\ccQ2nSMS.o
                0x000000000009efb8                __errno
 COMMON         0x000000000009efbc        0x4 g:/pi/gcc_linaro_7_1/bin/../aarch64-elf/libc/usr/lib\libc.a(lib_a-reent.o)
                0x000000000009efbc                errno
                0x000000000009efc0                . = ALIGN (0x4)
                0x000000000009efc0                __bss_end__ = .

.rodata         0x000000000009efc0     0x2dfc
                0x000000000009efc0                . = ALIGN (0x4)
                0x000000000009efc0                __rodata_start__ = .
 *(.rodata .rodata.*)
 .rodata.str1.8
                0x000000000009efc0        0x0 C:\Users\ldebo\AppData\Local\Temp\ccQ2nSMS.o
                                          0x2 (size before relaxing)
 .rodata        0x000000000009efc0     0x1004 C:\Users\ldebo\AppData\Local\Temp\cc62Olj6.o
                0x000000000009ffc0                BitFontEnd
 *fill*         0x000000000009ffc4        0x4 
 .rodata.str1.8
                0x000000000009ffc8      0x114 C:\Users\ldebo\AppData\Local\Temp\cc62Olj6.o
 *fill*         0x00000000000a00dc        0x4 
 .rodata        0x00000000000a00e0      0x108 C:\Users\ldebo\AppData\Local\Temp\cc6gZd4b.o
 .rodata        0x00000000000a01e8      0x279 C:\Users\ldebo\AppData\Local\Temp\ccOYJ2OM.o
 *fill*         0x00000000000a0461        0x7 
 .rodata.str1.8
                0x00000000000a0468     0x10ec C:\Users\ldebo\AppData\Local\Temp\ccOYJ2OM.o
                                       0x10f4 (size before relaxing)
 *fill*         0x00000000000a1554        0x4 
 .rodata        0x00000000000a1558      0x250 g:/pi/gcc_linaro_7_1/bin/../aarch64-elf/libc/usr/lib\libc.a(lib_a-locale.o)
                0x00000000000a1600                __C_locale
 .rodata.str1.8
                0x00000000000a17a8      0x184 g:/pi/gcc_linaro_7_1/bin/../aarch64-elf/libc/usr/lib\libc.a(lib_a-locale.o)
                                        0x18c (size before relaxing)
 *fill*         0x00000000000a192c        0x4 
 .rodata        0x00000000000a1930       0x90 g:/pi/gcc_linaro_7_1/bin/../aarch64-elf/libc/usr/lib\libc.a(lib_a-mbtowc_r.o)
 .rodata        0x00000000000a19c0       0x58 g:/pi/gcc_linaro_7_1/bin/../aarch64-elf/libc/usr/lib\libc.a(lib_a-strtod.o)
 .rodata.str1.8
                0x00000000000a1a18       0x18 g:/pi/gcc_linaro_7_1/bin/../aarch64-elf/libc/usr/lib\libc.a(lib_a-strtod.o)
                                         0x13 (size before relaxing)
 .rodata        0x00000000000a1a30      0x101 g:/pi/gcc_linaro_7_1/bin/../aarch64-elf/libc/usr/lib\libc.a(lib_a-ctype_.o)
                0x00000000000a1a30                _ctype_
 *fill*         0x00000000000a1b31        0x7 
 .rodata        0x00000000000a1b38      0x100 g:/pi/gcc_linaro_7_1/bin/../aarch64-elf/libc/usr/lib\libc.a(lib_a-gdtoa-gethex.o)
                0x00000000000a1b38                __hexdig
 .rodata        0x00000000000a1c38      0x128 g:/pi/gcc_linaro_7_1/bin/../aarch64-elf/libc/usr/lib\libc.a(lib_a-mprec.o)
                0x00000000000a1c48                __mprec_tens
                0x00000000000a1d10                __mprec_tinytens
                0x00000000000a1d38                __mprec_bigtens
 .rodata        0x00000000000a1d60       0x5c g:/pi/gcc_linaro_7_1/bin/../aarch64-elf/libc/usr/lib\libc.a(lib_a-strtodg.o)
 .rodata.str1.8
                0x00000000000a1dbc       0x13 g:/pi/gcc_linaro_7_1/bin/../aarch64-elf/libc/usr/lib\libc.a(lib_a-strtodg.o)
 *(.rel.rodata .rel.rodata.* .rel.gnu.linkonce.r.*)
                0x00000000000a1dd0                . = ALIGN (0x4)
                0x00000000000a1dd0                __rodata_end__ = .

.rela.dyn       0x00000000000a1dc0        0x0
 .rela.iplt     0x00000000000a1dc0        0x0 C:\Users\ldebo\AppData\Local\Temp\ccQ2nSMS.o

.data           0x00000000000a1dc0     0x1240
                0x00000000000a1dc0                . = ALIGN (0x4)
                0x00000000000a1dc0                __data_start__ = .
 *(.data .data.* .gnu.linkonce.d.*)
 .data.smartstart64
                0x00000000000a1dc0       0x20 C:\Users\ldebo\AppData\Local\Temp\ccpgmJl0.o
                0x00000000000a1dc0                RPi_IO_Base_Addr
                0x00000000000a1dc4                RPi_BootAddr
                0x00000000000a1dc8                RPi_CoresReady
                0x00000000000a1dcc                RPi_CPUBootMode
                0x00000000000a1dd0                RPi_CpuId
                0x00000000000a1dd4                RPi_CompileMode
 .data          0x00000000000a1de0        0x4 C:\Users\ldebo\AppData\Local\Temp\cc62Olj6.o
 *fill*         0x00000000000a1de4        0x4 
 .data          0x00000000000a1de8       0xc0 C:\Users\ldebo\AppData\Local\Temp\ccOYJ2OM.o
                0x00000000000a1de8                RootHubString0
                0x00000000000a1df0                RootHubString1
                0x00000000000a1e20                RootHubConfigurationDescriptor
                0x00000000000a1e40                RootHubDeviceDescriptor
                0x00000000000a1e58                RootHubString2
                0x00000000000a1e80                RootHubDescriptor
                0x00000000000a1e90                SpeedString
 .data          0x00000000000a1ea8      0x1c8 g:/pi/gcc_linaro_7_1/bin/../aarch64-elf/libc/usr/lib\libc.a(lib_a-locale.o)
                0x00000000000a1ea8                __global_locale
                0x00000000000a2050                __default_locale
 .data          0x00000000000a2070       0x14 g:/pi/gcc_linaro_7_1/bin/../aarch64-elf/libc/usr/lib\libc.a(lib_a-strtorx.o)
 *fill*         0x00000000000a2084        0x4 
 .data          0x00000000000a2088      0x750 g:/pi/gcc_linaro_7_1/bin/../aarch64-elf/libc/usr/lib\libc.a(lib_a-impure.o)
                0x00000000000a2088                _impure_ptr
 .data          0x00000000000a27d8      0x820 g:/pi/gcc_linaro_7_1/bin/../aarch64-elf/libc/usr/lib\libc.a(lib_a-mallocr.o)
                0x00000000000a27d8                __malloc_av_
                0x00000000000a2fe8                __malloc_sbrk_base
                0x00000000000a2ff0                __malloc_trim_threshold
 .data          0x00000000000a2ff8        0x8 g:/pi/gcc_linaro_7_1/bin/../aarch64-elf/libc/usr/lib\libc.a(lib_a-environ.o)
                0x00000000000a2ff8                environ
 *(.rel.data .rel.data.* .rel.gnu.linkonce.d.*)
                0x00000000000a3000                . = ALIGN (0x4)
                0x00000000000a3000                __data_end__ = .

.igot.plt       0x00000000000a3000        0x0
 .igot.plt      0x00000000000a3000        0x0 C:\Users\ldebo\AppData\Local\Temp\ccQ2nSMS.o

.data1          0x00000000000a3000        0x0
                0x00000000000a3000                . = ALIGN (0x10)
                0x00000000000a3000                __data1_start__ = .
 *(.data1 .data1.*)
 *(.rel.data1 .rel.data1.*)
                0x00000000000a3000                . = ALIGN (0x10)
                0x00000000000a3000                __data1_end__ = .

.stack          0x00000000000a3000     0xc200
                0x00000000000a3000                . = ALIGN (0x10)
                0x00000000000a3000                __stack_start__ = .
                0x00000000000a3200                . = (. + 0x200)
 *fill*         0x00000000000a3000      0x200 
                0x00000000000a3200                __EL0_stack_core0 = .
                0x00000000000ab200                . = (. + 0x8000)
 *fill*         0x00000000000a3200     0x8000 
                0x00000000000ab200                __EL1_stack_core0 = .
                0x00000000000af200                . = (. + 0x4000)
 *fill*         0x00000000000ab200     0x4000 
                0x00000000000af200                __EL2_stack_core0 = .
                0x00000000000af200                . = ALIGN (0x10)
                0x00000000000af200                __stack_end__ = .

.stack_core1    0x00000000000af200     0x1400
                0x00000000000af200                . = ALIGN (0x10)
                0x00000000000af200                __stack_start_core1__ = .
                0x00000000000af400                . = (. + 0x200)
 *fill*         0x00000000000af200      0x200 
                0x00000000000af400                __EL0_stack_core1 = .
                0x00000000000af600                . = (. + 0x200)
 *fill*         0x00000000000af400      0x200 
                0x00000000000af600                __EL1_stack_core1 = .
                0x00000000000b0600                . = (. + 0x1000)
 *fill*         0x00000000000af600     0x1000 
                0x00000000000b0600                __EL2_stack_core1 = .
                0x00000000000b0600                . = ALIGN (0x10)
                0x00000000000b0600                __stack_end_core1__ = .

.stack_core2    0x00000000000b0600     0x1400
                0x00000000000b0600                . = ALIGN (0x10)
                0x00000000000b0600                __stack_start_core2__ = .
                0x00000000000b0800                . = (. + 0x200)
 *fill*         0x00000000000b0600      0x200 
                0x00000000000b0800                __EL0_stack_core2 = .
                0x00000000000b0a00                . = (. + 0x200)
 *fill*         0x00000000000b0800      0x200 
                0x00000000000b0a00                __EL1_stack_core2 = .
                0x00000000000b1a00                . = (. + 0x1000)
 *fill*         0x00000000000b0a00     0x1000 
                0x00000000000b1a00                __EL2_stack_core2 = .
                0x00000000000b1a00                . = ALIGN (0x10)
                0x00000000000b1a00                __stack_end_core2__ = .

.stack_core3    0x00000000000b1a00     0x1400
                0x00000000000b1a00                . = ALIGN (0x10)
                0x00000000000b1a00                __stack_start_core3__ = .
                0x00000000000b1c00                . = (. + 0x200)
 *fill*         0x00000000000b1a00      0x200 
                0x00000000000b1c00                __EL0_stack_core3 = .
                0x00000000000b1e00                . = (. + 0x200)
 *fill*         0x00000000000b1c00      0x200 
                0x00000000000b1e00                __EL1_stack_core3 = .
                0x00000000000b2e00                . = (. + 0x1000)
 *fill*         0x00000000000b1e00     0x1000 
                0x00000000000b2e00                __EL2_stack_core3 = .
                0x00000000000b2e00                . = ALIGN (0x10)
                0x00000000000b2e00                __stack_end_core3__ = .

.ARM.attributes
 *(.ARM.attributes)

.Heap           0x00000000000b2e00        0x0
                0x00000000000b2e00                . = ALIGN (0x4)
                0x00000000000b2e00                __heap_start__ = .
                0x00000000000b2e00                __end__ = .
                [!provide]                        PROVIDE (__end__, .)
                0x00000000000b2e00                _end = .
                [!provide]                        PROVIDE (end, .)

/DISCARD/
 *(.ARM.exidx .ARM.exidx.*)
 *(.rel.ARM.exidx .rel.ARM.exidx.* .gnu.linkonce.armexidx.*)
 *(.debug_frame .debug_frame.*)
 *(.comment *.comment.*)
 *(.symtab .symtab.*)
 *(.strtab .strtab.*)
 *(.shstrtab .shstrtab.*)
 libc.a(*)
 libm.a(*)
 libgcc.a(*)
 *(.note.GNU-stack)
 *(.gnu_debuglink)
 *(.gnu.lto_*)
LOAD C:\Users\ldebo\AppData\Local\Temp\ccQ2nSMS.o
LOAD C:\Users\ldebo\AppData\Local\Temp\ccpgmJl0.o
LOAD C:\Users\ldebo\AppData\Local\Temp\cc62Olj6.o
LOAD C:\Users\ldebo\AppData\Local\Temp\cc6gZd4b.o
LOAD C:\Users\ldebo\AppData\Local\Temp\ccOYJ2OM.o
LOAD g:/pi/gcc_linaro_7_1/bin/../aarch64-elf/libc/usr/lib\libc.a
LOAD g:/pi/gcc_linaro_7_1/bin/../aarch64-elf/libc/usr/lib\libm.a
LOAD g:/pi/gcc_linaro_7_1/bin/../lib/gcc/aarch64-elf/7.1.1\libgcc.a
OUTPUT(kernel.elf elf64-littleaarch64)

.debug_info     0x0000000000000000    0x223d2
 .debug_info    0x0000000000000000     0x1d43 g:/pi/gcc_linaro_7_1/bin/../aarch64-elf/libc/usr/lib\libc.a(lib_a-locale.o)
 .debug_info    0x0000000000001d43      0x960 g:/pi/gcc_linaro_7_1/bin/../aarch64-elf/libc/usr/lib\libc.a(lib_a-mbstowcs.o)
 .debug_info    0x00000000000026a3      0xf04 g:/pi/gcc_linaro_7_1/bin/../aarch64-elf/libc/usr/lib\libc.a(lib_a-mbstowcs_r.o)
 .debug_info    0x00000000000035a7     0x13a2 g:/pi/gcc_linaro_7_1/bin/../aarch64-elf/libc/usr/lib\libc.a(lib_a-mbtowc_r.o)
 .debug_info    0x0000000000004949      0x1c2 g:/pi/gcc_linaro_7_1/bin/../aarch64-elf/libc/usr/lib\libc.a(lib_a-memset.o)
 .debug_info    0x0000000000004b0b      0xa8d g:/pi/gcc_linaro_7_1/bin/../aarch64-elf/libc/usr/lib\libc.a(lib_a-reent.o)
 .debug_info    0x0000000000005598      0x972 g:/pi/gcc_linaro_7_1/bin/../aarch64-elf/libc/usr/lib\libc.a(lib_a-strcasecmp.o)
 .debug_info    0x0000000000005f0a      0x92e g:/pi/gcc_linaro_7_1/bin/../aarch64-elf/libc/usr/lib\libc.a(lib_a-strcat.o)
 .debug_info    0x0000000000006838      0x1c2 g:/pi/gcc_linaro_7_1/bin/../aarch64-elf/libc/usr/lib\libc.a(lib_a-strchr.o)
 .debug_info    0x00000000000069fa      0x1c2 g:/pi/gcc_linaro_7_1/bin/../aarch64-elf/libc/usr/lib\libc.a(lib_a-strcmp.o)
 .debug_info    0x0000000000006bbc      0x1c2 g:/pi/gcc_linaro_7_1/bin/../aarch64-elf/libc/usr/lib\libc.a(lib_a-strcpy.o)
 .debug_info    0x0000000000006d7e      0x911 g:/pi/gcc_linaro_7_1/bin/../aarch64-elf/libc/usr/lib\libc.a(lib_a-strlcpy.o)
 .debug_info    0x000000000000768f      0x1c2 g:/pi/gcc_linaro_7_1/bin/../aarch64-elf/libc/usr/lib\libc.a(lib_a-strlen.o)
 .debug_info    0x0000000000007851      0x98a g:/pi/gcc_linaro_7_1/bin/../aarch64-elf/libc/usr/lib\libc.a(lib_a-strncasecmp.o)
 .debug_info    0x00000000000081db      0x1c3 g:/pi/gcc_linaro_7_1/bin/../aarch64-elf/libc/usr/lib\libc.a(lib_a-strncmp.o)
 .debug_info    0x000000000000839e      0x945 g:/pi/gcc_linaro_7_1/bin/../aarch64-elf/libc/usr/lib\libc.a(lib_a-strncpy.o)
 .debug_info    0x0000000000008ce3     0x1da4 g:/pi/gcc_linaro_7_1/bin/../aarch64-elf/libc/usr/lib\libc.a(lib_a-strtod.o)
 .debug_info    0x000000000000aa87     0x112c g:/pi/gcc_linaro_7_1/bin/../aarch64-elf/libc/usr/lib\libc.a(lib_a-strtol.o)
 .debug_info    0x000000000000bbb3     0x10b9 g:/pi/gcc_linaro_7_1/bin/../aarch64-elf/libc/usr/lib\libc.a(lib_a-strtold.o)
 .debug_info    0x000000000000cc6c     0x112e g:/pi/gcc_linaro_7_1/bin/../aarch64-elf/libc/usr/lib\libc.a(lib_a-strtoll.o)
 .debug_info    0x000000000000dd9a     0x1131 g:/pi/gcc_linaro_7_1/bin/../aarch64-elf/libc/usr/lib\libc.a(lib_a-strtorx.o)
 .debug_info    0x000000000000eecb     0x112c g:/pi/gcc_linaro_7_1/bin/../aarch64-elf/libc/usr/lib\libc.a(lib_a-strtoul.o)
 .debug_info    0x000000000000fff7     0x112e g:/pi/gcc_linaro_7_1/bin/../aarch64-elf/libc/usr/lib\libc.a(lib_a-strtoull.o)
 .debug_info    0x0000000000011125      0x913 g:/pi/gcc_linaro_7_1/bin/../aarch64-elf/libc/usr/lib\libc.a(lib_a-wcscpy.o)
 .debug_info    0x0000000000011a38      0xedf g:/pi/gcc_linaro_7_1/bin/../aarch64-elf/libc/usr/lib\libc.a(lib_a-wctob.o)
 .debug_info    0x0000000000012917     0x1172 g:/pi/gcc_linaro_7_1/bin/../aarch64-elf/libc/usr/lib\libc.a(lib_a-wctomb_r.o)
 .debug_info    0x0000000000013a89      0xe29 g:/pi/gcc_linaro_7_1/bin/../aarch64-elf/libc/usr/lib\libc.a(lib_a-ctype_.o)
 .debug_info    0x00000000000148b2      0xd0a g:/pi/gcc_linaro_7_1/bin/../aarch64-elf/libc/usr/lib\libc.a(lib_a-freer.o)
 .debug_info    0x00000000000155bc     0x1566 g:/pi/gcc_linaro_7_1/bin/../aarch64-elf/libc/usr/lib\libc.a(lib_a-gdtoa-gethex.o)
 .debug_info    0x0000000000016b22     0x1141 g:/pi/gcc_linaro_7_1/bin/../aarch64-elf/libc/usr/lib\libc.a(lib_a-gdtoa-hexnan.o)
 .debug_info    0x0000000000017c63      0xa34 g:/pi/gcc_linaro_7_1/bin/../aarch64-elf/libc/usr/lib\libc.a(lib_a-getenv_r.o)
 .debug_info    0x0000000000018697      0x8b9 g:/pi/gcc_linaro_7_1/bin/../aarch64-elf/libc/usr/lib\libc.a(lib_a-impure.o)
 .debug_info    0x0000000000018f50      0xed4 g:/pi/gcc_linaro_7_1/bin/../aarch64-elf/libc/usr/lib\libc.a(lib_a-localeconv.o)
 .debug_info    0x0000000000019e24      0xe5c g:/pi/gcc_linaro_7_1/bin/../aarch64-elf/libc/usr/lib\libc.a(lib_a-mallocr.o)
 .debug_info    0x000000000001ac80      0x1c2 g:/pi/gcc_linaro_7_1/bin/../aarch64-elf/libc/usr/lib\libc.a(lib_a-memcpy.o)
 .debug_info    0x000000000001ae42      0x8f0 g:/pi/gcc_linaro_7_1/bin/../aarch64-elf/libc/usr/lib\libc.a(lib_a-mlock.o)
 .debug_info    0x000000000001b732     0x1d7b g:/pi/gcc_linaro_7_1/bin/../aarch64-elf/libc/usr/lib\libc.a(lib_a-mprec.o)
 .debug_info    0x000000000001d4ad      0x976 g:/pi/gcc_linaro_7_1/bin/../aarch64-elf/libc/usr/lib\libc.a(lib_a-sbrkr.o)
 .debug_info    0x000000000001de23      0x915 g:/pi/gcc_linaro_7_1/bin/../aarch64-elf/libc/usr/lib\libc.a(lib_a-sf_nan.o)
 .debug_info    0x000000000001e738     0x27b3 g:/pi/gcc_linaro_7_1/bin/../aarch64-elf/libc/usr/lib\libc.a(lib_a-strtodg.o)
 .debug_info    0x0000000000020eeb      0xb85 g:/pi/gcc_linaro_7_1/bin/../aarch64-elf/libc/usr/lib\libc.a(lib_a-callocr.o)
 .debug_info    0x0000000000021a70       0x72 g:/pi/gcc_linaro_7_1/bin/../aarch64-elf/libc/usr/lib\libc.a(lib_a-environ.o)
 .debug_info    0x0000000000021ae2      0x8f0 g:/pi/gcc_linaro_7_1/bin/../aarch64-elf/libc/usr/lib\libc.a(lib_a-envlock.o)

.debug_abbrev   0x0000000000000000     0x5a79
 .debug_abbrev  0x0000000000000000      0x3cc g:/pi/gcc_linaro_7_1/bin/../aarch64-elf/libc/usr/lib\libc.a(lib_a-locale.o)
 .debug_abbrev  0x00000000000003cc      0x214 g:/pi/gcc_linaro_7_1/bin/../aarch64-elf/libc/usr/lib\libc.a(lib_a-mbstowcs.o)
 .debug_abbrev  0x00000000000005e0      0x26b g:/pi/gcc_linaro_7_1/bin/../aarch64-elf/libc/usr/lib\libc.a(lib_a-mbstowcs_r.o)
 .debug_abbrev  0x000000000000084b      0x321 g:/pi/gcc_linaro_7_1/bin/../aarch64-elf/libc/usr/lib\libc.a(lib_a-mbtowc_r.o)
 .debug_abbrev  0x0000000000000b6c       0x14 g:/pi/gcc_linaro_7_1/bin/../aarch64-elf/libc/usr/lib\libc.a(lib_a-memset.o)
 .debug_abbrev  0x0000000000000b80      0x29e g:/pi/gcc_linaro_7_1/bin/../aarch64-elf/libc/usr/lib\libc.a(lib_a-reent.o)
 .debug_abbrev  0x0000000000000e1e      0x214 g:/pi/gcc_linaro_7_1/bin/../aarch64-elf/libc/usr/lib\libc.a(lib_a-strcasecmp.o)
 .debug_abbrev  0x0000000000001032      0x202 g:/pi/gcc_linaro_7_1/bin/../aarch64-elf/libc/usr/lib\libc.a(lib_a-strcat.o)
 .debug_abbrev  0x0000000000001234       0x14 g:/pi/gcc_linaro_7_1/bin/../aarch64-elf/libc/usr/lib\libc.a(lib_a-strchr.o)
 .debug_abbrev  0x0000000000001248       0x14 g:/pi/gcc_linaro_7_1/bin/../aarch64-elf/libc/usr/lib\libc.a(lib_a-strcmp.o)
 .debug_abbrev  0x000000000000125c       0x14 g:/pi/gcc_linaro_7_1/bin/../aarch64-elf/libc/usr/lib\libc.a(lib_a-strcpy.o)
 .debug_abbrev  0x0000000000001270      0x1d2 g:/pi/gcc_linaro_7_1/bin/../aarch64-elf/libc/usr/lib\libc.a(lib_a-strlcpy.o)
 .debug_abbrev  0x0000000000001442       0x14 g:/pi/gcc_linaro_7_1/bin/../aarch64-elf/libc/usr/lib\libc.a(lib_a-strlen.o)
 .debug_abbrev  0x0000000000001456      0x214 g:/pi/gcc_linaro_7_1/bin/../aarch64-elf/libc/usr/lib\libc.a(lib_a-strncasecmp.o)
 .debug_abbrev  0x000000000000166a       0x14 g:/pi/gcc_linaro_7_1/bin/../aarch64-elf/libc/usr/lib\libc.a(lib_a-strncmp.o)
 .debug_abbrev  0x000000000000167e      0x1ea g:/pi/gcc_linaro_7_1/bin/../aarch64-elf/libc/usr/lib\libc.a(lib_a-strncpy.o)
 .debug_abbrev  0x0000000000001868      0x3f6 g:/pi/gcc_linaro_7_1/bin/../aarch64-elf/libc/usr/lib\libc.a(lib_a-strtod.o)
 .debug_abbrev  0x0000000000001c5e      0x2dc g:/pi/gcc_linaro_7_1/bin/../aarch64-elf/libc/usr/lib\libc.a(lib_a-strtol.o)
 .debug_abbrev  0x0000000000001f3a      0x282 g:/pi/gcc_linaro_7_1/bin/../aarch64-elf/libc/usr/lib\libc.a(lib_a-strtold.o)
 .debug_abbrev  0x00000000000021bc      0x2f8 g:/pi/gcc_linaro_7_1/bin/../aarch64-elf/libc/usr/lib\libc.a(lib_a-strtoll.o)
 .debug_abbrev  0x00000000000024b4      0x2cb g:/pi/gcc_linaro_7_1/bin/../aarch64-elf/libc/usr/lib\libc.a(lib_a-strtorx.o)
 .debug_abbrev  0x000000000000277f      0x2dc g:/pi/gcc_linaro_7_1/bin/../aarch64-elf/libc/usr/lib\libc.a(lib_a-strtoul.o)
 .debug_abbrev  0x0000000000002a5b      0x2f8 g:/pi/gcc_linaro_7_1/bin/../aarch64-elf/libc/usr/lib\libc.a(lib_a-strtoull.o)
 .debug_abbrev  0x0000000000002d53      0x1db g:/pi/gcc_linaro_7_1/bin/../aarch64-elf/libc/usr/lib\libc.a(lib_a-wcscpy.o)
 .debug_abbrev  0x0000000000002f2e      0x254 g:/pi/gcc_linaro_7_1/bin/../aarch64-elf/libc/usr/lib\libc.a(lib_a-wctob.o)
 .debug_abbrev  0x0000000000003182      0x28c g:/pi/gcc_linaro_7_1/bin/../aarch64-elf/libc/usr/lib\libc.a(lib_a-wctomb_r.o)
 .debug_abbrev  0x000000000000340e      0x1f5 g:/pi/gcc_linaro_7_1/bin/../aarch64-elf/libc/usr/lib\libc.a(lib_a-ctype_.o)
 .debug_abbrev  0x0000000000003603      0x29e g:/pi/gcc_linaro_7_1/bin/../aarch64-elf/libc/usr/lib\libc.a(lib_a-freer.o)
 .debug_abbrev  0x00000000000038a1      0x347 g:/pi/gcc_linaro_7_1/bin/../aarch64-elf/libc/usr/lib\libc.a(lib_a-gdtoa-gethex.o)
 .debug_abbrev  0x0000000000003be8      0x2d8 g:/pi/gcc_linaro_7_1/bin/../aarch64-elf/libc/usr/lib\libc.a(lib_a-gdtoa-hexnan.o)
 .debug_abbrev  0x0000000000003ec0      0x227 g:/pi/gcc_linaro_7_1/bin/../aarch64-elf/libc/usr/lib\libc.a(lib_a-getenv_r.o)
 .debug_abbrev  0x00000000000040e7      0x19f g:/pi/gcc_linaro_7_1/bin/../aarch64-elf/libc/usr/lib\libc.a(lib_a-impure.o)
 .debug_abbrev  0x0000000000004286      0x262 g:/pi/gcc_linaro_7_1/bin/../aarch64-elf/libc/usr/lib\libc.a(lib_a-localeconv.o)
 .debug_abbrev  0x00000000000044e8      0x2da g:/pi/gcc_linaro_7_1/bin/../aarch64-elf/libc/usr/lib\libc.a(lib_a-mallocr.o)
 .debug_abbrev  0x00000000000047c2       0x14 g:/pi/gcc_linaro_7_1/bin/../aarch64-elf/libc/usr/lib\libc.a(lib_a-memcpy.o)
 .debug_abbrev  0x00000000000047d6      0x1e0 g:/pi/gcc_linaro_7_1/bin/../aarch64-elf/libc/usr/lib\libc.a(lib_a-mlock.o)
 .debug_abbrev  0x00000000000049b6      0x3c3 g:/pi/gcc_linaro_7_1/bin/../aarch64-elf/libc/usr/lib\libc.a(lib_a-mprec.o)
 .debug_abbrev  0x0000000000004d79      0x222 g:/pi/gcc_linaro_7_1/bin/../aarch64-elf/libc/usr/lib\libc.a(lib_a-sbrkr.o)
 .debug_abbrev  0x0000000000004f9b      0x1e8 g:/pi/gcc_linaro_7_1/bin/../aarch64-elf/libc/usr/lib\libc.a(lib_a-sf_nan.o)
 .debug_abbrev  0x0000000000005183      0x46f g:/pi/gcc_linaro_7_1/bin/../aarch64-elf/libc/usr/lib\libc.a(lib_a-strtodg.o)
 .debug_abbrev  0x00000000000055f2      0x24d g:/pi/gcc_linaro_7_1/bin/../aarch64-elf/libc/usr/lib\libc.a(lib_a-callocr.o)
 .debug_abbrev  0x000000000000583f       0x56 g:/pi/gcc_linaro_7_1/bin/../aarch64-elf/libc/usr/lib\libc.a(lib_a-environ.o)
 .debug_abbrev  0x0000000000005895      0x1e4 g:/pi/gcc_linaro_7_1/bin/../aarch64-elf/libc/usr/lib\libc.a(lib_a-envlock.o)

.debug_loc      0x0000000000000000    0x19493
 .debug_loc     0x0000000000000000     0x11a0 g:/pi/gcc_linaro_7_1/bin/../aarch64-elf/libc/usr/lib\libc.a(lib_a-locale.o)
 .debug_loc     0x00000000000011a0       0xe4 g:/pi/gcc_linaro_7_1/bin/../aarch64-elf/libc/usr/lib\libc.a(lib_a-mbstowcs.o)
 .debug_loc     0x0000000000001284      0x32c g:/pi/gcc_linaro_7_1/bin/../aarch64-elf/libc/usr/lib\libc.a(lib_a-mbstowcs_r.o)
 .debug_loc     0x00000000000015b0     0x142f g:/pi/gcc_linaro_7_1/bin/../aarch64-elf/libc/usr/lib\libc.a(lib_a-mbtowc_r.o)
 .debug_loc     0x00000000000029df      0x283 g:/pi/gcc_linaro_7_1/bin/../aarch64-elf/libc/usr/lib\libc.a(lib_a-reent.o)
 .debug_loc     0x0000000000002c62      0x20d g:/pi/gcc_linaro_7_1/bin/../aarch64-elf/libc/usr/lib\libc.a(lib_a-strcasecmp.o)
 .debug_loc     0x0000000000002e6f      0x118 g:/pi/gcc_linaro_7_1/bin/../aarch64-elf/libc/usr/lib\libc.a(lib_a-strcat.o)
 .debug_loc     0x0000000000002f87      0x1de g:/pi/gcc_linaro_7_1/bin/../aarch64-elf/libc/usr/lib\libc.a(lib_a-strlcpy.o)
 .debug_loc     0x0000000000003165      0x2bf g:/pi/gcc_linaro_7_1/bin/../aarch64-elf/libc/usr/lib\libc.a(lib_a-strncasecmp.o)
 .debug_loc     0x0000000000003424      0x300 g:/pi/gcc_linaro_7_1/bin/../aarch64-elf/libc/usr/lib\libc.a(lib_a-strncpy.o)
 .debug_loc     0x0000000000003724     0x3f75 g:/pi/gcc_linaro_7_1/bin/../aarch64-elf/libc/usr/lib\libc.a(lib_a-strtod.o)
 .debug_loc     0x0000000000007699      0x977 g:/pi/gcc_linaro_7_1/bin/../aarch64-elf/libc/usr/lib\libc.a(lib_a-strtol.o)
 .debug_loc     0x0000000000008010      0x227 g:/pi/gcc_linaro_7_1/bin/../aarch64-elf/libc/usr/lib\libc.a(lib_a-strtold.o)
 .debug_loc     0x0000000000008237      0x977 g:/pi/gcc_linaro_7_1/bin/../aarch64-elf/libc/usr/lib\libc.a(lib_a-strtoll.o)
 .debug_loc     0x0000000000008bae      0x3d2 g:/pi/gcc_linaro_7_1/bin/../aarch64-elf/libc/usr/lib\libc.a(lib_a-strtorx.o)
 .debug_loc     0x0000000000008f80      0x88e g:/pi/gcc_linaro_7_1/bin/../aarch64-elf/libc/usr/lib\libc.a(lib_a-strtoul.o)
 .debug_loc     0x000000000000980e      0x88e g:/pi/gcc_linaro_7_1/bin/../aarch64-elf/libc/usr/lib\libc.a(lib_a-strtoull.o)
 .debug_loc     0x000000000000a09c       0xa7 g:/pi/gcc_linaro_7_1/bin/../aarch64-elf/libc/usr/lib\libc.a(lib_a-wcscpy.o)
 .debug_loc     0x000000000000a143       0xbe g:/pi/gcc_linaro_7_1/bin/../aarch64-elf/libc/usr/lib\libc.a(lib_a-wctob.o)
 .debug_loc     0x000000000000a201      0xb0a g:/pi/gcc_linaro_7_1/bin/../aarch64-elf/libc/usr/lib\libc.a(lib_a-wctomb_r.o)
 .debug_loc     0x000000000000ad0b       0x39 g:/pi/gcc_linaro_7_1/bin/../aarch64-elf/libc/usr/lib\libc.a(lib_a-ctype_.o)
 .debug_loc     0x000000000000ad44      0x9ea g:/pi/gcc_linaro_7_1/bin/../aarch64-elf/libc/usr/lib\libc.a(lib_a-freer.o)
 .debug_loc     0x000000000000b72e     0x1c16 g:/pi/gcc_linaro_7_1/bin/../aarch64-elf/libc/usr/lib\libc.a(lib_a-gdtoa-gethex.o)
 .debug_loc     0x000000000000d344      0x92d g:/pi/gcc_linaro_7_1/bin/../aarch64-elf/libc/usr/lib\libc.a(lib_a-gdtoa-hexnan.o)
 .debug_loc     0x000000000000dc71      0x30f g:/pi/gcc_linaro_7_1/bin/../aarch64-elf/libc/usr/lib\libc.a(lib_a-getenv_r.o)
 .debug_loc     0x000000000000df80       0xab g:/pi/gcc_linaro_7_1/bin/../aarch64-elf/libc/usr/lib\libc.a(lib_a-localeconv.o)
 .debug_loc     0x000000000000e02b     0x16ed g:/pi/gcc_linaro_7_1/bin/../aarch64-elf/libc/usr/lib\libc.a(lib_a-mallocr.o)
 .debug_loc     0x000000000000f718     0x2f83 g:/pi/gcc_linaro_7_1/bin/../aarch64-elf/libc/usr/lib\libc.a(lib_a-mprec.o)
 .debug_loc     0x000000000001269b       0xae g:/pi/gcc_linaro_7_1/bin/../aarch64-elf/libc/usr/lib\libc.a(lib_a-sbrkr.o)
 .debug_loc     0x0000000000012749     0x6a27 g:/pi/gcc_linaro_7_1/bin/../aarch64-elf/libc/usr/lib\libc.a(lib_a-strtodg.o)
 .debug_loc     0x0000000000019170      0x323 g:/pi/gcc_linaro_7_1/bin/../aarch64-elf/libc/usr/lib\libc.a(lib_a-callocr.o)

.debug_aranges  0x0000000000000000      0x800
 .debug_aranges
                0x0000000000000000       0x30 g:/pi/gcc_linaro_7_1/bin/../aarch64-elf/libc/usr/lib\libc.a(lib_a-locale.o)
 .debug_aranges
                0x0000000000000030       0x30 g:/pi/gcc_linaro_7_1/bin/../aarch64-elf/libc/usr/lib\libc.a(lib_a-mbstowcs.o)
 .debug_aranges
                0x0000000000000060       0x30 g:/pi/gcc_linaro_7_1/bin/../aarch64-elf/libc/usr/lib\libc.a(lib_a-mbstowcs_r.o)
 .debug_aranges
                0x0000000000000090       0x30 g:/pi/gcc_linaro_7_1/bin/../aarch64-elf/libc/usr/lib\libc.a(lib_a-mbtowc_r.o)
 .debug_aranges
                0x00000000000000c0       0x30 g:/pi/gcc_linaro_7_1/bin/../aarch64-elf/libc/usr/lib\libc.a(lib_a-memset.o)
 .debug_aranges
                0x00000000000000f0       0x30 g:/pi/gcc_linaro_7_1/bin/../aarch64-elf/libc/usr/lib\libc.a(lib_a-reent.o)
 .debug_aranges
                0x0000000000000120       0x30 g:/pi/gcc_linaro_7_1/bin/../aarch64-elf/libc/usr/lib\libc.a(lib_a-strcasecmp.o)
 .debug_aranges
                0x0000000000000150       0x30 g:/pi/gcc_linaro_7_1/bin/../aarch64-elf/libc/usr/lib\libc.a(lib_a-strcat.o)
 .debug_aranges
                0x0000000000000180       0x30 g:/pi/gcc_linaro_7_1/bin/../aarch64-elf/libc/usr/lib\libc.a(lib_a-strchr.o)
 .debug_aranges
                0x00000000000001b0       0x30 g:/pi/gcc_linaro_7_1/bin/../aarch64-elf/libc/usr/lib\libc.a(lib_a-strcmp.o)
 .debug_aranges
                0x00000000000001e0       0x30 g:/pi/gcc_linaro_7_1/bin/../aarch64-elf/libc/usr/lib\libc.a(lib_a-strcpy.o)
 .debug_aranges
                0x0000000000000210       0x30 g:/pi/gcc_linaro_7_1/bin/../aarch64-elf/libc/usr/lib\libc.a(lib_a-strlcpy.o)
 .debug_aranges
                0x0000000000000240       0x30 g:/pi/gcc_linaro_7_1/bin/../aarch64-elf/libc/usr/lib\libc.a(lib_a-strlen.o)
 .debug_aranges
                0x0000000000000270       0x30 g:/pi/gcc_linaro_7_1/bin/../aarch64-elf/libc/usr/lib\libc.a(lib_a-strncasecmp.o)
 .debug_aranges
                0x00000000000002a0       0x30 g:/pi/gcc_linaro_7_1/bin/../aarch64-elf/libc/usr/lib\libc.a(lib_a-strncmp.o)
 .debug_aranges
                0x00000000000002d0       0x30 g:/pi/gcc_linaro_7_1/bin/../aarch64-elf/libc/usr/lib\libc.a(lib_a-strncpy.o)
 .debug_aranges
                0x0000000000000300       0x40 g:/pi/gcc_linaro_7_1/bin/../aarch64-elf/libc/usr/lib\libc.a(lib_a-strtod.o)
 .debug_aranges
                0x0000000000000340       0x30 g:/pi/gcc_linaro_7_1/bin/../aarch64-elf/libc/usr/lib\libc.a(lib_a-strtol.o)
 .debug_aranges
                0x0000000000000370       0x30 g:/pi/gcc_linaro_7_1/bin/../aarch64-elf/libc/usr/lib\libc.a(lib_a-strtold.o)
 .debug_aranges
                0x00000000000003a0       0x30 g:/pi/gcc_linaro_7_1/bin/../aarch64-elf/libc/usr/lib\libc.a(lib_a-strtoll.o)
 .debug_aranges
                0x00000000000003d0       0x30 g:/pi/gcc_linaro_7_1/bin/../aarch64-elf/libc/usr/lib\libc.a(lib_a-strtorx.o)
 .debug_aranges
                0x0000000000000400       0x30 g:/pi/gcc_linaro_7_1/bin/../aarch64-elf/libc/usr/lib\libc.a(lib_a-strtoul.o)
 .debug_aranges
                0x0000000000000430       0x30 g:/pi/gcc_linaro_7_1/bin/../aarch64-elf/libc/usr/lib\libc.a(lib_a-strtoull.o)
 .debug_aranges
                0x0000000000000460       0x30 g:/pi/gcc_linaro_7_1/bin/../aarch64-elf/libc/usr/lib\libc.a(lib_a-wcscpy.o)
 .debug_aranges
                0x0000000000000490       0x30 g:/pi/gcc_linaro_7_1/bin/../aarch64-elf/libc/usr/lib\libc.a(lib_a-wctob.o)
 .debug_aranges
                0x00000000000004c0       0x30 g:/pi/gcc_linaro_7_1/bin/../aarch64-elf/libc/usr/lib\libc.a(lib_a-wctomb_r.o)
 .debug_aranges
                0x00000000000004f0       0x30 g:/pi/gcc_linaro_7_1/bin/../aarch64-elf/libc/usr/lib\libc.a(lib_a-ctype_.o)
 .debug_aranges
                0x0000000000000520       0x30 g:/pi/gcc_linaro_7_1/bin/../aarch64-elf/libc/usr/lib\libc.a(lib_a-freer.o)
 .debug_aranges
                0x0000000000000550       0x30 g:/pi/gcc_linaro_7_1/bin/../aarch64-elf/libc/usr/lib\libc.a(lib_a-gdtoa-gethex.o)
 .debug_aranges
                0x0000000000000580       0x30 g:/pi/gcc_linaro_7_1/bin/../aarch64-elf/libc/usr/lib\libc.a(lib_a-gdtoa-hexnan.o)
 .debug_aranges
                0x00000000000005b0       0x30 g:/pi/gcc_linaro_7_1/bin/../aarch64-elf/libc/usr/lib\libc.a(lib_a-getenv_r.o)
 .debug_aranges
                0x00000000000005e0       0x20 g:/pi/gcc_linaro_7_1/bin/../aarch64-elf/libc/usr/lib\libc.a(lib_a-impure.o)
 .debug_aranges
                0x0000000000000600       0x30 g:/pi/gcc_linaro_7_1/bin/../aarch64-elf/libc/usr/lib\libc.a(lib_a-localeconv.o)
 .debug_aranges
                0x0000000000000630       0x30 g:/pi/gcc_linaro_7_1/bin/../aarch64-elf/libc/usr/lib\libc.a(lib_a-mallocr.o)
 .debug_aranges
                0x0000000000000660       0x30 g:/pi/gcc_linaro_7_1/bin/../aarch64-elf/libc/usr/lib\libc.a(lib_a-memcpy.o)
 .debug_aranges
                0x0000000000000690       0x30 g:/pi/gcc_linaro_7_1/bin/../aarch64-elf/libc/usr/lib\libc.a(lib_a-mlock.o)
 .debug_aranges
                0x00000000000006c0       0x30 g:/pi/gcc_linaro_7_1/bin/../aarch64-elf/libc/usr/lib\libc.a(lib_a-mprec.o)
 .debug_aranges
                0x00000000000006f0       0x30 g:/pi/gcc_linaro_7_1/bin/../aarch64-elf/libc/usr/lib\libc.a(lib_a-sbrkr.o)
 .debug_aranges
                0x0000000000000720       0x30 g:/pi/gcc_linaro_7_1/bin/../aarch64-elf/libc/usr/lib\libc.a(lib_a-sf_nan.o)
 .debug_aranges
                0x0000000000000750       0x30 g:/pi/gcc_linaro_7_1/bin/../aarch64-elf/libc/usr/lib\libc.a(lib_a-strtodg.o)
 .debug_aranges
                0x0000000000000780       0x30 g:/pi/gcc_linaro_7_1/bin/../aarch64-elf/libc/usr/lib\libc.a(lib_a-callocr.o)
 .debug_aranges
                0x00000000000007b0       0x20 g:/pi/gcc_linaro_7_1/bin/../aarch64-elf/libc/usr/lib\libc.a(lib_a-environ.o)
 .debug_aranges
                0x00000000000007d0       0x30 g:/pi/gcc_linaro_7_1/bin/../aarch64-elf/libc/usr/lib\libc.a(lib_a-envlock.o)

.debug_ranges   0x0000000000000000      0x8d0
 .debug_ranges  0x0000000000000000       0xa0 g:/pi/gcc_linaro_7_1/bin/../aarch64-elf/libc/usr/lib\libc.a(lib_a-locale.o)
 .debug_ranges  0x00000000000000a0       0x30 g:/pi/gcc_linaro_7_1/bin/../aarch64-elf/libc/usr/lib\libc.a(lib_a-mbstowcs_r.o)
 .debug_ranges  0x00000000000000d0       0x80 g:/pi/gcc_linaro_7_1/bin/../aarch64-elf/libc/usr/lib\libc.a(lib_a-mbtowc_r.o)
 .debug_ranges  0x0000000000000150       0xa0 g:/pi/gcc_linaro_7_1/bin/../aarch64-elf/libc/usr/lib\libc.a(lib_a-strcasecmp.o)
 .debug_ranges  0x00000000000001f0       0x90 g:/pi/gcc_linaro_7_1/bin/../aarch64-elf/libc/usr/lib\libc.a(lib_a-strncasecmp.o)
 .debug_ranges  0x0000000000000280      0x1b0 g:/pi/gcc_linaro_7_1/bin/../aarch64-elf/libc/usr/lib\libc.a(lib_a-strtod.o)
 .debug_ranges  0x0000000000000430       0x30 g:/pi/gcc_linaro_7_1/bin/../aarch64-elf/libc/usr/lib\libc.a(lib_a-strtol.o)
 .debug_ranges  0x0000000000000460       0x70 g:/pi/gcc_linaro_7_1/bin/../aarch64-elf/libc/usr/lib\libc.a(lib_a-strtold.o)
 .debug_ranges  0x00000000000004d0       0x30 g:/pi/gcc_linaro_7_1/bin/../aarch64-elf/libc/usr/lib\libc.a(lib_a-strtoll.o)
 .debug_ranges  0x0000000000000500       0x30 g:/pi/gcc_linaro_7_1/bin/../aarch64-elf/libc/usr/lib\libc.a(lib_a-strtoul.o)
 .debug_ranges  0x0000000000000530       0x30 g:/pi/gcc_linaro_7_1/bin/../aarch64-elf/libc/usr/lib\libc.a(lib_a-strtoull.o)
 .debug_ranges  0x0000000000000560       0x30 g:/pi/gcc_linaro_7_1/bin/../aarch64-elf/libc/usr/lib\libc.a(lib_a-wctob.o)
 .debug_ranges  0x0000000000000590       0x40 g:/pi/gcc_linaro_7_1/bin/../aarch64-elf/libc/usr/lib\libc.a(lib_a-gdtoa-gethex.o)
 .debug_ranges  0x00000000000005d0       0x40 g:/pi/gcc_linaro_7_1/bin/../aarch64-elf/libc/usr/lib\libc.a(lib_a-gdtoa-hexnan.o)
 .debug_ranges  0x0000000000000610       0x70 g:/pi/gcc_linaro_7_1/bin/../aarch64-elf/libc/usr/lib\libc.a(lib_a-mallocr.o)
 .debug_ranges  0x0000000000000680      0x110 g:/pi/gcc_linaro_7_1/bin/../aarch64-elf/libc/usr/lib\libc.a(lib_a-mprec.o)
 .debug_ranges  0x0000000000000790      0x110 g:/pi/gcc_linaro_7_1/bin/../aarch64-elf/libc/usr/lib\libc.a(lib_a-strtodg.o)
 .debug_ranges  0x00000000000008a0       0x30 g:/pi/gcc_linaro_7_1/bin/../aarch64-elf/libc/usr/lib\libc.a(lib_a-callocr.o)

.debug_line     0x0000000000000000     0xa8d1
 .debug_line    0x0000000000000000      0x672 g:/pi/gcc_linaro_7_1/bin/../aarch64-elf/libc/usr/lib\libc.a(lib_a-locale.o)
 .debug_line    0x0000000000000672      0x343 g:/pi/gcc_linaro_7_1/bin/../aarch64-elf/libc/usr/lib\libc.a(lib_a-mbstowcs.o)
 .debug_line    0x00000000000009b5      0x445 g:/pi/gcc_linaro_7_1/bin/../aarch64-elf/libc/usr/lib\libc.a(lib_a-mbstowcs_r.o)
 .debug_line    0x0000000000000dfa      0x5f8 g:/pi/gcc_linaro_7_1/bin/../aarch64-elf/libc/usr/lib\libc.a(lib_a-mbtowc_r.o)
 .debug_line    0x00000000000013f2      0x15e g:/pi/gcc_linaro_7_1/bin/../aarch64-elf/libc/usr/lib\libc.a(lib_a-memset.o)
 .debug_line    0x0000000000001550      0x365 g:/pi/gcc_linaro_7_1/bin/../aarch64-elf/libc/usr/lib\libc.a(lib_a-reent.o)
 .debug_line    0x00000000000018b5      0x358 g:/pi/gcc_linaro_7_1/bin/../aarch64-elf/libc/usr/lib\libc.a(lib_a-strcasecmp.o)
 .debug_line    0x0000000000001c0d      0x33c g:/pi/gcc_linaro_7_1/bin/../aarch64-elf/libc/usr/lib\libc.a(lib_a-strcat.o)
 .debug_line    0x0000000000001f49      0x121 g:/pi/gcc_linaro_7_1/bin/../aarch64-elf/libc/usr/lib\libc.a(lib_a-strchr.o)
 .debug_line    0x000000000000206a      0x115 g:/pi/gcc_linaro_7_1/bin/../aarch64-elf/libc/usr/lib\libc.a(lib_a-strcmp.o)
 .debug_line    0x000000000000217f      0x153 g:/pi/gcc_linaro_7_1/bin/../aarch64-elf/libc/usr/lib\libc.a(lib_a-strcpy.o)
 .debug_line    0x00000000000022d2      0x346 g:/pi/gcc_linaro_7_1/bin/../aarch64-elf/libc/usr/lib\libc.a(lib_a-strlcpy.o)
 .debug_line    0x0000000000002618      0x13e g:/pi/gcc_linaro_7_1/bin/../aarch64-elf/libc/usr/lib\libc.a(lib_a-strlen.o)
 .debug_line    0x0000000000002756      0x366 g:/pi/gcc_linaro_7_1/bin/../aarch64-elf/libc/usr/lib\libc.a(lib_a-strncasecmp.o)
 .debug_line    0x0000000000002abc      0x12f g:/pi/gcc_linaro_7_1/bin/../aarch64-elf/libc/usr/lib\libc.a(lib_a-strncmp.o)
 .debug_line    0x0000000000002beb      0x351 g:/pi/gcc_linaro_7_1/bin/../aarch64-elf/libc/usr/lib\libc.a(lib_a-strncpy.o)
 .debug_line    0x0000000000002f3c      0x94f g:/pi/gcc_linaro_7_1/bin/../aarch64-elf/libc/usr/lib\libc.a(lib_a-strtod.o)
 .debug_line    0x000000000000388b      0x495 g:/pi/gcc_linaro_7_1/bin/../aarch64-elf/libc/usr/lib\libc.a(lib_a-strtol.o)
 .debug_line    0x0000000000003d20      0x488 g:/pi/gcc_linaro_7_1/bin/../aarch64-elf/libc/usr/lib\libc.a(lib_a-strtold.o)
 .debug_line    0x00000000000041a8      0x496 g:/pi/gcc_linaro_7_1/bin/../aarch64-elf/libc/usr/lib\libc.a(lib_a-strtoll.o)
 .debug_line    0x000000000000463e      0x537 g:/pi/gcc_linaro_7_1/bin/../aarch64-elf/libc/usr/lib\libc.a(lib_a-strtorx.o)
 .debug_line    0x0000000000004b75      0x48c g:/pi/gcc_linaro_7_1/bin/../aarch64-elf/libc/usr/lib\libc.a(lib_a-strtoul.o)
 .debug_line    0x0000000000005001      0x48d g:/pi/gcc_linaro_7_1/bin/../aarch64-elf/libc/usr/lib\libc.a(lib_a-strtoull.o)
 .debug_line    0x000000000000548e      0x332 g:/pi/gcc_linaro_7_1/bin/../aarch64-elf/libc/usr/lib\libc.a(lib_a-wcscpy.o)
 .debug_line    0x00000000000057c0      0x44a g:/pi/gcc_linaro_7_1/bin/../aarch64-elf/libc/usr/lib\libc.a(lib_a-wctob.o)
 .debug_line    0x0000000000005c0a      0x4f4 g:/pi/gcc_linaro_7_1/bin/../aarch64-elf/libc/usr/lib\libc.a(lib_a-wctomb_r.o)
 .debug_line    0x00000000000060fe      0x40e g:/pi/gcc_linaro_7_1/bin/../aarch64-elf/libc/usr/lib\libc.a(lib_a-ctype_.o)
 .debug_line    0x000000000000650c      0x45f g:/pi/gcc_linaro_7_1/bin/../aarch64-elf/libc/usr/lib\libc.a(lib_a-freer.o)
 .debug_line    0x000000000000696b      0x695 g:/pi/gcc_linaro_7_1/bin/../aarch64-elf/libc/usr/lib\libc.a(lib_a-gdtoa-gethex.o)
 .debug_line    0x0000000000007000      0x4c3 g:/pi/gcc_linaro_7_1/bin/../aarch64-elf/libc/usr/lib\libc.a(lib_a-gdtoa-hexnan.o)
 .debug_line    0x00000000000074c3      0x378 g:/pi/gcc_linaro_7_1/bin/../aarch64-elf/libc/usr/lib\libc.a(lib_a-getenv_r.o)
 .debug_line    0x000000000000783b      0x265 g:/pi/gcc_linaro_7_1/bin/../aarch64-elf/libc/usr/lib\libc.a(lib_a-impure.o)
 .debug_line    0x0000000000007aa0      0x370 g:/pi/gcc_linaro_7_1/bin/../aarch64-elf/libc/usr/lib\libc.a(lib_a-localeconv.o)
 .debug_line    0x0000000000007e10      0x558 g:/pi/gcc_linaro_7_1/bin/../aarch64-elf/libc/usr/lib\libc.a(lib_a-mallocr.o)
 .debug_line    0x0000000000008368      0x144 g:/pi/gcc_linaro_7_1/bin/../aarch64-elf/libc/usr/lib\libc.a(lib_a-memcpy.o)
 .debug_line    0x00000000000084ac      0x279 g:/pi/gcc_linaro_7_1/bin/../aarch64-elf/libc/usr/lib\libc.a(lib_a-mlock.o)
 .debug_line    0x0000000000008725      0x8ee g:/pi/gcc_linaro_7_1/bin/../aarch64-elf/libc/usr/lib\libc.a(lib_a-mprec.o)
 .debug_line    0x0000000000009013      0x341 g:/pi/gcc_linaro_7_1/bin/../aarch64-elf/libc/usr/lib\libc.a(lib_a-sbrkr.o)
 .debug_line    0x0000000000009354      0x32a g:/pi/gcc_linaro_7_1/bin/../aarch64-elf/libc/usr/lib\libc.a(lib_a-sf_nan.o)
 .debug_line    0x000000000000967e      0xb8e g:/pi/gcc_linaro_7_1/bin/../aarch64-elf/libc/usr/lib\libc.a(lib_a-strtodg.o)
 .debug_line    0x000000000000a20c      0x2c8 g:/pi/gcc_linaro_7_1/bin/../aarch64-elf/libc/usr/lib\libc.a(lib_a-callocr.o)
 .debug_line    0x000000000000a4d4       0xcf g:/pi/gcc_linaro_7_1/bin/../aarch64-elf/libc/usr/lib\libc.a(lib_a-environ.o)
 .debug_line    0x000000000000a5a3      0x32e g:/pi/gcc_linaro_7_1/bin/../aarch64-elf/libc/usr/lib\libc.a(lib_a-envlock.o)

.debug_str      0x0000000000000000     0x300e
 .debug_str     0x0000000000000000      0xa3a g:/pi/gcc_linaro_7_1/bin/../aarch64-elf/libc/usr/lib\libc.a(lib_a-locale.o)
                                        0xb94 (size before relaxing)
 .debug_str     0x0000000000000a3a      0x19c g:/pi/gcc_linaro_7_1/bin/../aarch64-elf/libc/usr/lib\libc.a(lib_a-mbstowcs.o)
                                        0x68e (size before relaxing)
 .debug_str     0x0000000000000bd6       0xb8 g:/pi/gcc_linaro_7_1/bin/../aarch64-elf/libc/usr/lib\libc.a(lib_a-mbstowcs_r.o)
                                        0x9ed (size before relaxing)
 .debug_str     0x0000000000000c8e      0x25a g:/pi/gcc_linaro_7_1/bin/../aarch64-elf/libc/usr/lib\libc.a(lib_a-mbtowc_r.o)
                                        0xb2c (size before relaxing)
 .debug_str     0x0000000000000ee8      0x1b1 g:/pi/gcc_linaro_7_1/bin/../aarch64-elf/libc/usr/lib\libc.a(lib_a-reent.o)
                                        0x68f (size before relaxing)
 .debug_str     0x0000000000001099      0x184 g:/pi/gcc_linaro_7_1/bin/../aarch64-elf/libc/usr/lib\libc.a(lib_a-strcasecmp.o)
                                        0x673 (size before relaxing)
 .debug_str     0x000000000000121d       0xb9 g:/pi/gcc_linaro_7_1/bin/../aarch64-elf/libc/usr/lib\libc.a(lib_a-strcat.o)
                                        0x662 (size before relaxing)
 .debug_str     0x00000000000012d6       0xaf g:/pi/gcc_linaro_7_1/bin/../aarch64-elf/libc/usr/lib\libc.a(lib_a-strlcpy.o)
                                        0x659 (size before relaxing)
 .debug_str     0x0000000000001385       0xb3 g:/pi/gcc_linaro_7_1/bin/../aarch64-elf/libc/usr/lib\libc.a(lib_a-strncasecmp.o)
                                        0x67c (size before relaxing)
 .debug_str     0x0000000000001438       0xd1 g:/pi/gcc_linaro_7_1/bin/../aarch64-elf/libc/usr/lib\libc.a(lib_a-strncpy.o)
                                        0x681 (size before relaxing)
 .debug_str     0x0000000000001509      0x3ad g:/pi/gcc_linaro_7_1/bin/../aarch64-elf/libc/usr/lib\libc.a(lib_a-strtod.o)
                                        0xcf4 (size before relaxing)
 .debug_str     0x00000000000018b6       0xdc g:/pi/gcc_linaro_7_1/bin/../aarch64-elf/libc/usr/lib\libc.a(lib_a-strtol.o)
                                        0xa23 (size before relaxing)
 .debug_str     0x0000000000001992       0xd7 g:/pi/gcc_linaro_7_1/bin/../aarch64-elf/libc/usr/lib\libc.a(lib_a-strtold.o)
                                        0xaa7 (size before relaxing)
 .debug_str     0x0000000000001a69       0xcd g:/pi/gcc_linaro_7_1/bin/../aarch64-elf/libc/usr/lib\libc.a(lib_a-strtoll.o)
                                        0xa28 (size before relaxing)
 .debug_str     0x0000000000001b36      0x119 g:/pi/gcc_linaro_7_1/bin/../aarch64-elf/libc/usr/lib\libc.a(lib_a-strtorx.o)
                                        0xba2 (size before relaxing)
 .debug_str     0x0000000000001c4f       0xcd g:/pi/gcc_linaro_7_1/bin/../aarch64-elf/libc/usr/lib\libc.a(lib_a-strtoul.o)
                                        0xa28 (size before relaxing)
 .debug_str     0x0000000000001d1c       0xd1 g:/pi/gcc_linaro_7_1/bin/../aarch64-elf/libc/usr/lib\libc.a(lib_a-strtoull.o)
                                        0xa2d (size before relaxing)
 .debug_str     0x0000000000001ded       0xb5 g:/pi/gcc_linaro_7_1/bin/../aarch64-elf/libc/usr/lib\libc.a(lib_a-wcscpy.o)
                                        0x658 (size before relaxing)
 .debug_str     0x0000000000001ea2       0xba g:/pi/gcc_linaro_7_1/bin/../aarch64-elf/libc/usr/lib\libc.a(lib_a-wctob.o)
                                        0x9ca (size before relaxing)
 .debug_str     0x0000000000001f5c      0x114 g:/pi/gcc_linaro_7_1/bin/../aarch64-elf/libc/usr/lib\libc.a(lib_a-wctomb_r.o)
                                        0xa41 (size before relaxing)
 .debug_str     0x0000000000002070      0x17e g:/pi/gcc_linaro_7_1/bin/../aarch64-elf/libc/usr/lib\libc.a(lib_a-ctype_.o)
                                        0x97f (size before relaxing)
 .debug_str     0x00000000000021ee      0x239 g:/pi/gcc_linaro_7_1/bin/../aarch64-elf/libc/usr/lib\libc.a(lib_a-freer.o)
                                        0x834 (size before relaxing)
 .debug_str     0x0000000000002427      0x11c g:/pi/gcc_linaro_7_1/bin/../aarch64-elf/libc/usr/lib\libc.a(lib_a-gdtoa-gethex.o)
                                        0xc2b (size before relaxing)
 .debug_str     0x0000000000002543       0xbc g:/pi/gcc_linaro_7_1/bin/../aarch64-elf/libc/usr/lib\libc.a(lib_a-gdtoa-hexnan.o)
                                        0xb36 (size before relaxing)
 .debug_str     0x00000000000025ff       0xe2 g:/pi/gcc_linaro_7_1/bin/../aarch64-elf/libc/usr/lib\libc.a(lib_a-getenv_r.o)
                                        0x6b2 (size before relaxing)
 .debug_str     0x00000000000026e1       0xb9 g:/pi/gcc_linaro_7_1/bin/../aarch64-elf/libc/usr/lib\libc.a(lib_a-impure.o)
                                        0x653 (size before relaxing)
 .debug_str     0x000000000000279a       0xda g:/pi/gcc_linaro_7_1/bin/../aarch64-elf/libc/usr/lib\libc.a(lib_a-localeconv.o)
                                        0x9f0 (size before relaxing)
 .debug_str     0x0000000000002874       0xba g:/pi/gcc_linaro_7_1/bin/../aarch64-elf/libc/usr/lib\libc.a(lib_a-mallocr.o)
                                        0x8bb (size before relaxing)
 .debug_str     0x000000000000292e       0xc2 g:/pi/gcc_linaro_7_1/bin/../aarch64-elf/libc/usr/lib\libc.a(lib_a-mlock.o)
                                        0x67b (size before relaxing)
 .debug_str     0x00000000000029f0      0x103 g:/pi/gcc_linaro_7_1/bin/../aarch64-elf/libc/usr/lib\libc.a(lib_a-mprec.o)
                                        0xb02 (size before relaxing)
 .debug_str     0x0000000000002af3       0xc1 g:/pi/gcc_linaro_7_1/bin/../aarch64-elf/libc/usr/lib\libc.a(lib_a-sbrkr.o)
                                        0x696 (size before relaxing)
 .debug_str     0x0000000000002bb4      0x180 g:/pi/gcc_linaro_7_1/bin/../aarch64-elf/libc/usr/lib\libc.a(lib_a-sf_nan.o)
                                        0x6bd (size before relaxing)
 .debug_str     0x0000000000002d34      0x14f g:/pi/gcc_linaro_7_1/bin/../aarch64-elf/libc/usr/lib\libc.a(lib_a-strtodg.o)
                                        0xd5b (size before relaxing)
 .debug_str     0x0000000000002e83        0xf g:/pi/gcc_linaro_7_1/bin/../aarch64-elf/libc/usr/lib\libc.a(lib_a-callocr.o)
                                        0x7df (size before relaxing)
 .debug_str     0x0000000000002e92       0xbb g:/pi/gcc_linaro_7_1/bin/../aarch64-elf/libc/usr/lib\libc.a(lib_a-environ.o)
                                        0x201 (size before relaxing)
 .debug_str     0x0000000000002f4d       0xc1 g:/pi/gcc_linaro_7_1/bin/../aarch64-elf/libc/usr/lib\libc.a(lib_a-envlock.o)
                                        0x674 (size before relaxing)
