Archive member included to satisfy reference by file (symbol)

g:/pi/gcc_pi_6_3/bin/../lib/gcc/arm-none-eabi/6.3.1/../../../../arm-none-eabi/lib/hard\libc.a(lib_a-locale.o)
                              C:\Users\ldebo\AppData\Local\Temp\ccdnWPjb.o (__locale_ctype_ptr)
g:/pi/gcc_pi_6_3/bin/../lib/gcc/arm-none-eabi/6.3.1/../../../../arm-none-eabi/lib/hard\libc.a(lib_a-mbstowcs.o)
                              C:\Users\ldebo\AppData\Local\Temp\ccdnWPjb.o (mbstowcs)
g:/pi/gcc_pi_6_3/bin/../lib/gcc/arm-none-eabi/6.3.1/../../../../arm-none-eabi/lib/hard\libc.a(lib_a-mbtowc_r.o)
                              g:/pi/gcc_pi_6_3/bin/../lib/gcc/arm-none-eabi/6.3.1/../../../../arm-none-eabi/lib/hard\libc.a(lib_a-locale.o) (__ascii_mbtowc)
g:/pi/gcc_pi_6_3/bin/../lib/gcc/arm-none-eabi/6.3.1/../../../../arm-none-eabi/lib/hard\libc.a(lib_a-memcpy-stub.o)
                              C:\Users\ldebo\AppData\Local\Temp\ccVEucuD.o (memcpy)
g:/pi/gcc_pi_6_3/bin/../lib/gcc/arm-none-eabi/6.3.1/../../../../arm-none-eabi/lib/hard\libc.a(lib_a-memset.o)
                              C:\Users\ldebo\AppData\Local\Temp\ccdmkDIc.o (memset)
g:/pi/gcc_pi_6_3/bin/../lib/gcc/arm-none-eabi/6.3.1/../../../../arm-none-eabi/lib/hard\libc.a(lib_a-strchr.o)
                              C:\Users\ldebo\AppData\Local\Temp\ccdnWPjb.o (strchr)
g:/pi/gcc_pi_6_3/bin/../lib/gcc/arm-none-eabi/6.3.1/../../../../arm-none-eabi/lib/hard\libc.a(lib_a-strcmp.o)
                              g:/pi/gcc_pi_6_3/bin/../lib/gcc/arm-none-eabi/6.3.1/../../../../arm-none-eabi/lib/hard\libc.a(lib_a-locale.o) (strcmp)
g:/pi/gcc_pi_6_3/bin/../lib/gcc/arm-none-eabi/6.3.1/../../../../arm-none-eabi/lib/hard\libc.a(lib_a-strcpy.o)
                              C:\Users\ldebo\AppData\Local\Temp\ccdnWPjb.o (strcpy)
g:/pi/gcc_pi_6_3/bin/../lib/gcc/arm-none-eabi/6.3.1/../../../../arm-none-eabi/lib/hard\libc.a(lib_a-strlen-stub.o)
                              C:\Users\ldebo\AppData\Local\Temp\ccVEucuD.o (strlen)
g:/pi/gcc_pi_6_3/bin/../lib/gcc/arm-none-eabi/6.3.1/../../../../arm-none-eabi/lib/hard\libc.a(lib_a-strncpy.o)
                              C:\Users\ldebo\AppData\Local\Temp\ccdnWPjb.o (strncpy)
g:/pi/gcc_pi_6_3/bin/../lib/gcc/arm-none-eabi/6.3.1/../../../../arm-none-eabi/lib/hard\libc.a(lib_a-strtod.o)
                              C:\Users\ldebo\AppData\Local\Temp\ccdnWPjb.o (strtod)
g:/pi/gcc_pi_6_3/bin/../lib/gcc/arm-none-eabi/6.3.1/../../../../arm-none-eabi/lib/hard\libc.a(lib_a-strtol.o)
                              C:\Users\ldebo\AppData\Local\Temp\ccdnWPjb.o (strtol)
g:/pi/gcc_pi_6_3/bin/../lib/gcc/arm-none-eabi/6.3.1/../../../../arm-none-eabi/lib/hard\libc.a(lib_a-strtold.o)
                              C:\Users\ldebo\AppData\Local\Temp\ccdnWPjb.o (strtold)
g:/pi/gcc_pi_6_3/bin/../lib/gcc/arm-none-eabi/6.3.1/../../../../arm-none-eabi/lib/hard\libc.a(lib_a-strtoll.o)
                              C:\Users\ldebo\AppData\Local\Temp\ccdnWPjb.o (strtoll)
g:/pi/gcc_pi_6_3/bin/../lib/gcc/arm-none-eabi/6.3.1/../../../../arm-none-eabi/lib/hard\libc.a(lib_a-strtoul.o)
                              C:\Users\ldebo\AppData\Local\Temp\ccdnWPjb.o (strtoul)
g:/pi/gcc_pi_6_3/bin/../lib/gcc/arm-none-eabi/6.3.1/../../../../arm-none-eabi/lib/hard\libc.a(lib_a-strtoull.o)
                              C:\Users\ldebo\AppData\Local\Temp\ccdnWPjb.o (strtoull)
g:/pi/gcc_pi_6_3/bin/../lib/gcc/arm-none-eabi/6.3.1/../../../../arm-none-eabi/lib/hard\libc.a(lib_a-wcscpy.o)
                              C:\Users\ldebo\AppData\Local\Temp\ccdnWPjb.o (wcscpy)
g:/pi/gcc_pi_6_3/bin/../lib/gcc/arm-none-eabi/6.3.1/../../../../arm-none-eabi/lib/hard\libc.a(lib_a-wctob.o)
                              C:\Users\ldebo\AppData\Local\Temp\ccdmkDIc.o (wctob)
g:/pi/gcc_pi_6_3/bin/../lib/gcc/arm-none-eabi/6.3.1/../../../../arm-none-eabi/lib/hard\libc.a(lib_a-wctomb_r.o)
                              g:/pi/gcc_pi_6_3/bin/../lib/gcc/arm-none-eabi/6.3.1/../../../../arm-none-eabi/lib/hard\libc.a(lib_a-locale.o) (__ascii_wctomb)
g:/pi/gcc_pi_6_3/bin/../lib/gcc/arm-none-eabi/6.3.1/../../../../arm-none-eabi/lib/hard\libc.a(lib_a-ctype_.o)
                              g:/pi/gcc_pi_6_3/bin/../lib/gcc/arm-none-eabi/6.3.1/../../../../arm-none-eabi/lib/hard\libc.a(lib_a-locale.o) (_ctype_)
g:/pi/gcc_pi_6_3/bin/../lib/gcc/arm-none-eabi/6.3.1/../../../../arm-none-eabi/lib/hard\libc.a(lib_a-gdtoa-gethex.o)
                              g:/pi/gcc_pi_6_3/bin/../lib/gcc/arm-none-eabi/6.3.1/../../../../arm-none-eabi/lib/hard\libc.a(lib_a-strtod.o) (__gethex)
g:/pi/gcc_pi_6_3/bin/../lib/gcc/arm-none-eabi/6.3.1/../../../../arm-none-eabi/lib/hard\libc.a(lib_a-gdtoa-hexnan.o)
                              g:/pi/gcc_pi_6_3/bin/../lib/gcc/arm-none-eabi/6.3.1/../../../../arm-none-eabi/lib/hard\libc.a(lib_a-strtod.o) (__match)
g:/pi/gcc_pi_6_3/bin/../lib/gcc/arm-none-eabi/6.3.1/../../../../arm-none-eabi/lib/hard\libc.a(lib_a-impure.o)
                              g:/pi/gcc_pi_6_3/bin/../lib/gcc/arm-none-eabi/6.3.1/../../../../arm-none-eabi/lib/hard\libc.a(lib_a-locale.o) (_impure_ptr)
g:/pi/gcc_pi_6_3/bin/../lib/gcc/arm-none-eabi/6.3.1/../../../../arm-none-eabi/lib/hard\libc.a(lib_a-localeconv.o)
                              g:/pi/gcc_pi_6_3/bin/../lib/gcc/arm-none-eabi/6.3.1/../../../../arm-none-eabi/lib/hard\libc.a(lib_a-strtod.o) (__localeconv_l)
g:/pi/gcc_pi_6_3/bin/../lib/gcc/arm-none-eabi/6.3.1/../../../../arm-none-eabi/lib/hard\libc.a(lib_a-mprec.o)
                              g:/pi/gcc_pi_6_3/bin/../lib/gcc/arm-none-eabi/6.3.1/../../../../arm-none-eabi/lib/hard\libc.a(lib_a-strtod.o) (_Balloc)
g:/pi/gcc_pi_6_3/bin/../lib/gcc/arm-none-eabi/6.3.1/../../../../arm-none-eabi/lib/hard\libc.a(lib_a-sf_nan.o)
                              g:/pi/gcc_pi_6_3/bin/../lib/gcc/arm-none-eabi/6.3.1/../../../../arm-none-eabi/lib/hard\libc.a(lib_a-strtod.o) (nanf)
g:/pi/gcc_pi_6_3/bin/../lib/gcc/arm-none-eabi/6.3.1/../../../../arm-none-eabi/lib/hard\libc.a(lib_a-strncmp.o)
                              g:/pi/gcc_pi_6_3/bin/../lib/gcc/arm-none-eabi/6.3.1/../../../../arm-none-eabi/lib/hard\libc.a(lib_a-strtod.o) (strncmp)
g:/pi/gcc_pi_6_3/bin/../lib/gcc/arm-none-eabi/6.3.1/../../../../arm-none-eabi/lib/hard\libc.a(lib_a-callocr.o)
                              g:/pi/gcc_pi_6_3/bin/../lib/gcc/arm-none-eabi/6.3.1/../../../../arm-none-eabi/lib/hard\libc.a(lib_a-mprec.o) (_calloc_r)
g:/pi/gcc_pi_6_3/bin/../lib/gcc/arm-none-eabi/6.3.1/../../../../arm-none-eabi/lib/hard\libc.a(lib_a-mallocr.o)
                              g:/pi/gcc_pi_6_3/bin/../lib/gcc/arm-none-eabi/6.3.1/../../../../arm-none-eabi/lib/hard\libc.a(lib_a-callocr.o) (_malloc_r)
g:/pi/gcc_pi_6_3/bin/../lib/gcc/arm-none-eabi/6.3.1/../../../../arm-none-eabi/lib/hard\libc.a(lib_a-mlock.o)
                              g:/pi/gcc_pi_6_3/bin/../lib/gcc/arm-none-eabi/6.3.1/../../../../arm-none-eabi/lib/hard\libc.a(lib_a-mallocr.o) (__malloc_lock)
g:/pi/gcc_pi_6_3/bin/../lib/gcc/arm-none-eabi/6.3.1/../../../../arm-none-eabi/lib/hard\libc.a(lib_a-sbrkr.o)
                              g:/pi/gcc_pi_6_3/bin/../lib/gcc/arm-none-eabi/6.3.1/../../../../arm-none-eabi/lib/hard\libc.a(lib_a-mallocr.o) (_sbrk_r)
g:/pi/gcc_pi_6_3/bin/../lib/gcc/arm-none-eabi/6.3.1/../../../../arm-none-eabi/lib/hard\libc.a(lib_a-freer.o)
                              g:/pi/gcc_pi_6_3/bin/../lib/gcc/arm-none-eabi/6.3.1/../../../../arm-none-eabi/lib/hard\libc.a(lib_a-mallocr.o) (_free_r)
g:/pi/gcc_pi_6_3/bin/../lib/gcc/arm-none-eabi/6.3.1/../../../../arm-none-eabi/lib/hard\libc.a(lib_a-lock.o)
                              g:/pi/gcc_pi_6_3/bin/../lib/gcc/arm-none-eabi/6.3.1/../../../../arm-none-eabi/lib/hard\libc.a(lib_a-mlock.o) (__retarget_lock_acquire_recursive)
g:/pi/gcc_pi_6_3/bin/../lib/gcc/arm-none-eabi/6.3.1/../../../../arm-none-eabi/lib/hard\libc.a(lib_a-reent.o)
                              g:/pi/gcc_pi_6_3/bin/../lib/gcc/arm-none-eabi/6.3.1/../../../../arm-none-eabi/lib/hard\libc.a(lib_a-sbrkr.o) (errno)
g:/pi/gcc_pi_6_3/bin/../lib/gcc/arm-none-eabi/6.3.1/hard\libgcc.a(_udivsi3.o)
                              C:\Users\ldebo\AppData\Local\Temp\ccdnWPjb.o (__aeabi_uidiv)
g:/pi/gcc_pi_6_3/bin/../lib/gcc/arm-none-eabi/6.3.1/hard\libgcc.a(_dvmd_tls.o)
                              g:/pi/gcc_pi_6_3/bin/../lib/gcc/arm-none-eabi/6.3.1/hard\libgcc.a(_udivsi3.o) (__aeabi_idiv0)
g:/pi/gcc_pi_6_3/bin/../lib/gcc/arm-none-eabi/6.3.1/hard\libgcc.a(_aeabi_uldivmod.o)
                              C:\Users\ldebo\AppData\Local\Temp\ccVEucuD.o (__aeabi_uldivmod)
g:/pi/gcc_pi_6_3/bin/../lib/gcc/arm-none-eabi/6.3.1/hard\libgcc.a(_udivmoddi4.o)
                              g:/pi/gcc_pi_6_3/bin/../lib/gcc/arm-none-eabi/6.3.1/hard\libgcc.a(_aeabi_uldivmod.o) (__udivmoddi4)
g:/pi/gcc_pi_6_3/bin/../lib/gcc/arm-none-eabi/6.3.1/hard\libgcc.a(_clzdi2.o)
                              g:/pi/gcc_pi_6_3/bin/../lib/gcc/arm-none-eabi/6.3.1/hard\libgcc.a(_udivmoddi4.o) (__clzdi2)
g:/pi/gcc_pi_6_3/bin/../lib/gcc/arm-none-eabi/6.3.1/hard\libgcc.a(_clzsi2.o)
                              g:/pi/gcc_pi_6_3/bin/../lib/gcc/arm-none-eabi/6.3.1/hard\libgcc.a(_clzdi2.o) (__clzsi2)

Allocating common symbols
Common symbol       size              file

__lock___atexit_recursive_mutex
                    0x1               g:/pi/gcc_pi_6_3/bin/../lib/gcc/arm-none-eabi/6.3.1/../../../../arm-none-eabi/lib/hard\libc.a(lib_a-lock.o)
__lock___arc4random_mutex
                    0x1               g:/pi/gcc_pi_6_3/bin/../lib/gcc/arm-none-eabi/6.3.1/../../../../arm-none-eabi/lib/hard\libc.a(lib_a-lock.o)
__errno             0x4               C:\Users\ldebo\AppData\Local\Temp\cc4GNEcj.o
errno               0x4               g:/pi/gcc_pi_6_3/bin/../lib/gcc/arm-none-eabi/6.3.1/../../../../arm-none-eabi/lib/hard\libc.a(lib_a-reent.o)
__lock___env_recursive_mutex
                    0x1               g:/pi/gcc_pi_6_3/bin/../lib/gcc/arm-none-eabi/6.3.1/../../../../arm-none-eabi/lib/hard\libc.a(lib_a-lock.o)
__lock___sinit_recursive_mutex
                    0x1               g:/pi/gcc_pi_6_3/bin/../lib/gcc/arm-none-eabi/6.3.1/../../../../arm-none-eabi/lib/hard\libc.a(lib_a-lock.o)
__lock___malloc_recursive_mutex
                    0x1               g:/pi/gcc_pi_6_3/bin/../lib/gcc/arm-none-eabi/6.3.1/../../../../arm-none-eabi/lib/hard\libc.a(lib_a-lock.o)
__lock___at_quick_exit_mutex
                    0x1               g:/pi/gcc_pi_6_3/bin/../lib/gcc/arm-none-eabi/6.3.1/../../../../arm-none-eabi/lib/hard\libc.a(lib_a-lock.o)
__lock___dd_hash_mutex
                    0x1               g:/pi/gcc_pi_6_3/bin/../lib/gcc/arm-none-eabi/6.3.1/../../../../arm-none-eabi/lib/hard\libc.a(lib_a-lock.o)
__lock___tz_mutex   0x1               g:/pi/gcc_pi_6_3/bin/../lib/gcc/arm-none-eabi/6.3.1/../../../../arm-none-eabi/lib/hard\libc.a(lib_a-lock.o)
__lock___sfp_recursive_mutex
                    0x1               g:/pi/gcc_pi_6_3/bin/../lib/gcc/arm-none-eabi/6.3.1/../../../../arm-none-eabi/lib/hard\libc.a(lib_a-lock.o)

Discarded input sections

 .data          0x00000000        0x0 C:\Users\ldebo\AppData\Local\Temp\cc4GNEcj.o
 .comment       0x00000000       0x80 C:\Users\ldebo\AppData\Local\Temp\cc4GNEcj.o
 COMMON         0x00000000        0x4 C:\Users\ldebo\AppData\Local\Temp\cc4GNEcj.o
 .text          0x00000000        0x0 C:\Users\ldebo\AppData\Local\Temp\ccQcKcd2.o
 .data          0x00000000        0x0 C:\Users\ldebo\AppData\Local\Temp\ccQcKcd2.o
 .bss           0x00000000        0x0 C:\Users\ldebo\AppData\Local\Temp\ccQcKcd2.o
 .comment       0x00000000       0x80 C:\Users\ldebo\AppData\Local\Temp\ccVEucuD.o
 .data          0x00000000        0x0 C:\Users\ldebo\AppData\Local\Temp\ccdnWPjb.o
 .bss           0x00000000        0x0 C:\Users\ldebo\AppData\Local\Temp\ccdnWPjb.o
 .comment       0x00000000       0x80 C:\Users\ldebo\AppData\Local\Temp\ccdnWPjb.o
 .comment       0x00000000       0x80 C:\Users\ldebo\AppData\Local\Temp\ccdmkDIc.o
 .text          0x00000000        0x0 g:/pi/gcc_pi_6_3/bin/../lib/gcc/arm-none-eabi/6.3.1/../../../../arm-none-eabi/lib/hard\libc.a(lib_a-locale.o)
 .data          0x00000000        0x0 g:/pi/gcc_pi_6_3/bin/../lib/gcc/arm-none-eabi/6.3.1/../../../../arm-none-eabi/lib/hard\libc.a(lib_a-locale.o)
 .bss           0x00000000        0x0 g:/pi/gcc_pi_6_3/bin/../lib/gcc/arm-none-eabi/6.3.1/../../../../arm-none-eabi/lib/hard\libc.a(lib_a-locale.o)
 .text._setlocale_r
                0x00000000       0x68 g:/pi/gcc_pi_6_3/bin/../lib/gcc/arm-none-eabi/6.3.1/../../../../arm-none-eabi/lib/hard\libc.a(lib_a-locale.o)
 .text.__locale_mb_cur_max
                0x00000000       0x28 g:/pi/gcc_pi_6_3/bin/../lib/gcc/arm-none-eabi/6.3.1/../../../../arm-none-eabi/lib/hard\libc.a(lib_a-locale.o)
 .text.setlocale
                0x00000000       0x18 g:/pi/gcc_pi_6_3/bin/../lib/gcc/arm-none-eabi/6.3.1/../../../../arm-none-eabi/lib/hard\libc.a(lib_a-locale.o)
 .bss._PathLocale
                0x00000000        0x4 g:/pi/gcc_pi_6_3/bin/../lib/gcc/arm-none-eabi/6.3.1/../../../../arm-none-eabi/lib/hard\libc.a(lib_a-locale.o)
 .debug_frame   0x00000000       0x70 g:/pi/gcc_pi_6_3/bin/../lib/gcc/arm-none-eabi/6.3.1/../../../../arm-none-eabi/lib/hard\libc.a(lib_a-locale.o)
 .text          0x00000000        0x0 g:/pi/gcc_pi_6_3/bin/../lib/gcc/arm-none-eabi/6.3.1/../../../../arm-none-eabi/lib/hard\libc.a(lib_a-mbstowcs.o)
 .data          0x00000000        0x0 g:/pi/gcc_pi_6_3/bin/../lib/gcc/arm-none-eabi/6.3.1/../../../../arm-none-eabi/lib/hard\libc.a(lib_a-mbstowcs.o)
 .bss           0x00000000        0x0 g:/pi/gcc_pi_6_3/bin/../lib/gcc/arm-none-eabi/6.3.1/../../../../arm-none-eabi/lib/hard\libc.a(lib_a-mbstowcs.o)
 .debug_frame   0x00000000       0x2c g:/pi/gcc_pi_6_3/bin/../lib/gcc/arm-none-eabi/6.3.1/../../../../arm-none-eabi/lib/hard\libc.a(lib_a-mbstowcs.o)
 .text          0x00000000        0x0 g:/pi/gcc_pi_6_3/bin/../lib/gcc/arm-none-eabi/6.3.1/../../../../arm-none-eabi/lib/hard\libc.a(lib_a-mbtowc_r.o)
 .data          0x00000000        0x0 g:/pi/gcc_pi_6_3/bin/../lib/gcc/arm-none-eabi/6.3.1/../../../../arm-none-eabi/lib/hard\libc.a(lib_a-mbtowc_r.o)
 .bss           0x00000000        0x0 g:/pi/gcc_pi_6_3/bin/../lib/gcc/arm-none-eabi/6.3.1/../../../../arm-none-eabi/lib/hard\libc.a(lib_a-mbtowc_r.o)
 .text._mbtowc_r
                0x00000000       0x34 g:/pi/gcc_pi_6_3/bin/../lib/gcc/arm-none-eabi/6.3.1/../../../../arm-none-eabi/lib/hard\libc.a(lib_a-mbtowc_r.o)
 .debug_frame   0x00000000       0x4c g:/pi/gcc_pi_6_3/bin/../lib/gcc/arm-none-eabi/6.3.1/../../../../arm-none-eabi/lib/hard\libc.a(lib_a-mbtowc_r.o)
 .text          0x00000000        0x0 g:/pi/gcc_pi_6_3/bin/../lib/gcc/arm-none-eabi/6.3.1/../../../../arm-none-eabi/lib/hard\libc.a(lib_a-memcpy-stub.o)
 .data          0x00000000        0x0 g:/pi/gcc_pi_6_3/bin/../lib/gcc/arm-none-eabi/6.3.1/../../../../arm-none-eabi/lib/hard\libc.a(lib_a-memcpy-stub.o)
 .bss           0x00000000        0x0 g:/pi/gcc_pi_6_3/bin/../lib/gcc/arm-none-eabi/6.3.1/../../../../arm-none-eabi/lib/hard\libc.a(lib_a-memcpy-stub.o)
 .debug_frame   0x00000000       0x44 g:/pi/gcc_pi_6_3/bin/../lib/gcc/arm-none-eabi/6.3.1/../../../../arm-none-eabi/lib/hard\libc.a(lib_a-memcpy-stub.o)
 .text          0x00000000        0x0 g:/pi/gcc_pi_6_3/bin/../lib/gcc/arm-none-eabi/6.3.1/../../../../arm-none-eabi/lib/hard\libc.a(lib_a-memset.o)
 .data          0x00000000        0x0 g:/pi/gcc_pi_6_3/bin/../lib/gcc/arm-none-eabi/6.3.1/../../../../arm-none-eabi/lib/hard\libc.a(lib_a-memset.o)
 .bss           0x00000000        0x0 g:/pi/gcc_pi_6_3/bin/../lib/gcc/arm-none-eabi/6.3.1/../../../../arm-none-eabi/lib/hard\libc.a(lib_a-memset.o)
 .debug_frame   0x00000000       0x30 g:/pi/gcc_pi_6_3/bin/../lib/gcc/arm-none-eabi/6.3.1/../../../../arm-none-eabi/lib/hard\libc.a(lib_a-memset.o)
 .text          0x00000000        0x0 g:/pi/gcc_pi_6_3/bin/../lib/gcc/arm-none-eabi/6.3.1/../../../../arm-none-eabi/lib/hard\libc.a(lib_a-strchr.o)
 .data          0x00000000        0x0 g:/pi/gcc_pi_6_3/bin/../lib/gcc/arm-none-eabi/6.3.1/../../../../arm-none-eabi/lib/hard\libc.a(lib_a-strchr.o)
 .bss           0x00000000        0x0 g:/pi/gcc_pi_6_3/bin/../lib/gcc/arm-none-eabi/6.3.1/../../../../arm-none-eabi/lib/hard\libc.a(lib_a-strchr.o)
 .debug_frame   0x00000000       0x54 g:/pi/gcc_pi_6_3/bin/../lib/gcc/arm-none-eabi/6.3.1/../../../../arm-none-eabi/lib/hard\libc.a(lib_a-strchr.o)
 .text          0x00000000      0x224 g:/pi/gcc_pi_6_3/bin/../lib/gcc/arm-none-eabi/6.3.1/../../../../arm-none-eabi/lib/hard\libc.a(lib_a-strcmp.o)
 .data          0x00000000        0x0 g:/pi/gcc_pi_6_3/bin/../lib/gcc/arm-none-eabi/6.3.1/../../../../arm-none-eabi/lib/hard\libc.a(lib_a-strcmp.o)
 .bss           0x00000000        0x0 g:/pi/gcc_pi_6_3/bin/../lib/gcc/arm-none-eabi/6.3.1/../../../../arm-none-eabi/lib/hard\libc.a(lib_a-strcmp.o)
 .debug_frame   0x00000000       0x40 g:/pi/gcc_pi_6_3/bin/../lib/gcc/arm-none-eabi/6.3.1/../../../../arm-none-eabi/lib/hard\libc.a(lib_a-strcmp.o)
 .ARM.attributes
                0x00000000       0x16 g:/pi/gcc_pi_6_3/bin/../lib/gcc/arm-none-eabi/6.3.1/../../../../arm-none-eabi/lib/hard\libc.a(lib_a-strcmp.o)
 .text          0x00000000        0x0 g:/pi/gcc_pi_6_3/bin/../lib/gcc/arm-none-eabi/6.3.1/../../../../arm-none-eabi/lib/hard\libc.a(lib_a-strcpy.o)
 .data          0x00000000        0x0 g:/pi/gcc_pi_6_3/bin/../lib/gcc/arm-none-eabi/6.3.1/../../../../arm-none-eabi/lib/hard\libc.a(lib_a-strcpy.o)
 .bss           0x00000000        0x0 g:/pi/gcc_pi_6_3/bin/../lib/gcc/arm-none-eabi/6.3.1/../../../../arm-none-eabi/lib/hard\libc.a(lib_a-strcpy.o)
 .debug_frame   0x00000000       0x20 g:/pi/gcc_pi_6_3/bin/../lib/gcc/arm-none-eabi/6.3.1/../../../../arm-none-eabi/lib/hard\libc.a(lib_a-strcpy.o)
 .text          0x00000000        0x0 g:/pi/gcc_pi_6_3/bin/../lib/gcc/arm-none-eabi/6.3.1/../../../../arm-none-eabi/lib/hard\libc.a(lib_a-strlen-stub.o)
 .data          0x00000000        0x0 g:/pi/gcc_pi_6_3/bin/../lib/gcc/arm-none-eabi/6.3.1/../../../../arm-none-eabi/lib/hard\libc.a(lib_a-strlen-stub.o)
 .bss           0x00000000        0x0 g:/pi/gcc_pi_6_3/bin/../lib/gcc/arm-none-eabi/6.3.1/../../../../arm-none-eabi/lib/hard\libc.a(lib_a-strlen-stub.o)
 .debug_frame   0x00000000       0x20 g:/pi/gcc_pi_6_3/bin/../lib/gcc/arm-none-eabi/6.3.1/../../../../arm-none-eabi/lib/hard\libc.a(lib_a-strlen-stub.o)
 .text          0x00000000        0x0 g:/pi/gcc_pi_6_3/bin/../lib/gcc/arm-none-eabi/6.3.1/../../../../arm-none-eabi/lib/hard\libc.a(lib_a-strncpy.o)
 .data          0x00000000        0x0 g:/pi/gcc_pi_6_3/bin/../lib/gcc/arm-none-eabi/6.3.1/../../../../arm-none-eabi/lib/hard\libc.a(lib_a-strncpy.o)
 .bss           0x00000000        0x0 g:/pi/gcc_pi_6_3/bin/../lib/gcc/arm-none-eabi/6.3.1/../../../../arm-none-eabi/lib/hard\libc.a(lib_a-strncpy.o)
 .debug_frame   0x00000000       0x40 g:/pi/gcc_pi_6_3/bin/../lib/gcc/arm-none-eabi/6.3.1/../../../../arm-none-eabi/lib/hard\libc.a(lib_a-strncpy.o)
 .text          0x00000000        0x0 g:/pi/gcc_pi_6_3/bin/../lib/gcc/arm-none-eabi/6.3.1/../../../../arm-none-eabi/lib/hard\libc.a(lib_a-strtod.o)
 .data          0x00000000        0x0 g:/pi/gcc_pi_6_3/bin/../lib/gcc/arm-none-eabi/6.3.1/../../../../arm-none-eabi/lib/hard\libc.a(lib_a-strtod.o)
 .bss           0x00000000        0x0 g:/pi/gcc_pi_6_3/bin/../lib/gcc/arm-none-eabi/6.3.1/../../../../arm-none-eabi/lib/hard\libc.a(lib_a-strtod.o)
 .text._strtod_r
                0x00000000       0x24 g:/pi/gcc_pi_6_3/bin/../lib/gcc/arm-none-eabi/6.3.1/../../../../arm-none-eabi/lib/hard\libc.a(lib_a-strtod.o)
 .text.strtod_l
                0x00000000       0x1c g:/pi/gcc_pi_6_3/bin/../lib/gcc/arm-none-eabi/6.3.1/../../../../arm-none-eabi/lib/hard\libc.a(lib_a-strtod.o)
 .text.strtof_l
                0x00000000       0x88 g:/pi/gcc_pi_6_3/bin/../lib/gcc/arm-none-eabi/6.3.1/../../../../arm-none-eabi/lib/hard\libc.a(lib_a-strtod.o)
 .debug_frame   0x00000000      0x144 g:/pi/gcc_pi_6_3/bin/../lib/gcc/arm-none-eabi/6.3.1/../../../../arm-none-eabi/lib/hard\libc.a(lib_a-strtod.o)
 .text          0x00000000        0x0 g:/pi/gcc_pi_6_3/bin/../lib/gcc/arm-none-eabi/6.3.1/../../../../arm-none-eabi/lib/hard\libc.a(lib_a-strtol.o)
 .data          0x00000000        0x0 g:/pi/gcc_pi_6_3/bin/../lib/gcc/arm-none-eabi/6.3.1/../../../../arm-none-eabi/lib/hard\libc.a(lib_a-strtol.o)
 .bss           0x00000000        0x0 g:/pi/gcc_pi_6_3/bin/../lib/gcc/arm-none-eabi/6.3.1/../../../../arm-none-eabi/lib/hard\libc.a(lib_a-strtol.o)
 .text._strtol_r
                0x00000000       0x3c g:/pi/gcc_pi_6_3/bin/../lib/gcc/arm-none-eabi/6.3.1/../../../../arm-none-eabi/lib/hard\libc.a(lib_a-strtol.o)
 .text.strtol_l
                0x00000000       0x38 g:/pi/gcc_pi_6_3/bin/../lib/gcc/arm-none-eabi/6.3.1/../../../../arm-none-eabi/lib/hard\libc.a(lib_a-strtol.o)
 .debug_frame   0x00000000       0xac g:/pi/gcc_pi_6_3/bin/../lib/gcc/arm-none-eabi/6.3.1/../../../../arm-none-eabi/lib/hard\libc.a(lib_a-strtol.o)
 .text          0x00000000        0x0 g:/pi/gcc_pi_6_3/bin/../lib/gcc/arm-none-eabi/6.3.1/../../../../arm-none-eabi/lib/hard\libc.a(lib_a-strtold.o)
 .data          0x00000000        0x0 g:/pi/gcc_pi_6_3/bin/../lib/gcc/arm-none-eabi/6.3.1/../../../../arm-none-eabi/lib/hard\libc.a(lib_a-strtold.o)
 .bss           0x00000000        0x0 g:/pi/gcc_pi_6_3/bin/../lib/gcc/arm-none-eabi/6.3.1/../../../../arm-none-eabi/lib/hard\libc.a(lib_a-strtold.o)
 .text._strtold_r
                0x00000000       0x30 g:/pi/gcc_pi_6_3/bin/../lib/gcc/arm-none-eabi/6.3.1/../../../../arm-none-eabi/lib/hard\libc.a(lib_a-strtold.o)
 .text.strtold_l
                0x00000000       0x28 g:/pi/gcc_pi_6_3/bin/../lib/gcc/arm-none-eabi/6.3.1/../../../../arm-none-eabi/lib/hard\libc.a(lib_a-strtold.o)
 .debug_frame   0x00000000       0x64 g:/pi/gcc_pi_6_3/bin/../lib/gcc/arm-none-eabi/6.3.1/../../../../arm-none-eabi/lib/hard\libc.a(lib_a-strtold.o)
 .text          0x00000000        0x0 g:/pi/gcc_pi_6_3/bin/../lib/gcc/arm-none-eabi/6.3.1/../../../../arm-none-eabi/lib/hard\libc.a(lib_a-strtoll.o)
 .data          0x00000000        0x0 g:/pi/gcc_pi_6_3/bin/../lib/gcc/arm-none-eabi/6.3.1/../../../../arm-none-eabi/lib/hard\libc.a(lib_a-strtoll.o)
 .bss           0x00000000        0x0 g:/pi/gcc_pi_6_3/bin/../lib/gcc/arm-none-eabi/6.3.1/../../../../arm-none-eabi/lib/hard\libc.a(lib_a-strtoll.o)
 .text._strtoll_r
                0x00000000       0x3c g:/pi/gcc_pi_6_3/bin/../lib/gcc/arm-none-eabi/6.3.1/../../../../arm-none-eabi/lib/hard\libc.a(lib_a-strtoll.o)
 .text.strtoll_l
                0x00000000       0x38 g:/pi/gcc_pi_6_3/bin/../lib/gcc/arm-none-eabi/6.3.1/../../../../arm-none-eabi/lib/hard\libc.a(lib_a-strtoll.o)
 .debug_frame   0x00000000       0xac g:/pi/gcc_pi_6_3/bin/../lib/gcc/arm-none-eabi/6.3.1/../../../../arm-none-eabi/lib/hard\libc.a(lib_a-strtoll.o)
 .text          0x00000000        0x0 g:/pi/gcc_pi_6_3/bin/../lib/gcc/arm-none-eabi/6.3.1/../../../../arm-none-eabi/lib/hard\libc.a(lib_a-strtoul.o)
 .data          0x00000000        0x0 g:/pi/gcc_pi_6_3/bin/../lib/gcc/arm-none-eabi/6.3.1/../../../../arm-none-eabi/lib/hard\libc.a(lib_a-strtoul.o)
 .bss           0x00000000        0x0 g:/pi/gcc_pi_6_3/bin/../lib/gcc/arm-none-eabi/6.3.1/../../../../arm-none-eabi/lib/hard\libc.a(lib_a-strtoul.o)
 .text._strtoul_r
                0x00000000       0x3c g:/pi/gcc_pi_6_3/bin/../lib/gcc/arm-none-eabi/6.3.1/../../../../arm-none-eabi/lib/hard\libc.a(lib_a-strtoul.o)
 .text.strtoul_l
                0x00000000       0x38 g:/pi/gcc_pi_6_3/bin/../lib/gcc/arm-none-eabi/6.3.1/../../../../arm-none-eabi/lib/hard\libc.a(lib_a-strtoul.o)
 .debug_frame   0x00000000       0xac g:/pi/gcc_pi_6_3/bin/../lib/gcc/arm-none-eabi/6.3.1/../../../../arm-none-eabi/lib/hard\libc.a(lib_a-strtoul.o)
 .text          0x00000000        0x0 g:/pi/gcc_pi_6_3/bin/../lib/gcc/arm-none-eabi/6.3.1/../../../../arm-none-eabi/lib/hard\libc.a(lib_a-strtoull.o)
 .data          0x00000000        0x0 g:/pi/gcc_pi_6_3/bin/../lib/gcc/arm-none-eabi/6.3.1/../../../../arm-none-eabi/lib/hard\libc.a(lib_a-strtoull.o)
 .bss           0x00000000        0x0 g:/pi/gcc_pi_6_3/bin/../lib/gcc/arm-none-eabi/6.3.1/../../../../arm-none-eabi/lib/hard\libc.a(lib_a-strtoull.o)
 .text._strtoull_r
                0x00000000       0x3c g:/pi/gcc_pi_6_3/bin/../lib/gcc/arm-none-eabi/6.3.1/../../../../arm-none-eabi/lib/hard\libc.a(lib_a-strtoull.o)
 .text.strtoull_l
                0x00000000       0x38 g:/pi/gcc_pi_6_3/bin/../lib/gcc/arm-none-eabi/6.3.1/../../../../arm-none-eabi/lib/hard\libc.a(lib_a-strtoull.o)
 .debug_frame   0x00000000       0xac g:/pi/gcc_pi_6_3/bin/../lib/gcc/arm-none-eabi/6.3.1/../../../../arm-none-eabi/lib/hard\libc.a(lib_a-strtoull.o)
 .text          0x00000000        0x0 g:/pi/gcc_pi_6_3/bin/../lib/gcc/arm-none-eabi/6.3.1/../../../../arm-none-eabi/lib/hard\libc.a(lib_a-wcscpy.o)
 .data          0x00000000        0x0 g:/pi/gcc_pi_6_3/bin/../lib/gcc/arm-none-eabi/6.3.1/../../../../arm-none-eabi/lib/hard\libc.a(lib_a-wcscpy.o)
 .bss           0x00000000        0x0 g:/pi/gcc_pi_6_3/bin/../lib/gcc/arm-none-eabi/6.3.1/../../../../arm-none-eabi/lib/hard\libc.a(lib_a-wcscpy.o)
 .debug_frame   0x00000000       0x20 g:/pi/gcc_pi_6_3/bin/../lib/gcc/arm-none-eabi/6.3.1/../../../../arm-none-eabi/lib/hard\libc.a(lib_a-wcscpy.o)
 .text          0x00000000        0x0 g:/pi/gcc_pi_6_3/bin/../lib/gcc/arm-none-eabi/6.3.1/../../../../arm-none-eabi/lib/hard\libc.a(lib_a-wctob.o)
 .data          0x00000000        0x0 g:/pi/gcc_pi_6_3/bin/../lib/gcc/arm-none-eabi/6.3.1/../../../../arm-none-eabi/lib/hard\libc.a(lib_a-wctob.o)
 .bss           0x00000000        0x0 g:/pi/gcc_pi_6_3/bin/../lib/gcc/arm-none-eabi/6.3.1/../../../../arm-none-eabi/lib/hard\libc.a(lib_a-wctob.o)
 .debug_frame   0x00000000       0x40 g:/pi/gcc_pi_6_3/bin/../lib/gcc/arm-none-eabi/6.3.1/../../../../arm-none-eabi/lib/hard\libc.a(lib_a-wctob.o)
 .text          0x00000000        0x0 g:/pi/gcc_pi_6_3/bin/../lib/gcc/arm-none-eabi/6.3.1/../../../../arm-none-eabi/lib/hard\libc.a(lib_a-wctomb_r.o)
 .data          0x00000000        0x0 g:/pi/gcc_pi_6_3/bin/../lib/gcc/arm-none-eabi/6.3.1/../../../../arm-none-eabi/lib/hard\libc.a(lib_a-wctomb_r.o)
 .bss           0x00000000        0x0 g:/pi/gcc_pi_6_3/bin/../lib/gcc/arm-none-eabi/6.3.1/../../../../arm-none-eabi/lib/hard\libc.a(lib_a-wctomb_r.o)
 .text._wctomb_r
                0x00000000       0x34 g:/pi/gcc_pi_6_3/bin/../lib/gcc/arm-none-eabi/6.3.1/../../../../arm-none-eabi/lib/hard\libc.a(lib_a-wctomb_r.o)
 .debug_frame   0x00000000       0x3c g:/pi/gcc_pi_6_3/bin/../lib/gcc/arm-none-eabi/6.3.1/../../../../arm-none-eabi/lib/hard\libc.a(lib_a-wctomb_r.o)
 .text          0x00000000        0x0 g:/pi/gcc_pi_6_3/bin/../lib/gcc/arm-none-eabi/6.3.1/../../../../arm-none-eabi/lib/hard\libc.a(lib_a-ctype_.o)
 .data          0x00000000        0x0 g:/pi/gcc_pi_6_3/bin/../lib/gcc/arm-none-eabi/6.3.1/../../../../arm-none-eabi/lib/hard\libc.a(lib_a-ctype_.o)
 .bss           0x00000000        0x0 g:/pi/gcc_pi_6_3/bin/../lib/gcc/arm-none-eabi/6.3.1/../../../../arm-none-eabi/lib/hard\libc.a(lib_a-ctype_.o)
 .text          0x00000000        0x0 g:/pi/gcc_pi_6_3/bin/../lib/gcc/arm-none-eabi/6.3.1/../../../../arm-none-eabi/lib/hard\libc.a(lib_a-gdtoa-gethex.o)
 .data          0x00000000        0x0 g:/pi/gcc_pi_6_3/bin/../lib/gcc/arm-none-eabi/6.3.1/../../../../arm-none-eabi/lib/hard\libc.a(lib_a-gdtoa-gethex.o)
 .bss           0x00000000        0x0 g:/pi/gcc_pi_6_3/bin/../lib/gcc/arm-none-eabi/6.3.1/../../../../arm-none-eabi/lib/hard\libc.a(lib_a-gdtoa-gethex.o)
 .debug_frame   0x00000000       0xa8 g:/pi/gcc_pi_6_3/bin/../lib/gcc/arm-none-eabi/6.3.1/../../../../arm-none-eabi/lib/hard\libc.a(lib_a-gdtoa-gethex.o)
 .text          0x00000000        0x0 g:/pi/gcc_pi_6_3/bin/../lib/gcc/arm-none-eabi/6.3.1/../../../../arm-none-eabi/lib/hard\libc.a(lib_a-gdtoa-hexnan.o)
 .data          0x00000000        0x0 g:/pi/gcc_pi_6_3/bin/../lib/gcc/arm-none-eabi/6.3.1/../../../../arm-none-eabi/lib/hard\libc.a(lib_a-gdtoa-hexnan.o)
 .bss           0x00000000        0x0 g:/pi/gcc_pi_6_3/bin/../lib/gcc/arm-none-eabi/6.3.1/../../../../arm-none-eabi/lib/hard\libc.a(lib_a-gdtoa-hexnan.o)
 .debug_frame   0x00000000       0x90 g:/pi/gcc_pi_6_3/bin/../lib/gcc/arm-none-eabi/6.3.1/../../../../arm-none-eabi/lib/hard\libc.a(lib_a-gdtoa-hexnan.o)
 .text          0x00000000        0x0 g:/pi/gcc_pi_6_3/bin/../lib/gcc/arm-none-eabi/6.3.1/../../../../arm-none-eabi/lib/hard\libc.a(lib_a-impure.o)
 .data          0x00000000        0x0 g:/pi/gcc_pi_6_3/bin/../lib/gcc/arm-none-eabi/6.3.1/../../../../arm-none-eabi/lib/hard\libc.a(lib_a-impure.o)
 .bss           0x00000000        0x0 g:/pi/gcc_pi_6_3/bin/../lib/gcc/arm-none-eabi/6.3.1/../../../../arm-none-eabi/lib/hard\libc.a(lib_a-impure.o)
 .rodata._global_impure_ptr
                0x00000000        0x4 g:/pi/gcc_pi_6_3/bin/../lib/gcc/arm-none-eabi/6.3.1/../../../../arm-none-eabi/lib/hard\libc.a(lib_a-impure.o)
 .text          0x00000000        0x0 g:/pi/gcc_pi_6_3/bin/../lib/gcc/arm-none-eabi/6.3.1/../../../../arm-none-eabi/lib/hard\libc.a(lib_a-localeconv.o)
 .data          0x00000000        0x0 g:/pi/gcc_pi_6_3/bin/../lib/gcc/arm-none-eabi/6.3.1/../../../../arm-none-eabi/lib/hard\libc.a(lib_a-localeconv.o)
 .bss           0x00000000        0x0 g:/pi/gcc_pi_6_3/bin/../lib/gcc/arm-none-eabi/6.3.1/../../../../arm-none-eabi/lib/hard\libc.a(lib_a-localeconv.o)
 .text._localeconv_r
                0x00000000       0x28 g:/pi/gcc_pi_6_3/bin/../lib/gcc/arm-none-eabi/6.3.1/../../../../arm-none-eabi/lib/hard\libc.a(lib_a-localeconv.o)
 .text.localeconv
                0x00000000       0x28 g:/pi/gcc_pi_6_3/bin/../lib/gcc/arm-none-eabi/6.3.1/../../../../arm-none-eabi/lib/hard\libc.a(lib_a-localeconv.o)
 .debug_frame   0x00000000       0x40 g:/pi/gcc_pi_6_3/bin/../lib/gcc/arm-none-eabi/6.3.1/../../../../arm-none-eabi/lib/hard\libc.a(lib_a-localeconv.o)
 .text          0x00000000        0x0 g:/pi/gcc_pi_6_3/bin/../lib/gcc/arm-none-eabi/6.3.1/../../../../arm-none-eabi/lib/hard\libc.a(lib_a-mprec.o)
 .data          0x00000000        0x0 g:/pi/gcc_pi_6_3/bin/../lib/gcc/arm-none-eabi/6.3.1/../../../../arm-none-eabi/lib/hard\libc.a(lib_a-mprec.o)
 .bss           0x00000000        0x0 g:/pi/gcc_pi_6_3/bin/../lib/gcc/arm-none-eabi/6.3.1/../../../../arm-none-eabi/lib/hard\libc.a(lib_a-mprec.o)
 .text._mprec_log10
                0x00000000       0x44 g:/pi/gcc_pi_6_3/bin/../lib/gcc/arm-none-eabi/6.3.1/../../../../arm-none-eabi/lib/hard\libc.a(lib_a-mprec.o)
 .rodata.__mprec_tinytens
                0x00000000       0x28 g:/pi/gcc_pi_6_3/bin/../lib/gcc/arm-none-eabi/6.3.1/../../../../arm-none-eabi/lib/hard\libc.a(lib_a-mprec.o)
 .debug_frame   0x00000000      0x2dc g:/pi/gcc_pi_6_3/bin/../lib/gcc/arm-none-eabi/6.3.1/../../../../arm-none-eabi/lib/hard\libc.a(lib_a-mprec.o)
 .text          0x00000000        0x0 g:/pi/gcc_pi_6_3/bin/../lib/gcc/arm-none-eabi/6.3.1/../../../../arm-none-eabi/lib/hard\libc.a(lib_a-sf_nan.o)
 .data          0x00000000        0x0 g:/pi/gcc_pi_6_3/bin/../lib/gcc/arm-none-eabi/6.3.1/../../../../arm-none-eabi/lib/hard\libc.a(lib_a-sf_nan.o)
 .bss           0x00000000        0x0 g:/pi/gcc_pi_6_3/bin/../lib/gcc/arm-none-eabi/6.3.1/../../../../arm-none-eabi/lib/hard\libc.a(lib_a-sf_nan.o)
 .debug_frame   0x00000000       0x20 g:/pi/gcc_pi_6_3/bin/../lib/gcc/arm-none-eabi/6.3.1/../../../../arm-none-eabi/lib/hard\libc.a(lib_a-sf_nan.o)
 .text          0x00000000        0x0 g:/pi/gcc_pi_6_3/bin/../lib/gcc/arm-none-eabi/6.3.1/../../../../arm-none-eabi/lib/hard\libc.a(lib_a-strncmp.o)
 .data          0x00000000        0x0 g:/pi/gcc_pi_6_3/bin/../lib/gcc/arm-none-eabi/6.3.1/../../../../arm-none-eabi/lib/hard\libc.a(lib_a-strncmp.o)
 .bss           0x00000000        0x0 g:/pi/gcc_pi_6_3/bin/../lib/gcc/arm-none-eabi/6.3.1/../../../../arm-none-eabi/lib/hard\libc.a(lib_a-strncmp.o)
 .debug_frame   0x00000000       0x50 g:/pi/gcc_pi_6_3/bin/../lib/gcc/arm-none-eabi/6.3.1/../../../../arm-none-eabi/lib/hard\libc.a(lib_a-strncmp.o)
 .text          0x00000000        0x0 g:/pi/gcc_pi_6_3/bin/../lib/gcc/arm-none-eabi/6.3.1/../../../../arm-none-eabi/lib/hard\libc.a(lib_a-callocr.o)
 .data          0x00000000        0x0 g:/pi/gcc_pi_6_3/bin/../lib/gcc/arm-none-eabi/6.3.1/../../../../arm-none-eabi/lib/hard\libc.a(lib_a-callocr.o)
 .bss           0x00000000        0x0 g:/pi/gcc_pi_6_3/bin/../lib/gcc/arm-none-eabi/6.3.1/../../../../arm-none-eabi/lib/hard\libc.a(lib_a-callocr.o)
 .debug_frame   0x00000000       0x34 g:/pi/gcc_pi_6_3/bin/../lib/gcc/arm-none-eabi/6.3.1/../../../../arm-none-eabi/lib/hard\libc.a(lib_a-callocr.o)
 .text          0x00000000        0x0 g:/pi/gcc_pi_6_3/bin/../lib/gcc/arm-none-eabi/6.3.1/../../../../arm-none-eabi/lib/hard\libc.a(lib_a-mallocr.o)
 .data          0x00000000        0x0 g:/pi/gcc_pi_6_3/bin/../lib/gcc/arm-none-eabi/6.3.1/../../../../arm-none-eabi/lib/hard\libc.a(lib_a-mallocr.o)
 .bss           0x00000000        0x0 g:/pi/gcc_pi_6_3/bin/../lib/gcc/arm-none-eabi/6.3.1/../../../../arm-none-eabi/lib/hard\libc.a(lib_a-mallocr.o)
 .debug_frame   0x00000000       0x84 g:/pi/gcc_pi_6_3/bin/../lib/gcc/arm-none-eabi/6.3.1/../../../../arm-none-eabi/lib/hard\libc.a(lib_a-mallocr.o)
 .text          0x00000000        0x0 g:/pi/gcc_pi_6_3/bin/../lib/gcc/arm-none-eabi/6.3.1/../../../../arm-none-eabi/lib/hard\libc.a(lib_a-mlock.o)
 .data          0x00000000        0x0 g:/pi/gcc_pi_6_3/bin/../lib/gcc/arm-none-eabi/6.3.1/../../../../arm-none-eabi/lib/hard\libc.a(lib_a-mlock.o)
 .bss           0x00000000        0x0 g:/pi/gcc_pi_6_3/bin/../lib/gcc/arm-none-eabi/6.3.1/../../../../arm-none-eabi/lib/hard\libc.a(lib_a-mlock.o)
 .debug_frame   0x00000000       0x48 g:/pi/gcc_pi_6_3/bin/../lib/gcc/arm-none-eabi/6.3.1/../../../../arm-none-eabi/lib/hard\libc.a(lib_a-mlock.o)
 .text          0x00000000        0x0 g:/pi/gcc_pi_6_3/bin/../lib/gcc/arm-none-eabi/6.3.1/../../../../arm-none-eabi/lib/hard\libc.a(lib_a-sbrkr.o)
 .data          0x00000000        0x0 g:/pi/gcc_pi_6_3/bin/../lib/gcc/arm-none-eabi/6.3.1/../../../../arm-none-eabi/lib/hard\libc.a(lib_a-sbrkr.o)
 .bss           0x00000000        0x0 g:/pi/gcc_pi_6_3/bin/../lib/gcc/arm-none-eabi/6.3.1/../../../../arm-none-eabi/lib/hard\libc.a(lib_a-sbrkr.o)
 .debug_frame   0x00000000       0x3c g:/pi/gcc_pi_6_3/bin/../lib/gcc/arm-none-eabi/6.3.1/../../../../arm-none-eabi/lib/hard\libc.a(lib_a-sbrkr.o)
 .text          0x00000000        0x0 g:/pi/gcc_pi_6_3/bin/../lib/gcc/arm-none-eabi/6.3.1/../../../../arm-none-eabi/lib/hard\libc.a(lib_a-freer.o)
 .data          0x00000000        0x0 g:/pi/gcc_pi_6_3/bin/../lib/gcc/arm-none-eabi/6.3.1/../../../../arm-none-eabi/lib/hard\libc.a(lib_a-freer.o)
 .bss           0x00000000        0x0 g:/pi/gcc_pi_6_3/bin/../lib/gcc/arm-none-eabi/6.3.1/../../../../arm-none-eabi/lib/hard\libc.a(lib_a-freer.o)
 .debug_frame   0x00000000       0x70 g:/pi/gcc_pi_6_3/bin/../lib/gcc/arm-none-eabi/6.3.1/../../../../arm-none-eabi/lib/hard\libc.a(lib_a-freer.o)
 .text          0x00000000        0x0 g:/pi/gcc_pi_6_3/bin/../lib/gcc/arm-none-eabi/6.3.1/../../../../arm-none-eabi/lib/hard\libc.a(lib_a-lock.o)
 .data          0x00000000        0x0 g:/pi/gcc_pi_6_3/bin/../lib/gcc/arm-none-eabi/6.3.1/../../../../arm-none-eabi/lib/hard\libc.a(lib_a-lock.o)
 .bss           0x00000000        0x0 g:/pi/gcc_pi_6_3/bin/../lib/gcc/arm-none-eabi/6.3.1/../../../../arm-none-eabi/lib/hard\libc.a(lib_a-lock.o)
 .text.__retarget_lock_init
                0x00000000        0x4 g:/pi/gcc_pi_6_3/bin/../lib/gcc/arm-none-eabi/6.3.1/../../../../arm-none-eabi/lib/hard\libc.a(lib_a-lock.o)
 .text.__retarget_lock_init_recursive
                0x00000000        0x4 g:/pi/gcc_pi_6_3/bin/../lib/gcc/arm-none-eabi/6.3.1/../../../../arm-none-eabi/lib/hard\libc.a(lib_a-lock.o)
 .text.__retarget_lock_close
                0x00000000        0x4 g:/pi/gcc_pi_6_3/bin/../lib/gcc/arm-none-eabi/6.3.1/../../../../arm-none-eabi/lib/hard\libc.a(lib_a-lock.o)
 .text.__retarget_lock_close_recursive
                0x00000000        0x4 g:/pi/gcc_pi_6_3/bin/../lib/gcc/arm-none-eabi/6.3.1/../../../../arm-none-eabi/lib/hard\libc.a(lib_a-lock.o)
 .text.__retarget_lock_acquire
                0x00000000        0x4 g:/pi/gcc_pi_6_3/bin/../lib/gcc/arm-none-eabi/6.3.1/../../../../arm-none-eabi/lib/hard\libc.a(lib_a-lock.o)
 .text.__retarget_lock_try_acquire
                0x00000000        0x8 g:/pi/gcc_pi_6_3/bin/../lib/gcc/arm-none-eabi/6.3.1/../../../../arm-none-eabi/lib/hard\libc.a(lib_a-lock.o)
 .text.__retarget_lock_try_acquire_recursive
                0x00000000        0x8 g:/pi/gcc_pi_6_3/bin/../lib/gcc/arm-none-eabi/6.3.1/../../../../arm-none-eabi/lib/hard\libc.a(lib_a-lock.o)
 .text.__retarget_lock_release
                0x00000000        0x4 g:/pi/gcc_pi_6_3/bin/../lib/gcc/arm-none-eabi/6.3.1/../../../../arm-none-eabi/lib/hard\libc.a(lib_a-lock.o)
 .debug_frame   0x00000000       0xb0 g:/pi/gcc_pi_6_3/bin/../lib/gcc/arm-none-eabi/6.3.1/../../../../arm-none-eabi/lib/hard\libc.a(lib_a-lock.o)
 .text          0x00000000        0x0 g:/pi/gcc_pi_6_3/bin/../lib/gcc/arm-none-eabi/6.3.1/../../../../arm-none-eabi/lib/hard\libc.a(lib_a-reent.o)
 .data          0x00000000        0x0 g:/pi/gcc_pi_6_3/bin/../lib/gcc/arm-none-eabi/6.3.1/../../../../arm-none-eabi/lib/hard\libc.a(lib_a-reent.o)
 .bss           0x00000000        0x0 g:/pi/gcc_pi_6_3/bin/../lib/gcc/arm-none-eabi/6.3.1/../../../../arm-none-eabi/lib/hard\libc.a(lib_a-reent.o)
 .text.cleanup_glue
                0x00000000       0x2c g:/pi/gcc_pi_6_3/bin/../lib/gcc/arm-none-eabi/6.3.1/../../../../arm-none-eabi/lib/hard\libc.a(lib_a-reent.o)
 .text._reclaim_reent
                0x00000000       0xf4 g:/pi/gcc_pi_6_3/bin/../lib/gcc/arm-none-eabi/6.3.1/../../../../arm-none-eabi/lib/hard\libc.a(lib_a-reent.o)
 .debug_frame   0x00000000       0x64 g:/pi/gcc_pi_6_3/bin/../lib/gcc/arm-none-eabi/6.3.1/../../../../arm-none-eabi/lib/hard\libc.a(lib_a-reent.o)
 .data          0x00000000        0x0 g:/pi/gcc_pi_6_3/bin/../lib/gcc/arm-none-eabi/6.3.1/hard\libgcc.a(_udivsi3.o)
 .bss           0x00000000        0x0 g:/pi/gcc_pi_6_3/bin/../lib/gcc/arm-none-eabi/6.3.1/hard\libgcc.a(_udivsi3.o)
 .debug_frame   0x00000000       0x20 g:/pi/gcc_pi_6_3/bin/../lib/gcc/arm-none-eabi/6.3.1/hard\libgcc.a(_udivsi3.o)
 .data          0x00000000        0x0 g:/pi/gcc_pi_6_3/bin/../lib/gcc/arm-none-eabi/6.3.1/hard\libgcc.a(_dvmd_tls.o)
 .bss           0x00000000        0x0 g:/pi/gcc_pi_6_3/bin/../lib/gcc/arm-none-eabi/6.3.1/hard\libgcc.a(_dvmd_tls.o)
 .data          0x00000000        0x0 g:/pi/gcc_pi_6_3/bin/../lib/gcc/arm-none-eabi/6.3.1/hard\libgcc.a(_aeabi_uldivmod.o)
 .bss           0x00000000        0x0 g:/pi/gcc_pi_6_3/bin/../lib/gcc/arm-none-eabi/6.3.1/hard\libgcc.a(_aeabi_uldivmod.o)
 .debug_frame   0x00000000       0x2c g:/pi/gcc_pi_6_3/bin/../lib/gcc/arm-none-eabi/6.3.1/hard\libgcc.a(_aeabi_uldivmod.o)
 .data          0x00000000        0x0 g:/pi/gcc_pi_6_3/bin/../lib/gcc/arm-none-eabi/6.3.1/hard\libgcc.a(_udivmoddi4.o)
 .bss           0x00000000        0x0 g:/pi/gcc_pi_6_3/bin/../lib/gcc/arm-none-eabi/6.3.1/hard\libgcc.a(_udivmoddi4.o)
 .ARM.extab     0x00000000        0x0 g:/pi/gcc_pi_6_3/bin/../lib/gcc/arm-none-eabi/6.3.1/hard\libgcc.a(_udivmoddi4.o)
 .ARM.exidx     0x00000000        0x8 g:/pi/gcc_pi_6_3/bin/../lib/gcc/arm-none-eabi/6.3.1/hard\libgcc.a(_udivmoddi4.o)
 .debug_frame   0x00000000       0x48 g:/pi/gcc_pi_6_3/bin/../lib/gcc/arm-none-eabi/6.3.1/hard\libgcc.a(_udivmoddi4.o)
 .data          0x00000000        0x0 g:/pi/gcc_pi_6_3/bin/../lib/gcc/arm-none-eabi/6.3.1/hard\libgcc.a(_clzdi2.o)
 .bss           0x00000000        0x0 g:/pi/gcc_pi_6_3/bin/../lib/gcc/arm-none-eabi/6.3.1/hard\libgcc.a(_clzdi2.o)
 .data          0x00000000        0x0 g:/pi/gcc_pi_6_3/bin/../lib/gcc/arm-none-eabi/6.3.1/hard\libgcc.a(_clzsi2.o)
 .bss           0x00000000        0x0 g:/pi/gcc_pi_6_3/bin/../lib/gcc/arm-none-eabi/6.3.1/hard\libgcc.a(_clzsi2.o)

Memory Configuration

Name             Origin             Length             Attributes
RAM              0x00008000         0x08000000         xrw
*default*        0x00000000         0xffffffff

Linker script and memory map


.text           0x00008000    0x13694
                0x00008000                . = ALIGN (0x4)
                0x00008000                __text_start__ = .
                0x00008000                _start = .
 *(.text.startup)
 .text.startup  0x00008000      0x3e4 C:\Users\ldebo\AppData\Local\Temp\ccQcKcd2.o
                0x0000839c                EnableInterrupts
                0x000083a4                DisableInterrupts
                0x000083ac                CoreExecute
 *(.text .text.* .gnu.linkonce.t.*)
 .text          0x000083e4      0x1ec C:\Users\ldebo\AppData\Local\Temp\cc4GNEcj.o
                0x000083e4                c_irq_handler
                0x00008400                kernel_main
 .text.setTimerIrqAddress
                0x000085d0       0x1c C:\Users\ldebo\AppData\Local\Temp\ccQcKcd2.o
                0x000085d0                setTimerIrqAddress
 .text.ARMaddrToGPUaddr
                0x000085ec       0x14 C:\Users\ldebo\AppData\Local\Temp\ccQcKcd2.o
                0x000085ec                ARMaddrToGPUaddr
 .text.GPUaddrToARMaddr
                0x00008600       0x98 C:\Users\ldebo\AppData\Local\Temp\ccQcKcd2.o
                0x00008600                GPUaddrToARMaddr
 .text._sbrk    0x00008698       0x2c C:\Users\ldebo\AppData\Local\Temp\ccQcKcd2.o
                0x00008698                _sbrk
 .text          0x000086c4     0x2558 C:\Users\ldebo\AppData\Local\Temp\ccVEucuD.o
                0x000097c4                RPi_CpuIdString
                0x0000982c                gpio_setup
                0x00009890                gpio_output
                0x000098fc                gpio_input
                0x00009944                gpio_checkEvent
                0x00009988                gpio_clearEvent
                0x000099c8                gpio_edgeDetect
                0x00009a8c                gpio_fixResistor
                0x00009bbc                timer_getTickCount
                0x00009c0c                timer_wait
                0x00009c8c                tick_difference
                0x00009c98                mailbox_write
                0x00009cdc                mailbox_read
                0x00009d28                mailbox_tag_message
                0x00009e48                TimerIrqSetup
                0x00009f3c                set_Activity_LED
                0x0000a0ac                ARM_setmaxspeed
                0x0000a160                displaySmartStart
                0x0000a220                Embedded_Console_WriteChar
                0x0000a2d4                WriteText
                0x0000a3b0                SetDCPenColor
                0x0000a3c4                SetDCBrushColor
                0x0000a3d8                MoveToEx
                0x0000a410                LineTo
                0x0000a4b0                TextOut
                0x0000a51c                TransparentTextOut
                0x0000a580                BmpOut
                0x0000a5d0                CvtBmpLine
                0x0000a890                Rectangle
                0x0000a8c4                PiConsole_Init
                0x0000ab78                GetConsoleDC
                0x0000ab84                GetConsole_FrameBuffer
                0x0000ab94                GetConsole_Width
                0x0000aba4                GetConsole_Height
                0x0000abb4                WhereXY
                0x0000abdc                GotoXY
 .text          0x0000ac1c     0x21b4 C:\Users\ldebo\AppData\Local\Temp\ccdnWPjb.o
                0x0000b304                strnlen
                0x0000b34c                emb_vsprintf
                0x0000bf74                vsscanf
                0x0000cd04                sscanf
                0x0000cd40                emb_sprintf
                0x0000cd70                printf
 .text          0x0000cdd0     0x96d4 C:\Users\ldebo\AppData\Local\Temp\ccdmkDIc.o
                0x0000cfcc                HcdProcessRootHubMessage
                0x0000d7e8                PowerOnUsb
                0x0000d830                PowerOffUsb
                0x0000d874                HCDReset
                0x0000d94c                HCDTransmitFifoFlush
                0x0000d9e4                HCDReceiveFifoFlush
                0x0000da68                HCDStart
                0x0000e1a8                HCDCheckErrorAndAction
                0x0000e2e8                HCDWaitOnTransmissionResult
                0x0000e3a0                HCDChannelTransfer
                0x0000ea9c                HCDSubmitControlMessage
                0x0000ef54                HCDSetAddress
                0x0000ef9c                HCDSetConfiguration
                0x0000f008                HCDReadHubPortStatus
                0x0000f138                HCDChangeHubPortFeature
                0x0000f1d0                HCDInitialise
                0x0000f3c0                AddHidPayload
                0x0000f554                RemoveHidPayload
                0x0000f598                AddHubPayload
                0x0000f72c                UsbAllocateDevice
                0x0000f7c4                UsbDeallocateDevice
                0x0000f928                RemoveHubPayload
                0x0000fafc                HubPortReset
                0x000102a4                EnumerateHID
                0x00010710                HCDGetDescriptor
                0x000108c4                HCDReadStringDescriptor
                0x00010fe8                IsHub
                0x0001102c                IsHid
                0x00011070                IsMassStorage
                0x000110b4                IsMouse
                0x00011108                IsKeyboard
                0x0001115c                UsbGetRootHub
                0x0001117c                UsbDeviceAtAddress
                0x000111b8                UsbGetDescription
                0x000112d0                EnumerateDevice
                0x00012088                HubPortConnectionChanged
                0x0001305c                HubCheckConnection
                0x00013ad0                EnumerateHub
                0x000140b0                HubCheckForChange
                0x00014ec8                UsbCheckForChange
                0x00015528                UsbAttachRootHub
                0x00015624                UsbInitialise
                0x00015970                UsbShowTree
                0x00015d9c                HIDReadDescriptor
                0x00016034                HIDReadReport
                0x0001621c                HIDWriteReport
                0x000163f0                HIDSetProtocol
 .text.__locale_ctype_ptr_l
                0x000164a4        0x8 g:/pi/gcc_pi_6_3/bin/../lib/gcc/arm-none-eabi/6.3.1/../../../../arm-none-eabi/lib/hard\libc.a(lib_a-locale.o)
                0x000164a4                __locale_ctype_ptr_l
 .text.__locale_ctype_ptr
                0x000164ac       0x28 g:/pi/gcc_pi_6_3/bin/../lib/gcc/arm-none-eabi/6.3.1/../../../../arm-none-eabi/lib/hard\libc.a(lib_a-locale.o)
                0x000164ac                __locale_ctype_ptr
 .text.mbstowcs
                0x000164d4       0x4c g:/pi/gcc_pi_6_3/bin/../lib/gcc/arm-none-eabi/6.3.1/../../../../arm-none-eabi/lib/hard\libc.a(lib_a-mbstowcs.o)
                0x000164d4                mbstowcs
 .text.__ascii_mbtowc
                0x00016520       0x4c g:/pi/gcc_pi_6_3/bin/../lib/gcc/arm-none-eabi/6.3.1/../../../../arm-none-eabi/lib/hard\libc.a(lib_a-mbtowc_r.o)
                0x00016520                __ascii_mbtowc
 .text.memcpy   0x0001656c      0x114 g:/pi/gcc_pi_6_3/bin/../lib/gcc/arm-none-eabi/6.3.1/../../../../arm-none-eabi/lib/hard\libc.a(lib_a-memcpy-stub.o)
                0x0001656c                memcpy
 .text.memset   0x00016680      0x114 g:/pi/gcc_pi_6_3/bin/../lib/gcc/arm-none-eabi/6.3.1/../../../../arm-none-eabi/lib/hard\libc.a(lib_a-memset.o)
                0x00016680                memset
 .text.strchr   0x00016794      0x1ac g:/pi/gcc_pi_6_3/bin/../lib/gcc/arm-none-eabi/6.3.1/../../../../arm-none-eabi/lib/hard\libc.a(lib_a-strchr.o)
                0x00016794                strchr
 .text.strcpy   0x00016940       0xf0 g:/pi/gcc_pi_6_3/bin/../lib/gcc/arm-none-eabi/6.3.1/../../../../arm-none-eabi/lib/hard\libc.a(lib_a-strcpy.o)
                0x00016940                strcpy
 .text.strlen   0x00016a30       0x60 g:/pi/gcc_pi_6_3/bin/../lib/gcc/arm-none-eabi/6.3.1/../../../../arm-none-eabi/lib/hard\libc.a(lib_a-strlen-stub.o)
                0x00016a30                strlen
 .text.strncpy  0x00016a90       0xdc g:/pi/gcc_pi_6_3/bin/../lib/gcc/arm-none-eabi/6.3.1/../../../../arm-none-eabi/lib/hard\libc.a(lib_a-strncpy.o)
                0x00016a90                strncpy
 .text.unlikely.sulp
                0x00016b6c       0x58 g:/pi/gcc_pi_6_3/bin/../lib/gcc/arm-none-eabi/6.3.1/../../../../arm-none-eabi/lib/hard\libc.a(lib_a-strtod.o)
 *fill*         0x00016bc4        0x4 
 .text._strtod_l
                0x00016bc8     0x14a0 g:/pi/gcc_pi_6_3/bin/../lib/gcc/arm-none-eabi/6.3.1/../../../../arm-none-eabi/lib/hard\libc.a(lib_a-strtod.o)
                0x00016bc8                _strtod_l
 .text.strtod   0x00018068       0x38 g:/pi/gcc_pi_6_3/bin/../lib/gcc/arm-none-eabi/6.3.1/../../../../arm-none-eabi/lib/hard\libc.a(lib_a-strtod.o)
                0x00018068                strtod
 .text.strtof   0x000180a0       0x9c g:/pi/gcc_pi_6_3/bin/../lib/gcc/arm-none-eabi/6.3.1/../../../../arm-none-eabi/lib/hard\libc.a(lib_a-strtod.o)
                0x000180a0                strtof
 .text._strtol_l.isra.0
                0x0001813c      0x220 g:/pi/gcc_pi_6_3/bin/../lib/gcc/arm-none-eabi/6.3.1/../../../../arm-none-eabi/lib/hard\libc.a(lib_a-strtol.o)
 .text.strtol   0x0001835c       0x4c g:/pi/gcc_pi_6_3/bin/../lib/gcc/arm-none-eabi/6.3.1/../../../../arm-none-eabi/lib/hard\libc.a(lib_a-strtol.o)
                0x0001835c                strtol
 .text.strtold  0x000183a8       0x3c g:/pi/gcc_pi_6_3/bin/../lib/gcc/arm-none-eabi/6.3.1/../../../../arm-none-eabi/lib/hard\libc.a(lib_a-strtold.o)
                0x000183a8                strtold
 .text._strtoll_l.isra.0
                0x000183e4      0x2e0 g:/pi/gcc_pi_6_3/bin/../lib/gcc/arm-none-eabi/6.3.1/../../../../arm-none-eabi/lib/hard\libc.a(lib_a-strtoll.o)
 .text.strtoll  0x000186c4       0x4c g:/pi/gcc_pi_6_3/bin/../lib/gcc/arm-none-eabi/6.3.1/../../../../arm-none-eabi/lib/hard\libc.a(lib_a-strtoll.o)
                0x000186c4                strtoll
 .text._strtoul_l.isra.0
                0x00018710      0x1e8 g:/pi/gcc_pi_6_3/bin/../lib/gcc/arm-none-eabi/6.3.1/../../../../arm-none-eabi/lib/hard\libc.a(lib_a-strtoul.o)
 .text.strtoul  0x000188f8       0x4c g:/pi/gcc_pi_6_3/bin/../lib/gcc/arm-none-eabi/6.3.1/../../../../arm-none-eabi/lib/hard\libc.a(lib_a-strtoul.o)
                0x000188f8                strtoul
 *fill*         0x00018944        0x4 
 .text._strtoull_l.isra.0
                0x00018948      0x278 g:/pi/gcc_pi_6_3/bin/../lib/gcc/arm-none-eabi/6.3.1/../../../../arm-none-eabi/lib/hard\libc.a(lib_a-strtoull.o)
 .text.strtoull
                0x00018bc0       0x4c g:/pi/gcc_pi_6_3/bin/../lib/gcc/arm-none-eabi/6.3.1/../../../../arm-none-eabi/lib/hard\libc.a(lib_a-strtoull.o)
                0x00018bc0                strtoull
 .text.wcscpy   0x00018c0c       0x34 g:/pi/gcc_pi_6_3/bin/../lib/gcc/arm-none-eabi/6.3.1/../../../../arm-none-eabi/lib/hard\libc.a(lib_a-wcscpy.o)
                0x00018c0c                wcscpy
 .text.wctob    0x00018c40       0x8c g:/pi/gcc_pi_6_3/bin/../lib/gcc/arm-none-eabi/6.3.1/../../../../arm-none-eabi/lib/hard\libc.a(lib_a-wctob.o)
                0x00018c40                wctob
 .text.__ascii_wctomb
                0x00018ccc       0x28 g:/pi/gcc_pi_6_3/bin/../lib/gcc/arm-none-eabi/6.3.1/../../../../arm-none-eabi/lib/hard\libc.a(lib_a-wctomb_r.o)
                0x00018ccc                __ascii_wctomb
 .text.rshift   0x00018cf4       0xf8 g:/pi/gcc_pi_6_3/bin/../lib/gcc/arm-none-eabi/6.3.1/../../../../arm-none-eabi/lib/hard\libc.a(lib_a-gdtoa-gethex.o)
 .text.__gethex
                0x00018dec      0x804 g:/pi/gcc_pi_6_3/bin/../lib/gcc/arm-none-eabi/6.3.1/../../../../arm-none-eabi/lib/hard\libc.a(lib_a-gdtoa-gethex.o)
                0x00018dec                __gethex
 .text.__match  0x000195f0       0x6c g:/pi/gcc_pi_6_3/bin/../lib/gcc/arm-none-eabi/6.3.1/../../../../arm-none-eabi/lib/hard\libc.a(lib_a-gdtoa-hexnan.o)
                0x000195f0                __match
 .text.__hexnan
                0x0001965c      0x270 g:/pi/gcc_pi_6_3/bin/../lib/gcc/arm-none-eabi/6.3.1/../../../../arm-none-eabi/lib/hard\libc.a(lib_a-gdtoa-hexnan.o)
                0x0001965c                __hexnan
 .text.__localeconv_l
                0x000198cc        0x8 g:/pi/gcc_pi_6_3/bin/../lib/gcc/arm-none-eabi/6.3.1/../../../../arm-none-eabi/lib/hard\libc.a(lib_a-localeconv.o)
                0x000198cc                __localeconv_l
 .text._Balloc  0x000198d4       0x8c g:/pi/gcc_pi_6_3/bin/../lib/gcc/arm-none-eabi/6.3.1/../../../../arm-none-eabi/lib/hard\libc.a(lib_a-mprec.o)
                0x000198d4                _Balloc
 .text._Bfree   0x00019960       0x1c g:/pi/gcc_pi_6_3/bin/../lib/gcc/arm-none-eabi/6.3.1/../../../../arm-none-eabi/lib/hard\libc.a(lib_a-mprec.o)
                0x00019960                _Bfree
 .text.__multadd
                0x0001997c       0xdc g:/pi/gcc_pi_6_3/bin/../lib/gcc/arm-none-eabi/6.3.1/../../../../arm-none-eabi/lib/hard\libc.a(lib_a-mprec.o)
                0x0001997c                __multadd
 .text.__s2b    0x00019a58       0xf0 g:/pi/gcc_pi_6_3/bin/../lib/gcc/arm-none-eabi/6.3.1/../../../../arm-none-eabi/lib/hard\libc.a(lib_a-mprec.o)
                0x00019a58                __s2b
 .text.__hi0bits
                0x00019b48       0x58 g:/pi/gcc_pi_6_3/bin/../lib/gcc/arm-none-eabi/6.3.1/../../../../arm-none-eabi/lib/hard\libc.a(lib_a-mprec.o)
                0x00019b48                __hi0bits
 .text.__lo0bits
                0x00019ba0       0xa0 g:/pi/gcc_pi_6_3/bin/../lib/gcc/arm-none-eabi/6.3.1/../../../../arm-none-eabi/lib/hard\libc.a(lib_a-mprec.o)
                0x00019ba0                __lo0bits
 .text.__i2b    0x00019c40       0x24 g:/pi/gcc_pi_6_3/bin/../lib/gcc/arm-none-eabi/6.3.1/../../../../arm-none-eabi/lib/hard\libc.a(lib_a-mprec.o)
                0x00019c40                __i2b
 .text.__multiply
                0x00019c64      0x1d0 g:/pi/gcc_pi_6_3/bin/../lib/gcc/arm-none-eabi/6.3.1/../../../../arm-none-eabi/lib/hard\libc.a(lib_a-mprec.o)
                0x00019c64                __multiply
 .text.__pow5mult
                0x00019e34      0x104 g:/pi/gcc_pi_6_3/bin/../lib/gcc/arm-none-eabi/6.3.1/../../../../arm-none-eabi/lib/hard\libc.a(lib_a-mprec.o)
                0x00019e34                __pow5mult
 .text.__lshift
                0x00019f38       0xe8 g:/pi/gcc_pi_6_3/bin/../lib/gcc/arm-none-eabi/6.3.1/../../../../arm-none-eabi/lib/hard\libc.a(lib_a-mprec.o)
                0x00019f38                __lshift
 .text.__mcmp   0x0001a020       0x60 g:/pi/gcc_pi_6_3/bin/../lib/gcc/arm-none-eabi/6.3.1/../../../../arm-none-eabi/lib/hard\libc.a(lib_a-mprec.o)
                0x0001a020                __mcmp
 .text.__mdiff  0x0001a080      0x1a8 g:/pi/gcc_pi_6_3/bin/../lib/gcc/arm-none-eabi/6.3.1/../../../../arm-none-eabi/lib/hard\libc.a(lib_a-mprec.o)
                0x0001a080                __mdiff
 .text.__ulp    0x0001a228       0x78 g:/pi/gcc_pi_6_3/bin/../lib/gcc/arm-none-eabi/6.3.1/../../../../arm-none-eabi/lib/hard\libc.a(lib_a-mprec.o)
                0x0001a228                __ulp
 .text.__b2d    0x0001a2a0       0xe0 g:/pi/gcc_pi_6_3/bin/../lib/gcc/arm-none-eabi/6.3.1/../../../../arm-none-eabi/lib/hard\libc.a(lib_a-mprec.o)
                0x0001a2a0                __b2d
 .text.__d2b    0x0001a380      0x110 g:/pi/gcc_pi_6_3/bin/../lib/gcc/arm-none-eabi/6.3.1/../../../../arm-none-eabi/lib/hard\libc.a(lib_a-mprec.o)
                0x0001a380                __d2b
 .text.__ratio  0x0001a490       0x88 g:/pi/gcc_pi_6_3/bin/../lib/gcc/arm-none-eabi/6.3.1/../../../../arm-none-eabi/lib/hard\libc.a(lib_a-mprec.o)
                0x0001a490                __ratio
 .text.__copybits
                0x0001a518       0x70 g:/pi/gcc_pi_6_3/bin/../lib/gcc/arm-none-eabi/6.3.1/../../../../arm-none-eabi/lib/hard\libc.a(lib_a-mprec.o)
                0x0001a518                __copybits
 .text.__any_on
                0x0001a588       0x80 g:/pi/gcc_pi_6_3/bin/../lib/gcc/arm-none-eabi/6.3.1/../../../../arm-none-eabi/lib/hard\libc.a(lib_a-mprec.o)
                0x0001a588                __any_on
 .text.nanf     0x0001a608        0xc g:/pi/gcc_pi_6_3/bin/../lib/gcc/arm-none-eabi/6.3.1/../../../../arm-none-eabi/lib/hard\libc.a(lib_a-sf_nan.o)
                0x0001a608                nanf
 .text.strncmp  0x0001a614      0x110 g:/pi/gcc_pi_6_3/bin/../lib/gcc/arm-none-eabi/6.3.1/../../../../arm-none-eabi/lib/hard\libc.a(lib_a-strncmp.o)
                0x0001a614                strncmp
 .text._calloc_r
                0x0001a724       0x98 g:/pi/gcc_pi_6_3/bin/../lib/gcc/arm-none-eabi/6.3.1/../../../../arm-none-eabi/lib/hard\libc.a(lib_a-callocr.o)
                0x0001a724                _calloc_r
 .text._malloc_r
                0x0001a7bc      0x78c g:/pi/gcc_pi_6_3/bin/../lib/gcc/arm-none-eabi/6.3.1/../../../../arm-none-eabi/lib/hard\libc.a(lib_a-mallocr.o)
                0x0001a7bc                _malloc_r
 .text.__malloc_lock
                0x0001af48       0x18 g:/pi/gcc_pi_6_3/bin/../lib/gcc/arm-none-eabi/6.3.1/../../../../arm-none-eabi/lib/hard\libc.a(lib_a-mlock.o)
                0x0001af48                __malloc_lock
 .text.__malloc_unlock
                0x0001af60       0x18 g:/pi/gcc_pi_6_3/bin/../lib/gcc/arm-none-eabi/6.3.1/../../../../arm-none-eabi/lib/hard\libc.a(lib_a-mlock.o)
                0x0001af60                __malloc_unlock
 .text._sbrk_r  0x0001af78       0x44 g:/pi/gcc_pi_6_3/bin/../lib/gcc/arm-none-eabi/6.3.1/../../../../arm-none-eabi/lib/hard\libc.a(lib_a-sbrkr.o)
                0x0001af78                _sbrk_r
 .text._malloc_trim_r
                0x0001afbc      0x100 g:/pi/gcc_pi_6_3/bin/../lib/gcc/arm-none-eabi/6.3.1/../../../../arm-none-eabi/lib/hard\libc.a(lib_a-freer.o)
                0x0001afbc                _malloc_trim_r
 .text._free_r  0x0001b0bc      0x2e0 g:/pi/gcc_pi_6_3/bin/../lib/gcc/arm-none-eabi/6.3.1/../../../../arm-none-eabi/lib/hard\libc.a(lib_a-freer.o)
                0x0001b0bc                _free_r
 .text.__retarget_lock_acquire_recursive
                0x0001b39c        0x4 g:/pi/gcc_pi_6_3/bin/../lib/gcc/arm-none-eabi/6.3.1/../../../../arm-none-eabi/lib/hard\libc.a(lib_a-lock.o)
                0x0001b39c                __retarget_lock_acquire_recursive
 .text.__retarget_lock_release_recursive
                0x0001b3a0        0x4 g:/pi/gcc_pi_6_3/bin/../lib/gcc/arm-none-eabi/6.3.1/../../../../arm-none-eabi/lib/hard\libc.a(lib_a-lock.o)
                0x0001b3a0                __retarget_lock_release_recursive
 .text          0x0001b3a4      0x114 g:/pi/gcc_pi_6_3/bin/../lib/gcc/arm-none-eabi/6.3.1/hard\libgcc.a(_udivsi3.o)
                0x0001b3a4                __aeabi_uidiv
                0x0001b3a4                __udivsi3
                0x0001b498                __aeabi_uidivmod
 .text          0x0001b4b8        0x4 g:/pi/gcc_pi_6_3/bin/../lib/gcc/arm-none-eabi/6.3.1/hard\libgcc.a(_dvmd_tls.o)
                0x0001b4b8                __aeabi_idiv0
                0x0001b4b8                __aeabi_ldiv0
 .text          0x0001b4bc       0x3c g:/pi/gcc_pi_6_3/bin/../lib/gcc/arm-none-eabi/6.3.1/hard\libgcc.a(_aeabi_uldivmod.o)
                0x0001b4bc                __aeabi_uldivmod
 .text          0x0001b4f8      0x12c g:/pi/gcc_pi_6_3/bin/../lib/gcc/arm-none-eabi/6.3.1/hard\libgcc.a(_udivmoddi4.o)
                0x0001b4f8                __udivmoddi4
 .text          0x0001b624       0x28 g:/pi/gcc_pi_6_3/bin/../lib/gcc/arm-none-eabi/6.3.1/hard\libgcc.a(_clzdi2.o)
                0x0001b624                __clzdi2
 .text          0x0001b64c       0x48 g:/pi/gcc_pi_6_3/bin/../lib/gcc/arm-none-eabi/6.3.1/hard\libgcc.a(_clzsi2.o)
                0x0001b64c                __clzsi2
 *(.rel.text .rel.text.* .rel.gnu.linkonce.t.*)
 *(.init .init.*)
                0x0001b694                . = ALIGN (0x4)
                0x0001b694                __text_end__ = .

.glue_7         0x0001b694        0x0
 .glue_7        0x0001b694        0x0 linker stubs

.glue_7t        0x0001b694        0x0
 .glue_7t       0x0001b694        0x0 linker stubs

.vfp11_veneer   0x0001b694        0x0
 .vfp11_veneer  0x0001b694        0x0 linker stubs

.v4_bx          0x0001b694        0x0
 .v4_bx         0x0001b694        0x0 linker stubs

.iplt           0x0001b694        0x0
 .iplt          0x0001b694        0x0 C:\Users\ldebo\AppData\Local\Temp\cc4GNEcj.o

.bss            0x0001b694     0x854c
                0x0001b694                . = ALIGN (0x4)
                0x0001b694                __bss_start__ = .
 *(.bss .bss.* .gnu.linkonce.b.*)
 .bss           0x0001b694        0x3 C:\Users\ldebo\AppData\Local\Temp\cc4GNEcj.o
 *fill*         0x0001b697        0x1 
 .bss           0x0001b698       0x50 C:\Users\ldebo\AppData\Local\Temp\ccVEucuD.o
                0x0001b69c                console
 .bss           0x0001b6e8     0x849c C:\Users\ldebo\AppData\Local\Temp\ccdmkDIc.o
 .bss.__malloc_current_mallinfo
                0x00023b84       0x28 g:/pi/gcc_pi_6_3/bin/../lib/gcc/arm-none-eabi/6.3.1/../../../../arm-none-eabi/lib/hard\libc.a(lib_a-mallocr.o)
                0x00023b84                __malloc_current_mallinfo
 .bss.__malloc_max_sbrked_mem
                0x00023bac        0x4 g:/pi/gcc_pi_6_3/bin/../lib/gcc/arm-none-eabi/6.3.1/../../../../arm-none-eabi/lib/hard\libc.a(lib_a-mallocr.o)
                0x00023bac                __malloc_max_sbrked_mem
 .bss.__malloc_max_total_mem
                0x00023bb0        0x4 g:/pi/gcc_pi_6_3/bin/../lib/gcc/arm-none-eabi/6.3.1/../../../../arm-none-eabi/lib/hard\libc.a(lib_a-mallocr.o)
                0x00023bb0                __malloc_max_total_mem
 .bss.__malloc_top_pad
                0x00023bb4        0x4 g:/pi/gcc_pi_6_3/bin/../lib/gcc/arm-none-eabi/6.3.1/../../../../arm-none-eabi/lib/hard\libc.a(lib_a-mallocr.o)
                0x00023bb4                __malloc_top_pad
 *(.rela.bss .rela.bss.* .rela.gnu.linkonce.b.*)
 *(COMMON)
 COMMON         0x00023bb8       0x21 g:/pi/gcc_pi_6_3/bin/../lib/gcc/arm-none-eabi/6.3.1/../../../../arm-none-eabi/lib/hard\libc.a(lib_a-lock.o)
                0x00023bb8                __lock___atexit_recursive_mutex
                0x00023bbc                __lock___arc4random_mutex
                0x00023bc0                __lock___env_recursive_mutex
                0x00023bc4                __lock___sinit_recursive_mutex
                0x00023bc8                __lock___malloc_recursive_mutex
                0x00023bcc                __lock___at_quick_exit_mutex
                0x00023bd0                __lock___dd_hash_mutex
                0x00023bd4                __lock___tz_mutex
                0x00023bd8                __lock___sfp_recursive_mutex
 *fill*         0x00023bd9        0x3 
 COMMON         0x00023bdc        0x4 g:/pi/gcc_pi_6_3/bin/../lib/gcc/arm-none-eabi/6.3.1/../../../../arm-none-eabi/lib/hard\libc.a(lib_a-reent.o)
                0x00023bdc                errno
                0x00023be0                . = ALIGN (0x4)
                0x00023be0                __bss_end__ = .

.rodata         0x00023be0     0x2d6c
                0x00023be0                . = ALIGN (0x4)
                0x00023be0                __rodata_start__ = .
 *(.rodata .rodata.*)
 .rodata.str1.4
                0x00023be0       0xb9 C:\Users\ldebo\AppData\Local\Temp\cc4GNEcj.o
                                 0xbd (size before relaxing)
 *fill*         0x00023c99        0x3 
 .rodata        0x00023c9c     0x1000 C:\Users\ldebo\AppData\Local\Temp\ccVEucuD.o
 .rodata.str1.4
                0x00024c9c      0x108 C:\Users\ldebo\AppData\Local\Temp\ccVEucuD.o
 .rodata        0x00024da4       0x10 C:\Users\ldebo\AppData\Local\Temp\ccdnWPjb.o
 .rodata        0x00024db4      0x2c5 C:\Users\ldebo\AppData\Local\Temp\ccdmkDIc.o
 *fill*         0x00025079        0x3 
 .rodata.str1.4
                0x0002507c     0x1558 C:\Users\ldebo\AppData\Local\Temp\ccdmkDIc.o
                               0x155c (size before relaxing)
 .rodata._setlocale_r.str1.4
                0x000265d4        0xa g:/pi/gcc_pi_6_3/bin/../lib/gcc/arm-none-eabi/6.3.1/../../../../arm-none-eabi/lib/hard\libc.a(lib_a-locale.o)
                                  0xd (size before relaxing)
 *fill*         0x000265de        0x2 
 .rodata.str1.4
                0x000265e0        0x2 g:/pi/gcc_pi_6_3/bin/../lib/gcc/arm-none-eabi/6.3.1/../../../../arm-none-eabi/lib/hard\libc.a(lib_a-locale.o)
 *fill*         0x000265e2        0x2 
 .rodata._strtod_l.str1.4
                0x000265e4       0x10 g:/pi/gcc_pi_6_3/bin/../lib/gcc/arm-none-eabi/6.3.1/../../../../arm-none-eabi/lib/hard\libc.a(lib_a-strtod.o)
                                  0xf (size before relaxing)
 .rodata.fpi.7264
                0x000265f4       0x14 g:/pi/gcc_pi_6_3/bin/../lib/gcc/arm-none-eabi/6.3.1/../../../../arm-none-eabi/lib/hard\libc.a(lib_a-strtod.o)
 .rodata.fpinan.7300
                0x00026608       0x14 g:/pi/gcc_pi_6_3/bin/../lib/gcc/arm-none-eabi/6.3.1/../../../../arm-none-eabi/lib/hard\libc.a(lib_a-strtod.o)
 *fill*         0x0002661c        0x4 
 .rodata.tinytens
                0x00026620       0x28 g:/pi/gcc_pi_6_3/bin/../lib/gcc/arm-none-eabi/6.3.1/../../../../arm-none-eabi/lib/hard\libc.a(lib_a-strtod.o)
 .rodata._ctype_
                0x00026648      0x101 g:/pi/gcc_pi_6_3/bin/../lib/gcc/arm-none-eabi/6.3.1/../../../../arm-none-eabi/lib/hard\libc.a(lib_a-ctype_.o)
                0x00026648                _ctype_
 *fill*         0x00026749        0x3 
 .rodata.__hexdig
                0x0002674c      0x100 g:/pi/gcc_pi_6_3/bin/../lib/gcc/arm-none-eabi/6.3.1/../../../../arm-none-eabi/lib/hard\libc.a(lib_a-gdtoa-gethex.o)
                0x0002674c                __hexdig
 *fill*         0x0002684c        0x4 
 .rodata.__mprec_bigtens
                0x00026850       0x28 g:/pi/gcc_pi_6_3/bin/../lib/gcc/arm-none-eabi/6.3.1/../../../../arm-none-eabi/lib/hard\libc.a(lib_a-mprec.o)
                0x00026850                __mprec_bigtens
 .rodata.__mprec_tens
                0x00026878       0xc8 g:/pi/gcc_pi_6_3/bin/../lib/gcc/arm-none-eabi/6.3.1/../../../../arm-none-eabi/lib/hard\libc.a(lib_a-mprec.o)
                0x00026878                __mprec_tens
 .rodata.p05.7178
                0x00026940        0xc g:/pi/gcc_pi_6_3/bin/../lib/gcc/arm-none-eabi/6.3.1/../../../../arm-none-eabi/lib/hard\libc.a(lib_a-mprec.o)
 *(.rel.rodata .rel.rodata.* .rel.gnu.linkonce.r.*)
                0x0002694c                . = ALIGN (0x4)
                0x0002694c                __rodata_end__ = .

.rel.dyn        0x0002694c        0x0
 .rel.iplt      0x0002694c        0x0 C:\Users\ldebo\AppData\Local\Temp\cc4GNEcj.o

.data           0x00026950      0xa00
                0x00026950                . = ALIGN (0x4)
                0x00026950                __data_start__ = .
 *(.data .data.* .gnu.linkonce.d.*)
 .data.smartstart
                0x00026950        0xc C:\Users\ldebo\AppData\Local\Temp\ccQcKcd2.o
                0x00026954                RPi_CPUCurrentMode
                0x00026958                RPi_Heap
 .data.smartstart32
                0x0002695c       0x1c C:\Users\ldebo\AppData\Local\Temp\ccQcKcd2.o
                0x0002695c                RPi_IO_Base_Addr
                0x00026960                RPi_BootAddr
                0x00026964                RPi_CoresReady
                0x00026968                RPi_CPUBootMode
                0x0002696c                RPi_CpuId
                0x00026970                RPi_CompileMode
 .data          0x00026978        0x4 C:\Users\ldebo\AppData\Local\Temp\ccVEucuD.o
 .data          0x0002697c       0x28 C:\Users\ldebo\AppData\Local\Temp\ccdmkDIc.o
                0x00026998                SpeedString
 .data.__global_locale
                0x000269a4      0x16c g:/pi/gcc_pi_6_3/bin/../lib/gcc/arm-none-eabi/6.3.1/../../../../arm-none-eabi/lib/hard\libc.a(lib_a-locale.o)
                0x000269a4                __global_locale
 .data._impure_ptr
                0x00026b10        0x4 g:/pi/gcc_pi_6_3/bin/../lib/gcc/arm-none-eabi/6.3.1/../../../../arm-none-eabi/lib/hard\libc.a(lib_a-impure.o)
                0x00026b10                _impure_ptr
 *fill*         0x00026b14        0x4 
 .data.impure_data
                0x00026b18      0x428 g:/pi/gcc_pi_6_3/bin/../lib/gcc/arm-none-eabi/6.3.1/../../../../arm-none-eabi/lib/hard\libc.a(lib_a-impure.o)
 .data.__malloc_av_
                0x00026f40      0x408 g:/pi/gcc_pi_6_3/bin/../lib/gcc/arm-none-eabi/6.3.1/../../../../arm-none-eabi/lib/hard\libc.a(lib_a-mallocr.o)
                0x00026f40                __malloc_av_
 .data.__malloc_sbrk_base
                0x00027348        0x4 g:/pi/gcc_pi_6_3/bin/../lib/gcc/arm-none-eabi/6.3.1/../../../../arm-none-eabi/lib/hard\libc.a(lib_a-mallocr.o)
                0x00027348                __malloc_sbrk_base
 .data.__malloc_trim_threshold
                0x0002734c        0x4 g:/pi/gcc_pi_6_3/bin/../lib/gcc/arm-none-eabi/6.3.1/../../../../arm-none-eabi/lib/hard\libc.a(lib_a-mallocr.o)
                0x0002734c                __malloc_trim_threshold
 *(.rel.data .rel.data.* .rel.gnu.linkonce.d.*)
                0x00027350                . = ALIGN (0x4)
                0x00027350                __data_end__ = .

.igot.plt       0x00027350        0x0
 .igot.plt      0x00027350        0x0 C:\Users\ldebo\AppData\Local\Temp\cc4GNEcj.o

.data1          0x00027350        0x0
                0x00027350                . = ALIGN (0x10)
                0x00027350                __data1_start__ = .
 *(.data1 .data1.*)
 *(.rel.data1 .rel.data1.*)
                0x00027350                . = ALIGN (0x10)
                0x00027350                __data1_end__ = .

.stack          0x00027350     0xa200
                0x00027350                . = ALIGN (0x8)
                0x00027350                __stack_start__core0 = .
                0x00027550                . = (. + 0x200)
 *fill*         0x00027350      0x200 
                0x00027550                __HYP_stack_core0 = .
                0x0002f550                . = (. + 0x8000)
 *fill*         0x00027550     0x8000 
                0x0002f550                __SVC_stack_core0 = .
                0x00030550                . = (. + 0x1000)
 *fill*         0x0002f550     0x1000 
                0x00030550                __IRQ_stack_core0 = .
                0x00031550                . = (. + 0x1000)
 *fill*         0x00030550     0x1000 
                0x00031550                __FIQ_stack_core0 = .
                0x00031550                . = ALIGN (0x8)
                0x00031550                __stack_end__core0 = .

.stack_core1    0x00031550     0x1600
                0x00031550                . = ALIGN (0x8)
                0x00031550                __stack_start__core1 = .
                0x00031750                . = (. + 0x200)
 *fill*         0x00031550      0x200 
                0x00031750                __HYP_stack_core1 = .
                0x00032750                . = (. + 0x1000)
 *fill*         0x00031750     0x1000 
                0x00032750                __SVC_stack_core1 = .
                0x00032950                . = (. + 0x200)
 *fill*         0x00032750      0x200 
                0x00032950                __IRQ_stack_core1 = .
                0x00032b50                . = (. + 0x200)
 *fill*         0x00032950      0x200 
                0x00032b50                __FIQ_stack_core1 = .
                0x00032b50                . = ALIGN (0x8)
                0x00032b50                __stack_end__core1 = .

.stack_core2    0x00032b50     0x1600
                0x00032b50                . = ALIGN (0x8)
                0x00032b50                __stack_start__core2 = .
                0x00032d50                . = (. + 0x200)
 *fill*         0x00032b50      0x200 
                0x00032d50                __HYP_stack_core2 = .
                0x00033d50                . = (. + 0x1000)
 *fill*         0x00032d50     0x1000 
                0x00033d50                __SVC_stack_core2 = .
                0x00033f50                . = (. + 0x200)
 *fill*         0x00033d50      0x200 
                0x00033f50                __IRQ_stack_core2 = .
                0x00034150                . = (. + 0x200)
 *fill*         0x00033f50      0x200 
                0x00034150                __FIQ_stack_core2 = .
                0x00034150                . = ALIGN (0x8)
                0x00034150                __stack_end__core2 = .

.stack_core3    0x00034150     0x1600
                0x00034150                . = ALIGN (0x8)
                0x00034150                __stack_start__core3 = .
                0x00034350                . = (. + 0x200)
 *fill*         0x00034150      0x200 
                0x00034350                __HYP_stack_core3 = .
                0x00035350                . = (. + 0x1000)
 *fill*         0x00034350     0x1000 
                0x00035350                __SVC_stack_core3 = .
                0x00035550                . = (. + 0x200)
 *fill*         0x00035350      0x200 
                0x00035550                __IRQ_stack_core3 = .
                0x00035750                . = (. + 0x200)
 *fill*         0x00035550      0x200 
                0x00035750                __FIQ_stack_core3 = .
                0x00035750                . = ALIGN (0x8)
                0x00035750                __stack_end__core3 = .

.ARM.attributes
                0x00000000       0x2f
 *(.ARM.attributes)
 .ARM.attributes
                0x00000000       0x31 C:\Users\ldebo\AppData\Local\Temp\cc4GNEcj.o
 .ARM.attributes
                0x00000031       0x1f C:\Users\ldebo\AppData\Local\Temp\ccQcKcd2.o
 .ARM.attributes
                0x00000050       0x31 C:\Users\ldebo\AppData\Local\Temp\ccVEucuD.o
 .ARM.attributes
                0x00000081       0x31 C:\Users\ldebo\AppData\Local\Temp\ccdnWPjb.o
 .ARM.attributes
                0x000000b2       0x31 C:\Users\ldebo\AppData\Local\Temp\ccdmkDIc.o
 .ARM.attributes
                0x000000e3       0x34 g:/pi/gcc_pi_6_3/bin/../lib/gcc/arm-none-eabi/6.3.1/../../../../arm-none-eabi/lib/hard\libc.a(lib_a-locale.o)
 .ARM.attributes
                0x00000117       0x34 g:/pi/gcc_pi_6_3/bin/../lib/gcc/arm-none-eabi/6.3.1/../../../../arm-none-eabi/lib/hard\libc.a(lib_a-mbstowcs.o)
 .ARM.attributes
                0x0000014b       0x34 g:/pi/gcc_pi_6_3/bin/../lib/gcc/arm-none-eabi/6.3.1/../../../../arm-none-eabi/lib/hard\libc.a(lib_a-mbtowc_r.o)
 .ARM.attributes
                0x0000017f       0x34 g:/pi/gcc_pi_6_3/bin/../lib/gcc/arm-none-eabi/6.3.1/../../../../arm-none-eabi/lib/hard\libc.a(lib_a-memcpy-stub.o)
 .ARM.attributes
                0x000001b3       0x34 g:/pi/gcc_pi_6_3/bin/../lib/gcc/arm-none-eabi/6.3.1/../../../../arm-none-eabi/lib/hard\libc.a(lib_a-memset.o)
 .ARM.attributes
                0x000001e7       0x34 g:/pi/gcc_pi_6_3/bin/../lib/gcc/arm-none-eabi/6.3.1/../../../../arm-none-eabi/lib/hard\libc.a(lib_a-strchr.o)
 .ARM.attributes
                0x0000021b       0x34 g:/pi/gcc_pi_6_3/bin/../lib/gcc/arm-none-eabi/6.3.1/../../../../arm-none-eabi/lib/hard\libc.a(lib_a-strcpy.o)
 .ARM.attributes
                0x0000024f       0x34 g:/pi/gcc_pi_6_3/bin/../lib/gcc/arm-none-eabi/6.3.1/../../../../arm-none-eabi/lib/hard\libc.a(lib_a-strlen-stub.o)
 .ARM.attributes
                0x00000283       0x34 g:/pi/gcc_pi_6_3/bin/../lib/gcc/arm-none-eabi/6.3.1/../../../../arm-none-eabi/lib/hard\libc.a(lib_a-strncpy.o)
 .ARM.attributes
                0x000002b7       0x34 g:/pi/gcc_pi_6_3/bin/../lib/gcc/arm-none-eabi/6.3.1/../../../../arm-none-eabi/lib/hard\libc.a(lib_a-strtod.o)
 .ARM.attributes
                0x000002eb       0x34 g:/pi/gcc_pi_6_3/bin/../lib/gcc/arm-none-eabi/6.3.1/../../../../arm-none-eabi/lib/hard\libc.a(lib_a-strtol.o)
 .ARM.attributes
                0x0000031f       0x34 g:/pi/gcc_pi_6_3/bin/../lib/gcc/arm-none-eabi/6.3.1/../../../../arm-none-eabi/lib/hard\libc.a(lib_a-strtold.o)
 .ARM.attributes
                0x00000353       0x34 g:/pi/gcc_pi_6_3/bin/../lib/gcc/arm-none-eabi/6.3.1/../../../../arm-none-eabi/lib/hard\libc.a(lib_a-strtoll.o)
 .ARM.attributes
                0x00000387       0x34 g:/pi/gcc_pi_6_3/bin/../lib/gcc/arm-none-eabi/6.3.1/../../../../arm-none-eabi/lib/hard\libc.a(lib_a-strtoul.o)
 .ARM.attributes
                0x000003bb       0x34 g:/pi/gcc_pi_6_3/bin/../lib/gcc/arm-none-eabi/6.3.1/../../../../arm-none-eabi/lib/hard\libc.a(lib_a-strtoull.o)
 .ARM.attributes
                0x000003ef       0x34 g:/pi/gcc_pi_6_3/bin/../lib/gcc/arm-none-eabi/6.3.1/../../../../arm-none-eabi/lib/hard\libc.a(lib_a-wcscpy.o)
 .ARM.attributes
                0x00000423       0x34 g:/pi/gcc_pi_6_3/bin/../lib/gcc/arm-none-eabi/6.3.1/../../../../arm-none-eabi/lib/hard\libc.a(lib_a-wctob.o)
 .ARM.attributes
                0x00000457       0x34 g:/pi/gcc_pi_6_3/bin/../lib/gcc/arm-none-eabi/6.3.1/../../../../arm-none-eabi/lib/hard\libc.a(lib_a-wctomb_r.o)
 .ARM.attributes
                0x0000048b       0x32 g:/pi/gcc_pi_6_3/bin/../lib/gcc/arm-none-eabi/6.3.1/../../../../arm-none-eabi/lib/hard\libc.a(lib_a-ctype_.o)
 .ARM.attributes
                0x000004bd       0x34 g:/pi/gcc_pi_6_3/bin/../lib/gcc/arm-none-eabi/6.3.1/../../../../arm-none-eabi/lib/hard\libc.a(lib_a-gdtoa-gethex.o)
 .ARM.attributes
                0x000004f1       0x34 g:/pi/gcc_pi_6_3/bin/../lib/gcc/arm-none-eabi/6.3.1/../../../../arm-none-eabi/lib/hard\libc.a(lib_a-gdtoa-hexnan.o)
 .ARM.attributes
                0x00000525       0x32 g:/pi/gcc_pi_6_3/bin/../lib/gcc/arm-none-eabi/6.3.1/../../../../arm-none-eabi/lib/hard\libc.a(lib_a-impure.o)
 .ARM.attributes
                0x00000557       0x34 g:/pi/gcc_pi_6_3/bin/../lib/gcc/arm-none-eabi/6.3.1/../../../../arm-none-eabi/lib/hard\libc.a(lib_a-localeconv.o)
 .ARM.attributes
                0x0000058b       0x34 g:/pi/gcc_pi_6_3/bin/../lib/gcc/arm-none-eabi/6.3.1/../../../../arm-none-eabi/lib/hard\libc.a(lib_a-mprec.o)
 .ARM.attributes
                0x000005bf       0x34 g:/pi/gcc_pi_6_3/bin/../lib/gcc/arm-none-eabi/6.3.1/../../../../arm-none-eabi/lib/hard\libc.a(lib_a-sf_nan.o)
 .ARM.attributes
                0x000005f3       0x34 g:/pi/gcc_pi_6_3/bin/../lib/gcc/arm-none-eabi/6.3.1/../../../../arm-none-eabi/lib/hard\libc.a(lib_a-strncmp.o)
 .ARM.attributes
                0x00000627       0x34 g:/pi/gcc_pi_6_3/bin/../lib/gcc/arm-none-eabi/6.3.1/../../../../arm-none-eabi/lib/hard\libc.a(lib_a-callocr.o)
 .ARM.attributes
                0x0000065b       0x34 g:/pi/gcc_pi_6_3/bin/../lib/gcc/arm-none-eabi/6.3.1/../../../../arm-none-eabi/lib/hard\libc.a(lib_a-mallocr.o)
 .ARM.attributes
                0x0000068f       0x34 g:/pi/gcc_pi_6_3/bin/../lib/gcc/arm-none-eabi/6.3.1/../../../../arm-none-eabi/lib/hard\libc.a(lib_a-mlock.o)
 .ARM.attributes
                0x000006c3       0x34 g:/pi/gcc_pi_6_3/bin/../lib/gcc/arm-none-eabi/6.3.1/../../../../arm-none-eabi/lib/hard\libc.a(lib_a-sbrkr.o)
 .ARM.attributes
                0x000006f7       0x34 g:/pi/gcc_pi_6_3/bin/../lib/gcc/arm-none-eabi/6.3.1/../../../../arm-none-eabi/lib/hard\libc.a(lib_a-freer.o)
 .ARM.attributes
                0x0000072b       0x34 g:/pi/gcc_pi_6_3/bin/../lib/gcc/arm-none-eabi/6.3.1/../../../../arm-none-eabi/lib/hard\libc.a(lib_a-lock.o)
 .ARM.attributes
                0x0000075f       0x34 g:/pi/gcc_pi_6_3/bin/../lib/gcc/arm-none-eabi/6.3.1/../../../../arm-none-eabi/lib/hard\libc.a(lib_a-reent.o)
 .ARM.attributes
                0x00000793       0x18 g:/pi/gcc_pi_6_3/bin/../lib/gcc/arm-none-eabi/6.3.1/hard\libgcc.a(_udivsi3.o)
 .ARM.attributes
                0x000007ab       0x18 g:/pi/gcc_pi_6_3/bin/../lib/gcc/arm-none-eabi/6.3.1/hard\libgcc.a(_dvmd_tls.o)
 .ARM.attributes
                0x000007c3       0x18 g:/pi/gcc_pi_6_3/bin/../lib/gcc/arm-none-eabi/6.3.1/hard\libgcc.a(_aeabi_uldivmod.o)
 .ARM.attributes
                0x000007db       0x34 g:/pi/gcc_pi_6_3/bin/../lib/gcc/arm-none-eabi/6.3.1/hard\libgcc.a(_udivmoddi4.o)
 .ARM.attributes
                0x0000080f       0x18 g:/pi/gcc_pi_6_3/bin/../lib/gcc/arm-none-eabi/6.3.1/hard\libgcc.a(_clzdi2.o)
 .ARM.attributes
                0x00000827       0x18 g:/pi/gcc_pi_6_3/bin/../lib/gcc/arm-none-eabi/6.3.1/hard\libgcc.a(_clzsi2.o)

.Heap           0x00035750        0x0
                0x00035750                . = ALIGN (0x4)
                0x00035750                __heap_start__ = .
                0x00035750                _end = .
                [!provide]                PROVIDE (end, .)

/DISCARD/
 *(.ARM.exidx .ARM.exidx.*)
 *(.rel.ARM.exidx .rel.ARM.exidx.* .gnu.linkonce.armexidx.*)
 *(.debug_frame .debug_frame.*)
 *(.comment *.comment.*)
 *(.symtab .symtab.*)
 *(.strtab .strtab.*)
 *(.shstrtab .shstrtab.*)
 libc.a(*)
 libm.a(*)
 libgcc.a(*)
 *(.note.GNU-stack)
 *(.gnu_debuglink)
 *(.gnu.lto_*)
LOAD C:\Users\ldebo\AppData\Local\Temp\cc4GNEcj.o
LOAD C:\Users\ldebo\AppData\Local\Temp\ccQcKcd2.o
LOAD C:\Users\ldebo\AppData\Local\Temp\ccVEucuD.o
LOAD C:\Users\ldebo\AppData\Local\Temp\ccdnWPjb.o
LOAD C:\Users\ldebo\AppData\Local\Temp\ccdmkDIc.o
LOAD g:/pi/gcc_pi_6_3/bin/../lib/gcc/arm-none-eabi/6.3.1/../../../../arm-none-eabi/lib/hard\libc.a
LOAD g:/pi/gcc_pi_6_3/bin/../lib/gcc/arm-none-eabi/6.3.1/../../../../arm-none-eabi/lib/hard\libm.a
LOAD g:/pi/gcc_pi_6_3/bin/../lib/gcc/arm-none-eabi/6.3.1/../../../../arm-none-eabi/lib/hard\libg.a
LOAD g:/pi/gcc_pi_6_3/bin/../lib/gcc/arm-none-eabi/6.3.1/hard\libgcc.a
OUTPUT(kernel.elf elf32-littlearm)
