Archive member included to satisfy reference by file (symbol)

g:/pi/gcc_pi_6_3/bin/../lib/gcc/arm-none-eabi/6.3.1/../../../../arm-none-eabi/lib/hard\libc.a(lib_a-locale.o)
                              C:\Users\ldebo\AppData\Local\Temp\ccpLHjXJ.o (__locale_ctype_ptr)
g:/pi/gcc_pi_6_3/bin/../lib/gcc/arm-none-eabi/6.3.1/../../../../arm-none-eabi/lib/hard\libc.a(lib_a-mbstowcs.o)
                              C:\Users\ldebo\AppData\Local\Temp\ccpLHjXJ.o (mbstowcs)
g:/pi/gcc_pi_6_3/bin/../lib/gcc/arm-none-eabi/6.3.1/../../../../arm-none-eabi/lib/hard\libc.a(lib_a-mbtowc_r.o)
                              g:/pi/gcc_pi_6_3/bin/../lib/gcc/arm-none-eabi/6.3.1/../../../../arm-none-eabi/lib/hard\libc.a(lib_a-locale.o) (__ascii_mbtowc)
g:/pi/gcc_pi_6_3/bin/../lib/gcc/arm-none-eabi/6.3.1/../../../../arm-none-eabi/lib/hard\libc.a(lib_a-memcpy-stub.o)
                              C:\Users\ldebo\AppData\Local\Temp\ccpBclhp.o (memcpy)
g:/pi/gcc_pi_6_3/bin/../lib/gcc/arm-none-eabi/6.3.1/../../../../arm-none-eabi/lib/hard\libc.a(lib_a-reent.o)
                              C:\Users\ldebo\AppData\Local\Temp\ccpBclhp.o (errno)
g:/pi/gcc_pi_6_3/bin/../lib/gcc/arm-none-eabi/6.3.1/../../../../arm-none-eabi/lib/hard\libc.a(lib_a-strchr.o)
                              C:\Users\ldebo\AppData\Local\Temp\ccpLHjXJ.o (strchr)
g:/pi/gcc_pi_6_3/bin/../lib/gcc/arm-none-eabi/6.3.1/../../../../arm-none-eabi/lib/hard\libc.a(lib_a-strcmp.o)
                              g:/pi/gcc_pi_6_3/bin/../lib/gcc/arm-none-eabi/6.3.1/../../../../arm-none-eabi/lib/hard\libc.a(lib_a-locale.o) (strcmp)
g:/pi/gcc_pi_6_3/bin/../lib/gcc/arm-none-eabi/6.3.1/../../../../arm-none-eabi/lib/hard\libc.a(lib_a-strcpy.o)
                              C:\Users\ldebo\AppData\Local\Temp\ccpLHjXJ.o (strcpy)
g:/pi/gcc_pi_6_3/bin/../lib/gcc/arm-none-eabi/6.3.1/../../../../arm-none-eabi/lib/hard\libc.a(lib_a-strlen-stub.o)
                              C:\Users\ldebo\AppData\Local\Temp\ccpBclhp.o (strlen)
g:/pi/gcc_pi_6_3/bin/../lib/gcc/arm-none-eabi/6.3.1/../../../../arm-none-eabi/lib/hard\libc.a(lib_a-strncpy.o)
                              C:\Users\ldebo\AppData\Local\Temp\ccpLHjXJ.o (strncpy)
g:/pi/gcc_pi_6_3/bin/../lib/gcc/arm-none-eabi/6.3.1/../../../../arm-none-eabi/lib/hard\libc.a(lib_a-strtod.o)
                              C:\Users\ldebo\AppData\Local\Temp\ccpLHjXJ.o (strtod)
g:/pi/gcc_pi_6_3/bin/../lib/gcc/arm-none-eabi/6.3.1/../../../../arm-none-eabi/lib/hard\libc.a(lib_a-strtol.o)
                              C:\Users\ldebo\AppData\Local\Temp\ccpLHjXJ.o (strtol)
g:/pi/gcc_pi_6_3/bin/../lib/gcc/arm-none-eabi/6.3.1/../../../../arm-none-eabi/lib/hard\libc.a(lib_a-strtold.o)
                              C:\Users\ldebo\AppData\Local\Temp\ccpLHjXJ.o (strtold)
g:/pi/gcc_pi_6_3/bin/../lib/gcc/arm-none-eabi/6.3.1/../../../../arm-none-eabi/lib/hard\libc.a(lib_a-strtoll.o)
                              C:\Users\ldebo\AppData\Local\Temp\ccpLHjXJ.o (strtoll)
g:/pi/gcc_pi_6_3/bin/../lib/gcc/arm-none-eabi/6.3.1/../../../../arm-none-eabi/lib/hard\libc.a(lib_a-strtoul.o)
                              C:\Users\ldebo\AppData\Local\Temp\ccpLHjXJ.o (strtoul)
g:/pi/gcc_pi_6_3/bin/../lib/gcc/arm-none-eabi/6.3.1/../../../../arm-none-eabi/lib/hard\libc.a(lib_a-strtoull.o)
                              C:\Users\ldebo\AppData\Local\Temp\ccpLHjXJ.o (strtoull)
g:/pi/gcc_pi_6_3/bin/../lib/gcc/arm-none-eabi/6.3.1/../../../../arm-none-eabi/lib/hard\libc.a(lib_a-wcscpy.o)
                              C:\Users\ldebo\AppData\Local\Temp\ccpLHjXJ.o (wcscpy)
g:/pi/gcc_pi_6_3/bin/../lib/gcc/arm-none-eabi/6.3.1/../../../../arm-none-eabi/lib/hard\libc.a(lib_a-wctob.o)
                              C:\Users\ldebo\AppData\Local\Temp\cceqgjRm.o (wctob)
g:/pi/gcc_pi_6_3/bin/../lib/gcc/arm-none-eabi/6.3.1/../../../../arm-none-eabi/lib/hard\libc.a(lib_a-wctomb_r.o)
                              g:/pi/gcc_pi_6_3/bin/../lib/gcc/arm-none-eabi/6.3.1/../../../../arm-none-eabi/lib/hard\libc.a(lib_a-locale.o) (__ascii_wctomb)
g:/pi/gcc_pi_6_3/bin/../lib/gcc/arm-none-eabi/6.3.1/../../../../arm-none-eabi/lib/hard\libc.a(lib_a-ctype_.o)
                              g:/pi/gcc_pi_6_3/bin/../lib/gcc/arm-none-eabi/6.3.1/../../../../arm-none-eabi/lib/hard\libc.a(lib_a-locale.o) (_ctype_)
g:/pi/gcc_pi_6_3/bin/../lib/gcc/arm-none-eabi/6.3.1/../../../../arm-none-eabi/lib/hard\libc.a(lib_a-freer.o)
                              g:/pi/gcc_pi_6_3/bin/../lib/gcc/arm-none-eabi/6.3.1/../../../../arm-none-eabi/lib/hard\libc.a(lib_a-reent.o) (_free_r)
g:/pi/gcc_pi_6_3/bin/../lib/gcc/arm-none-eabi/6.3.1/../../../../arm-none-eabi/lib/hard\libc.a(lib_a-gdtoa-gethex.o)
                              g:/pi/gcc_pi_6_3/bin/../lib/gcc/arm-none-eabi/6.3.1/../../../../arm-none-eabi/lib/hard\libc.a(lib_a-strtod.o) (__gethex)
g:/pi/gcc_pi_6_3/bin/../lib/gcc/arm-none-eabi/6.3.1/../../../../arm-none-eabi/lib/hard\libc.a(lib_a-gdtoa-hexnan.o)
                              g:/pi/gcc_pi_6_3/bin/../lib/gcc/arm-none-eabi/6.3.1/../../../../arm-none-eabi/lib/hard\libc.a(lib_a-strtod.o) (__match)
g:/pi/gcc_pi_6_3/bin/../lib/gcc/arm-none-eabi/6.3.1/../../../../arm-none-eabi/lib/hard\libc.a(lib_a-impure.o)
                              g:/pi/gcc_pi_6_3/bin/../lib/gcc/arm-none-eabi/6.3.1/../../../../arm-none-eabi/lib/hard\libc.a(lib_a-locale.o) (_impure_ptr)
g:/pi/gcc_pi_6_3/bin/../lib/gcc/arm-none-eabi/6.3.1/../../../../arm-none-eabi/lib/hard\libc.a(lib_a-localeconv.o)
                              g:/pi/gcc_pi_6_3/bin/../lib/gcc/arm-none-eabi/6.3.1/../../../../arm-none-eabi/lib/hard\libc.a(lib_a-strtod.o) (__localeconv_l)
g:/pi/gcc_pi_6_3/bin/../lib/gcc/arm-none-eabi/6.3.1/../../../../arm-none-eabi/lib/hard\libc.a(lib_a-mallocr.o)
                              g:/pi/gcc_pi_6_3/bin/../lib/gcc/arm-none-eabi/6.3.1/../../../../arm-none-eabi/lib/hard\libc.a(lib_a-freer.o) (__malloc_current_mallinfo)
g:/pi/gcc_pi_6_3/bin/../lib/gcc/arm-none-eabi/6.3.1/../../../../arm-none-eabi/lib/hard\libc.a(lib_a-memset.o)
                              g:/pi/gcc_pi_6_3/bin/../lib/gcc/arm-none-eabi/6.3.1/../../../../arm-none-eabi/lib/hard\libc.a(lib_a-wctob.o) (memset)
g:/pi/gcc_pi_6_3/bin/../lib/gcc/arm-none-eabi/6.3.1/../../../../arm-none-eabi/lib/hard\libc.a(lib_a-mlock.o)
                              g:/pi/gcc_pi_6_3/bin/../lib/gcc/arm-none-eabi/6.3.1/../../../../arm-none-eabi/lib/hard\libc.a(lib_a-freer.o) (__malloc_lock)
g:/pi/gcc_pi_6_3/bin/../lib/gcc/arm-none-eabi/6.3.1/../../../../arm-none-eabi/lib/hard\libc.a(lib_a-mprec.o)
                              g:/pi/gcc_pi_6_3/bin/../lib/gcc/arm-none-eabi/6.3.1/../../../../arm-none-eabi/lib/hard\libc.a(lib_a-strtod.o) (_Balloc)
g:/pi/gcc_pi_6_3/bin/../lib/gcc/arm-none-eabi/6.3.1/../../../../arm-none-eabi/lib/hard\libc.a(lib_a-sbrkr.o)
                              g:/pi/gcc_pi_6_3/bin/../lib/gcc/arm-none-eabi/6.3.1/../../../../arm-none-eabi/lib/hard\libc.a(lib_a-freer.o) (_sbrk_r)
g:/pi/gcc_pi_6_3/bin/../lib/gcc/arm-none-eabi/6.3.1/../../../../arm-none-eabi/lib/hard\libc.a(lib_a-sf_nan.o)
                              g:/pi/gcc_pi_6_3/bin/../lib/gcc/arm-none-eabi/6.3.1/../../../../arm-none-eabi/lib/hard\libc.a(lib_a-strtod.o) (nanf)
g:/pi/gcc_pi_6_3/bin/../lib/gcc/arm-none-eabi/6.3.1/../../../../arm-none-eabi/lib/hard\libc.a(lib_a-strncmp.o)
                              g:/pi/gcc_pi_6_3/bin/../lib/gcc/arm-none-eabi/6.3.1/../../../../arm-none-eabi/lib/hard\libc.a(lib_a-strtod.o) (strncmp)
g:/pi/gcc_pi_6_3/bin/../lib/gcc/arm-none-eabi/6.3.1/../../../../arm-none-eabi/lib/hard\libc.a(lib_a-callocr.o)
                              g:/pi/gcc_pi_6_3/bin/../lib/gcc/arm-none-eabi/6.3.1/../../../../arm-none-eabi/lib/hard\libc.a(lib_a-mprec.o) (_calloc_r)
g:/pi/gcc_pi_6_3/bin/../lib/gcc/arm-none-eabi/6.3.1/../../../../arm-none-eabi/lib/hard\libc.a(lib_a-lock.o)
                              g:/pi/gcc_pi_6_3/bin/../lib/gcc/arm-none-eabi/6.3.1/../../../../arm-none-eabi/lib/hard\libc.a(lib_a-mlock.o) (__retarget_lock_acquire_recursive)
g:/pi/gcc_pi_6_3/bin/../lib/gcc/arm-none-eabi/6.3.1/../../../../arm-none-eabi/lib/hard\libm.a(lib_a-sf_cos.o)
                              C:\Users\ldebo\AppData\Local\Temp\cck8WzaS.o (cosf)
g:/pi/gcc_pi_6_3/bin/../lib/gcc/arm-none-eabi/6.3.1/../../../../arm-none-eabi/lib/hard\libm.a(lib_a-sf_sin.o)
                              C:\Users\ldebo\AppData\Local\Temp\cck8WzaS.o (sinf)
g:/pi/gcc_pi_6_3/bin/../lib/gcc/arm-none-eabi/6.3.1/../../../../arm-none-eabi/lib/hard\libm.a(lib_a-ef_rem_pio2.o)
                              g:/pi/gcc_pi_6_3/bin/../lib/gcc/arm-none-eabi/6.3.1/../../../../arm-none-eabi/lib/hard\libm.a(lib_a-sf_cos.o) (__ieee754_rem_pio2f)
g:/pi/gcc_pi_6_3/bin/../lib/gcc/arm-none-eabi/6.3.1/../../../../arm-none-eabi/lib/hard\libm.a(lib_a-kf_cos.o)
                              g:/pi/gcc_pi_6_3/bin/../lib/gcc/arm-none-eabi/6.3.1/../../../../arm-none-eabi/lib/hard\libm.a(lib_a-sf_cos.o) (__kernel_cosf)
g:/pi/gcc_pi_6_3/bin/../lib/gcc/arm-none-eabi/6.3.1/../../../../arm-none-eabi/lib/hard\libm.a(lib_a-kf_rem_pio2.o)
                              g:/pi/gcc_pi_6_3/bin/../lib/gcc/arm-none-eabi/6.3.1/../../../../arm-none-eabi/lib/hard\libm.a(lib_a-ef_rem_pio2.o) (__kernel_rem_pio2f)
g:/pi/gcc_pi_6_3/bin/../lib/gcc/arm-none-eabi/6.3.1/../../../../arm-none-eabi/lib/hard\libm.a(lib_a-kf_sin.o)
                              g:/pi/gcc_pi_6_3/bin/../lib/gcc/arm-none-eabi/6.3.1/../../../../arm-none-eabi/lib/hard\libm.a(lib_a-sf_cos.o) (__kernel_sinf)
g:/pi/gcc_pi_6_3/bin/../lib/gcc/arm-none-eabi/6.3.1/../../../../arm-none-eabi/lib/hard\libm.a(lib_a-sf_fabs.o)
                              g:/pi/gcc_pi_6_3/bin/../lib/gcc/arm-none-eabi/6.3.1/../../../../arm-none-eabi/lib/hard\libm.a(lib_a-ef_rem_pio2.o) (fabsf)
g:/pi/gcc_pi_6_3/bin/../lib/gcc/arm-none-eabi/6.3.1/../../../../arm-none-eabi/lib/hard\libm.a(lib_a-sf_floor.o)
                              g:/pi/gcc_pi_6_3/bin/../lib/gcc/arm-none-eabi/6.3.1/../../../../arm-none-eabi/lib/hard\libm.a(lib_a-kf_rem_pio2.o) (floorf)
g:/pi/gcc_pi_6_3/bin/../lib/gcc/arm-none-eabi/6.3.1/../../../../arm-none-eabi/lib/hard\libm.a(lib_a-sf_scalbn.o)
                              g:/pi/gcc_pi_6_3/bin/../lib/gcc/arm-none-eabi/6.3.1/../../../../arm-none-eabi/lib/hard\libm.a(lib_a-kf_rem_pio2.o) (scalbnf)
g:/pi/gcc_pi_6_3/bin/../lib/gcc/arm-none-eabi/6.3.1/../../../../arm-none-eabi/lib/hard\libm.a(lib_a-sf_copysign.o)
                              g:/pi/gcc_pi_6_3/bin/../lib/gcc/arm-none-eabi/6.3.1/../../../../arm-none-eabi/lib/hard\libm.a(lib_a-sf_scalbn.o) (copysignf)
g:/pi/gcc_pi_6_3/bin/../lib/gcc/arm-none-eabi/6.3.1/hard\libgcc.a(_udivsi3.o)
                              C:\Users\ldebo\AppData\Local\Temp\ccpLHjXJ.o (__aeabi_uidiv)
g:/pi/gcc_pi_6_3/bin/../lib/gcc/arm-none-eabi/6.3.1/hard\libgcc.a(_dvmd_tls.o)
                              g:/pi/gcc_pi_6_3/bin/../lib/gcc/arm-none-eabi/6.3.1/hard\libgcc.a(_udivsi3.o) (__aeabi_idiv0)
g:/pi/gcc_pi_6_3/bin/../lib/gcc/arm-none-eabi/6.3.1/hard\libgcc.a(_aeabi_uldivmod.o)
                              C:\Users\ldebo\AppData\Local\Temp\ccpBclhp.o (__aeabi_uldivmod)
g:/pi/gcc_pi_6_3/bin/../lib/gcc/arm-none-eabi/6.3.1/hard\libgcc.a(_udivmoddi4.o)
                              g:/pi/gcc_pi_6_3/bin/../lib/gcc/arm-none-eabi/6.3.1/hard\libgcc.a(_aeabi_uldivmod.o) (__udivmoddi4)
g:/pi/gcc_pi_6_3/bin/../lib/gcc/arm-none-eabi/6.3.1/hard\libgcc.a(_clzdi2.o)
                              g:/pi/gcc_pi_6_3/bin/../lib/gcc/arm-none-eabi/6.3.1/hard\libgcc.a(_udivmoddi4.o) (__clzdi2)
g:/pi/gcc_pi_6_3/bin/../lib/gcc/arm-none-eabi/6.3.1/hard\libgcc.a(_clzsi2.o)
                              g:/pi/gcc_pi_6_3/bin/../lib/gcc/arm-none-eabi/6.3.1/hard\libgcc.a(_clzdi2.o) (__clzsi2)

Allocating common symbols
Common symbol       size              file

__lock___atexit_recursive_mutex
                    0x1               g:/pi/gcc_pi_6_3/bin/../lib/gcc/arm-none-eabi/6.3.1/../../../../arm-none-eabi/lib/hard\libc.a(lib_a-lock.o)
__lock___arc4random_mutex
                    0x1               g:/pi/gcc_pi_6_3/bin/../lib/gcc/arm-none-eabi/6.3.1/../../../../arm-none-eabi/lib/hard\libc.a(lib_a-lock.o)
__errno             0x4               C:\Users\ldebo\AppData\Local\Temp\ccWgQ0a0.o
halfScrHt           0x4               C:\Users\ldebo\AppData\Local\Temp\ccWgQ0a0.o
errno               0x4               g:/pi/gcc_pi_6_3/bin/../lib/gcc/arm-none-eabi/6.3.1/../../../../arm-none-eabi/lib/hard\libc.a(lib_a-reent.o)
__lock___env_recursive_mutex
                    0x1               g:/pi/gcc_pi_6_3/bin/../lib/gcc/arm-none-eabi/6.3.1/../../../../arm-none-eabi/lib/hard\libc.a(lib_a-lock.o)
__lock___sinit_recursive_mutex
                    0x1               g:/pi/gcc_pi_6_3/bin/../lib/gcc/arm-none-eabi/6.3.1/../../../../arm-none-eabi/lib/hard\libc.a(lib_a-lock.o)
__lock___malloc_recursive_mutex
                    0x1               g:/pi/gcc_pi_6_3/bin/../lib/gcc/arm-none-eabi/6.3.1/../../../../arm-none-eabi/lib/hard\libc.a(lib_a-lock.o)
halfScrWth          0x4               C:\Users\ldebo\AppData\Local\Temp\ccWgQ0a0.o
__lock___at_quick_exit_mutex
                    0x1               g:/pi/gcc_pi_6_3/bin/../lib/gcc/arm-none-eabi/6.3.1/../../../../arm-none-eabi/lib/hard\libc.a(lib_a-lock.o)
__lock___dd_hash_mutex
                    0x1               g:/pi/gcc_pi_6_3/bin/../lib/gcc/arm-none-eabi/6.3.1/../../../../arm-none-eabi/lib/hard\libc.a(lib_a-lock.o)
__lock___tz_mutex   0x1               g:/pi/gcc_pi_6_3/bin/../lib/gcc/arm-none-eabi/6.3.1/../../../../arm-none-eabi/lib/hard\libc.a(lib_a-lock.o)
__lock___sfp_recursive_mutex
                    0x1               g:/pi/gcc_pi_6_3/bin/../lib/gcc/arm-none-eabi/6.3.1/../../../../arm-none-eabi/lib/hard\libc.a(lib_a-lock.o)

Discarded input sections

 .data          0x00000000        0x0 C:\Users\ldebo\AppData\Local\Temp\ccWgQ0a0.o
 .comment       0x00000000       0x80 C:\Users\ldebo\AppData\Local\Temp\ccWgQ0a0.o
 .text          0x00000000        0x0 C:\Users\ldebo\AppData\Local\Temp\ccG5ttQI.o
 .data          0x00000000        0x0 C:\Users\ldebo\AppData\Local\Temp\ccG5ttQI.o
 .bss           0x00000000        0x0 C:\Users\ldebo\AppData\Local\Temp\ccG5ttQI.o
 .comment       0x00000000       0x80 C:\Users\ldebo\AppData\Local\Temp\ccpBclhp.o
 .data          0x00000000        0x0 C:\Users\ldebo\AppData\Local\Temp\ccpLHjXJ.o
 .bss           0x00000000        0x0 C:\Users\ldebo\AppData\Local\Temp\ccpLHjXJ.o
 .comment       0x00000000       0x80 C:\Users\ldebo\AppData\Local\Temp\ccpLHjXJ.o
 .data          0x00000000      0x28d C:\Users\ldebo\AppData\Local\Temp\cck8WzaS.o
 .comment       0x00000000       0x80 C:\Users\ldebo\AppData\Local\Temp\cck8WzaS.o
 .comment       0x00000000       0x80 C:\Users\ldebo\AppData\Local\Temp\cceqgjRm.o
 .text          0x00000000        0x0 g:/pi/gcc_pi_6_3/bin/../lib/gcc/arm-none-eabi/6.3.1/../../../../arm-none-eabi/lib/hard\libc.a(lib_a-locale.o)
 .data          0x00000000        0x0 g:/pi/gcc_pi_6_3/bin/../lib/gcc/arm-none-eabi/6.3.1/../../../../arm-none-eabi/lib/hard\libc.a(lib_a-locale.o)
 .bss           0x00000000        0x0 g:/pi/gcc_pi_6_3/bin/../lib/gcc/arm-none-eabi/6.3.1/../../../../arm-none-eabi/lib/hard\libc.a(lib_a-locale.o)
 .text._setlocale_r
                0x00000000       0x68 g:/pi/gcc_pi_6_3/bin/../lib/gcc/arm-none-eabi/6.3.1/../../../../arm-none-eabi/lib/hard\libc.a(lib_a-locale.o)
 .text.__locale_mb_cur_max
                0x00000000       0x28 g:/pi/gcc_pi_6_3/bin/../lib/gcc/arm-none-eabi/6.3.1/../../../../arm-none-eabi/lib/hard\libc.a(lib_a-locale.o)
 .text.setlocale
                0x00000000       0x18 g:/pi/gcc_pi_6_3/bin/../lib/gcc/arm-none-eabi/6.3.1/../../../../arm-none-eabi/lib/hard\libc.a(lib_a-locale.o)
 .bss._PathLocale
                0x00000000        0x4 g:/pi/gcc_pi_6_3/bin/../lib/gcc/arm-none-eabi/6.3.1/../../../../arm-none-eabi/lib/hard\libc.a(lib_a-locale.o)
 .debug_frame   0x00000000       0x70 g:/pi/gcc_pi_6_3/bin/../lib/gcc/arm-none-eabi/6.3.1/../../../../arm-none-eabi/lib/hard\libc.a(lib_a-locale.o)
 .text          0x00000000        0x0 g:/pi/gcc_pi_6_3/bin/../lib/gcc/arm-none-eabi/6.3.1/../../../../arm-none-eabi/lib/hard\libc.a(lib_a-mbstowcs.o)
 .data          0x00000000        0x0 g:/pi/gcc_pi_6_3/bin/../lib/gcc/arm-none-eabi/6.3.1/../../../../arm-none-eabi/lib/hard\libc.a(lib_a-mbstowcs.o)
 .bss           0x00000000        0x0 g:/pi/gcc_pi_6_3/bin/../lib/gcc/arm-none-eabi/6.3.1/../../../../arm-none-eabi/lib/hard\libc.a(lib_a-mbstowcs.o)
 .debug_frame   0x00000000       0x2c g:/pi/gcc_pi_6_3/bin/../lib/gcc/arm-none-eabi/6.3.1/../../../../arm-none-eabi/lib/hard\libc.a(lib_a-mbstowcs.o)
 .text          0x00000000        0x0 g:/pi/gcc_pi_6_3/bin/../lib/gcc/arm-none-eabi/6.3.1/../../../../arm-none-eabi/lib/hard\libc.a(lib_a-mbtowc_r.o)
 .data          0x00000000        0x0 g:/pi/gcc_pi_6_3/bin/../lib/gcc/arm-none-eabi/6.3.1/../../../../arm-none-eabi/lib/hard\libc.a(lib_a-mbtowc_r.o)
 .bss           0x00000000        0x0 g:/pi/gcc_pi_6_3/bin/../lib/gcc/arm-none-eabi/6.3.1/../../../../arm-none-eabi/lib/hard\libc.a(lib_a-mbtowc_r.o)
 .text._mbtowc_r
                0x00000000       0x34 g:/pi/gcc_pi_6_3/bin/../lib/gcc/arm-none-eabi/6.3.1/../../../../arm-none-eabi/lib/hard\libc.a(lib_a-mbtowc_r.o)
 .debug_frame   0x00000000       0x4c g:/pi/gcc_pi_6_3/bin/../lib/gcc/arm-none-eabi/6.3.1/../../../../arm-none-eabi/lib/hard\libc.a(lib_a-mbtowc_r.o)
 .text          0x00000000        0x0 g:/pi/gcc_pi_6_3/bin/../lib/gcc/arm-none-eabi/6.3.1/../../../../arm-none-eabi/lib/hard\libc.a(lib_a-memcpy-stub.o)
 .data          0x00000000        0x0 g:/pi/gcc_pi_6_3/bin/../lib/gcc/arm-none-eabi/6.3.1/../../../../arm-none-eabi/lib/hard\libc.a(lib_a-memcpy-stub.o)
 .bss           0x00000000        0x0 g:/pi/gcc_pi_6_3/bin/../lib/gcc/arm-none-eabi/6.3.1/../../../../arm-none-eabi/lib/hard\libc.a(lib_a-memcpy-stub.o)
 .debug_frame   0x00000000       0x44 g:/pi/gcc_pi_6_3/bin/../lib/gcc/arm-none-eabi/6.3.1/../../../../arm-none-eabi/lib/hard\libc.a(lib_a-memcpy-stub.o)
 .text          0x00000000        0x0 g:/pi/gcc_pi_6_3/bin/../lib/gcc/arm-none-eabi/6.3.1/../../../../arm-none-eabi/lib/hard\libc.a(lib_a-reent.o)
 .data          0x00000000        0x0 g:/pi/gcc_pi_6_3/bin/../lib/gcc/arm-none-eabi/6.3.1/../../../../arm-none-eabi/lib/hard\libc.a(lib_a-reent.o)
 .bss           0x00000000        0x0 g:/pi/gcc_pi_6_3/bin/../lib/gcc/arm-none-eabi/6.3.1/../../../../arm-none-eabi/lib/hard\libc.a(lib_a-reent.o)
 .text.cleanup_glue
                0x00000000       0x2c g:/pi/gcc_pi_6_3/bin/../lib/gcc/arm-none-eabi/6.3.1/../../../../arm-none-eabi/lib/hard\libc.a(lib_a-reent.o)
 .text._reclaim_reent
                0x00000000       0xf4 g:/pi/gcc_pi_6_3/bin/../lib/gcc/arm-none-eabi/6.3.1/../../../../arm-none-eabi/lib/hard\libc.a(lib_a-reent.o)
 .debug_frame   0x00000000       0x64 g:/pi/gcc_pi_6_3/bin/../lib/gcc/arm-none-eabi/6.3.1/../../../../arm-none-eabi/lib/hard\libc.a(lib_a-reent.o)
 .text          0x00000000        0x0 g:/pi/gcc_pi_6_3/bin/../lib/gcc/arm-none-eabi/6.3.1/../../../../arm-none-eabi/lib/hard\libc.a(lib_a-strchr.o)
 .data          0x00000000        0x0 g:/pi/gcc_pi_6_3/bin/../lib/gcc/arm-none-eabi/6.3.1/../../../../arm-none-eabi/lib/hard\libc.a(lib_a-strchr.o)
 .bss           0x00000000        0x0 g:/pi/gcc_pi_6_3/bin/../lib/gcc/arm-none-eabi/6.3.1/../../../../arm-none-eabi/lib/hard\libc.a(lib_a-strchr.o)
 .debug_frame   0x00000000       0x54 g:/pi/gcc_pi_6_3/bin/../lib/gcc/arm-none-eabi/6.3.1/../../../../arm-none-eabi/lib/hard\libc.a(lib_a-strchr.o)
 .text          0x00000000      0x224 g:/pi/gcc_pi_6_3/bin/../lib/gcc/arm-none-eabi/6.3.1/../../../../arm-none-eabi/lib/hard\libc.a(lib_a-strcmp.o)
 .data          0x00000000        0x0 g:/pi/gcc_pi_6_3/bin/../lib/gcc/arm-none-eabi/6.3.1/../../../../arm-none-eabi/lib/hard\libc.a(lib_a-strcmp.o)
 .bss           0x00000000        0x0 g:/pi/gcc_pi_6_3/bin/../lib/gcc/arm-none-eabi/6.3.1/../../../../arm-none-eabi/lib/hard\libc.a(lib_a-strcmp.o)
 .debug_frame   0x00000000       0x40 g:/pi/gcc_pi_6_3/bin/../lib/gcc/arm-none-eabi/6.3.1/../../../../arm-none-eabi/lib/hard\libc.a(lib_a-strcmp.o)
 .ARM.attributes
                0x00000000       0x16 g:/pi/gcc_pi_6_3/bin/../lib/gcc/arm-none-eabi/6.3.1/../../../../arm-none-eabi/lib/hard\libc.a(lib_a-strcmp.o)
 .text          0x00000000        0x0 g:/pi/gcc_pi_6_3/bin/../lib/gcc/arm-none-eabi/6.3.1/../../../../arm-none-eabi/lib/hard\libc.a(lib_a-strcpy.o)
 .data          0x00000000        0x0 g:/pi/gcc_pi_6_3/bin/../lib/gcc/arm-none-eabi/6.3.1/../../../../arm-none-eabi/lib/hard\libc.a(lib_a-strcpy.o)
 .bss           0x00000000        0x0 g:/pi/gcc_pi_6_3/bin/../lib/gcc/arm-none-eabi/6.3.1/../../../../arm-none-eabi/lib/hard\libc.a(lib_a-strcpy.o)
 .debug_frame   0x00000000       0x20 g:/pi/gcc_pi_6_3/bin/../lib/gcc/arm-none-eabi/6.3.1/../../../../arm-none-eabi/lib/hard\libc.a(lib_a-strcpy.o)
 .text          0x00000000        0x0 g:/pi/gcc_pi_6_3/bin/../lib/gcc/arm-none-eabi/6.3.1/../../../../arm-none-eabi/lib/hard\libc.a(lib_a-strlen-stub.o)
 .data          0x00000000        0x0 g:/pi/gcc_pi_6_3/bin/../lib/gcc/arm-none-eabi/6.3.1/../../../../arm-none-eabi/lib/hard\libc.a(lib_a-strlen-stub.o)
 .bss           0x00000000        0x0 g:/pi/gcc_pi_6_3/bin/../lib/gcc/arm-none-eabi/6.3.1/../../../../arm-none-eabi/lib/hard\libc.a(lib_a-strlen-stub.o)
 .debug_frame   0x00000000       0x20 g:/pi/gcc_pi_6_3/bin/../lib/gcc/arm-none-eabi/6.3.1/../../../../arm-none-eabi/lib/hard\libc.a(lib_a-strlen-stub.o)
 .text          0x00000000        0x0 g:/pi/gcc_pi_6_3/bin/../lib/gcc/arm-none-eabi/6.3.1/../../../../arm-none-eabi/lib/hard\libc.a(lib_a-strncpy.o)
 .data          0x00000000        0x0 g:/pi/gcc_pi_6_3/bin/../lib/gcc/arm-none-eabi/6.3.1/../../../../arm-none-eabi/lib/hard\libc.a(lib_a-strncpy.o)
 .bss           0x00000000        0x0 g:/pi/gcc_pi_6_3/bin/../lib/gcc/arm-none-eabi/6.3.1/../../../../arm-none-eabi/lib/hard\libc.a(lib_a-strncpy.o)
 .debug_frame   0x00000000       0x40 g:/pi/gcc_pi_6_3/bin/../lib/gcc/arm-none-eabi/6.3.1/../../../../arm-none-eabi/lib/hard\libc.a(lib_a-strncpy.o)
 .text          0x00000000        0x0 g:/pi/gcc_pi_6_3/bin/../lib/gcc/arm-none-eabi/6.3.1/../../../../arm-none-eabi/lib/hard\libc.a(lib_a-strtod.o)
 .data          0x00000000        0x0 g:/pi/gcc_pi_6_3/bin/../lib/gcc/arm-none-eabi/6.3.1/../../../../arm-none-eabi/lib/hard\libc.a(lib_a-strtod.o)
 .bss           0x00000000        0x0 g:/pi/gcc_pi_6_3/bin/../lib/gcc/arm-none-eabi/6.3.1/../../../../arm-none-eabi/lib/hard\libc.a(lib_a-strtod.o)
 .text._strtod_r
                0x00000000       0x24 g:/pi/gcc_pi_6_3/bin/../lib/gcc/arm-none-eabi/6.3.1/../../../../arm-none-eabi/lib/hard\libc.a(lib_a-strtod.o)
 .text.strtod_l
                0x00000000       0x1c g:/pi/gcc_pi_6_3/bin/../lib/gcc/arm-none-eabi/6.3.1/../../../../arm-none-eabi/lib/hard\libc.a(lib_a-strtod.o)
 .text.strtof_l
                0x00000000       0x88 g:/pi/gcc_pi_6_3/bin/../lib/gcc/arm-none-eabi/6.3.1/../../../../arm-none-eabi/lib/hard\libc.a(lib_a-strtod.o)
 .debug_frame   0x00000000      0x144 g:/pi/gcc_pi_6_3/bin/../lib/gcc/arm-none-eabi/6.3.1/../../../../arm-none-eabi/lib/hard\libc.a(lib_a-strtod.o)
 .text          0x00000000        0x0 g:/pi/gcc_pi_6_3/bin/../lib/gcc/arm-none-eabi/6.3.1/../../../../arm-none-eabi/lib/hard\libc.a(lib_a-strtol.o)
 .data          0x00000000        0x0 g:/pi/gcc_pi_6_3/bin/../lib/gcc/arm-none-eabi/6.3.1/../../../../arm-none-eabi/lib/hard\libc.a(lib_a-strtol.o)
 .bss           0x00000000        0x0 g:/pi/gcc_pi_6_3/bin/../lib/gcc/arm-none-eabi/6.3.1/../../../../arm-none-eabi/lib/hard\libc.a(lib_a-strtol.o)
 .text._strtol_r
                0x00000000       0x3c g:/pi/gcc_pi_6_3/bin/../lib/gcc/arm-none-eabi/6.3.1/../../../../arm-none-eabi/lib/hard\libc.a(lib_a-strtol.o)
 .text.strtol_l
                0x00000000       0x38 g:/pi/gcc_pi_6_3/bin/../lib/gcc/arm-none-eabi/6.3.1/../../../../arm-none-eabi/lib/hard\libc.a(lib_a-strtol.o)
 .debug_frame   0x00000000       0xac g:/pi/gcc_pi_6_3/bin/../lib/gcc/arm-none-eabi/6.3.1/../../../../arm-none-eabi/lib/hard\libc.a(lib_a-strtol.o)
 .text          0x00000000        0x0 g:/pi/gcc_pi_6_3/bin/../lib/gcc/arm-none-eabi/6.3.1/../../../../arm-none-eabi/lib/hard\libc.a(lib_a-strtold.o)
 .data          0x00000000        0x0 g:/pi/gcc_pi_6_3/bin/../lib/gcc/arm-none-eabi/6.3.1/../../../../arm-none-eabi/lib/hard\libc.a(lib_a-strtold.o)
 .bss           0x00000000        0x0 g:/pi/gcc_pi_6_3/bin/../lib/gcc/arm-none-eabi/6.3.1/../../../../arm-none-eabi/lib/hard\libc.a(lib_a-strtold.o)
 .text._strtold_r
                0x00000000       0x30 g:/pi/gcc_pi_6_3/bin/../lib/gcc/arm-none-eabi/6.3.1/../../../../arm-none-eabi/lib/hard\libc.a(lib_a-strtold.o)
 .text.strtold_l
                0x00000000       0x28 g:/pi/gcc_pi_6_3/bin/../lib/gcc/arm-none-eabi/6.3.1/../../../../arm-none-eabi/lib/hard\libc.a(lib_a-strtold.o)
 .debug_frame   0x00000000       0x64 g:/pi/gcc_pi_6_3/bin/../lib/gcc/arm-none-eabi/6.3.1/../../../../arm-none-eabi/lib/hard\libc.a(lib_a-strtold.o)
 .text          0x00000000        0x0 g:/pi/gcc_pi_6_3/bin/../lib/gcc/arm-none-eabi/6.3.1/../../../../arm-none-eabi/lib/hard\libc.a(lib_a-strtoll.o)
 .data          0x00000000        0x0 g:/pi/gcc_pi_6_3/bin/../lib/gcc/arm-none-eabi/6.3.1/../../../../arm-none-eabi/lib/hard\libc.a(lib_a-strtoll.o)
 .bss           0x00000000        0x0 g:/pi/gcc_pi_6_3/bin/../lib/gcc/arm-none-eabi/6.3.1/../../../../arm-none-eabi/lib/hard\libc.a(lib_a-strtoll.o)
 .text._strtoll_r
                0x00000000       0x3c g:/pi/gcc_pi_6_3/bin/../lib/gcc/arm-none-eabi/6.3.1/../../../../arm-none-eabi/lib/hard\libc.a(lib_a-strtoll.o)
 .text.strtoll_l
                0x00000000       0x38 g:/pi/gcc_pi_6_3/bin/../lib/gcc/arm-none-eabi/6.3.1/../../../../arm-none-eabi/lib/hard\libc.a(lib_a-strtoll.o)
 .debug_frame   0x00000000       0xac g:/pi/gcc_pi_6_3/bin/../lib/gcc/arm-none-eabi/6.3.1/../../../../arm-none-eabi/lib/hard\libc.a(lib_a-strtoll.o)
 .text          0x00000000        0x0 g:/pi/gcc_pi_6_3/bin/../lib/gcc/arm-none-eabi/6.3.1/../../../../arm-none-eabi/lib/hard\libc.a(lib_a-strtoul.o)
 .data          0x00000000        0x0 g:/pi/gcc_pi_6_3/bin/../lib/gcc/arm-none-eabi/6.3.1/../../../../arm-none-eabi/lib/hard\libc.a(lib_a-strtoul.o)
 .bss           0x00000000        0x0 g:/pi/gcc_pi_6_3/bin/../lib/gcc/arm-none-eabi/6.3.1/../../../../arm-none-eabi/lib/hard\libc.a(lib_a-strtoul.o)
 .text._strtoul_r
                0x00000000       0x3c g:/pi/gcc_pi_6_3/bin/../lib/gcc/arm-none-eabi/6.3.1/../../../../arm-none-eabi/lib/hard\libc.a(lib_a-strtoul.o)
 .text.strtoul_l
                0x00000000       0x38 g:/pi/gcc_pi_6_3/bin/../lib/gcc/arm-none-eabi/6.3.1/../../../../arm-none-eabi/lib/hard\libc.a(lib_a-strtoul.o)
 .debug_frame   0x00000000       0xac g:/pi/gcc_pi_6_3/bin/../lib/gcc/arm-none-eabi/6.3.1/../../../../arm-none-eabi/lib/hard\libc.a(lib_a-strtoul.o)
 .text          0x00000000        0x0 g:/pi/gcc_pi_6_3/bin/../lib/gcc/arm-none-eabi/6.3.1/../../../../arm-none-eabi/lib/hard\libc.a(lib_a-strtoull.o)
 .data          0x00000000        0x0 g:/pi/gcc_pi_6_3/bin/../lib/gcc/arm-none-eabi/6.3.1/../../../../arm-none-eabi/lib/hard\libc.a(lib_a-strtoull.o)
 .bss           0x00000000        0x0 g:/pi/gcc_pi_6_3/bin/../lib/gcc/arm-none-eabi/6.3.1/../../../../arm-none-eabi/lib/hard\libc.a(lib_a-strtoull.o)
 .text._strtoull_r
                0x00000000       0x3c g:/pi/gcc_pi_6_3/bin/../lib/gcc/arm-none-eabi/6.3.1/../../../../arm-none-eabi/lib/hard\libc.a(lib_a-strtoull.o)
 .text.strtoull_l
                0x00000000       0x38 g:/pi/gcc_pi_6_3/bin/../lib/gcc/arm-none-eabi/6.3.1/../../../../arm-none-eabi/lib/hard\libc.a(lib_a-strtoull.o)
 .debug_frame   0x00000000       0xac g:/pi/gcc_pi_6_3/bin/../lib/gcc/arm-none-eabi/6.3.1/../../../../arm-none-eabi/lib/hard\libc.a(lib_a-strtoull.o)
 .text          0x00000000        0x0 g:/pi/gcc_pi_6_3/bin/../lib/gcc/arm-none-eabi/6.3.1/../../../../arm-none-eabi/lib/hard\libc.a(lib_a-wcscpy.o)
 .data          0x00000000        0x0 g:/pi/gcc_pi_6_3/bin/../lib/gcc/arm-none-eabi/6.3.1/../../../../arm-none-eabi/lib/hard\libc.a(lib_a-wcscpy.o)
 .bss           0x00000000        0x0 g:/pi/gcc_pi_6_3/bin/../lib/gcc/arm-none-eabi/6.3.1/../../../../arm-none-eabi/lib/hard\libc.a(lib_a-wcscpy.o)
 .debug_frame   0x00000000       0x20 g:/pi/gcc_pi_6_3/bin/../lib/gcc/arm-none-eabi/6.3.1/../../../../arm-none-eabi/lib/hard\libc.a(lib_a-wcscpy.o)
 .text          0x00000000        0x0 g:/pi/gcc_pi_6_3/bin/../lib/gcc/arm-none-eabi/6.3.1/../../../../arm-none-eabi/lib/hard\libc.a(lib_a-wctob.o)
 .data          0x00000000        0x0 g:/pi/gcc_pi_6_3/bin/../lib/gcc/arm-none-eabi/6.3.1/../../../../arm-none-eabi/lib/hard\libc.a(lib_a-wctob.o)
 .bss           0x00000000        0x0 g:/pi/gcc_pi_6_3/bin/../lib/gcc/arm-none-eabi/6.3.1/../../../../arm-none-eabi/lib/hard\libc.a(lib_a-wctob.o)
 .debug_frame   0x00000000       0x40 g:/pi/gcc_pi_6_3/bin/../lib/gcc/arm-none-eabi/6.3.1/../../../../arm-none-eabi/lib/hard\libc.a(lib_a-wctob.o)
 .text          0x00000000        0x0 g:/pi/gcc_pi_6_3/bin/../lib/gcc/arm-none-eabi/6.3.1/../../../../arm-none-eabi/lib/hard\libc.a(lib_a-wctomb_r.o)
 .data          0x00000000        0x0 g:/pi/gcc_pi_6_3/bin/../lib/gcc/arm-none-eabi/6.3.1/../../../../arm-none-eabi/lib/hard\libc.a(lib_a-wctomb_r.o)
 .bss           0x00000000        0x0 g:/pi/gcc_pi_6_3/bin/../lib/gcc/arm-none-eabi/6.3.1/../../../../arm-none-eabi/lib/hard\libc.a(lib_a-wctomb_r.o)
 .text._wctomb_r
                0x00000000       0x34 g:/pi/gcc_pi_6_3/bin/../lib/gcc/arm-none-eabi/6.3.1/../../../../arm-none-eabi/lib/hard\libc.a(lib_a-wctomb_r.o)
 .debug_frame   0x00000000       0x3c g:/pi/gcc_pi_6_3/bin/../lib/gcc/arm-none-eabi/6.3.1/../../../../arm-none-eabi/lib/hard\libc.a(lib_a-wctomb_r.o)
 .text          0x00000000        0x0 g:/pi/gcc_pi_6_3/bin/../lib/gcc/arm-none-eabi/6.3.1/../../../../arm-none-eabi/lib/hard\libc.a(lib_a-ctype_.o)
 .data          0x00000000        0x0 g:/pi/gcc_pi_6_3/bin/../lib/gcc/arm-none-eabi/6.3.1/../../../../arm-none-eabi/lib/hard\libc.a(lib_a-ctype_.o)
 .bss           0x00000000        0x0 g:/pi/gcc_pi_6_3/bin/../lib/gcc/arm-none-eabi/6.3.1/../../../../arm-none-eabi/lib/hard\libc.a(lib_a-ctype_.o)
 .text          0x00000000        0x0 g:/pi/gcc_pi_6_3/bin/../lib/gcc/arm-none-eabi/6.3.1/../../../../arm-none-eabi/lib/hard\libc.a(lib_a-freer.o)
 .data          0x00000000        0x0 g:/pi/gcc_pi_6_3/bin/../lib/gcc/arm-none-eabi/6.3.1/../../../../arm-none-eabi/lib/hard\libc.a(lib_a-freer.o)
 .bss           0x00000000        0x0 g:/pi/gcc_pi_6_3/bin/../lib/gcc/arm-none-eabi/6.3.1/../../../../arm-none-eabi/lib/hard\libc.a(lib_a-freer.o)
 .debug_frame   0x00000000       0x70 g:/pi/gcc_pi_6_3/bin/../lib/gcc/arm-none-eabi/6.3.1/../../../../arm-none-eabi/lib/hard\libc.a(lib_a-freer.o)
 .text          0x00000000        0x0 g:/pi/gcc_pi_6_3/bin/../lib/gcc/arm-none-eabi/6.3.1/../../../../arm-none-eabi/lib/hard\libc.a(lib_a-gdtoa-gethex.o)
 .data          0x00000000        0x0 g:/pi/gcc_pi_6_3/bin/../lib/gcc/arm-none-eabi/6.3.1/../../../../arm-none-eabi/lib/hard\libc.a(lib_a-gdtoa-gethex.o)
 .bss           0x00000000        0x0 g:/pi/gcc_pi_6_3/bin/../lib/gcc/arm-none-eabi/6.3.1/../../../../arm-none-eabi/lib/hard\libc.a(lib_a-gdtoa-gethex.o)
 .debug_frame   0x00000000       0xa8 g:/pi/gcc_pi_6_3/bin/../lib/gcc/arm-none-eabi/6.3.1/../../../../arm-none-eabi/lib/hard\libc.a(lib_a-gdtoa-gethex.o)
 .text          0x00000000        0x0 g:/pi/gcc_pi_6_3/bin/../lib/gcc/arm-none-eabi/6.3.1/../../../../arm-none-eabi/lib/hard\libc.a(lib_a-gdtoa-hexnan.o)
 .data          0x00000000        0x0 g:/pi/gcc_pi_6_3/bin/../lib/gcc/arm-none-eabi/6.3.1/../../../../arm-none-eabi/lib/hard\libc.a(lib_a-gdtoa-hexnan.o)
 .bss           0x00000000        0x0 g:/pi/gcc_pi_6_3/bin/../lib/gcc/arm-none-eabi/6.3.1/../../../../arm-none-eabi/lib/hard\libc.a(lib_a-gdtoa-hexnan.o)
 .debug_frame   0x00000000       0x90 g:/pi/gcc_pi_6_3/bin/../lib/gcc/arm-none-eabi/6.3.1/../../../../arm-none-eabi/lib/hard\libc.a(lib_a-gdtoa-hexnan.o)
 .text          0x00000000        0x0 g:/pi/gcc_pi_6_3/bin/../lib/gcc/arm-none-eabi/6.3.1/../../../../arm-none-eabi/lib/hard\libc.a(lib_a-impure.o)
 .data          0x00000000        0x0 g:/pi/gcc_pi_6_3/bin/../lib/gcc/arm-none-eabi/6.3.1/../../../../arm-none-eabi/lib/hard\libc.a(lib_a-impure.o)
 .bss           0x00000000        0x0 g:/pi/gcc_pi_6_3/bin/../lib/gcc/arm-none-eabi/6.3.1/../../../../arm-none-eabi/lib/hard\libc.a(lib_a-impure.o)
 .rodata._global_impure_ptr
                0x00000000        0x4 g:/pi/gcc_pi_6_3/bin/../lib/gcc/arm-none-eabi/6.3.1/../../../../arm-none-eabi/lib/hard\libc.a(lib_a-impure.o)
 .text          0x00000000        0x0 g:/pi/gcc_pi_6_3/bin/../lib/gcc/arm-none-eabi/6.3.1/../../../../arm-none-eabi/lib/hard\libc.a(lib_a-localeconv.o)
 .data          0x00000000        0x0 g:/pi/gcc_pi_6_3/bin/../lib/gcc/arm-none-eabi/6.3.1/../../../../arm-none-eabi/lib/hard\libc.a(lib_a-localeconv.o)
 .bss           0x00000000        0x0 g:/pi/gcc_pi_6_3/bin/../lib/gcc/arm-none-eabi/6.3.1/../../../../arm-none-eabi/lib/hard\libc.a(lib_a-localeconv.o)
 .text._localeconv_r
                0x00000000       0x28 g:/pi/gcc_pi_6_3/bin/../lib/gcc/arm-none-eabi/6.3.1/../../../../arm-none-eabi/lib/hard\libc.a(lib_a-localeconv.o)
 .text.localeconv
                0x00000000       0x28 g:/pi/gcc_pi_6_3/bin/../lib/gcc/arm-none-eabi/6.3.1/../../../../arm-none-eabi/lib/hard\libc.a(lib_a-localeconv.o)
 .debug_frame   0x00000000       0x40 g:/pi/gcc_pi_6_3/bin/../lib/gcc/arm-none-eabi/6.3.1/../../../../arm-none-eabi/lib/hard\libc.a(lib_a-localeconv.o)
 .text          0x00000000        0x0 g:/pi/gcc_pi_6_3/bin/../lib/gcc/arm-none-eabi/6.3.1/../../../../arm-none-eabi/lib/hard\libc.a(lib_a-mallocr.o)
 .data          0x00000000        0x0 g:/pi/gcc_pi_6_3/bin/../lib/gcc/arm-none-eabi/6.3.1/../../../../arm-none-eabi/lib/hard\libc.a(lib_a-mallocr.o)
 .bss           0x00000000        0x0 g:/pi/gcc_pi_6_3/bin/../lib/gcc/arm-none-eabi/6.3.1/../../../../arm-none-eabi/lib/hard\libc.a(lib_a-mallocr.o)
 .debug_frame   0x00000000       0x84 g:/pi/gcc_pi_6_3/bin/../lib/gcc/arm-none-eabi/6.3.1/../../../../arm-none-eabi/lib/hard\libc.a(lib_a-mallocr.o)
 .text          0x00000000        0x0 g:/pi/gcc_pi_6_3/bin/../lib/gcc/arm-none-eabi/6.3.1/../../../../arm-none-eabi/lib/hard\libc.a(lib_a-memset.o)
 .data          0x00000000        0x0 g:/pi/gcc_pi_6_3/bin/../lib/gcc/arm-none-eabi/6.3.1/../../../../arm-none-eabi/lib/hard\libc.a(lib_a-memset.o)
 .bss           0x00000000        0x0 g:/pi/gcc_pi_6_3/bin/../lib/gcc/arm-none-eabi/6.3.1/../../../../arm-none-eabi/lib/hard\libc.a(lib_a-memset.o)
 .debug_frame   0x00000000       0x30 g:/pi/gcc_pi_6_3/bin/../lib/gcc/arm-none-eabi/6.3.1/../../../../arm-none-eabi/lib/hard\libc.a(lib_a-memset.o)
 .text          0x00000000        0x0 g:/pi/gcc_pi_6_3/bin/../lib/gcc/arm-none-eabi/6.3.1/../../../../arm-none-eabi/lib/hard\libc.a(lib_a-mlock.o)
 .data          0x00000000        0x0 g:/pi/gcc_pi_6_3/bin/../lib/gcc/arm-none-eabi/6.3.1/../../../../arm-none-eabi/lib/hard\libc.a(lib_a-mlock.o)
 .bss           0x00000000        0x0 g:/pi/gcc_pi_6_3/bin/../lib/gcc/arm-none-eabi/6.3.1/../../../../arm-none-eabi/lib/hard\libc.a(lib_a-mlock.o)
 .debug_frame   0x00000000       0x48 g:/pi/gcc_pi_6_3/bin/../lib/gcc/arm-none-eabi/6.3.1/../../../../arm-none-eabi/lib/hard\libc.a(lib_a-mlock.o)
 .text          0x00000000        0x0 g:/pi/gcc_pi_6_3/bin/../lib/gcc/arm-none-eabi/6.3.1/../../../../arm-none-eabi/lib/hard\libc.a(lib_a-mprec.o)
 .data          0x00000000        0x0 g:/pi/gcc_pi_6_3/bin/../lib/gcc/arm-none-eabi/6.3.1/../../../../arm-none-eabi/lib/hard\libc.a(lib_a-mprec.o)
 .bss           0x00000000        0x0 g:/pi/gcc_pi_6_3/bin/../lib/gcc/arm-none-eabi/6.3.1/../../../../arm-none-eabi/lib/hard\libc.a(lib_a-mprec.o)
 .text._mprec_log10
                0x00000000       0x44 g:/pi/gcc_pi_6_3/bin/../lib/gcc/arm-none-eabi/6.3.1/../../../../arm-none-eabi/lib/hard\libc.a(lib_a-mprec.o)
 .rodata.__mprec_tinytens
                0x00000000       0x28 g:/pi/gcc_pi_6_3/bin/../lib/gcc/arm-none-eabi/6.3.1/../../../../arm-none-eabi/lib/hard\libc.a(lib_a-mprec.o)
 .debug_frame   0x00000000      0x2dc g:/pi/gcc_pi_6_3/bin/../lib/gcc/arm-none-eabi/6.3.1/../../../../arm-none-eabi/lib/hard\libc.a(lib_a-mprec.o)
 .text          0x00000000        0x0 g:/pi/gcc_pi_6_3/bin/../lib/gcc/arm-none-eabi/6.3.1/../../../../arm-none-eabi/lib/hard\libc.a(lib_a-sbrkr.o)
 .data          0x00000000        0x0 g:/pi/gcc_pi_6_3/bin/../lib/gcc/arm-none-eabi/6.3.1/../../../../arm-none-eabi/lib/hard\libc.a(lib_a-sbrkr.o)
 .bss           0x00000000        0x0 g:/pi/gcc_pi_6_3/bin/../lib/gcc/arm-none-eabi/6.3.1/../../../../arm-none-eabi/lib/hard\libc.a(lib_a-sbrkr.o)
 .debug_frame   0x00000000       0x3c g:/pi/gcc_pi_6_3/bin/../lib/gcc/arm-none-eabi/6.3.1/../../../../arm-none-eabi/lib/hard\libc.a(lib_a-sbrkr.o)
 .text          0x00000000        0x0 g:/pi/gcc_pi_6_3/bin/../lib/gcc/arm-none-eabi/6.3.1/../../../../arm-none-eabi/lib/hard\libc.a(lib_a-sf_nan.o)
 .data          0x00000000        0x0 g:/pi/gcc_pi_6_3/bin/../lib/gcc/arm-none-eabi/6.3.1/../../../../arm-none-eabi/lib/hard\libc.a(lib_a-sf_nan.o)
 .bss           0x00000000        0x0 g:/pi/gcc_pi_6_3/bin/../lib/gcc/arm-none-eabi/6.3.1/../../../../arm-none-eabi/lib/hard\libc.a(lib_a-sf_nan.o)
 .debug_frame   0x00000000       0x20 g:/pi/gcc_pi_6_3/bin/../lib/gcc/arm-none-eabi/6.3.1/../../../../arm-none-eabi/lib/hard\libc.a(lib_a-sf_nan.o)
 .text          0x00000000        0x0 g:/pi/gcc_pi_6_3/bin/../lib/gcc/arm-none-eabi/6.3.1/../../../../arm-none-eabi/lib/hard\libc.a(lib_a-strncmp.o)
 .data          0x00000000        0x0 g:/pi/gcc_pi_6_3/bin/../lib/gcc/arm-none-eabi/6.3.1/../../../../arm-none-eabi/lib/hard\libc.a(lib_a-strncmp.o)
 .bss           0x00000000        0x0 g:/pi/gcc_pi_6_3/bin/../lib/gcc/arm-none-eabi/6.3.1/../../../../arm-none-eabi/lib/hard\libc.a(lib_a-strncmp.o)
 .debug_frame   0x00000000       0x50 g:/pi/gcc_pi_6_3/bin/../lib/gcc/arm-none-eabi/6.3.1/../../../../arm-none-eabi/lib/hard\libc.a(lib_a-strncmp.o)
 .text          0x00000000        0x0 g:/pi/gcc_pi_6_3/bin/../lib/gcc/arm-none-eabi/6.3.1/../../../../arm-none-eabi/lib/hard\libc.a(lib_a-callocr.o)
 .data          0x00000000        0x0 g:/pi/gcc_pi_6_3/bin/../lib/gcc/arm-none-eabi/6.3.1/../../../../arm-none-eabi/lib/hard\libc.a(lib_a-callocr.o)
 .bss           0x00000000        0x0 g:/pi/gcc_pi_6_3/bin/../lib/gcc/arm-none-eabi/6.3.1/../../../../arm-none-eabi/lib/hard\libc.a(lib_a-callocr.o)
 .debug_frame   0x00000000       0x34 g:/pi/gcc_pi_6_3/bin/../lib/gcc/arm-none-eabi/6.3.1/../../../../arm-none-eabi/lib/hard\libc.a(lib_a-callocr.o)
 .text          0x00000000        0x0 g:/pi/gcc_pi_6_3/bin/../lib/gcc/arm-none-eabi/6.3.1/../../../../arm-none-eabi/lib/hard\libc.a(lib_a-lock.o)
 .data          0x00000000        0x0 g:/pi/gcc_pi_6_3/bin/../lib/gcc/arm-none-eabi/6.3.1/../../../../arm-none-eabi/lib/hard\libc.a(lib_a-lock.o)
 .bss           0x00000000        0x0 g:/pi/gcc_pi_6_3/bin/../lib/gcc/arm-none-eabi/6.3.1/../../../../arm-none-eabi/lib/hard\libc.a(lib_a-lock.o)
 .text.__retarget_lock_init
                0x00000000        0x4 g:/pi/gcc_pi_6_3/bin/../lib/gcc/arm-none-eabi/6.3.1/../../../../arm-none-eabi/lib/hard\libc.a(lib_a-lock.o)
 .text.__retarget_lock_init_recursive
                0x00000000        0x4 g:/pi/gcc_pi_6_3/bin/../lib/gcc/arm-none-eabi/6.3.1/../../../../arm-none-eabi/lib/hard\libc.a(lib_a-lock.o)
 .text.__retarget_lock_close
                0x00000000        0x4 g:/pi/gcc_pi_6_3/bin/../lib/gcc/arm-none-eabi/6.3.1/../../../../arm-none-eabi/lib/hard\libc.a(lib_a-lock.o)
 .text.__retarget_lock_close_recursive
                0x00000000        0x4 g:/pi/gcc_pi_6_3/bin/../lib/gcc/arm-none-eabi/6.3.1/../../../../arm-none-eabi/lib/hard\libc.a(lib_a-lock.o)
 .text.__retarget_lock_acquire
                0x00000000        0x4 g:/pi/gcc_pi_6_3/bin/../lib/gcc/arm-none-eabi/6.3.1/../../../../arm-none-eabi/lib/hard\libc.a(lib_a-lock.o)
 .text.__retarget_lock_try_acquire
                0x00000000        0x8 g:/pi/gcc_pi_6_3/bin/../lib/gcc/arm-none-eabi/6.3.1/../../../../arm-none-eabi/lib/hard\libc.a(lib_a-lock.o)
 .text.__retarget_lock_try_acquire_recursive
                0x00000000        0x8 g:/pi/gcc_pi_6_3/bin/../lib/gcc/arm-none-eabi/6.3.1/../../../../arm-none-eabi/lib/hard\libc.a(lib_a-lock.o)
 .text.__retarget_lock_release
                0x00000000        0x4 g:/pi/gcc_pi_6_3/bin/../lib/gcc/arm-none-eabi/6.3.1/../../../../arm-none-eabi/lib/hard\libc.a(lib_a-lock.o)
 .debug_frame   0x00000000       0xb0 g:/pi/gcc_pi_6_3/bin/../lib/gcc/arm-none-eabi/6.3.1/../../../../arm-none-eabi/lib/hard\libc.a(lib_a-lock.o)
 .text          0x00000000        0x0 g:/pi/gcc_pi_6_3/bin/../lib/gcc/arm-none-eabi/6.3.1/../../../../arm-none-eabi/lib/hard\libm.a(lib_a-sf_cos.o)
 .data          0x00000000        0x0 g:/pi/gcc_pi_6_3/bin/../lib/gcc/arm-none-eabi/6.3.1/../../../../arm-none-eabi/lib/hard\libm.a(lib_a-sf_cos.o)
 .bss           0x00000000        0x0 g:/pi/gcc_pi_6_3/bin/../lib/gcc/arm-none-eabi/6.3.1/../../../../arm-none-eabi/lib/hard\libm.a(lib_a-sf_cos.o)
 .debug_frame   0x00000000       0x3c g:/pi/gcc_pi_6_3/bin/../lib/gcc/arm-none-eabi/6.3.1/../../../../arm-none-eabi/lib/hard\libm.a(lib_a-sf_cos.o)
 .text          0x00000000        0x0 g:/pi/gcc_pi_6_3/bin/../lib/gcc/arm-none-eabi/6.3.1/../../../../arm-none-eabi/lib/hard\libm.a(lib_a-sf_sin.o)
 .data          0x00000000        0x0 g:/pi/gcc_pi_6_3/bin/../lib/gcc/arm-none-eabi/6.3.1/../../../../arm-none-eabi/lib/hard\libm.a(lib_a-sf_sin.o)
 .bss           0x00000000        0x0 g:/pi/gcc_pi_6_3/bin/../lib/gcc/arm-none-eabi/6.3.1/../../../../arm-none-eabi/lib/hard\libm.a(lib_a-sf_sin.o)
 .debug_frame   0x00000000       0x3c g:/pi/gcc_pi_6_3/bin/../lib/gcc/arm-none-eabi/6.3.1/../../../../arm-none-eabi/lib/hard\libm.a(lib_a-sf_sin.o)
 .text          0x00000000        0x0 g:/pi/gcc_pi_6_3/bin/../lib/gcc/arm-none-eabi/6.3.1/../../../../arm-none-eabi/lib/hard\libm.a(lib_a-ef_rem_pio2.o)
 .data          0x00000000        0x0 g:/pi/gcc_pi_6_3/bin/../lib/gcc/arm-none-eabi/6.3.1/../../../../arm-none-eabi/lib/hard\libm.a(lib_a-ef_rem_pio2.o)
 .bss           0x00000000        0x0 g:/pi/gcc_pi_6_3/bin/../lib/gcc/arm-none-eabi/6.3.1/../../../../arm-none-eabi/lib/hard\libm.a(lib_a-ef_rem_pio2.o)
 .debug_frame   0x00000000       0x4c g:/pi/gcc_pi_6_3/bin/../lib/gcc/arm-none-eabi/6.3.1/../../../../arm-none-eabi/lib/hard\libm.a(lib_a-ef_rem_pio2.o)
 .text          0x00000000        0x0 g:/pi/gcc_pi_6_3/bin/../lib/gcc/arm-none-eabi/6.3.1/../../../../arm-none-eabi/lib/hard\libm.a(lib_a-kf_cos.o)
 .data          0x00000000        0x0 g:/pi/gcc_pi_6_3/bin/../lib/gcc/arm-none-eabi/6.3.1/../../../../arm-none-eabi/lib/hard\libm.a(lib_a-kf_cos.o)
 .bss           0x00000000        0x0 g:/pi/gcc_pi_6_3/bin/../lib/gcc/arm-none-eabi/6.3.1/../../../../arm-none-eabi/lib/hard\libm.a(lib_a-kf_cos.o)
 .debug_frame   0x00000000       0x20 g:/pi/gcc_pi_6_3/bin/../lib/gcc/arm-none-eabi/6.3.1/../../../../arm-none-eabi/lib/hard\libm.a(lib_a-kf_cos.o)
 .text          0x00000000        0x0 g:/pi/gcc_pi_6_3/bin/../lib/gcc/arm-none-eabi/6.3.1/../../../../arm-none-eabi/lib/hard\libm.a(lib_a-kf_rem_pio2.o)
 .data          0x00000000        0x0 g:/pi/gcc_pi_6_3/bin/../lib/gcc/arm-none-eabi/6.3.1/../../../../arm-none-eabi/lib/hard\libm.a(lib_a-kf_rem_pio2.o)
 .bss           0x00000000        0x0 g:/pi/gcc_pi_6_3/bin/../lib/gcc/arm-none-eabi/6.3.1/../../../../arm-none-eabi/lib/hard\libm.a(lib_a-kf_rem_pio2.o)
 .debug_frame   0x00000000       0x7c g:/pi/gcc_pi_6_3/bin/../lib/gcc/arm-none-eabi/6.3.1/../../../../arm-none-eabi/lib/hard\libm.a(lib_a-kf_rem_pio2.o)
 .text          0x00000000        0x0 g:/pi/gcc_pi_6_3/bin/../lib/gcc/arm-none-eabi/6.3.1/../../../../arm-none-eabi/lib/hard\libm.a(lib_a-kf_sin.o)
 .data          0x00000000        0x0 g:/pi/gcc_pi_6_3/bin/../lib/gcc/arm-none-eabi/6.3.1/../../../../arm-none-eabi/lib/hard\libm.a(lib_a-kf_sin.o)
 .bss           0x00000000        0x0 g:/pi/gcc_pi_6_3/bin/../lib/gcc/arm-none-eabi/6.3.1/../../../../arm-none-eabi/lib/hard\libm.a(lib_a-kf_sin.o)
 .debug_frame   0x00000000       0x20 g:/pi/gcc_pi_6_3/bin/../lib/gcc/arm-none-eabi/6.3.1/../../../../arm-none-eabi/lib/hard\libm.a(lib_a-kf_sin.o)
 .text          0x00000000        0x0 g:/pi/gcc_pi_6_3/bin/../lib/gcc/arm-none-eabi/6.3.1/../../../../arm-none-eabi/lib/hard\libm.a(lib_a-sf_fabs.o)
 .data          0x00000000        0x0 g:/pi/gcc_pi_6_3/bin/../lib/gcc/arm-none-eabi/6.3.1/../../../../arm-none-eabi/lib/hard\libm.a(lib_a-sf_fabs.o)
 .bss           0x00000000        0x0 g:/pi/gcc_pi_6_3/bin/../lib/gcc/arm-none-eabi/6.3.1/../../../../arm-none-eabi/lib/hard\libm.a(lib_a-sf_fabs.o)
 .debug_frame   0x00000000       0x20 g:/pi/gcc_pi_6_3/bin/../lib/gcc/arm-none-eabi/6.3.1/../../../../arm-none-eabi/lib/hard\libm.a(lib_a-sf_fabs.o)
 .text          0x00000000        0x0 g:/pi/gcc_pi_6_3/bin/../lib/gcc/arm-none-eabi/6.3.1/../../../../arm-none-eabi/lib/hard\libm.a(lib_a-sf_floor.o)
 .data          0x00000000        0x0 g:/pi/gcc_pi_6_3/bin/../lib/gcc/arm-none-eabi/6.3.1/../../../../arm-none-eabi/lib/hard\libm.a(lib_a-sf_floor.o)
 .bss           0x00000000        0x0 g:/pi/gcc_pi_6_3/bin/../lib/gcc/arm-none-eabi/6.3.1/../../../../arm-none-eabi/lib/hard\libm.a(lib_a-sf_floor.o)
 .debug_frame   0x00000000       0x20 g:/pi/gcc_pi_6_3/bin/../lib/gcc/arm-none-eabi/6.3.1/../../../../arm-none-eabi/lib/hard\libm.a(lib_a-sf_floor.o)
 .text          0x00000000        0x0 g:/pi/gcc_pi_6_3/bin/../lib/gcc/arm-none-eabi/6.3.1/../../../../arm-none-eabi/lib/hard\libm.a(lib_a-sf_scalbn.o)
 .data          0x00000000        0x0 g:/pi/gcc_pi_6_3/bin/../lib/gcc/arm-none-eabi/6.3.1/../../../../arm-none-eabi/lib/hard\libm.a(lib_a-sf_scalbn.o)
 .bss           0x00000000        0x0 g:/pi/gcc_pi_6_3/bin/../lib/gcc/arm-none-eabi/6.3.1/../../../../arm-none-eabi/lib/hard\libm.a(lib_a-sf_scalbn.o)
 .debug_frame   0x00000000       0x60 g:/pi/gcc_pi_6_3/bin/../lib/gcc/arm-none-eabi/6.3.1/../../../../arm-none-eabi/lib/hard\libm.a(lib_a-sf_scalbn.o)
 .text          0x00000000        0x0 g:/pi/gcc_pi_6_3/bin/../lib/gcc/arm-none-eabi/6.3.1/../../../../arm-none-eabi/lib/hard\libm.a(lib_a-sf_copysign.o)
 .data          0x00000000        0x0 g:/pi/gcc_pi_6_3/bin/../lib/gcc/arm-none-eabi/6.3.1/../../../../arm-none-eabi/lib/hard\libm.a(lib_a-sf_copysign.o)
 .bss           0x00000000        0x0 g:/pi/gcc_pi_6_3/bin/../lib/gcc/arm-none-eabi/6.3.1/../../../../arm-none-eabi/lib/hard\libm.a(lib_a-sf_copysign.o)
 .debug_frame   0x00000000       0x20 g:/pi/gcc_pi_6_3/bin/../lib/gcc/arm-none-eabi/6.3.1/../../../../arm-none-eabi/lib/hard\libm.a(lib_a-sf_copysign.o)
 .data          0x00000000        0x0 g:/pi/gcc_pi_6_3/bin/../lib/gcc/arm-none-eabi/6.3.1/hard\libgcc.a(_udivsi3.o)
 .bss           0x00000000        0x0 g:/pi/gcc_pi_6_3/bin/../lib/gcc/arm-none-eabi/6.3.1/hard\libgcc.a(_udivsi3.o)
 .debug_frame   0x00000000       0x20 g:/pi/gcc_pi_6_3/bin/../lib/gcc/arm-none-eabi/6.3.1/hard\libgcc.a(_udivsi3.o)
 .data          0x00000000        0x0 g:/pi/gcc_pi_6_3/bin/../lib/gcc/arm-none-eabi/6.3.1/hard\libgcc.a(_dvmd_tls.o)
 .bss           0x00000000        0x0 g:/pi/gcc_pi_6_3/bin/../lib/gcc/arm-none-eabi/6.3.1/hard\libgcc.a(_dvmd_tls.o)
 .data          0x00000000        0x0 g:/pi/gcc_pi_6_3/bin/../lib/gcc/arm-none-eabi/6.3.1/hard\libgcc.a(_aeabi_uldivmod.o)
 .bss           0x00000000        0x0 g:/pi/gcc_pi_6_3/bin/../lib/gcc/arm-none-eabi/6.3.1/hard\libgcc.a(_aeabi_uldivmod.o)
 .debug_frame   0x00000000       0x2c g:/pi/gcc_pi_6_3/bin/../lib/gcc/arm-none-eabi/6.3.1/hard\libgcc.a(_aeabi_uldivmod.o)
 .data          0x00000000        0x0 g:/pi/gcc_pi_6_3/bin/../lib/gcc/arm-none-eabi/6.3.1/hard\libgcc.a(_udivmoddi4.o)
 .bss           0x00000000        0x0 g:/pi/gcc_pi_6_3/bin/../lib/gcc/arm-none-eabi/6.3.1/hard\libgcc.a(_udivmoddi4.o)
 .ARM.extab     0x00000000        0x0 g:/pi/gcc_pi_6_3/bin/../lib/gcc/arm-none-eabi/6.3.1/hard\libgcc.a(_udivmoddi4.o)
 .ARM.exidx     0x00000000        0x8 g:/pi/gcc_pi_6_3/bin/../lib/gcc/arm-none-eabi/6.3.1/hard\libgcc.a(_udivmoddi4.o)
 .debug_frame   0x00000000       0x48 g:/pi/gcc_pi_6_3/bin/../lib/gcc/arm-none-eabi/6.3.1/hard\libgcc.a(_udivmoddi4.o)
 .data          0x00000000        0x0 g:/pi/gcc_pi_6_3/bin/../lib/gcc/arm-none-eabi/6.3.1/hard\libgcc.a(_clzdi2.o)
 .bss           0x00000000        0x0 g:/pi/gcc_pi_6_3/bin/../lib/gcc/arm-none-eabi/6.3.1/hard\libgcc.a(_clzdi2.o)
 .data          0x00000000        0x0 g:/pi/gcc_pi_6_3/bin/../lib/gcc/arm-none-eabi/6.3.1/hard\libgcc.a(_clzsi2.o)
 .bss           0x00000000        0x0 g:/pi/gcc_pi_6_3/bin/../lib/gcc/arm-none-eabi/6.3.1/hard\libgcc.a(_clzsi2.o)

Memory Configuration

Name             Origin             Length             Attributes
RAM              0x00008000         0x08000000         xrw
*default*        0x00000000         0xffffffff

Linker script and memory map


.text           0x00008000    0x111d0
                0x00008000                . = ALIGN (0x4)
                0x00008000                __text_start__ = .
                0x00008000                _start = .
 *(.text.startup)
 .text.startup  0x00008000      0x43c C:\Users\ldebo\AppData\Local\Temp\ccG5ttQI.o
                0x0000839c                RPi_CpuIdString
                0x000083f4                EnableInterrupts
                0x000083fc                DisableInterrupts
                0x00008404                CoreExecute
 *(.text .text.* .gnu.linkonce.t.*)
 .text          0x0000843c      0x168 C:\Users\ldebo\AppData\Local\Temp\ccWgQ0a0.o
                0x0000843c                c_irq_handler
                0x00008458                kernel_main
 .text.setTimerIrqAddress
                0x000085a4       0x1c C:\Users\ldebo\AppData\Local\Temp\ccG5ttQI.o
                0x000085a4                setTimerIrqAddress
 .text.ARMaddrToGPUaddr
                0x000085c0       0x14 C:\Users\ldebo\AppData\Local\Temp\ccG5ttQI.o
                0x000085c0                ARMaddrToGPUaddr
 .text.GPUaddrToARMaddr
                0x000085d4       0x98 C:\Users\ldebo\AppData\Local\Temp\ccG5ttQI.o
                0x000085d4                GPUaddrToARMaddr
 .text._sbrk    0x0000866c       0x2c C:\Users\ldebo\AppData\Local\Temp\ccG5ttQI.o
                0x0000866c                _sbrk
 .text          0x00008698     0x25b8 C:\Users\ldebo\AppData\Local\Temp\ccpBclhp.o
                0x000097b0                gpio_setup
                0x00009814                gpio_output
                0x00009880                gpio_input
                0x000098c8                gpio_checkEvent
                0x0000990c                gpio_clearEvent
                0x0000994c                gpio_edgeDetect
                0x00009a10                gpio_fixResistor
                0x00009b40                timer_getTickCount
                0x00009b90                timer_wait
                0x00009c10                tick_difference
                0x00009c1c                mailbox_write
                0x00009c60                mailbox_read
                0x00009cac                mailbox_tag_message
                0x00009dcc                TimerIrqSetup
                0x00009ec0                set_Activity_LED
                0x0000a038                ARM_setmaxspeed
                0x0000a0ec                displaySmartStart
                0x0000a174                Embedded_Console_WriteChar
                0x0000a228                WriteText
                0x0000a304                SetDCPenColor
                0x0000a318                SetDCBrushColor
                0x0000a32c                MoveToEx
                0x0000a364                LineTo
                0x0000a404                TextOut
                0x0000a470                TransparentTextOut
                0x0000a4d4                BmpOut
                0x0000a524                CvtBmpLine
                0x0000a7e4                Rectangle
                0x0000a818                PiConsole_Init
                0x0000aacc                GetConsoleDC
                0x0000aad8                GetConsole_FrameBuffer
                0x0000aae8                GetConsole_Width
                0x0000aaf8                GetConsole_Height
                0x0000ab34                _kill
                0x0000ab4c                _getpid
                0x0000ab54                _read
                0x0000ab5c                _close
                0x0000ab64                _lseek
                0x0000ab6c                _isatty
                0x0000ab74                _fstat
                0x0000ab84                _exit
                0x0000ab88                _write
 .text          0x0000ac50     0x21b4 C:\Users\ldebo\AppData\Local\Temp\ccpLHjXJ.o
                0x0000b338                strnlen
                0x0000b380                emb_vsprintf
                0x0000bfa8                vsscanf
                0x0000cd38                sscanf
                0x0000cd74                emb_sprintf
                0x0000cda4                printf
 *fill*         0x0000ce04        0x4 
 .text          0x0000ce08     0x2178 C:\Users\ldebo\AppData\Local\Temp\cck8WzaS.o
                0x0000d5fc                vec3_dot
                0x0000d618                vec3_cross
                0x0000d648                vec3_sub
                0x0000d660                vec3_add
                0x0000d678                vec3_scale
                0x0000d690                XRotationMatrix3D
                0x0000d6fc                YRotationMatrix3D
                0x0000d768                ZRotationMatrix3D
                0x0000d7d4                TranslationMatrix3D
                0x0000d81c                ScaleMatrix3D
                0x0000d864                MirrorMatrix3D
                0x0000d8dc                TransposeMatrix3D
                0x0000d944                MultiplyMatrix3D
                0x0000db6c                TransformPoint3D
                0x0000dc58                InitV3D
                0x0000dce4                V3D_mem_alloc
                0x0000dd1c                V3D_mem_free
                0x0000dd4c                V3D_mem_lock
                0x0000dd84                V3D_mem_unlock
                0x0000ddb4                V3D_execute_code
                0x0000de00                V3D_execute_qpu
                0x0000de34                DoRotate
                0x0000e25c                RenderModel
                0x0000e348                SetupRenderer
                0x0000e898                DoneRenderer
                0x0000e904                CreateVertexData
 .text          0x0000ef80     0x3bb4 C:\Users\ldebo\AppData\Local\Temp\cceqgjRm.o
                0x000103b0                sdTransferBlocks
                0x0001040c                sdClearBlocks
                0x00010550                getSetNextCluster
                0x00010760                WildcardMatch
                0x00011680                sdFindFirstFile
                0x00011a48                sdFindNextFile
                0x00011b04                sdFindClose
                0x00011b40                sdCreateFile
                0x0001201c                sdReadFile
                0x0001233c                sdCloseHandle
                0x00012378                sdSetFilePointer
                0x00012694                sdGetFileSize
                0x000126c8                sdInitCard
                0x00012b18                sdCardCSD
 .text.unlikely
                0x00012b34      0x3bc C:\Users\ldebo\AppData\Local\Temp\cceqgjRm.o
 .text.__locale_ctype_ptr_l
                0x00012ef0        0x8 g:/pi/gcc_pi_6_3/bin/../lib/gcc/arm-none-eabi/6.3.1/../../../../arm-none-eabi/lib/hard\libc.a(lib_a-locale.o)
                0x00012ef0                __locale_ctype_ptr_l
 .text.__locale_ctype_ptr
                0x00012ef8       0x28 g:/pi/gcc_pi_6_3/bin/../lib/gcc/arm-none-eabi/6.3.1/../../../../arm-none-eabi/lib/hard\libc.a(lib_a-locale.o)
                0x00012ef8                __locale_ctype_ptr
 .text.mbstowcs
                0x00012f20       0x4c g:/pi/gcc_pi_6_3/bin/../lib/gcc/arm-none-eabi/6.3.1/../../../../arm-none-eabi/lib/hard\libc.a(lib_a-mbstowcs.o)
                0x00012f20                mbstowcs
 .text.__ascii_mbtowc
                0x00012f6c       0x4c g:/pi/gcc_pi_6_3/bin/../lib/gcc/arm-none-eabi/6.3.1/../../../../arm-none-eabi/lib/hard\libc.a(lib_a-mbtowc_r.o)
                0x00012f6c                __ascii_mbtowc
 .text.memcpy   0x00012fb8      0x114 g:/pi/gcc_pi_6_3/bin/../lib/gcc/arm-none-eabi/6.3.1/../../../../arm-none-eabi/lib/hard\libc.a(lib_a-memcpy-stub.o)
                0x00012fb8                memcpy
 .text.strchr   0x000130cc      0x1ac g:/pi/gcc_pi_6_3/bin/../lib/gcc/arm-none-eabi/6.3.1/../../../../arm-none-eabi/lib/hard\libc.a(lib_a-strchr.o)
                0x000130cc                strchr
 .text.strcpy   0x00013278       0xf0 g:/pi/gcc_pi_6_3/bin/../lib/gcc/arm-none-eabi/6.3.1/../../../../arm-none-eabi/lib/hard\libc.a(lib_a-strcpy.o)
                0x00013278                strcpy
 .text.strlen   0x00013368       0x60 g:/pi/gcc_pi_6_3/bin/../lib/gcc/arm-none-eabi/6.3.1/../../../../arm-none-eabi/lib/hard\libc.a(lib_a-strlen-stub.o)
                0x00013368                strlen
 .text.strncpy  0x000133c8       0xdc g:/pi/gcc_pi_6_3/bin/../lib/gcc/arm-none-eabi/6.3.1/../../../../arm-none-eabi/lib/hard\libc.a(lib_a-strncpy.o)
                0x000133c8                strncpy
 .text.unlikely.sulp
                0x000134a4       0x58 g:/pi/gcc_pi_6_3/bin/../lib/gcc/arm-none-eabi/6.3.1/../../../../arm-none-eabi/lib/hard\libc.a(lib_a-strtod.o)
 *fill*         0x000134fc        0x4 
 .text._strtod_l
                0x00013500     0x14a0 g:/pi/gcc_pi_6_3/bin/../lib/gcc/arm-none-eabi/6.3.1/../../../../arm-none-eabi/lib/hard\libc.a(lib_a-strtod.o)
                0x00013500                _strtod_l
 .text.strtod   0x000149a0       0x38 g:/pi/gcc_pi_6_3/bin/../lib/gcc/arm-none-eabi/6.3.1/../../../../arm-none-eabi/lib/hard\libc.a(lib_a-strtod.o)
                0x000149a0                strtod
 .text.strtof   0x000149d8       0x9c g:/pi/gcc_pi_6_3/bin/../lib/gcc/arm-none-eabi/6.3.1/../../../../arm-none-eabi/lib/hard\libc.a(lib_a-strtod.o)
                0x000149d8                strtof
 .text._strtol_l.isra.0
                0x00014a74      0x220 g:/pi/gcc_pi_6_3/bin/../lib/gcc/arm-none-eabi/6.3.1/../../../../arm-none-eabi/lib/hard\libc.a(lib_a-strtol.o)
 .text.strtol   0x00014c94       0x4c g:/pi/gcc_pi_6_3/bin/../lib/gcc/arm-none-eabi/6.3.1/../../../../arm-none-eabi/lib/hard\libc.a(lib_a-strtol.o)
                0x00014c94                strtol
 .text.strtold  0x00014ce0       0x3c g:/pi/gcc_pi_6_3/bin/../lib/gcc/arm-none-eabi/6.3.1/../../../../arm-none-eabi/lib/hard\libc.a(lib_a-strtold.o)
                0x00014ce0                strtold
 .text._strtoll_l.isra.0
                0x00014d1c      0x2e0 g:/pi/gcc_pi_6_3/bin/../lib/gcc/arm-none-eabi/6.3.1/../../../../arm-none-eabi/lib/hard\libc.a(lib_a-strtoll.o)
 .text.strtoll  0x00014ffc       0x4c g:/pi/gcc_pi_6_3/bin/../lib/gcc/arm-none-eabi/6.3.1/../../../../arm-none-eabi/lib/hard\libc.a(lib_a-strtoll.o)
                0x00014ffc                strtoll
 .text._strtoul_l.isra.0
                0x00015048      0x1e8 g:/pi/gcc_pi_6_3/bin/../lib/gcc/arm-none-eabi/6.3.1/../../../../arm-none-eabi/lib/hard\libc.a(lib_a-strtoul.o)
 .text.strtoul  0x00015230       0x4c g:/pi/gcc_pi_6_3/bin/../lib/gcc/arm-none-eabi/6.3.1/../../../../arm-none-eabi/lib/hard\libc.a(lib_a-strtoul.o)
                0x00015230                strtoul
 *fill*         0x0001527c        0x4 
 .text._strtoull_l.isra.0
                0x00015280      0x278 g:/pi/gcc_pi_6_3/bin/../lib/gcc/arm-none-eabi/6.3.1/../../../../arm-none-eabi/lib/hard\libc.a(lib_a-strtoull.o)
 .text.strtoull
                0x000154f8       0x4c g:/pi/gcc_pi_6_3/bin/../lib/gcc/arm-none-eabi/6.3.1/../../../../arm-none-eabi/lib/hard\libc.a(lib_a-strtoull.o)
                0x000154f8                strtoull
 .text.wcscpy   0x00015544       0x34 g:/pi/gcc_pi_6_3/bin/../lib/gcc/arm-none-eabi/6.3.1/../../../../arm-none-eabi/lib/hard\libc.a(lib_a-wcscpy.o)
                0x00015544                wcscpy
 .text.wctob    0x00015578       0x8c g:/pi/gcc_pi_6_3/bin/../lib/gcc/arm-none-eabi/6.3.1/../../../../arm-none-eabi/lib/hard\libc.a(lib_a-wctob.o)
                0x00015578                wctob
 .text.__ascii_wctomb
                0x00015604       0x28 g:/pi/gcc_pi_6_3/bin/../lib/gcc/arm-none-eabi/6.3.1/../../../../arm-none-eabi/lib/hard\libc.a(lib_a-wctomb_r.o)
                0x00015604                __ascii_wctomb
 .text._malloc_trim_r
                0x0001562c      0x100 g:/pi/gcc_pi_6_3/bin/../lib/gcc/arm-none-eabi/6.3.1/../../../../arm-none-eabi/lib/hard\libc.a(lib_a-freer.o)
                0x0001562c                _malloc_trim_r
 .text._free_r  0x0001572c      0x2e0 g:/pi/gcc_pi_6_3/bin/../lib/gcc/arm-none-eabi/6.3.1/../../../../arm-none-eabi/lib/hard\libc.a(lib_a-freer.o)
                0x0001572c                _free_r
 .text.rshift   0x00015a0c       0xf8 g:/pi/gcc_pi_6_3/bin/../lib/gcc/arm-none-eabi/6.3.1/../../../../arm-none-eabi/lib/hard\libc.a(lib_a-gdtoa-gethex.o)
 .text.__gethex
                0x00015b04      0x804 g:/pi/gcc_pi_6_3/bin/../lib/gcc/arm-none-eabi/6.3.1/../../../../arm-none-eabi/lib/hard\libc.a(lib_a-gdtoa-gethex.o)
                0x00015b04                __gethex
 .text.__match  0x00016308       0x6c g:/pi/gcc_pi_6_3/bin/../lib/gcc/arm-none-eabi/6.3.1/../../../../arm-none-eabi/lib/hard\libc.a(lib_a-gdtoa-hexnan.o)
                0x00016308                __match
 .text.__hexnan
                0x00016374      0x270 g:/pi/gcc_pi_6_3/bin/../lib/gcc/arm-none-eabi/6.3.1/../../../../arm-none-eabi/lib/hard\libc.a(lib_a-gdtoa-hexnan.o)
                0x00016374                __hexnan
 .text.__localeconv_l
                0x000165e4        0x8 g:/pi/gcc_pi_6_3/bin/../lib/gcc/arm-none-eabi/6.3.1/../../../../arm-none-eabi/lib/hard\libc.a(lib_a-localeconv.o)
                0x000165e4                __localeconv_l
 .text._malloc_r
                0x000165ec      0x78c g:/pi/gcc_pi_6_3/bin/../lib/gcc/arm-none-eabi/6.3.1/../../../../arm-none-eabi/lib/hard\libc.a(lib_a-mallocr.o)
                0x000165ec                _malloc_r
 .text.memset   0x00016d78      0x114 g:/pi/gcc_pi_6_3/bin/../lib/gcc/arm-none-eabi/6.3.1/../../../../arm-none-eabi/lib/hard\libc.a(lib_a-memset.o)
                0x00016d78                memset
 .text.__malloc_lock
                0x00016e8c       0x18 g:/pi/gcc_pi_6_3/bin/../lib/gcc/arm-none-eabi/6.3.1/../../../../arm-none-eabi/lib/hard\libc.a(lib_a-mlock.o)
                0x00016e8c                __malloc_lock
 .text.__malloc_unlock
                0x00016ea4       0x18 g:/pi/gcc_pi_6_3/bin/../lib/gcc/arm-none-eabi/6.3.1/../../../../arm-none-eabi/lib/hard\libc.a(lib_a-mlock.o)
                0x00016ea4                __malloc_unlock
 .text._Balloc  0x00016ebc       0x8c g:/pi/gcc_pi_6_3/bin/../lib/gcc/arm-none-eabi/6.3.1/../../../../arm-none-eabi/lib/hard\libc.a(lib_a-mprec.o)
                0x00016ebc                _Balloc
 .text._Bfree   0x00016f48       0x1c g:/pi/gcc_pi_6_3/bin/../lib/gcc/arm-none-eabi/6.3.1/../../../../arm-none-eabi/lib/hard\libc.a(lib_a-mprec.o)
                0x00016f48                _Bfree
 .text.__multadd
                0x00016f64       0xdc g:/pi/gcc_pi_6_3/bin/../lib/gcc/arm-none-eabi/6.3.1/../../../../arm-none-eabi/lib/hard\libc.a(lib_a-mprec.o)
                0x00016f64                __multadd
 .text.__s2b    0x00017040       0xf0 g:/pi/gcc_pi_6_3/bin/../lib/gcc/arm-none-eabi/6.3.1/../../../../arm-none-eabi/lib/hard\libc.a(lib_a-mprec.o)
                0x00017040                __s2b
 .text.__hi0bits
                0x00017130       0x58 g:/pi/gcc_pi_6_3/bin/../lib/gcc/arm-none-eabi/6.3.1/../../../../arm-none-eabi/lib/hard\libc.a(lib_a-mprec.o)
                0x00017130                __hi0bits
 .text.__lo0bits
                0x00017188       0xa0 g:/pi/gcc_pi_6_3/bin/../lib/gcc/arm-none-eabi/6.3.1/../../../../arm-none-eabi/lib/hard\libc.a(lib_a-mprec.o)
                0x00017188                __lo0bits
 .text.__i2b    0x00017228       0x24 g:/pi/gcc_pi_6_3/bin/../lib/gcc/arm-none-eabi/6.3.1/../../../../arm-none-eabi/lib/hard\libc.a(lib_a-mprec.o)
                0x00017228                __i2b
 .text.__multiply
                0x0001724c      0x1d0 g:/pi/gcc_pi_6_3/bin/../lib/gcc/arm-none-eabi/6.3.1/../../../../arm-none-eabi/lib/hard\libc.a(lib_a-mprec.o)
                0x0001724c                __multiply
 .text.__pow5mult
                0x0001741c      0x104 g:/pi/gcc_pi_6_3/bin/../lib/gcc/arm-none-eabi/6.3.1/../../../../arm-none-eabi/lib/hard\libc.a(lib_a-mprec.o)
                0x0001741c                __pow5mult
 .text.__lshift
                0x00017520       0xe8 g:/pi/gcc_pi_6_3/bin/../lib/gcc/arm-none-eabi/6.3.1/../../../../arm-none-eabi/lib/hard\libc.a(lib_a-mprec.o)
                0x00017520                __lshift
 .text.__mcmp   0x00017608       0x60 g:/pi/gcc_pi_6_3/bin/../lib/gcc/arm-none-eabi/6.3.1/../../../../arm-none-eabi/lib/hard\libc.a(lib_a-mprec.o)
                0x00017608                __mcmp
 .text.__mdiff  0x00017668      0x1a8 g:/pi/gcc_pi_6_3/bin/../lib/gcc/arm-none-eabi/6.3.1/../../../../arm-none-eabi/lib/hard\libc.a(lib_a-mprec.o)
                0x00017668                __mdiff
 .text.__ulp    0x00017810       0x78 g:/pi/gcc_pi_6_3/bin/../lib/gcc/arm-none-eabi/6.3.1/../../../../arm-none-eabi/lib/hard\libc.a(lib_a-mprec.o)
                0x00017810                __ulp
 .text.__b2d    0x00017888       0xe0 g:/pi/gcc_pi_6_3/bin/../lib/gcc/arm-none-eabi/6.3.1/../../../../arm-none-eabi/lib/hard\libc.a(lib_a-mprec.o)
                0x00017888                __b2d
 .text.__d2b    0x00017968      0x110 g:/pi/gcc_pi_6_3/bin/../lib/gcc/arm-none-eabi/6.3.1/../../../../arm-none-eabi/lib/hard\libc.a(lib_a-mprec.o)
                0x00017968                __d2b
 .text.__ratio  0x00017a78       0x88 g:/pi/gcc_pi_6_3/bin/../lib/gcc/arm-none-eabi/6.3.1/../../../../arm-none-eabi/lib/hard\libc.a(lib_a-mprec.o)
                0x00017a78                __ratio
 .text.__copybits
                0x00017b00       0x70 g:/pi/gcc_pi_6_3/bin/../lib/gcc/arm-none-eabi/6.3.1/../../../../arm-none-eabi/lib/hard\libc.a(lib_a-mprec.o)
                0x00017b00                __copybits
 .text.__any_on
                0x00017b70       0x80 g:/pi/gcc_pi_6_3/bin/../lib/gcc/arm-none-eabi/6.3.1/../../../../arm-none-eabi/lib/hard\libc.a(lib_a-mprec.o)
                0x00017b70                __any_on
 .text._sbrk_r  0x00017bf0       0x44 g:/pi/gcc_pi_6_3/bin/../lib/gcc/arm-none-eabi/6.3.1/../../../../arm-none-eabi/lib/hard\libc.a(lib_a-sbrkr.o)
                0x00017bf0                _sbrk_r
 .text.nanf     0x00017c34        0xc g:/pi/gcc_pi_6_3/bin/../lib/gcc/arm-none-eabi/6.3.1/../../../../arm-none-eabi/lib/hard\libc.a(lib_a-sf_nan.o)
                0x00017c34                nanf
 .text.strncmp  0x00017c40      0x110 g:/pi/gcc_pi_6_3/bin/../lib/gcc/arm-none-eabi/6.3.1/../../../../arm-none-eabi/lib/hard\libc.a(lib_a-strncmp.o)
                0x00017c40                strncmp
 .text._calloc_r
                0x00017d50       0x98 g:/pi/gcc_pi_6_3/bin/../lib/gcc/arm-none-eabi/6.3.1/../../../../arm-none-eabi/lib/hard\libc.a(lib_a-callocr.o)
                0x00017d50                _calloc_r
 .text.__retarget_lock_acquire_recursive
                0x00017de8        0x4 g:/pi/gcc_pi_6_3/bin/../lib/gcc/arm-none-eabi/6.3.1/../../../../arm-none-eabi/lib/hard\libc.a(lib_a-lock.o)
                0x00017de8                __retarget_lock_acquire_recursive
 .text.__retarget_lock_release_recursive
                0x00017dec        0x4 g:/pi/gcc_pi_6_3/bin/../lib/gcc/arm-none-eabi/6.3.1/../../../../arm-none-eabi/lib/hard\libc.a(lib_a-lock.o)
                0x00017dec                __retarget_lock_release_recursive
 .text.cosf     0x00017df0       0xcc g:/pi/gcc_pi_6_3/bin/../lib/gcc/arm-none-eabi/6.3.1/../../../../arm-none-eabi/lib/hard\libm.a(lib_a-sf_cos.o)
                0x00017df0                cosf
 .text.sinf     0x00017ebc       0xd4 g:/pi/gcc_pi_6_3/bin/../lib/gcc/arm-none-eabi/6.3.1/../../../../arm-none-eabi/lib/hard\libm.a(lib_a-sf_sin.o)
                0x00017ebc                sinf
 .text.__ieee754_rem_pio2f
                0x00017f90      0x2f0 g:/pi/gcc_pi_6_3/bin/../lib/gcc/arm-none-eabi/6.3.1/../../../../arm-none-eabi/lib/hard\libm.a(lib_a-ef_rem_pio2.o)
                0x00017f90                __ieee754_rem_pio2f
 .text.__kernel_cosf
                0x00018280      0x124 g:/pi/gcc_pi_6_3/bin/../lib/gcc/arm-none-eabi/6.3.1/../../../../arm-none-eabi/lib/hard\libm.a(lib_a-kf_cos.o)
                0x00018280                __kernel_cosf
 .text.__kernel_rem_pio2f
                0x000183a4      0x89c g:/pi/gcc_pi_6_3/bin/../lib/gcc/arm-none-eabi/6.3.1/../../../../arm-none-eabi/lib/hard\libm.a(lib_a-kf_rem_pio2.o)
                0x000183a4                __kernel_rem_pio2f
 .text.__kernel_sinf
                0x00018c40       0xa0 g:/pi/gcc_pi_6_3/bin/../lib/gcc/arm-none-eabi/6.3.1/../../../../arm-none-eabi/lib/hard\libm.a(lib_a-kf_sin.o)
                0x00018c40                __kernel_sinf
 .text.fabsf    0x00018ce0       0x10 g:/pi/gcc_pi_6_3/bin/../lib/gcc/arm-none-eabi/6.3.1/../../../../arm-none-eabi/lib/hard\libm.a(lib_a-sf_fabs.o)
                0x00018ce0                fabsf
 .text.floorf   0x00018cf0       0xbc g:/pi/gcc_pi_6_3/bin/../lib/gcc/arm-none-eabi/6.3.1/../../../../arm-none-eabi/lib/hard\libm.a(lib_a-sf_floor.o)
                0x00018cf0                floorf
 .text.scalbnf  0x00018dac      0x118 g:/pi/gcc_pi_6_3/bin/../lib/gcc/arm-none-eabi/6.3.1/../../../../arm-none-eabi/lib/hard\libm.a(lib_a-sf_scalbn.o)
                0x00018dac                scalbnf
 .text.copysignf
                0x00018ec4       0x1c g:/pi/gcc_pi_6_3/bin/../lib/gcc/arm-none-eabi/6.3.1/../../../../arm-none-eabi/lib/hard\libm.a(lib_a-sf_copysign.o)
                0x00018ec4                copysignf
 .text          0x00018ee0      0x114 g:/pi/gcc_pi_6_3/bin/../lib/gcc/arm-none-eabi/6.3.1/hard\libgcc.a(_udivsi3.o)
                0x00018ee0                __aeabi_uidiv
                0x00018ee0                __udivsi3
                0x00018fd4                __aeabi_uidivmod
 .text          0x00018ff4        0x4 g:/pi/gcc_pi_6_3/bin/../lib/gcc/arm-none-eabi/6.3.1/hard\libgcc.a(_dvmd_tls.o)
                0x00018ff4                __aeabi_idiv0
                0x00018ff4                __aeabi_ldiv0
 .text          0x00018ff8       0x3c g:/pi/gcc_pi_6_3/bin/../lib/gcc/arm-none-eabi/6.3.1/hard\libgcc.a(_aeabi_uldivmod.o)
                0x00018ff8                __aeabi_uldivmod
 .text          0x00019034      0x12c g:/pi/gcc_pi_6_3/bin/../lib/gcc/arm-none-eabi/6.3.1/hard\libgcc.a(_udivmoddi4.o)
                0x00019034                __udivmoddi4
 .text          0x00019160       0x28 g:/pi/gcc_pi_6_3/bin/../lib/gcc/arm-none-eabi/6.3.1/hard\libgcc.a(_clzdi2.o)
                0x00019160                __clzdi2
 .text          0x00019188       0x48 g:/pi/gcc_pi_6_3/bin/../lib/gcc/arm-none-eabi/6.3.1/hard\libgcc.a(_clzsi2.o)
                0x00019188                __clzsi2
 *(.rel.text .rel.text.* .rel.gnu.linkonce.t.*)
 *(.init .init.*)
                0x000191d0                . = ALIGN (0x4)
                0x000191d0                __text_end__ = .

.glue_7         0x000191d0        0x0
 .glue_7        0x000191d0        0x0 linker stubs

.glue_7t        0x000191d0        0x0
 .glue_7t       0x000191d0        0x0 linker stubs

.vfp11_veneer   0x000191d0        0x0
 .vfp11_veneer  0x000191d0        0x0 linker stubs

.v4_bx          0x000191d0        0x0
 .v4_bx         0x000191d0        0x0 linker stubs

.iplt           0x000191d0        0x0
 .iplt          0x000191d0        0x0 C:\Users\ldebo\AppData\Local\Temp\ccWgQ0a0.o

.bss            0x000191d0     0x2708
                0x000191d0                . = ALIGN (0x4)
                0x000191d0                __bss_start__ = .
 *(.bss .bss.* .gnu.linkonce.b.*)
 .bss           0x000191d0       0xac C:\Users\ldebo\AppData\Local\Temp\ccWgQ0a0.o
                0x000191d4                model
 .bss           0x0001927c       0x50 C:\Users\ldebo\AppData\Local\Temp\ccpBclhp.o
                0x00019280                console
 .bss           0x000192cc        0x4 C:\Users\ldebo\AppData\Local\Temp\cck8WzaS.o
 .bss           0x000192d0     0x25a0 C:\Users\ldebo\AppData\Local\Temp\cceqgjRm.o
                0x000192d0                LOG_ERROR
 .bss.__malloc_current_mallinfo
                0x0001b870       0x28 g:/pi/gcc_pi_6_3/bin/../lib/gcc/arm-none-eabi/6.3.1/../../../../arm-none-eabi/lib/hard\libc.a(lib_a-mallocr.o)
                0x0001b870                __malloc_current_mallinfo
 .bss.__malloc_max_sbrked_mem
                0x0001b898        0x4 g:/pi/gcc_pi_6_3/bin/../lib/gcc/arm-none-eabi/6.3.1/../../../../arm-none-eabi/lib/hard\libc.a(lib_a-mallocr.o)
                0x0001b898                __malloc_max_sbrked_mem
 .bss.__malloc_max_total_mem
                0x0001b89c        0x4 g:/pi/gcc_pi_6_3/bin/../lib/gcc/arm-none-eabi/6.3.1/../../../../arm-none-eabi/lib/hard\libc.a(lib_a-mallocr.o)
                0x0001b89c                __malloc_max_total_mem
 .bss.__malloc_top_pad
                0x0001b8a0        0x4 g:/pi/gcc_pi_6_3/bin/../lib/gcc/arm-none-eabi/6.3.1/../../../../arm-none-eabi/lib/hard\libc.a(lib_a-mallocr.o)
                0x0001b8a0                __malloc_top_pad
 *(.rela.bss .rela.bss.* .rela.gnu.linkonce.b.*)
 *(COMMON)
 COMMON         0x0001b8a4        0xc C:\Users\ldebo\AppData\Local\Temp\ccWgQ0a0.o
                0x0001b8a4                __errno
                0x0001b8a8                halfScrHt
                0x0001b8ac                halfScrWth
 COMMON         0x0001b8b0        0x4 g:/pi/gcc_pi_6_3/bin/../lib/gcc/arm-none-eabi/6.3.1/../../../../arm-none-eabi/lib/hard\libc.a(lib_a-reent.o)
                0x0001b8b0                errno
 COMMON         0x0001b8b4       0x21 g:/pi/gcc_pi_6_3/bin/../lib/gcc/arm-none-eabi/6.3.1/../../../../arm-none-eabi/lib/hard\libc.a(lib_a-lock.o)
                0x0001b8b4                __lock___atexit_recursive_mutex
                0x0001b8b8                __lock___arc4random_mutex
                0x0001b8bc                __lock___env_recursive_mutex
                0x0001b8c0                __lock___sinit_recursive_mutex
                0x0001b8c4                __lock___malloc_recursive_mutex
                0x0001b8c8                __lock___at_quick_exit_mutex
                0x0001b8cc                __lock___dd_hash_mutex
                0x0001b8d0                __lock___tz_mutex
                0x0001b8d4                __lock___sfp_recursive_mutex
                0x0001b8d8                . = ALIGN (0x4)
 *fill*         0x0001b8d5        0x3 
                0x0001b8d8                __bss_end__ = .

.rodata         0x0001b8d8     0x1e6c
                0x0001b8d8                . = ALIGN (0x4)
                0x0001b8d8                __rodata_start__ = .
 *(.rodata .rodata.*)
 .rodata.str1.4
                0x0001b8d8       0x22 C:\Users\ldebo\AppData\Local\Temp\ccWgQ0a0.o
 *fill*         0x0001b8fa        0x2 
 .rodata.cpuid  0x0001b8fc       0x36 C:\Users\ldebo\AppData\Local\Temp\ccG5ttQI.o
 *fill*         0x0001b932        0x2 
 .rodata        0x0001b934     0x1000 C:\Users\ldebo\AppData\Local\Temp\ccpBclhp.o
 .rodata.str1.4
                0x0001c934       0xd0 C:\Users\ldebo\AppData\Local\Temp\ccpBclhp.o
 .rodata        0x0001ca04       0x10 C:\Users\ldebo\AppData\Local\Temp\ccpLHjXJ.o
 .rodata        0x0001ca14       0x40 C:\Users\ldebo\AppData\Local\Temp\cck8WzaS.o
                0x0001ca14                IdentityMatrix3D
 .rodata.str1.4
                0x0001ca54      0x229 C:\Users\ldebo\AppData\Local\Temp\cck8WzaS.o
                                0x22d (size before relaxing)
 *fill*         0x0001cc7d        0x3 
 .rodata        0x0001cc80       0x14 C:\Users\ldebo\AppData\Local\Temp\cceqgjRm.o
 .rodata.str1.4
                0x0001cc94      0x36a C:\Users\ldebo\AppData\Local\Temp\cceqgjRm.o
 *fill*         0x0001cffe        0x2 
 .rodata._setlocale_r.str1.4
                0x0001d000        0x6 g:/pi/gcc_pi_6_3/bin/../lib/gcc/arm-none-eabi/6.3.1/../../../../arm-none-eabi/lib/hard\libc.a(lib_a-locale.o)
                                  0xd (size before relaxing)
 *fill*         0x0001d006        0x2 
 .rodata.str1.4
                0x0001d008        0x2 g:/pi/gcc_pi_6_3/bin/../lib/gcc/arm-none-eabi/6.3.1/../../../../arm-none-eabi/lib/hard\libc.a(lib_a-locale.o)
 *fill*         0x0001d00a        0x2 
 .rodata._strtod_l.str1.4
                0x0001d00c       0x10 g:/pi/gcc_pi_6_3/bin/../lib/gcc/arm-none-eabi/6.3.1/../../../../arm-none-eabi/lib/hard\libc.a(lib_a-strtod.o)
                                  0xf (size before relaxing)
 .rodata.fpi.7264
                0x0001d01c       0x14 g:/pi/gcc_pi_6_3/bin/../lib/gcc/arm-none-eabi/6.3.1/../../../../arm-none-eabi/lib/hard\libc.a(lib_a-strtod.o)
 .rodata.fpinan.7300
                0x0001d030       0x14 g:/pi/gcc_pi_6_3/bin/../lib/gcc/arm-none-eabi/6.3.1/../../../../arm-none-eabi/lib/hard\libc.a(lib_a-strtod.o)
 *fill*         0x0001d044        0x4 
 .rodata.tinytens
                0x0001d048       0x28 g:/pi/gcc_pi_6_3/bin/../lib/gcc/arm-none-eabi/6.3.1/../../../../arm-none-eabi/lib/hard\libc.a(lib_a-strtod.o)
 .rodata._ctype_
                0x0001d070      0x101 g:/pi/gcc_pi_6_3/bin/../lib/gcc/arm-none-eabi/6.3.1/../../../../arm-none-eabi/lib/hard\libc.a(lib_a-ctype_.o)
                0x0001d070                _ctype_
 *fill*         0x0001d171        0x3 
 .rodata.__hexdig
                0x0001d174      0x100 g:/pi/gcc_pi_6_3/bin/../lib/gcc/arm-none-eabi/6.3.1/../../../../arm-none-eabi/lib/hard\libc.a(lib_a-gdtoa-gethex.o)
                0x0001d174                __hexdig
 *fill*         0x0001d274        0x4 
 .rodata.__mprec_bigtens
                0x0001d278       0x28 g:/pi/gcc_pi_6_3/bin/../lib/gcc/arm-none-eabi/6.3.1/../../../../arm-none-eabi/lib/hard\libc.a(lib_a-mprec.o)
                0x0001d278                __mprec_bigtens
 .rodata.__mprec_tens
                0x0001d2a0       0xc8 g:/pi/gcc_pi_6_3/bin/../lib/gcc/arm-none-eabi/6.3.1/../../../../arm-none-eabi/lib/hard\libc.a(lib_a-mprec.o)
                0x0001d2a0                __mprec_tens
 .rodata.p05.7178
                0x0001d368        0xc g:/pi/gcc_pi_6_3/bin/../lib/gcc/arm-none-eabi/6.3.1/../../../../arm-none-eabi/lib/hard\libc.a(lib_a-mprec.o)
 .rodata.npio2_hw
                0x0001d374       0x80 g:/pi/gcc_pi_6_3/bin/../lib/gcc/arm-none-eabi/6.3.1/../../../../arm-none-eabi/lib/hard\libm.a(lib_a-ef_rem_pio2.o)
 .rodata.two_over_pi
                0x0001d3f4      0x318 g:/pi/gcc_pi_6_3/bin/../lib/gcc/arm-none-eabi/6.3.1/../../../../arm-none-eabi/lib/hard\libm.a(lib_a-ef_rem_pio2.o)
 .rodata.PIo2   0x0001d70c       0x2c g:/pi/gcc_pi_6_3/bin/../lib/gcc/arm-none-eabi/6.3.1/../../../../arm-none-eabi/lib/hard\libm.a(lib_a-kf_rem_pio2.o)
 .rodata.init_jk
                0x0001d738        0xc g:/pi/gcc_pi_6_3/bin/../lib/gcc/arm-none-eabi/6.3.1/../../../../arm-none-eabi/lib/hard\libm.a(lib_a-kf_rem_pio2.o)
 *(.rel.rodata .rel.rodata.* .rel.gnu.linkonce.r.*)
                0x0001d744                . = ALIGN (0x4)
                0x0001d744                __rodata_end__ = .

.rel.dyn        0x0001d744        0x0
 .rel.iplt      0x0001d744        0x0 C:\Users\ldebo\AppData\Local\Temp\ccWgQ0a0.o

.data           0x0001d748      0xd80
                0x0001d748                . = ALIGN (0x4)
                0x0001d748                __data_start__ = .
 *(.data .data.* .gnu.linkonce.d.*)
 .data.smartstart
                0x0001d748        0xc C:\Users\ldebo\AppData\Local\Temp\ccG5ttQI.o
                0x0001d74c                RPi_CPUCurrentMode
                0x0001d750                RPi_Heap
 .data.smartstart32
                0x0001d754       0x1c C:\Users\ldebo\AppData\Local\Temp\ccG5ttQI.o
                0x0001d754                RPi_IO_Base_Addr
                0x0001d758                RPi_BootAddr
                0x0001d75c                RPi_CoresReady
                0x0001d760                RPi_CPUBootMode
                0x0001d764                RPi_CpuId
                0x0001d768                RPi_CompileMode
 .data          0x0001d770        0x4 C:\Users\ldebo\AppData\Local\Temp\ccpBclhp.o
 .data          0x0001d774      0x3a8 C:\Users\ldebo\AppData\Local\Temp\cceqgjRm.o
 .data.__global_locale
                0x0001db1c      0x16c g:/pi/gcc_pi_6_3/bin/../lib/gcc/arm-none-eabi/6.3.1/../../../../arm-none-eabi/lib/hard\libc.a(lib_a-locale.o)
                0x0001db1c                __global_locale
 .data._impure_ptr
                0x0001dc88        0x4 g:/pi/gcc_pi_6_3/bin/../lib/gcc/arm-none-eabi/6.3.1/../../../../arm-none-eabi/lib/hard\libc.a(lib_a-impure.o)
                0x0001dc88                _impure_ptr
 *fill*         0x0001dc8c        0x4 
 .data.impure_data
                0x0001dc90      0x428 g:/pi/gcc_pi_6_3/bin/../lib/gcc/arm-none-eabi/6.3.1/../../../../arm-none-eabi/lib/hard\libc.a(lib_a-impure.o)
 .data.__malloc_av_
                0x0001e0b8      0x408 g:/pi/gcc_pi_6_3/bin/../lib/gcc/arm-none-eabi/6.3.1/../../../../arm-none-eabi/lib/hard\libc.a(lib_a-mallocr.o)
                0x0001e0b8                __malloc_av_
 .data.__malloc_sbrk_base
                0x0001e4c0        0x4 g:/pi/gcc_pi_6_3/bin/../lib/gcc/arm-none-eabi/6.3.1/../../../../arm-none-eabi/lib/hard\libc.a(lib_a-mallocr.o)
                0x0001e4c0                __malloc_sbrk_base
 .data.__malloc_trim_threshold
                0x0001e4c4        0x4 g:/pi/gcc_pi_6_3/bin/../lib/gcc/arm-none-eabi/6.3.1/../../../../arm-none-eabi/lib/hard\libc.a(lib_a-mallocr.o)
                0x0001e4c4                __malloc_trim_threshold
 *(.rel.data .rel.data.* .rel.gnu.linkonce.d.*)
                0x0001e4c8                . = ALIGN (0x4)
                0x0001e4c8                __data_end__ = .

.igot.plt       0x0001e4c8        0x0
 .igot.plt      0x0001e4c8        0x0 C:\Users\ldebo\AppData\Local\Temp\ccWgQ0a0.o

.data1          0x0001e4c8        0x8
                0x0001e4d0                . = ALIGN (0x10)
 *fill*         0x0001e4c8        0x8 
                0x0001e4d0                __data1_start__ = .
 *(.data1 .data1.*)
 *(.rel.data1 .rel.data1.*)
                0x0001e4d0                . = ALIGN (0x10)
                0x0001e4d0                __data1_end__ = .

.stack          0x0001e4d0     0xa200
                0x0001e4d0                . = ALIGN (0x8)
                0x0001e4d0                __stack_start__core0 = .
                0x0001e6d0                . = (. + 0x200)
 *fill*         0x0001e4d0      0x200 
                0x0001e6d0                __HYP_stack_core0 = .
                0x000266d0                . = (. + 0x8000)
 *fill*         0x0001e6d0     0x8000 
                0x000266d0                __SVC_stack_core0 = .
                0x000276d0                . = (. + 0x1000)
 *fill*         0x000266d0     0x1000 
                0x000276d0                __IRQ_stack_core0 = .
                0x000286d0                . = (. + 0x1000)
 *fill*         0x000276d0     0x1000 
                0x000286d0                __FIQ_stack_core0 = .
                0x000286d0                . = ALIGN (0x8)
                0x000286d0                __stack_end__core0 = .

.stack_core1    0x000286d0     0x1600
                0x000286d0                . = ALIGN (0x8)
                0x000286d0                __stack_start__core1 = .
                0x000288d0                . = (. + 0x200)
 *fill*         0x000286d0      0x200 
                0x000288d0                __HYP_stack_core1 = .
                0x000298d0                . = (. + 0x1000)
 *fill*         0x000288d0     0x1000 
                0x000298d0                __SVC_stack_core1 = .
                0x00029ad0                . = (. + 0x200)
 *fill*         0x000298d0      0x200 
                0x00029ad0                __IRQ_stack_core1 = .
                0x00029cd0                . = (. + 0x200)
 *fill*         0x00029ad0      0x200 
                0x00029cd0                __FIQ_stack_core1 = .
                0x00029cd0                . = ALIGN (0x8)
                0x00029cd0                __stack_end__core1 = .

.stack_core2    0x00029cd0     0x1600
                0x00029cd0                . = ALIGN (0x8)
                0x00029cd0                __stack_start__core2 = .
                0x00029ed0                . = (. + 0x200)
 *fill*         0x00029cd0      0x200 
                0x00029ed0                __HYP_stack_core2 = .
                0x0002aed0                . = (. + 0x1000)
 *fill*         0x00029ed0     0x1000 
                0x0002aed0                __SVC_stack_core2 = .
                0x0002b0d0                . = (. + 0x200)
 *fill*         0x0002aed0      0x200 
                0x0002b0d0                __IRQ_stack_core2 = .
                0x0002b2d0                . = (. + 0x200)
 *fill*         0x0002b0d0      0x200 
                0x0002b2d0                __FIQ_stack_core2 = .
                0x0002b2d0                . = ALIGN (0x8)
                0x0002b2d0                __stack_end__core2 = .

.stack_core3    0x0002b2d0     0x1600
                0x0002b2d0                . = ALIGN (0x8)
                0x0002b2d0                __stack_start__core3 = .
                0x0002b4d0                . = (. + 0x200)
 *fill*         0x0002b2d0      0x200 
                0x0002b4d0                __HYP_stack_core3 = .
                0x0002c4d0                . = (. + 0x1000)
 *fill*         0x0002b4d0     0x1000 
                0x0002c4d0                __SVC_stack_core3 = .
                0x0002c6d0                . = (. + 0x200)
 *fill*         0x0002c4d0      0x200 
                0x0002c6d0                __IRQ_stack_core3 = .
                0x0002c8d0                . = (. + 0x200)
 *fill*         0x0002c6d0      0x200 
                0x0002c8d0                __FIQ_stack_core3 = .
                0x0002c8d0                . = ALIGN (0x8)
                0x0002c8d0                __stack_end__core3 = .

.ARM.attributes
                0x00000000       0x2f
 *(.ARM.attributes)
 .ARM.attributes
                0x00000000       0x31 C:\Users\ldebo\AppData\Local\Temp\ccWgQ0a0.o
 .ARM.attributes
                0x00000031       0x1f C:\Users\ldebo\AppData\Local\Temp\ccG5ttQI.o
 .ARM.attributes
                0x00000050       0x31 C:\Users\ldebo\AppData\Local\Temp\ccpBclhp.o
 .ARM.attributes
                0x00000081       0x31 C:\Users\ldebo\AppData\Local\Temp\ccpLHjXJ.o
 .ARM.attributes
                0x000000b2       0x31 C:\Users\ldebo\AppData\Local\Temp\cck8WzaS.o
 .ARM.attributes
                0x000000e3       0x31 C:\Users\ldebo\AppData\Local\Temp\cceqgjRm.o
 .ARM.attributes
                0x00000114       0x34 g:/pi/gcc_pi_6_3/bin/../lib/gcc/arm-none-eabi/6.3.1/../../../../arm-none-eabi/lib/hard\libc.a(lib_a-locale.o)
 .ARM.attributes
                0x00000148       0x34 g:/pi/gcc_pi_6_3/bin/../lib/gcc/arm-none-eabi/6.3.1/../../../../arm-none-eabi/lib/hard\libc.a(lib_a-mbstowcs.o)
 .ARM.attributes
                0x0000017c       0x34 g:/pi/gcc_pi_6_3/bin/../lib/gcc/arm-none-eabi/6.3.1/../../../../arm-none-eabi/lib/hard\libc.a(lib_a-mbtowc_r.o)
 .ARM.attributes
                0x000001b0       0x34 g:/pi/gcc_pi_6_3/bin/../lib/gcc/arm-none-eabi/6.3.1/../../../../arm-none-eabi/lib/hard\libc.a(lib_a-memcpy-stub.o)
 .ARM.attributes
                0x000001e4       0x34 g:/pi/gcc_pi_6_3/bin/../lib/gcc/arm-none-eabi/6.3.1/../../../../arm-none-eabi/lib/hard\libc.a(lib_a-reent.o)
 .ARM.attributes
                0x00000218       0x34 g:/pi/gcc_pi_6_3/bin/../lib/gcc/arm-none-eabi/6.3.1/../../../../arm-none-eabi/lib/hard\libc.a(lib_a-strchr.o)
 .ARM.attributes
                0x0000024c       0x34 g:/pi/gcc_pi_6_3/bin/../lib/gcc/arm-none-eabi/6.3.1/../../../../arm-none-eabi/lib/hard\libc.a(lib_a-strcpy.o)
 .ARM.attributes
                0x00000280       0x34 g:/pi/gcc_pi_6_3/bin/../lib/gcc/arm-none-eabi/6.3.1/../../../../arm-none-eabi/lib/hard\libc.a(lib_a-strlen-stub.o)
 .ARM.attributes
                0x000002b4       0x34 g:/pi/gcc_pi_6_3/bin/../lib/gcc/arm-none-eabi/6.3.1/../../../../arm-none-eabi/lib/hard\libc.a(lib_a-strncpy.o)
 .ARM.attributes
                0x000002e8       0x34 g:/pi/gcc_pi_6_3/bin/../lib/gcc/arm-none-eabi/6.3.1/../../../../arm-none-eabi/lib/hard\libc.a(lib_a-strtod.o)
 .ARM.attributes
                0x0000031c       0x34 g:/pi/gcc_pi_6_3/bin/../lib/gcc/arm-none-eabi/6.3.1/../../../../arm-none-eabi/lib/hard\libc.a(lib_a-strtol.o)
 .ARM.attributes
                0x00000350       0x34 g:/pi/gcc_pi_6_3/bin/../lib/gcc/arm-none-eabi/6.3.1/../../../../arm-none-eabi/lib/hard\libc.a(lib_a-strtold.o)
 .ARM.attributes
                0x00000384       0x34 g:/pi/gcc_pi_6_3/bin/../lib/gcc/arm-none-eabi/6.3.1/../../../../arm-none-eabi/lib/hard\libc.a(lib_a-strtoll.o)
 .ARM.attributes
                0x000003b8       0x34 g:/pi/gcc_pi_6_3/bin/../lib/gcc/arm-none-eabi/6.3.1/../../../../arm-none-eabi/lib/hard\libc.a(lib_a-strtoul.o)
 .ARM.attributes
                0x000003ec       0x34 g:/pi/gcc_pi_6_3/bin/../lib/gcc/arm-none-eabi/6.3.1/../../../../arm-none-eabi/lib/hard\libc.a(lib_a-strtoull.o)
 .ARM.attributes
                0x00000420       0x34 g:/pi/gcc_pi_6_3/bin/../lib/gcc/arm-none-eabi/6.3.1/../../../../arm-none-eabi/lib/hard\libc.a(lib_a-wcscpy.o)
 .ARM.attributes
                0x00000454       0x34 g:/pi/gcc_pi_6_3/bin/../lib/gcc/arm-none-eabi/6.3.1/../../../../arm-none-eabi/lib/hard\libc.a(lib_a-wctob.o)
 .ARM.attributes
                0x00000488       0x34 g:/pi/gcc_pi_6_3/bin/../lib/gcc/arm-none-eabi/6.3.1/../../../../arm-none-eabi/lib/hard\libc.a(lib_a-wctomb_r.o)
 .ARM.attributes
                0x000004bc       0x32 g:/pi/gcc_pi_6_3/bin/../lib/gcc/arm-none-eabi/6.3.1/../../../../arm-none-eabi/lib/hard\libc.a(lib_a-ctype_.o)
 .ARM.attributes
                0x000004ee       0x34 g:/pi/gcc_pi_6_3/bin/../lib/gcc/arm-none-eabi/6.3.1/../../../../arm-none-eabi/lib/hard\libc.a(lib_a-freer.o)
 .ARM.attributes
                0x00000522       0x34 g:/pi/gcc_pi_6_3/bin/../lib/gcc/arm-none-eabi/6.3.1/../../../../arm-none-eabi/lib/hard\libc.a(lib_a-gdtoa-gethex.o)
 .ARM.attributes
                0x00000556       0x34 g:/pi/gcc_pi_6_3/bin/../lib/gcc/arm-none-eabi/6.3.1/../../../../arm-none-eabi/lib/hard\libc.a(lib_a-gdtoa-hexnan.o)
 .ARM.attributes
                0x0000058a       0x32 g:/pi/gcc_pi_6_3/bin/../lib/gcc/arm-none-eabi/6.3.1/../../../../arm-none-eabi/lib/hard\libc.a(lib_a-impure.o)
 .ARM.attributes
                0x000005bc       0x34 g:/pi/gcc_pi_6_3/bin/../lib/gcc/arm-none-eabi/6.3.1/../../../../arm-none-eabi/lib/hard\libc.a(lib_a-localeconv.o)
 .ARM.attributes
                0x000005f0       0x34 g:/pi/gcc_pi_6_3/bin/../lib/gcc/arm-none-eabi/6.3.1/../../../../arm-none-eabi/lib/hard\libc.a(lib_a-mallocr.o)
 .ARM.attributes
                0x00000624       0x34 g:/pi/gcc_pi_6_3/bin/../lib/gcc/arm-none-eabi/6.3.1/../../../../arm-none-eabi/lib/hard\libc.a(lib_a-memset.o)
 .ARM.attributes
                0x00000658       0x34 g:/pi/gcc_pi_6_3/bin/../lib/gcc/arm-none-eabi/6.3.1/../../../../arm-none-eabi/lib/hard\libc.a(lib_a-mlock.o)
 .ARM.attributes
                0x0000068c       0x34 g:/pi/gcc_pi_6_3/bin/../lib/gcc/arm-none-eabi/6.3.1/../../../../arm-none-eabi/lib/hard\libc.a(lib_a-mprec.o)
 .ARM.attributes
                0x000006c0       0x34 g:/pi/gcc_pi_6_3/bin/../lib/gcc/arm-none-eabi/6.3.1/../../../../arm-none-eabi/lib/hard\libc.a(lib_a-sbrkr.o)
 .ARM.attributes
                0x000006f4       0x34 g:/pi/gcc_pi_6_3/bin/../lib/gcc/arm-none-eabi/6.3.1/../../../../arm-none-eabi/lib/hard\libc.a(lib_a-sf_nan.o)
 .ARM.attributes
                0x00000728       0x34 g:/pi/gcc_pi_6_3/bin/../lib/gcc/arm-none-eabi/6.3.1/../../../../arm-none-eabi/lib/hard\libc.a(lib_a-strncmp.o)
 .ARM.attributes
                0x0000075c       0x34 g:/pi/gcc_pi_6_3/bin/../lib/gcc/arm-none-eabi/6.3.1/../../../../arm-none-eabi/lib/hard\libc.a(lib_a-callocr.o)
 .ARM.attributes
                0x00000790       0x34 g:/pi/gcc_pi_6_3/bin/../lib/gcc/arm-none-eabi/6.3.1/../../../../arm-none-eabi/lib/hard\libc.a(lib_a-lock.o)
 .ARM.attributes
                0x000007c4       0x34 g:/pi/gcc_pi_6_3/bin/../lib/gcc/arm-none-eabi/6.3.1/../../../../arm-none-eabi/lib/hard\libm.a(lib_a-sf_cos.o)
 .ARM.attributes
                0x000007f8       0x34 g:/pi/gcc_pi_6_3/bin/../lib/gcc/arm-none-eabi/6.3.1/../../../../arm-none-eabi/lib/hard\libm.a(lib_a-sf_sin.o)
 .ARM.attributes
                0x0000082c       0x34 g:/pi/gcc_pi_6_3/bin/../lib/gcc/arm-none-eabi/6.3.1/../../../../arm-none-eabi/lib/hard\libm.a(lib_a-ef_rem_pio2.o)
 .ARM.attributes
                0x00000860       0x34 g:/pi/gcc_pi_6_3/bin/../lib/gcc/arm-none-eabi/6.3.1/../../../../arm-none-eabi/lib/hard\libm.a(lib_a-kf_cos.o)
 .ARM.attributes
                0x00000894       0x34 g:/pi/gcc_pi_6_3/bin/../lib/gcc/arm-none-eabi/6.3.1/../../../../arm-none-eabi/lib/hard\libm.a(lib_a-kf_rem_pio2.o)
 .ARM.attributes
                0x000008c8       0x34 g:/pi/gcc_pi_6_3/bin/../lib/gcc/arm-none-eabi/6.3.1/../../../../arm-none-eabi/lib/hard\libm.a(lib_a-kf_sin.o)
 .ARM.attributes
                0x000008fc       0x34 g:/pi/gcc_pi_6_3/bin/../lib/gcc/arm-none-eabi/6.3.1/../../../../arm-none-eabi/lib/hard\libm.a(lib_a-sf_fabs.o)
 .ARM.attributes
                0x00000930       0x34 g:/pi/gcc_pi_6_3/bin/../lib/gcc/arm-none-eabi/6.3.1/../../../../arm-none-eabi/lib/hard\libm.a(lib_a-sf_floor.o)
 .ARM.attributes
                0x00000964       0x34 g:/pi/gcc_pi_6_3/bin/../lib/gcc/arm-none-eabi/6.3.1/../../../../arm-none-eabi/lib/hard\libm.a(lib_a-sf_scalbn.o)
 .ARM.attributes
                0x00000998       0x34 g:/pi/gcc_pi_6_3/bin/../lib/gcc/arm-none-eabi/6.3.1/../../../../arm-none-eabi/lib/hard\libm.a(lib_a-sf_copysign.o)
 .ARM.attributes
                0x000009cc       0x18 g:/pi/gcc_pi_6_3/bin/../lib/gcc/arm-none-eabi/6.3.1/hard\libgcc.a(_udivsi3.o)
 .ARM.attributes
                0x000009e4       0x18 g:/pi/gcc_pi_6_3/bin/../lib/gcc/arm-none-eabi/6.3.1/hard\libgcc.a(_dvmd_tls.o)
 .ARM.attributes
                0x000009fc       0x18 g:/pi/gcc_pi_6_3/bin/../lib/gcc/arm-none-eabi/6.3.1/hard\libgcc.a(_aeabi_uldivmod.o)
 .ARM.attributes
                0x00000a14       0x34 g:/pi/gcc_pi_6_3/bin/../lib/gcc/arm-none-eabi/6.3.1/hard\libgcc.a(_udivmoddi4.o)
 .ARM.attributes
                0x00000a48       0x18 g:/pi/gcc_pi_6_3/bin/../lib/gcc/arm-none-eabi/6.3.1/hard\libgcc.a(_clzdi2.o)
 .ARM.attributes
                0x00000a60       0x18 g:/pi/gcc_pi_6_3/bin/../lib/gcc/arm-none-eabi/6.3.1/hard\libgcc.a(_clzsi2.o)

.Heap           0x0002c8d0        0x0
                0x0002c8d0                . = ALIGN (0x4)
                0x0002c8d0                __heap_start__ = .
                0x0002c8d0                _end = .
                [!provide]                PROVIDE (end, .)

/DISCARD/
 *(.ARM.exidx .ARM.exidx.*)
 *(.rel.ARM.exidx .rel.ARM.exidx.* .gnu.linkonce.armexidx.*)
 *(.debug_frame .debug_frame.*)
 *(.comment *.comment.*)
 *(.symtab .symtab.*)
 *(.strtab .strtab.*)
 *(.shstrtab .shstrtab.*)
 libc.a(*)
 libm.a(*)
 libgcc.a(*)
 *(.note.GNU-stack)
 *(.gnu_debuglink)
 *(.gnu.lto_*)
LOAD C:\Users\ldebo\AppData\Local\Temp\ccWgQ0a0.o
LOAD C:\Users\ldebo\AppData\Local\Temp\ccG5ttQI.o
LOAD C:\Users\ldebo\AppData\Local\Temp\ccpBclhp.o
LOAD C:\Users\ldebo\AppData\Local\Temp\ccpLHjXJ.o
LOAD C:\Users\ldebo\AppData\Local\Temp\cck8WzaS.o
LOAD C:\Users\ldebo\AppData\Local\Temp\cceqgjRm.o
LOAD g:/pi/gcc_pi_6_3/bin/../lib/gcc/arm-none-eabi/6.3.1/../../../../arm-none-eabi/lib/hard\libc.a
LOAD g:/pi/gcc_pi_6_3/bin/../lib/gcc/arm-none-eabi/6.3.1/../../../../arm-none-eabi/lib/hard\libm.a
LOAD g:/pi/gcc_pi_6_3/bin/../lib/gcc/arm-none-eabi/6.3.1/../../../../arm-none-eabi/lib/hard\libg.a
LOAD g:/pi/gcc_pi_6_3/bin/../lib/gcc/arm-none-eabi/6.3.1/hard\libgcc.a
OUTPUT(kernel.elf elf32-littlearm)
