Archive member included to satisfy reference by file (symbol)

g:/pi/gcc_pi_6_3/bin/../lib/gcc/arm-none-eabi/6.3.1/../../../../arm-none-eabi/lib/thumb/v7-ar/fpv3/hard\libc.a(lib_a-locale.o)
                              C:\Users\ldebo\AppData\Local\Temp\ccDj3aZK.o (__locale_ctype_ptr)
g:/pi/gcc_pi_6_3/bin/../lib/gcc/arm-none-eabi/6.3.1/../../../../arm-none-eabi/lib/thumb/v7-ar/fpv3/hard\libc.a(lib_a-mbstowcs.o)
                              C:\Users\ldebo\AppData\Local\Temp\ccDj3aZK.o (mbstowcs)
g:/pi/gcc_pi_6_3/bin/../lib/gcc/arm-none-eabi/6.3.1/../../../../arm-none-eabi/lib/thumb/v7-ar/fpv3/hard\libc.a(lib_a-mbtowc_r.o)
                              g:/pi/gcc_pi_6_3/bin/../lib/gcc/arm-none-eabi/6.3.1/../../../../arm-none-eabi/lib/thumb/v7-ar/fpv3/hard\libc.a(lib_a-locale.o) (__ascii_mbtowc)
g:/pi/gcc_pi_6_3/bin/../lib/gcc/arm-none-eabi/6.3.1/../../../../arm-none-eabi/lib/thumb/v7-ar/fpv3/hard\libc.a(lib_a-memcpy.o)
                              C:\Users\ldebo\AppData\Local\Temp\ccLQvwtB.o (memcpy)
g:/pi/gcc_pi_6_3/bin/../lib/gcc/arm-none-eabi/6.3.1/../../../../arm-none-eabi/lib/thumb/v7-ar/fpv3/hard\libc.a(lib_a-reent.o)
                              C:\Users\ldebo\AppData\Local\Temp\ccLQvwtB.o (errno)
g:/pi/gcc_pi_6_3/bin/../lib/gcc/arm-none-eabi/6.3.1/../../../../arm-none-eabi/lib/thumb/v7-ar/fpv3/hard\libc.a(lib_a-strchr.o)
                              C:\Users\ldebo\AppData\Local\Temp\ccDj3aZK.o (strchr)
g:/pi/gcc_pi_6_3/bin/../lib/gcc/arm-none-eabi/6.3.1/../../../../arm-none-eabi/lib/thumb/v7-ar/fpv3/hard\libc.a(lib_a-strcmp.o)
                              g:/pi/gcc_pi_6_3/bin/../lib/gcc/arm-none-eabi/6.3.1/../../../../arm-none-eabi/lib/thumb/v7-ar/fpv3/hard\libc.a(lib_a-locale.o) (strcmp)
g:/pi/gcc_pi_6_3/bin/../lib/gcc/arm-none-eabi/6.3.1/../../../../arm-none-eabi/lib/thumb/v7-ar/fpv3/hard\libc.a(lib_a-strcpy.o)
                              C:\Users\ldebo\AppData\Local\Temp\ccDj3aZK.o (strcpy)
g:/pi/gcc_pi_6_3/bin/../lib/gcc/arm-none-eabi/6.3.1/../../../../arm-none-eabi/lib/thumb/v7-ar/fpv3/hard\libc.a(lib_a-strlen-stub.o)
                              C:\Users\ldebo\AppData\Local\Temp\ccLQvwtB.o (strlen)
g:/pi/gcc_pi_6_3/bin/../lib/gcc/arm-none-eabi/6.3.1/../../../../arm-none-eabi/lib/thumb/v7-ar/fpv3/hard\libc.a(lib_a-strncpy.o)
                              C:\Users\ldebo\AppData\Local\Temp\ccDj3aZK.o (strncpy)
g:/pi/gcc_pi_6_3/bin/../lib/gcc/arm-none-eabi/6.3.1/../../../../arm-none-eabi/lib/thumb/v7-ar/fpv3/hard\libc.a(lib_a-strtod.o)
                              C:\Users\ldebo\AppData\Local\Temp\ccDj3aZK.o (strtod)
g:/pi/gcc_pi_6_3/bin/../lib/gcc/arm-none-eabi/6.3.1/../../../../arm-none-eabi/lib/thumb/v7-ar/fpv3/hard\libc.a(lib_a-strtol.o)
                              C:\Users\ldebo\AppData\Local\Temp\ccDj3aZK.o (strtol)
g:/pi/gcc_pi_6_3/bin/../lib/gcc/arm-none-eabi/6.3.1/../../../../arm-none-eabi/lib/thumb/v7-ar/fpv3/hard\libc.a(lib_a-strtold.o)
                              C:\Users\ldebo\AppData\Local\Temp\ccDj3aZK.o (strtold)
g:/pi/gcc_pi_6_3/bin/../lib/gcc/arm-none-eabi/6.3.1/../../../../arm-none-eabi/lib/thumb/v7-ar/fpv3/hard\libc.a(lib_a-strtoll.o)
                              C:\Users\ldebo\AppData\Local\Temp\ccDj3aZK.o (strtoll)
g:/pi/gcc_pi_6_3/bin/../lib/gcc/arm-none-eabi/6.3.1/../../../../arm-none-eabi/lib/thumb/v7-ar/fpv3/hard\libc.a(lib_a-strtoul.o)
                              C:\Users\ldebo\AppData\Local\Temp\ccDj3aZK.o (strtoul)
g:/pi/gcc_pi_6_3/bin/../lib/gcc/arm-none-eabi/6.3.1/../../../../arm-none-eabi/lib/thumb/v7-ar/fpv3/hard\libc.a(lib_a-strtoull.o)
                              C:\Users\ldebo\AppData\Local\Temp\ccDj3aZK.o (strtoull)
g:/pi/gcc_pi_6_3/bin/../lib/gcc/arm-none-eabi/6.3.1/../../../../arm-none-eabi/lib/thumb/v7-ar/fpv3/hard\libc.a(lib_a-wcscpy.o)
                              C:\Users\ldebo\AppData\Local\Temp\ccDj3aZK.o (wcscpy)
g:/pi/gcc_pi_6_3/bin/../lib/gcc/arm-none-eabi/6.3.1/../../../../arm-none-eabi/lib/thumb/v7-ar/fpv3/hard\libc.a(lib_a-wctob.o)
                              C:\Users\ldebo\AppData\Local\Temp\cc0fF35w.o (wctob)
g:/pi/gcc_pi_6_3/bin/../lib/gcc/arm-none-eabi/6.3.1/../../../../arm-none-eabi/lib/thumb/v7-ar/fpv3/hard\libc.a(lib_a-wctomb_r.o)
                              g:/pi/gcc_pi_6_3/bin/../lib/gcc/arm-none-eabi/6.3.1/../../../../arm-none-eabi/lib/thumb/v7-ar/fpv3/hard\libc.a(lib_a-locale.o) (__ascii_wctomb)
g:/pi/gcc_pi_6_3/bin/../lib/gcc/arm-none-eabi/6.3.1/../../../../arm-none-eabi/lib/thumb/v7-ar/fpv3/hard\libc.a(lib_a-ctype_.o)
                              g:/pi/gcc_pi_6_3/bin/../lib/gcc/arm-none-eabi/6.3.1/../../../../arm-none-eabi/lib/thumb/v7-ar/fpv3/hard\libc.a(lib_a-locale.o) (_ctype_)
g:/pi/gcc_pi_6_3/bin/../lib/gcc/arm-none-eabi/6.3.1/../../../../arm-none-eabi/lib/thumb/v7-ar/fpv3/hard\libc.a(lib_a-freer.o)
                              g:/pi/gcc_pi_6_3/bin/../lib/gcc/arm-none-eabi/6.3.1/../../../../arm-none-eabi/lib/thumb/v7-ar/fpv3/hard\libc.a(lib_a-reent.o) (_free_r)
[...]
Memory Configuration

Name             Origin             Length             Attributes
RAM              0x00008000         0x08000000         xrw
*default*        0x00000000         0xffffffff

Linker script and memory map


.text           0x00008000     0xe598
                0x00008000                . = ALIGN (0x4)
                0x00008000                __text_start__ = .
                0x00008000                _start = .
 *(.text.startup)
 .text.startup  0x00008000      0x43c C:\Users\ldebo\AppData\Local\Temp\ccTV52B2.o
                0x0000839c                RPi_CpuIdString
                0x000083f4                EnableInterrupts
                0x000083fc                DisableInterrupts
                0x00008404                CoreExecute
 *(.text .text.* .gnu.linkonce.t.*)
 .text          0x0000843c      0x13c C:\Users\ldebo\AppData\Local\Temp\cc6sxStl.o
                0x0000843c                kernel_main
 .text.ARMaddrToGPUaddr
                0x00008578       0x14 C:\Users\ldebo\AppData\Local\Temp\ccTV52B2.o
                0x00008578                ARMaddrToGPUaddr
 .text.GPUaddrToARMaddr
                0x0000858c       0x5c C:\Users\ldebo\AppData\Local\Temp\ccTV52B2.o
                0x0000858c                GPUaddrToARMaddr
                0x000085a0                c_irq_handler
                0x000085a4                c_irq_identify_and_clear_source
 .text._sbrk    0x000085e8       0x2c C:\Users\ldebo\AppData\Local\Temp\ccTV52B2.o
                0x000085e8                _sbrk
 .text          0x00008614     0x24a8 C:\Users\ldebo\AppData\Local\Temp\ccLQvwtB.o
                0x00009710                gpio_setup
                0x0000977c                gpio_output
                0x000097e8                gpio_input
                0x00009830                gpio_checkEvent
                0x00009874                gpio_clearEvent
                0x000098b4                gpio_edgeDetect
                0x0000997c                gpio_fixResistor
                0x00009ab0                timer_getTickCount
                0x00009b00                timer_wait
                0x00009b84                tick_difference
                0x00009b90                mailbox_write
                0x00009bd4                mailbox_read
                0x00009c20                mailbox_tag_message
                0x00009d40                set_Activity_LED
                0x00009eb8                ARM_setmaxspeed
                0x00009f5c                displaySmartStart
                0x00009fd4                Embedded_Console_WriteChar
                0x0000a090                WriteText
                0x0000a16c                SetDCPenColor
                0x0000a180                SetDCBrushColor
                0x0000a194                MoveToEx
                0x0000a1cc                LineTo
                0x0000a268                TextOut
                0x0000a2d4                TransparentTextOut
                0x0000a338                BmpOut
                0x0000a38c                CvtBmpLine
                0x0000a648                Rectangle
                0x0000a67c                PiConsole_Init
                0x0000a938                GetConsoleDC
                0x0000a944                GetConsole_FrameBuffer
                0x0000a954                GetConsole_Width
                0x0000a964                GetConsole_Height
                0x0000a9a0                _kill
                0x0000a9b8                _getpid
                0x0000a9c0                _read
                0x0000a9c8                _close
                0x0000a9d0                _lseek
                0x0000a9d8                _isatty
                0x0000a9e0                _fstat
                0x0000a9f0                _exit
                0x0000a9f4                _write
 .text          0x0000aabc     0x17ec C:\Users\ldebo\AppData\Local\Temp\ccDj3aZK.o
                0x0000acd4                strnlen
                0x0000ad1c                emb_vsprintf
                0x0000b44c                vsscanf
                0x0000c1dc                sscanf
                0x0000c218                emb_sprintf
                0x0000c248                printf
 .text          0x0000c2a8     0x2004 C:\Users\ldebo\AppData\Local\Temp\cccGWbfx.o
                0x0000cab4                XRotationMatrix3D
                0x0000cb20                YRotationMatrix3D
                0x0000cb8c                ZRotationMatrix3D
                0x0000cbf8                MultiplyMatrix3D
                0x0000ce20                TransformPoint3D
                0x0000cf0c                InitV3D
                0x0000cfa0                V3D_mem_alloc
                0x0000cfe4                V3D_mem_free
                0x0000d014                V3D_mem_lock
                0x0000d04c                V3D_mem_unlock
                0x0000d07c                V3D_execute_code
                0x0000d0d4                V3D_execute_qpu
                0x0000d114                DoRotate
                0x0000d5a4                RenderModel
                0x0000d690                SetupRenderer
                0x0000dbd0                DoneRenderer
                0x0000dc3c                CreateVertexData
 *fill*         0x0000e2ac        0x4 
 .text          0x0000e2b0     0x3900 C:\Users\ldebo\AppData\Local\Temp\cc0fF35w.o
                0x0000f5d8                sdTransferBlocks
                0x0000f634                sdClearBlocks
                0x0000f774                getSetNextCluster
                0x0000f960                WildcardMatch
                0x00010760                sdFindFirstFile
                0x00010b1c                sdFindNextFile
                0x00010bd8                sdFindClose
                0x00010c14                sdCreateFile
                0x000110e8                sdReadFile
                0x000113ec                sdCloseHandle
                0x00011428                sdSetFilePointer
                0x0001172c                sdGetFileSize
                0x00011760                sdInitCard
                0x00011b94                sdCardCSD
 .text.unlikely
                0x00011bb0      0x3b0 C:\Users\ldebo\AppData\Local\Temp\cc0fF35w.o
 .text.__locale_ctype_ptr_l
                0x00011f60        0x8 g:/pi/gcc_pi_6_3/bin/../lib/gcc/arm-none-eabi/6.3.1/../../../../arm-none-eabi/lib/thumb/v7-ar/fpv3/hard\libc.a(lib_a-locale.o)
                0x00011f60                __locale_ctype_ptr_l
 .text.__locale_ctype_ptr
                0x00011f68       0x20 g:/pi/gcc_pi_6_3/bin/../lib/gcc/arm-none-eabi/6.3.1/../../../../arm-none-eabi/lib/thumb/v7-ar/fpv3/hard\libc.a(lib_a-locale.o)
                0x00011f68                __locale_ctype_ptr
 .text.mbstowcs
                0x00011f88       0x2c g:/pi/gcc_pi_6_3/bin/../lib/gcc/arm-none-eabi/6.3.1/../../../../arm-none-eabi/lib/thumb/v7-ar/fpv3/hard\libc.a(lib_a-mbstowcs.o)
                0x00011f88                mbstowcs
 .text.__ascii_mbtowc
                0x00011fb4       0x2c g:/pi/gcc_pi_6_3/bin/../lib/gcc/arm-none-eabi/6.3.1/../../../../arm-none-eabi/lib/thumb/v7-ar/fpv3/hard\libc.a(lib_a-mbtowc_r.o)
                0x00011fb4                __ascii_mbtowc
 .text          0x00011fe0       0xec g:/pi/gcc_pi_6_3/bin/../lib/gcc/arm-none-eabi/6.3.1/../../../../arm-none-eabi/lib/thumb/v7-ar/fpv3/hard\libc.a(lib_a-memcpy.o)
                0x00011fe0                memcpy
 .text.strchr   0x000120cc       0xe8 g:/pi/gcc_pi_6_3/bin/../lib/gcc/arm-none-eabi/6.3.1/../../../../arm-none-eabi/lib/thumb/v7-ar/fpv3/hard\libc.a(lib_a-strchr.o)
                0x000120cc                strchr
 .text.strcpy   0x000121b4       0xbc g:/pi/gcc_pi_6_3/bin/../lib/gcc/arm-none-eabi/6.3.1/../../../../arm-none-eabi/lib/thumb/v7-ar/fpv3/hard\libc.a(lib_a-strcpy.o)
                0x000121b4                strcpy
 .text.strlen   0x00012270       0x5c g:/pi/gcc_pi_6_3/bin/../lib/gcc/arm-none-eabi/6.3.1/../../../../arm-none-eabi/lib/thumb/v7-ar/fpv3/hard\libc.a(lib_a-strlen-stub.o)
                0x00012270                strlen
 .text.strncpy  0x000122cc       0x70 g:/pi/gcc_pi_6_3/bin/../lib/gcc/arm-none-eabi/6.3.1/../../../../arm-none-eabi/lib/thumb/v7-ar/fpv3/hard\libc.a(lib_a-strncpy.o)
                0x000122cc                strncpy
 .text.unlikely.sulp
                0x0001233c       0x34 g:/pi/gcc_pi_6_3/bin/../lib/gcc/arm-none-eabi/6.3.1/../../../../arm-none-eabi/lib/thumb/v7-ar/fpv3/hard\libc.a(lib_a-strtod.o)
 .text._strtod_l
                0x00012370      0xeac g:/pi/gcc_pi_6_3/bin/../lib/gcc/arm-none-eabi/6.3.1/../../../../arm-none-eabi/lib/thumb/v7-ar/fpv3/hard\libc.a(lib_a-strtod.o)
                0x00012370                _strtod_l
 .text.strtod   0x0001321c       0x28 g:/pi/gcc_pi_6_3/bin/../lib/gcc/arm-none-eabi/6.3.1/../../../../arm-none-eabi/lib/thumb/v7-ar/fpv3/hard\libc.a(lib_a-strtod.o)
                0x0001321c                strtod
 *fill*         0x00013244        0x4 
 .text.strtof   0x00013248       0x7c g:/pi/gcc_pi_6_3/bin/../lib/gcc/arm-none-eabi/6.3.1/../../../../arm-none-eabi/lib/thumb/v7-ar/fpv3/hard\libc.a(lib_a-strtod.o)
                0x00013248                strtof
 .text._strtol_l.isra.0
                0x000132c4      0x16c g:/pi/gcc_pi_6_3/bin/../lib/gcc/arm-none-eabi/6.3.1/../../../../arm-none-eabi/lib/thumb/v7-ar/fpv3/hard\libc.a(lib_a-strtol.o)
 .text.strtol   0x00013430       0x30 g:/pi/gcc_pi_6_3/bin/../lib/gcc/arm-none-eabi/6.3.1/../../../../arm-none-eabi/lib/thumb/v7-ar/fpv3/hard\libc.a(lib_a-strtol.o)
                0x00013430                strtol
 .text.strtold  0x00013460       0x28 g:/pi/gcc_pi_6_3/bin/../lib/gcc/arm-none-eabi/6.3.1/../../../../arm-none-eabi/lib/thumb/v7-ar/fpv3/hard\libc.a(lib_a-strtold.o)
                0x00013460                strtold
 .text._strtoll_l.isra.0
                0x00013488      0x1d4 g:/pi/gcc_pi_6_3/bin/../lib/gcc/arm-none-eabi/6.3.1/../../../../arm-none-eabi/lib/thumb/v7-ar/fpv3/hard\libc.a(lib_a-strtoll.o)
 .text.strtoll  0x0001365c       0x30 g:/pi/gcc_pi_6_3/bin/../lib/gcc/arm-none-eabi/6.3.1/../../../../arm-none-eabi/lib/thumb/v7-ar/fpv3/hard\libc.a(lib_a-strtoll.o)
                0x0001365c                strtoll
 .text._strtoul_l.isra.0
                0x0001368c      0x13c g:/pi/gcc_pi_6_3/bin/../lib/gcc/arm-none-eabi/6.3.1/../../../../arm-none-eabi/lib/thumb/v7-ar/fpv3/hard\libc.a(lib_a-strtoul.o)
 .text.strtoul  0x000137c8       0x30 g:/pi/gcc_pi_6_3/bin/../lib/gcc/arm-none-eabi/6.3.1/../../../../arm-none-eabi/lib/thumb/v7-ar/fpv3/hard\libc.a(lib_a-strtoul.o)
                0x000137c8                strtoul
 .text._strtoull_l.isra.0
                0x000137f8      0x1a4 g:/pi/gcc_pi_6_3/bin/../lib/gcc/arm-none-eabi/6.3.1/../../../../arm-none-eabi/lib/thumb/v7-ar/fpv3/hard\libc.a(lib_a-strtoull.o)
 .text.strtoull
                0x0001399c       0x30 g:/pi/gcc_pi_6_3/bin/../lib/gcc/arm-none-eabi/6.3.1/../../../../arm-none-eabi/lib/thumb/v7-ar/fpv3/hard\libc.a(lib_a-strtoull.o)
                0x0001399c                strtoull
 .text.wcscpy   0x000139cc       0x1c g:/pi/gcc_pi_6_3/bin/../lib/gcc/arm-none-eabi/6.3.1/../../../../arm-none-eabi/lib/thumb/v7-ar/fpv3/hard\libc.a(lib_a-wcscpy.o)
                0x000139cc                wcscpy
 .text.wctob    0x000139e8       0x58 g:/pi/gcc_pi_6_3/bin/../lib/gcc/arm-none-eabi/6.3.1/../../../../arm-none-eabi/lib/thumb/v7-ar/fpv3/hard\libc.a(lib_a-wctob.o)
                0x000139e8                wctob
 .text.__ascii_wctomb
                0x00013a40       0x18 g:/pi/gcc_pi_6_3/bin/../lib/gcc/arm-none-eabi/6.3.1/../../../../arm-none-eabi/lib/thumb/v7-ar/fpv3/hard\libc.a(lib_a-wctomb_r.o)
                0x00013a40                __ascii_wctomb
 .text._malloc_trim_r
                0x00013a58       0xac g:/pi/gcc_pi_6_3/bin/../lib/gcc/arm-none-eabi/6.3.1/../../../../arm-none-eabi/lib/thumb/v7-ar/fpv3/hard\libc.a(lib_a-freer.o)
                0x00013a58                _malloc_trim_r
 .text._free_r  0x00013b04      0x1e0 g:/pi/gcc_pi_6_3/bin/../lib/gcc/arm-none-eabi/6.3.1/../../../../arm-none-eabi/lib/thumb/v7-ar/fpv3/hard\libc.a(lib_a-freer.o)
                0x00013b04                _free_r
 .text.rshift   0x00013ce4       0x9c g:/pi/gcc_pi_6_3/bin/../lib/gcc/arm-none-eabi/6.3.1/../../../../arm-none-eabi/lib/thumb/v7-ar/fpv3/hard\libc.a(lib_a-gdtoa-gethex.o)
 .text.__gethex
                0x00013d80      0x528 g:/pi/gcc_pi_6_3/bin/../lib/gcc/arm-none-eabi/6.3.1/../../../../arm-none-eabi/lib/thumb/v7-ar/fpv3/hard\libc.a(lib_a-gdtoa-gethex.o)
                0x00013d80                __gethex
 .text.__match  0x000142a8       0x34 g:/pi/gcc_pi_6_3/bin/../lib/gcc/arm-none-eabi/6.3.1/../../../../arm-none-eabi/lib/thumb/v7-ar/fpv3/hard\libc.a(lib_a-gdtoa-hexnan.o)
                0x000142a8                __match
 .text.__hexnan
                0x000142dc      0x190 g:/pi/gcc_pi_6_3/bin/../lib/gcc/arm-none-eabi/6.3.1/../../../../arm-none-eabi/lib/thumb/v7-ar/fpv3/hard\libc.a(lib_a-gdtoa-hexnan.o)
                0x000142dc                __hexnan
 .text.__localeconv_l
                0x0001446c        0x4 g:/pi/gcc_pi_6_3/bin/../lib/gcc/arm-none-eabi/6.3.1/../../../../arm-none-eabi/lib/thumb/v7-ar/fpv3/hard\libc.a(lib_a-localeconv.o)
                0x0001446c                __localeconv_l
 .text._malloc_r
                0x00014470      0x58c g:/pi/gcc_pi_6_3/bin/../lib/gcc/arm-none-eabi/6.3.1/../../../../arm-none-eabi/lib/thumb/v7-ar/fpv3/hard\libc.a(lib_a-mallocr.o)
                0x00014470                _malloc_r
 .text.memset   0x000149fc       0xa4 g:/pi/gcc_pi_6_3/bin/../lib/gcc/arm-none-eabi/6.3.1/../../../../arm-none-eabi/lib/thumb/v7-ar/fpv3/hard\libc.a(lib_a-memset.o)
                0x000149fc                memset
 .text.__malloc_lock
                0x00014aa0        0xc g:/pi/gcc_pi_6_3/bin/../lib/gcc/arm-none-eabi/6.3.1/../../../../arm-none-eabi/lib/thumb/v7-ar/fpv3/hard\libc.a(lib_a-mlock.o)
                0x00014aa0                __malloc_lock
 .text.__malloc_unlock
                0x00014aac        0xc g:/pi/gcc_pi_6_3/bin/../lib/gcc/arm-none-eabi/6.3.1/../../../../arm-none-eabi/lib/thumb/v7-ar/fpv3/hard\libc.a(lib_a-mlock.o)
                0x00014aac                __malloc_unlock
 .text._Balloc  0x00014ab8       0x4c g:/pi/gcc_pi_6_3/bin/../lib/gcc/arm-none-eabi/6.3.1/../../../../arm-none-eabi/lib/thumb/v7-ar/fpv3/hard\libc.a(lib_a-mprec.o)
                0x00014ab8                _Balloc
 .text._Bfree   0x00014b04       0x14 g:/pi/gcc_pi_6_3/bin/../lib/gcc/arm-none-eabi/6.3.1/../../../../arm-none-eabi/lib/thumb/v7-ar/fpv3/hard\libc.a(lib_a-mprec.o)
                0x00014b04                _Bfree
 .text.__multadd
                0x00014b18       0x88 g:/pi/gcc_pi_6_3/bin/../lib/gcc/arm-none-eabi/6.3.1/../../../../arm-none-eabi/lib/thumb/v7-ar/fpv3/hard\libc.a(lib_a-mprec.o)
                0x00014b18                __multadd
 .text.__s2b    0x00014ba0       0x9c g:/pi/gcc_pi_6_3/bin/../lib/gcc/arm-none-eabi/6.3.1/../../../../arm-none-eabi/lib/thumb/v7-ar/fpv3/hard\libc.a(lib_a-mprec.o)
                0x00014ba0                __s2b
 .text.__hi0bits
                0x00014c3c       0x40 g:/pi/gcc_pi_6_3/bin/../lib/gcc/arm-none-eabi/6.3.1/../../../../arm-none-eabi/lib/thumb/v7-ar/fpv3/hard\libc.a(lib_a-mprec.o)
                0x00014c3c                __hi0bits
 .text.__lo0bits
                0x00014c7c       0x5c g:/pi/gcc_pi_6_3/bin/../lib/gcc/arm-none-eabi/6.3.1/../../../../arm-none-eabi/lib/thumb/v7-ar/fpv3/hard\libc.a(lib_a-mprec.o)
                0x00014c7c                __lo0bits
 .text.__i2b    0x00014cd8       0x14 g:/pi/gcc_pi_6_3/bin/../lib/gcc/arm-none-eabi/6.3.1/../../../../arm-none-eabi/lib/thumb/v7-ar/fpv3/hard\libc.a(lib_a-mprec.o)
                0x00014cd8                __i2b
 .text.__multiply
                0x00014cec      0x130 g:/pi/gcc_pi_6_3/bin/../lib/gcc/arm-none-eabi/6.3.1/../../../../arm-none-eabi/lib/thumb/v7-ar/fpv3/hard\libc.a(lib_a-mprec.o)
                0x00014cec                __multiply
 .text.__pow5mult
                0x00014e1c       0xa4 g:/pi/gcc_pi_6_3/bin/../lib/gcc/arm-none-eabi/6.3.1/../../../../arm-none-eabi/lib/thumb/v7-ar/fpv3/hard\libc.a(lib_a-mprec.o)
                0x00014e1c                __pow5mult
 .text.__lshift
                0x00014ec0       0xa4 g:/pi/gcc_pi_6_3/bin/../lib/gcc/arm-none-eabi/6.3.1/../../../../arm-none-eabi/lib/thumb/v7-ar/fpv3/hard\libc.a(lib_a-mprec.o)
                0x00014ec0                __lshift
 .text.__mcmp   0x00014f64       0x38 g:/pi/gcc_pi_6_3/bin/../lib/gcc/arm-none-eabi/6.3.1/../../../../arm-none-eabi/lib/thumb/v7-ar/fpv3/hard\libc.a(lib_a-mprec.o)
                0x00014f64                __mcmp
 .text.__mdiff  0x00014f9c      0x11c g:/pi/gcc_pi_6_3/bin/../lib/gcc/arm-none-eabi/6.3.1/../../../../arm-none-eabi/lib/thumb/v7-ar/fpv3/hard\libc.a(lib_a-mprec.o)
                0x00014f9c                __mdiff
 .text.__ulp    0x000150b8       0x54 g:/pi/gcc_pi_6_3/bin/../lib/gcc/arm-none-eabi/6.3.1/../../../../arm-none-eabi/lib/thumb/v7-ar/fpv3/hard\libc.a(lib_a-mprec.o)
                0x000150b8                __ulp
 .text.__b2d    0x0001510c       0xc4 g:/pi/gcc_pi_6_3/bin/../lib/gcc/arm-none-eabi/6.3.1/../../../../arm-none-eabi/lib/thumb/v7-ar/fpv3/hard\libc.a(lib_a-mprec.o)
                0x0001510c                __b2d
 .text.__d2b    0x000151d0       0xbc g:/pi/gcc_pi_6_3/bin/../lib/gcc/arm-none-eabi/6.3.1/../../../../arm-none-eabi/lib/thumb/v7-ar/fpv3/hard\libc.a(lib_a-mprec.o)
                0x000151d0                __d2b
 .text.__ratio  0x0001528c       0x5c g:/pi/gcc_pi_6_3/bin/../lib/gcc/arm-none-eabi/6.3.1/../../../../arm-none-eabi/lib/thumb/v7-ar/fpv3/hard\libc.a(lib_a-mprec.o)
                0x0001528c                __ratio
 .text.__copybits
                0x000152e8       0x48 g:/pi/gcc_pi_6_3/bin/../lib/gcc/arm-none-eabi/6.3.1/../../../../arm-none-eabi/lib/thumb/v7-ar/fpv3/hard\libc.a(lib_a-mprec.o)
                0x000152e8                __copybits
 .text.__any_on
                0x00015330       0x60 g:/pi/gcc_pi_6_3/bin/../lib/gcc/arm-none-eabi/6.3.1/../../../../arm-none-eabi/lib/thumb/v7-ar/fpv3/hard\libc.a(lib_a-mprec.o)
                0x00015330                __any_on
 .text._sbrk_r  0x00015390       0x28 g:/pi/gcc_pi_6_3/bin/../lib/gcc/arm-none-eabi/6.3.1/../../../../arm-none-eabi/lib/thumb/v7-ar/fpv3/hard\libc.a(lib_a-sbrkr.o)
                0x00015390                _sbrk_r
 .text.nanf     0x000153b8        0xc g:/pi/gcc_pi_6_3/bin/../lib/gcc/arm-none-eabi/6.3.1/../../../../arm-none-eabi/lib/thumb/v7-ar/fpv3/hard\libc.a(lib_a-sf_nan.o)
                0x000153b8                nanf
 .text.strncmp  0x000153c4       0x9c g:/pi/gcc_pi_6_3/bin/../lib/gcc/arm-none-eabi/6.3.1/../../../../arm-none-eabi/lib/thumb/v7-ar/fpv3/hard\libc.a(lib_a-strncmp.o)
                0x000153c4                strncmp
 .text._calloc_r
                0x00015460       0x64 g:/pi/gcc_pi_6_3/bin/../lib/gcc/arm-none-eabi/6.3.1/../../../../arm-none-eabi/lib/thumb/v7-ar/fpv3/hard\libc.a(lib_a-callocr.o)
                0x00015460                _calloc_r
 .text.__retarget_lock_acquire_recursive
                0x000154c4        0x4 g:/pi/gcc_pi_6_3/bin/../lib/gcc/arm-none-eabi/6.3.1/../../../../arm-none-eabi/lib/thumb/v7-ar/fpv3/hard\libc.a(lib_a-lock.o)
                0x000154c4                __retarget_lock_acquire_recursive
 .text.__retarget_lock_release_recursive
                0x000154c8        0x4 g:/pi/gcc_pi_6_3/bin/../lib/gcc/arm-none-eabi/6.3.1/../../../../arm-none-eabi/lib/thumb/v7-ar/fpv3/hard\libc.a(lib_a-lock.o)
                0x000154c8                __retarget_lock_release_recursive
 .text.cosf     0x000154cc       0x90 g:/pi/gcc_pi_6_3/bin/../lib/gcc/arm-none-eabi/6.3.1/../../../../arm-none-eabi/lib/thumb/v7-ar/fpv3/hard\libm.a(lib_a-sf_cos.o)
                0x000154cc                cosf
 .text.sinf     0x0001555c       0x94 g:/pi/gcc_pi_6_3/bin/../lib/gcc/arm-none-eabi/6.3.1/../../../../arm-none-eabi/lib/thumb/v7-ar/fpv3/hard\libm.a(lib_a-sf_sin.o)
                0x0001555c                sinf
 .text.__ieee754_rem_pio2f
                0x000155f0      0x274 g:/pi/gcc_pi_6_3/bin/../lib/gcc/arm-none-eabi/6.3.1/../../../../arm-none-eabi/lib/thumb/v7-ar/fpv3/hard\libm.a(lib_a-ef_rem_pio2.o)
                0x000155f0                __ieee754_rem_pio2f
 .text.__kernel_cosf
                0x00015864      0x108 g:/pi/gcc_pi_6_3/bin/../lib/gcc/arm-none-eabi/6.3.1/../../../../arm-none-eabi/lib/thumb/v7-ar/fpv3/hard\libm.a(lib_a-kf_cos.o)
                0x00015864                __kernel_cosf
 .text.__kernel_rem_pio2f
                0x0001596c      0x658 g:/pi/gcc_pi_6_3/bin/../lib/gcc/arm-none-eabi/6.3.1/../../../../arm-none-eabi/lib/thumb/v7-ar/fpv3/hard\libm.a(lib_a-kf_rem_pio2.o)
                0x0001596c                __kernel_rem_pio2f
 .text.__kernel_sinf
                0x00015fc4       0x8c g:/pi/gcc_pi_6_3/bin/../lib/gcc/arm-none-eabi/6.3.1/../../../../arm-none-eabi/lib/thumb/v7-ar/fpv3/hard\libm.a(lib_a-kf_sin.o)
                0x00015fc4                __kernel_sinf
 .text.fabsf    0x00016050       0x10 g:/pi/gcc_pi_6_3/bin/../lib/gcc/arm-none-eabi/6.3.1/../../../../arm-none-eabi/lib/thumb/v7-ar/fpv3/hard\libm.a(lib_a-sf_fabs.o)
                0x00016050                fabsf
 .text.floorf   0x00016060       0x90 g:/pi/gcc_pi_6_3/bin/../lib/gcc/arm-none-eabi/6.3.1/../../../../arm-none-eabi/lib/thumb/v7-ar/fpv3/hard\libm.a(lib_a-sf_floor.o)
                0x00016060                floorf
 .text.scalbnf  0x000160f0       0xd0 g:/pi/gcc_pi_6_3/bin/../lib/gcc/arm-none-eabi/6.3.1/../../../../arm-none-eabi/lib/thumb/v7-ar/fpv3/hard\libm.a(lib_a-sf_scalbn.o)
                0x000160f0                scalbnf
 .text.copysignf
                0x000161c0       0x18 g:/pi/gcc_pi_6_3/bin/../lib/gcc/arm-none-eabi/6.3.1/../../../../arm-none-eabi/lib/thumb/v7-ar/fpv3/hard\libm.a(lib_a-sf_copysign.o)
                0x000161c0                copysignf
 .text          0x000161d8      0x278 g:/pi/gcc_pi_6_3/bin/../lib/gcc/arm-none-eabi/6.3.1/thumb/v7-ar/fpv3/hard\libgcc.a(_udivsi3.o)
                0x000161d8                __aeabi_uidiv
                0x000161d8                __udivsi3
                0x00016434                __aeabi_uidivmod
 .text          0x00016450        0x4 g:/pi/gcc_pi_6_3/bin/../lib/gcc/arm-none-eabi/6.3.1/thumb/v7-ar/fpv3/hard\libgcc.a(_dvmd_tls.o)
                0x00016450                __aeabi_idiv0
                0x00016450                __aeabi_ldiv0
 .text          0x00016454       0x30 g:/pi/gcc_pi_6_3/bin/../lib/gcc/arm-none-eabi/6.3.1/thumb/v7-ar/fpv3/hard\libgcc.a(_aeabi_uldivmod.o)
                0x00016454                __aeabi_uldivmod
 .text          0x00016484      0x114 g:/pi/gcc_pi_6_3/bin/../lib/gcc/arm-none-eabi/6.3.1/thumb/v7-ar/fpv3/hard\libgcc.a(_udivmoddi4.o)
                0x00016484                __udivmoddi4
 *(.rel.text .rel.text.* .rel.gnu.linkonce.t.*)
 *(.init .init.*)
                0x00016598                . = ALIGN (0x4)
                0x00016598                __text_end__ = .

.glue_7         0x00016598        0x0
 .glue_7        0x00016598        0x0 linker stubs

.glue_7t        0x00016598        0x0
 .glue_7t       0x00016598        0x0 linker stubs

.vfp11_veneer   0x00016598        0x0
 .vfp11_veneer  0x00016598        0x0 linker stubs

.v4_bx          0x00016598        0x0
 .v4_bx         0x00016598        0x0 linker stubs

.iplt           0x00016598        0x0
 .iplt          0x00016598        0x0 C:\Users\ldebo\AppData\Local\Temp\cc6sxStl.o

.bss            0x00016598     0x2748
                0x00016598                . = ALIGN (0x4)
                0x00016598                __bss_start__ = .
 *(.bss .bss.* .gnu.linkonce.b.*)
 .bss           0x00016598       0xa8 C:\Users\ldebo\AppData\Local\Temp\cc6sxStl.o
                0x00016598                model
 .bss           0x00016640       0x50 C:\Users\ldebo\AppData\Local\Temp\ccLQvwtB.o
                0x00016644                console
 .bss           0x00016690       0x44 C:\Users\ldebo\AppData\Local\Temp\cccGWbfx.o
 *fill*         0x000166d4        0x4 
 .bss           0x000166d8     0x25a0 C:\Users\ldebo\AppData\Local\Temp\cc0fF35w.o
                0x000166d8                LOG_ERROR
 .bss.__malloc_current_mallinfo
                0x00018c78       0x28 g:/pi/gcc_pi_6_3/bin/../lib/gcc/arm-none-eabi/6.3.1/../../../../arm-none-eabi/lib/thumb/v7-ar/fpv3/hard\libc.a(lib_a-mallocr.o)
                0x00018c78                __malloc_current_mallinfo
 .bss.__malloc_max_sbrked_mem
                0x00018ca0        0x4 g:/pi/gcc_pi_6_3/bin/../lib/gcc/arm-none-eabi/6.3.1/../../../../arm-none-eabi/lib/thumb/v7-ar/fpv3/hard\libc.a(lib_a-mallocr.o)
                0x00018ca0                __malloc_max_sbrked_mem
 .bss.__malloc_max_total_mem
                0x00018ca4        0x4 g:/pi/gcc_pi_6_3/bin/../lib/gcc/arm-none-eabi/6.3.1/../../../../arm-none-eabi/lib/thumb/v7-ar/fpv3/hard\libc.a(lib_a-mallocr.o)
                0x00018ca4                __malloc_max_total_mem
 .bss.__malloc_top_pad
                0x00018ca8        0x4 g:/pi/gcc_pi_6_3/bin/../lib/gcc/arm-none-eabi/6.3.1/../../../../arm-none-eabi/lib/thumb/v7-ar/fpv3/hard\libc.a(lib_a-mallocr.o)
                0x00018ca8                __malloc_top_pad
 *(.rela.bss .rela.bss.* .rela.gnu.linkonce.b.*)
 *(COMMON)
 COMMON         0x00018cac        0xc C:\Users\ldebo\AppData\Local\Temp\cc6sxStl.o
                0x00018cac                __errno
                0x00018cb0                halfScrHt
                0x00018cb4                halfScrWth
 COMMON         0x00018cb8        0x4 g:/pi/gcc_pi_6_3/bin/../lib/gcc/arm-none-eabi/6.3.1/../../../../arm-none-eabi/lib/thumb/v7-ar/fpv3/hard\libc.a(lib_a-reent.o)
                0x00018cb8                errno
 COMMON         0x00018cbc       0x21 g:/pi/gcc_pi_6_3/bin/../lib/gcc/arm-none-eabi/6.3.1/../../../../arm-none-eabi/lib/thumb/v7-ar/fpv3/hard\libc.a(lib_a-lock.o)
                0x00018cbc                __lock___atexit_recursive_mutex
                0x00018cc0                __lock___arc4random_mutex
                0x00018cc4                __lock___env_recursive_mutex
                0x00018cc8                __lock___sinit_recursive_mutex
                0x00018ccc                __lock___malloc_recursive_mutex
                0x00018cd0                __lock___at_quick_exit_mutex
                0x00018cd4                __lock___dd_hash_mutex
                0x00018cd8                __lock___tz_mutex
                0x00018cdc                __lock___sfp_recursive_mutex
                0x00018ce0                . = ALIGN (0x4)
 *fill*         0x00018cdd        0x3 
                0x00018ce0                __bss_end__ = .

.rodata         0x00018ce0     0x1e6c
                0x00018ce0                . = ALIGN (0x4)
                0x00018ce0                __rodata_start__ = .
 *(.rodata .rodata.*)
 .rodata.str1.4
                0x00018ce0       0x22 C:\Users\ldebo\AppData\Local\Temp\cc6sxStl.o
 *fill*         0x00018d02        0x2 
 .rodata.cpuid  0x00018d04       0x36 C:\Users\ldebo\AppData\Local\Temp\ccTV52B2.o
 *fill*         0x00018d3a        0x2 
 .rodata        0x00018d3c     0x1004 C:\Users\ldebo\AppData\Local\Temp\ccLQvwtB.o
                0x00019d3c                BitFontEnd
 .rodata.str1.4
                0x00019d40       0xd0 C:\Users\ldebo\AppData\Local\Temp\ccLQvwtB.o
 .rodata        0x00019e10       0x10 C:\Users\ldebo\AppData\Local\Temp\ccDj3aZK.o
 .rodata        0x00019e20       0x40 C:\Users\ldebo\AppData\Local\Temp\cccGWbfx.o
                0x00019e20                IdentityMatrix3D
 .rodata.str1.4
                0x00019e60      0x229 C:\Users\ldebo\AppData\Local\Temp\cccGWbfx.o
                                0x22d (size before relaxing)
 *fill*         0x0001a089        0x3 
 .rodata        0x0001a08c       0x14 C:\Users\ldebo\AppData\Local\Temp\cc0fF35w.o
 .rodata.str1.4
                0x0001a0a0      0x36a C:\Users\ldebo\AppData\Local\Temp\cc0fF35w.o
 *fill*         0x0001a40a        0x2 
 .rodata._setlocale_r.str1.4
                0x0001a40c        0x6 g:/pi/gcc_pi_6_3/bin/../lib/gcc/arm-none-eabi/6.3.1/../../../../arm-none-eabi/lib/thumb/v7-ar/fpv3/hard\libc.a(lib_a-locale.o)
                                  0xd (size before relaxing)
 *fill*         0x0001a412        0x2 
 .rodata.str1.4
                0x0001a414        0x2 g:/pi/gcc_pi_6_3/bin/../lib/gcc/arm-none-eabi/6.3.1/../../../../arm-none-eabi/lib/thumb/v7-ar/fpv3/hard\libc.a(lib_a-locale.o)
 *fill*         0x0001a416        0x2 
 .rodata._strtod_l.str1.4
                0x0001a418       0x10 g:/pi/gcc_pi_6_3/bin/../lib/gcc/arm-none-eabi/6.3.1/../../../../arm-none-eabi/lib/thumb/v7-ar/fpv3/hard\libc.a(lib_a-strtod.o)
                                  0xf (size before relaxing)
 .rodata.fpi.7264
                0x0001a428       0x14 g:/pi/gcc_pi_6_3/bin/../lib/gcc/arm-none-eabi/6.3.1/../../../../arm-none-eabi/lib/thumb/v7-ar/fpv3/hard\libc.a(lib_a-strtod.o)
 .rodata.fpinan.7300
                0x0001a43c       0x14 g:/pi/gcc_pi_6_3/bin/../lib/gcc/arm-none-eabi/6.3.1/../../../../arm-none-eabi/lib/thumb/v7-ar/fpv3/hard\libc.a(lib_a-strtod.o)
 .rodata.tinytens
                0x0001a450       0x28 g:/pi/gcc_pi_6_3/bin/../lib/gcc/arm-none-eabi/6.3.1/../../../../arm-none-eabi/lib/thumb/v7-ar/fpv3/hard\libc.a(lib_a-strtod.o)
 .rodata._ctype_
                0x0001a478      0x101 g:/pi/gcc_pi_6_3/bin/../lib/gcc/arm-none-eabi/6.3.1/../../../../arm-none-eabi/lib/thumb/v7-ar/fpv3/hard\libc.a(lib_a-ctype_.o)
                0x0001a478                _ctype_
 *fill*         0x0001a579        0x3 
 .rodata.__hexdig
                0x0001a57c      0x100 g:/pi/gcc_pi_6_3/bin/../lib/gcc/arm-none-eabi/6.3.1/../../../../arm-none-eabi/lib/thumb/v7-ar/fpv3/hard\libc.a(lib_a-gdtoa-gethex.o)
                0x0001a57c                __hexdig
 *fill*         0x0001a67c        0x4 
 .rodata.__mprec_bigtens
                0x0001a680       0x28 g:/pi/gcc_pi_6_3/bin/../lib/gcc/arm-none-eabi/6.3.1/../../../../arm-none-eabi/lib/thumb/v7-ar/fpv3/hard\libc.a(lib_a-mprec.o)
                0x0001a680                __mprec_bigtens
 .rodata.__mprec_tens
                0x0001a6a8       0xc8 g:/pi/gcc_pi_6_3/bin/../lib/gcc/arm-none-eabi/6.3.1/../../../../arm-none-eabi/lib/thumb/v7-ar/fpv3/hard\libc.a(lib_a-mprec.o)
                0x0001a6a8                __mprec_tens
 .rodata.p05.7178
                0x0001a770        0xc g:/pi/gcc_pi_6_3/bin/../lib/gcc/arm-none-eabi/6.3.1/../../../../arm-none-eabi/lib/thumb/v7-ar/fpv3/hard\libc.a(lib_a-mprec.o)
 .rodata.npio2_hw
                0x0001a77c       0x80 g:/pi/gcc_pi_6_3/bin/../lib/gcc/arm-none-eabi/6.3.1/../../../../arm-none-eabi/lib/thumb/v7-ar/fpv3/hard\libm.a(lib_a-ef_rem_pio2.o)
 .rodata.two_over_pi
                0x0001a7fc      0x318 g:/pi/gcc_pi_6_3/bin/../lib/gcc/arm-none-eabi/6.3.1/../../../../arm-none-eabi/lib/thumb/v7-ar/fpv3/hard\libm.a(lib_a-ef_rem_pio2.o)
 .rodata.PIo2   0x0001ab14       0x2c g:/pi/gcc_pi_6_3/bin/../lib/gcc/arm-none-eabi/6.3.1/../../../../arm-none-eabi/lib/thumb/v7-ar/fpv3/hard\libm.a(lib_a-kf_rem_pio2.o)
 .rodata.init_jk
                0x0001ab40        0xc g:/pi/gcc_pi_6_3/bin/../lib/gcc/arm-none-eabi/6.3.1/../../../../arm-none-eabi/lib/thumb/v7-ar/fpv3/hard\libm.a(lib_a-kf_rem_pio2.o)
 *(.rel.rodata .rel.rodata.* .rel.gnu.linkonce.r.*)
                0x0001ab4c                . = ALIGN (0x4)
                0x0001ab4c                __rodata_end__ = .

.rel.dyn        0x0001ab4c        0x0
 .rel.iplt      0x0001ab4c        0x0 C:\Users\ldebo\AppData\Local\Temp\cc6sxStl.o

.data           0x0001ab50      0xd78
                0x0001ab50                . = ALIGN (0x4)
                0x0001ab50                __data_start__ = .
 *(.data .data.* .gnu.linkonce.d.*)
 .data.smartstart
                0x0001ab50        0xc C:\Users\ldebo\AppData\Local\Temp\ccTV52B2.o
                0x0001ab54                RPi_CPUCurrentMode
                0x0001ab58                RPi_Heap
 .data.smartstart32
                0x0001ab5c       0x18 C:\Users\ldebo\AppData\Local\Temp\ccTV52B2.o
                0x0001ab5c                RPi_IO_Base_Addr
                0x0001ab60                RPi_BootAddr
                0x0001ab64                RPi_CoresReady
                0x0001ab68                RPi_CPUBootMode
                0x0001ab6c                RPi_CpuId
                0x0001ab70                RPi_CompileMode
 .data          0x0001ab74        0x4 C:\Users\ldebo\AppData\Local\Temp\ccLQvwtB.o
 .data          0x0001ab78      0x3a8 C:\Users\ldebo\AppData\Local\Temp\cc0fF35w.o
 .data.__global_locale
                0x0001af20      0x16c g:/pi/gcc_pi_6_3/bin/../lib/gcc/arm-none-eabi/6.3.1/../../../../arm-none-eabi/lib/thumb/v7-ar/fpv3/hard\libc.a(lib_a-locale.o)
                0x0001af20                __global_locale
 .data._impure_ptr
                0x0001b08c        0x4 g:/pi/gcc_pi_6_3/bin/../lib/gcc/arm-none-eabi/6.3.1/../../../../arm-none-eabi/lib/thumb/v7-ar/fpv3/hard\libc.a(lib_a-impure.o)
                0x0001b08c                _impure_ptr
 .data.impure_data
                0x0001b090      0x428 g:/pi/gcc_pi_6_3/bin/../lib/gcc/arm-none-eabi/6.3.1/../../../../arm-none-eabi/lib/thumb/v7-ar/fpv3/hard\libc.a(lib_a-impure.o)
 .data.__malloc_av_
                0x0001b4b8      0x408 g:/pi/gcc_pi_6_3/bin/../lib/gcc/arm-none-eabi/6.3.1/../../../../arm-none-eabi/lib/thumb/v7-ar/fpv3/hard\libc.a(lib_a-mallocr.o)
                0x0001b4b8                __malloc_av_
 .data.__malloc_sbrk_base
                0x0001b8c0        0x4 g:/pi/gcc_pi_6_3/bin/../lib/gcc/arm-none-eabi/6.3.1/../../../../arm-none-eabi/lib/thumb/v7-ar/fpv3/hard\libc.a(lib_a-mallocr.o)
                0x0001b8c0                __malloc_sbrk_base
 .data.__malloc_trim_threshold
                0x0001b8c4        0x4 g:/pi/gcc_pi_6_3/bin/../lib/gcc/arm-none-eabi/6.3.1/../../../../arm-none-eabi/lib/thumb/v7-ar/fpv3/hard\libc.a(lib_a-mallocr.o)
                0x0001b8c4                __malloc_trim_threshold
 *(.rel.data .rel.data.* .rel.gnu.linkonce.d.*)
                0x0001b8c8                . = ALIGN (0x4)
                0x0001b8c8                __data_end__ = .

.igot.plt       0x0001b8c8        0x0
 .igot.plt      0x0001b8c8        0x0 C:\Users\ldebo\AppData\Local\Temp\cc6sxStl.o

.data1          0x0001b8c8        0x8
                0x0001b8d0                . = ALIGN (0x10)
 *fill*         0x0001b8c8        0x8 
                0x0001b8d0                __data1_start__ = .
 *(.data1 .data1.*)
 *(.rel.data1 .rel.data1.*)
                0x0001b8d0                . = ALIGN (0x10)
                0x0001b8d0                __data1_end__ = .

.stack          0x0001b8d0     0xa200
                0x0001b8d0                . = ALIGN (0x8)
                0x0001b8d0                __stack_start__core0 = .
                0x0001bad0                . = (. + 0x200)
 *fill*         0x0001b8d0      0x200 
                0x0001bad0                __HYP_stack_core0 = .
                0x00023ad0                . = (. + 0x8000)
 *fill*         0x0001bad0     0x8000 
                0x00023ad0                __SVC_stack_core0 = .
                0x00024ad0                . = (. + 0x1000)
 *fill*         0x00023ad0     0x1000 
                0x00024ad0                __IRQ_stack_core0 = .
                0x00025ad0                . = (. + 0x1000)
 *fill*         0x00024ad0     0x1000 
                0x00025ad0                __FIQ_stack_core0 = .
                0x00025ad0                . = ALIGN (0x8)
                0x00025ad0                __stack_end__core0 = .

.stack_core1    0x00025ad0     0x1600
                0x00025ad0                . = ALIGN (0x8)
                0x00025ad0                __stack_start__core1 = .
                0x00025cd0                . = (. + 0x200)
 *fill*         0x00025ad0      0x200 
                0x00025cd0                __HYP_stack_core1 = .
                0x00026cd0                . = (. + 0x1000)
 *fill*         0x00025cd0     0x1000 
                0x00026cd0                __SVC_stack_core1 = .
                0x00026ed0                . = (. + 0x200)
 *fill*         0x00026cd0      0x200 
                0x00026ed0                __IRQ_stack_core1 = .
                0x000270d0                . = (. + 0x200)
 *fill*         0x00026ed0      0x200 
                0x000270d0                __FIQ_stack_core1 = .
                0x000270d0                . = ALIGN (0x8)
                0x000270d0                __stack_end__core1 = .

.stack_core2    0x000270d0     0x1600
                0x000270d0                . = ALIGN (0x8)
                0x000270d0                __stack_start__core2 = .
                0x000272d0                . = (. + 0x200)
 *fill*         0x000270d0      0x200 
                0x000272d0                __HYP_stack_core2 = .
                0x000282d0                . = (. + 0x1000)
 *fill*         0x000272d0     0x1000 
                0x000282d0                __SVC_stack_core2 = .
                0x000284d0                . = (. + 0x200)
 *fill*         0x000282d0      0x200 
                0x000284d0                __IRQ_stack_core2 = .
                0x000286d0                . = (. + 0x200)
 *fill*         0x000284d0      0x200 
                0x000286d0                __FIQ_stack_core2 = .
                0x000286d0                . = ALIGN (0x8)
                0x000286d0                __stack_end__core2 = .

.stack_core3    0x000286d0     0x1600
                0x000286d0                . = ALIGN (0x8)
                0x000286d0                __stack_start__core3 = .
                0x000288d0                . = (. + 0x200)
 *fill*         0x000286d0      0x200 
                0x000288d0                __HYP_stack_core3 = .
                0x000298d0                . = (. + 0x1000)
 *fill*         0x000288d0     0x1000 
                0x000298d0                __SVC_stack_core3 = .
                0x00029ad0                . = (. + 0x200)
 *fill*         0x000298d0      0x200 
                0x00029ad0                __IRQ_stack_core3 = .
                0x00029cd0                . = (. + 0x200)
 *fill*         0x00029ad0      0x200 
                0x00029cd0                __FIQ_stack_core3 = .
                0x00029cd0                . = ALIGN (0x8)
                0x00029cd0                __stack_end__core3 = .

.ARM.attributes
                0x00000000       0x37
 *(.ARM.attributes)
 .ARM.attributes
                0x00000000       0x37 C:\Users\ldebo\AppData\Local\Temp\cc6sxStl.o
 .ARM.attributes
                0x00000037       0x25 C:\Users\ldebo\AppData\Local\Temp\ccTV52B2.o
 .ARM.attributes
                0x0000005c       0x37 C:\Users\ldebo\AppData\Local\Temp\ccLQvwtB.o
 .ARM.attributes
                0x00000093       0x37 C:\Users\ldebo\AppData\Local\Temp\ccDj3aZK.o
 .ARM.attributes
                0x000000ca       0x37 C:\Users\ldebo\AppData\Local\Temp\cccGWbfx.o
 .ARM.attributes
                0x00000101       0x37 C:\Users\ldebo\AppData\Local\Temp\cc0fF35w.o
 .ARM.attributes
                0x00000138       0x2d g:/pi/gcc_pi_6_3/bin/../lib/gcc/arm-none-eabi/6.3.1/../../../../arm-none-eabi/lib/thumb/v7-ar/fpv3/hard\libc.a(lib_a-locale.o)
 .ARM.attributes
                0x00000165       0x2d g:/pi/gcc_pi_6_3/bin/../lib/gcc/arm-none-eabi/6.3.1/../../../../arm-none-eabi/lib/thumb/v7-ar/fpv3/hard\libc.a(lib_a-mbstowcs.o)
 .ARM.attributes
                0x00000192       0x2d g:/pi/gcc_pi_6_3/bin/../lib/gcc/arm-none-eabi/6.3.1/../../../../arm-none-eabi/lib/thumb/v7-ar/fpv3/hard\libc.a(lib_a-mbtowc_r.o)
 .ARM.attributes
                0x000001bf       0x19 g:/pi/gcc_pi_6_3/bin/../lib/gcc/arm-none-eabi/6.3.1/../../../../arm-none-eabi/lib/thumb/v7-ar/fpv3/hard\libc.a(lib_a-memcpy.o)
 .ARM.attributes
                0x000001d8       0x2d g:/pi/gcc_pi_6_3/bin/../lib/gcc/arm-none-eabi/6.3.1/../../../../arm-none-eabi/lib/thumb/v7-ar/fpv3/hard\libc.a(lib_a-reent.o)
 .ARM.attributes
                0x00000205       0x2d g:/pi/gcc_pi_6_3/bin/../lib/gcc/arm-none-eabi/6.3.1/../../../../arm-none-eabi/lib/thumb/v7-ar/fpv3/hard\libc.a(lib_a-strchr.o)
 .ARM.attributes
                0x00000232       0x2d g:/pi/gcc_pi_6_3/bin/../lib/gcc/arm-none-eabi/6.3.1/../../../../arm-none-eabi/lib/thumb/v7-ar/fpv3/hard\libc.a(lib_a-strcpy.o)
 .ARM.attributes
                0x0000025f       0x2d g:/pi/gcc_pi_6_3/bin/../lib/gcc/arm-none-eabi/6.3.1/../../../../arm-none-eabi/lib/thumb/v7-ar/fpv3/hard\libc.a(lib_a-strlen-stub.o)
 .ARM.attributes
                0x0000028c       0x2d g:/pi/gcc_pi_6_3/bin/../lib/gcc/arm-none-eabi/6.3.1/../../../../arm-none-eabi/lib/thumb/v7-ar/fpv3/hard\libc.a(lib_a-strncpy.o)
 .ARM.attributes
                0x000002b9       0x2d g:/pi/gcc_pi_6_3/bin/../lib/gcc/arm-none-eabi/6.3.1/../../../../arm-none-eabi/lib/thumb/v7-ar/fpv3/hard\libc.a(lib_a-strtod.o)
 .ARM.attributes
                0x000002e6       0x2d g:/pi/gcc_pi_6_3/bin/../lib/gcc/arm-none-eabi/6.3.1/../../../../arm-none-eabi/lib/thumb/v7-ar/fpv3/hard\libc.a(lib_a-strtol.o)
 .ARM.attributes
                0x00000313       0x2d g:/pi/gcc_pi_6_3/bin/../lib/gcc/arm-none-eabi/6.3.1/../../../../arm-none-eabi/lib/thumb/v7-ar/fpv3/hard\libc.a(lib_a-strtold.o)
 .ARM.attributes
                0x00000340       0x2d g:/pi/gcc_pi_6_3/bin/../lib/gcc/arm-none-eabi/6.3.1/../../../../arm-none-eabi/lib/thumb/v7-ar/fpv3/hard\libc.a(lib_a-strtoll.o)
 .ARM.attributes
                0x0000036d       0x2d g:/pi/gcc_pi_6_3/bin/../lib/gcc/arm-none-eabi/6.3.1/../../../../arm-none-eabi/lib/thumb/v7-ar/fpv3/hard\libc.a(lib_a-strtoul.o)
 .ARM.attributes
                0x0000039a       0x2d g:/pi/gcc_pi_6_3/bin/../lib/gcc/arm-none-eabi/6.3.1/../../../../arm-none-eabi/lib/thumb/v7-ar/fpv3/hard\libc.a(lib_a-strtoull.o)
 .ARM.attributes
                0x000003c7       0x2d g:/pi/gcc_pi_6_3/bin/../lib/gcc/arm-none-eabi/6.3.1/../../../../arm-none-eabi/lib/thumb/v7-ar/fpv3/hard\libc.a(lib_a-wcscpy.o)
 .ARM.attributes
                0x000003f4       0x2d g:/pi/gcc_pi_6_3/bin/../lib/gcc/arm-none-eabi/6.3.1/../../../../arm-none-eabi/lib/thumb/v7-ar/fpv3/hard\libc.a(lib_a-wctob.o)
 .ARM.attributes
                0x00000421       0x2d g:/pi/gcc_pi_6_3/bin/../lib/gcc/arm-none-eabi/6.3.1/../../../../arm-none-eabi/lib/thumb/v7-ar/fpv3/hard\libc.a(lib_a-wctomb_r.o)
 .ARM.attributes
                0x0000044e       0x2d g:/pi/gcc_pi_6_3/bin/../lib/gcc/arm-none-eabi/6.3.1/../../../../arm-none-eabi/lib/thumb/v7-ar/fpv3/hard\libc.a(lib_a-ctype_.o)
 .ARM.attributes
                0x0000047b       0x2d g:/pi/gcc_pi_6_3/bin/../lib/gcc/arm-none-eabi/6.3.1/../../../../arm-none-eabi/lib/thumb/v7-ar/fpv3/hard\libc.a(lib_a-freer.o)
 .ARM.attributes
                0x000004a8       0x2d g:/pi/gcc_pi_6_3/bin/../lib/gcc/arm-none-eabi/6.3.1/../../../../arm-none-eabi/lib/thumb/v7-ar/fpv3/hard\libc.a(lib_a-gdtoa-gethex.o)
 .ARM.attributes
                0x000004d5       0x2d g:/pi/gcc_pi_6_3/bin/../lib/gcc/arm-none-eabi/6.3.1/../../../../arm-none-eabi/lib/thumb/v7-ar/fpv3/hard\libc.a(lib_a-gdtoa-hexnan.o)
 .ARM.attributes
                0x00000502       0x2d g:/pi/gcc_pi_6_3/bin/../lib/gcc/arm-none-eabi/6.3.1/../../../../arm-none-eabi/lib/thumb/v7-ar/fpv3/hard\libc.a(lib_a-impure.o)
 .ARM.attributes
                0x0000052f       0x2d g:/pi/gcc_pi_6_3/bin/../lib/gcc/arm-none-eabi/6.3.1/../../../../arm-none-eabi/lib/thumb/v7-ar/fpv3/hard\libc.a(lib_a-localeconv.o)
 .ARM.attributes
                0x0000055c       0x2d g:/pi/gcc_pi_6_3/bin/../lib/gcc/arm-none-eabi/6.3.1/../../../../arm-none-eabi/lib/thumb/v7-ar/fpv3/hard\libc.a(lib_a-mallocr.o)
 .ARM.attributes
                0x00000589       0x2d g:/pi/gcc_pi_6_3/bin/../lib/gcc/arm-none-eabi/6.3.1/../../../../arm-none-eabi/lib/thumb/v7-ar/fpv3/hard\libc.a(lib_a-memset.o)
 .ARM.attributes
                0x000005b6       0x2d g:/pi/gcc_pi_6_3/bin/../lib/gcc/arm-none-eabi/6.3.1/../../../../arm-none-eabi/lib/thumb/v7-ar/fpv3/hard\libc.a(lib_a-mlock.o)
 .ARM.attributes
                0x000005e3       0x2d g:/pi/gcc_pi_6_3/bin/../lib/gcc/arm-none-eabi/6.3.1/../../../../arm-none-eabi/lib/thumb/v7-ar/fpv3/hard\libc.a(lib_a-mprec.o)
 .ARM.attributes
                0x00000610       0x2d g:/pi/gcc_pi_6_3/bin/../lib/gcc/arm-none-eabi/6.3.1/../../../../arm-none-eabi/lib/thumb/v7-ar/fpv3/hard\libc.a(lib_a-sbrkr.o)
 .ARM.attributes
                0x0000063d       0x2d g:/pi/gcc_pi_6_3/bin/../lib/gcc/arm-none-eabi/6.3.1/../../../../arm-none-eabi/lib/thumb/v7-ar/fpv3/hard\libc.a(lib_a-sf_nan.o)
 .ARM.attributes
                0x0000066a       0x2d g:/pi/gcc_pi_6_3/bin/../lib/gcc/arm-none-eabi/6.3.1/../../../../arm-none-eabi/lib/thumb/v7-ar/fpv3/hard\libc.a(lib_a-strncmp.o)
 .ARM.attributes
                0x00000697       0x2d g:/pi/gcc_pi_6_3/bin/../lib/gcc/arm-none-eabi/6.3.1/../../../../arm-none-eabi/lib/thumb/v7-ar/fpv3/hard\libc.a(lib_a-callocr.o)
 .ARM.attributes
                0x000006c4       0x2d g:/pi/gcc_pi_6_3/bin/../lib/gcc/arm-none-eabi/6.3.1/../../../../arm-none-eabi/lib/thumb/v7-ar/fpv3/hard\libc.a(lib_a-lock.o)
 .ARM.attributes
                0x000006f1       0x2d g:/pi/gcc_pi_6_3/bin/../lib/gcc/arm-none-eabi/6.3.1/../../../../arm-none-eabi/lib/thumb/v7-ar/fpv3/hard\libm.a(lib_a-sf_cos.o)
 .ARM.attributes
                0x0000071e       0x2d g:/pi/gcc_pi_6_3/bin/../lib/gcc/arm-none-eabi/6.3.1/../../../../arm-none-eabi/lib/thumb/v7-ar/fpv3/hard\libm.a(lib_a-sf_sin.o)
 .ARM.attributes
                0x0000074b       0x2d g:/pi/gcc_pi_6_3/bin/../lib/gcc/arm-none-eabi/6.3.1/../../../../arm-none-eabi/lib/thumb/v7-ar/fpv3/hard\libm.a(lib_a-ef_rem_pio2.o)
 .ARM.attributes
                0x00000778       0x2d g:/pi/gcc_pi_6_3/bin/../lib/gcc/arm-none-eabi/6.3.1/../../../../arm-none-eabi/lib/thumb/v7-ar/fpv3/hard\libm.a(lib_a-kf_cos.o)
 .ARM.attributes
                0x000007a5       0x2d g:/pi/gcc_pi_6_3/bin/../lib/gcc/arm-none-eabi/6.3.1/../../../../arm-none-eabi/lib/thumb/v7-ar/fpv3/hard\libm.a(lib_a-kf_rem_pio2.o)
 .ARM.attributes
                0x000007d2       0x2d g:/pi/gcc_pi_6_3/bin/../lib/gcc/arm-none-eabi/6.3.1/../../../../arm-none-eabi/lib/thumb/v7-ar/fpv3/hard\libm.a(lib_a-kf_sin.o)
 .ARM.attributes
                0x000007ff       0x2d g:/pi/gcc_pi_6_3/bin/../lib/gcc/arm-none-eabi/6.3.1/../../../../arm-none-eabi/lib/thumb/v7-ar/fpv3/hard\libm.a(lib_a-sf_fabs.o)
 .ARM.attributes
                0x0000082c       0x2d g:/pi/gcc_pi_6_3/bin/../lib/gcc/arm-none-eabi/6.3.1/../../../../arm-none-eabi/lib/thumb/v7-ar/fpv3/hard\libm.a(lib_a-sf_floor.o)
 .ARM.attributes
                0x00000859       0x2d g:/pi/gcc_pi_6_3/bin/../lib/gcc/arm-none-eabi/6.3.1/../../../../arm-none-eabi/lib/thumb/v7-ar/fpv3/hard\libm.a(lib_a-sf_scalbn.o)
 .ARM.attributes
                0x00000886       0x2d g:/pi/gcc_pi_6_3/bin/../lib/gcc/arm-none-eabi/6.3.1/../../../../arm-none-eabi/lib/thumb/v7-ar/fpv3/hard\libm.a(lib_a-sf_copysign.o)
 .ARM.attributes
                0x000008b3       0x1b g:/pi/gcc_pi_6_3/bin/../lib/gcc/arm-none-eabi/6.3.1/thumb/v7-ar/fpv3/hard\libgcc.a(_udivsi3.o)
 .ARM.attributes
                0x000008ce       0x1b g:/pi/gcc_pi_6_3/bin/../lib/gcc/arm-none-eabi/6.3.1/thumb/v7-ar/fpv3/hard\libgcc.a(_dvmd_tls.o)
 .ARM.attributes
                0x000008e9       0x1b g:/pi/gcc_pi_6_3/bin/../lib/gcc/arm-none-eabi/6.3.1/thumb/v7-ar/fpv3/hard\libgcc.a(_aeabi_uldivmod.o)
 .ARM.attributes
                0x00000904       0x2d g:/pi/gcc_pi_6_3/bin/../lib/gcc/arm-none-eabi/6.3.1/thumb/v7-ar/fpv3/hard\libgcc.a(_udivmoddi4.o)

.Heap           0x00029cd0        0x0
                0x00029cd0                . = ALIGN (0x4)
                0x00029cd0                __heap_start__ = .
                0x00029cd0                _end = .
                [!provide]                PROVIDE (end, .)

/DISCARD/
 *(.ARM.exidx .ARM.exidx.*)
 *(.rel.ARM.exidx .rel.ARM.exidx.* .gnu.linkonce.armexidx.*)
 *(.debug_frame .debug_frame.*)
 *(.comment *.comment.*)
 *(.symtab .symtab.*)
 *(.strtab .strtab.*)
 *(.shstrtab .shstrtab.*)
 libc.a(*)
 libm.a(*)
 libgcc.a(*)
 *(.note.GNU-stack)
 *(.gnu_debuglink)
 *(.gnu.lto_*)
LOAD C:\Users\ldebo\AppData\Local\Temp\cc6sxStl.o
LOAD C:\Users\ldebo\AppData\Local\Temp\ccTV52B2.o
LOAD C:\Users\ldebo\AppData\Local\Temp\ccLQvwtB.o
LOAD C:\Users\ldebo\AppData\Local\Temp\ccDj3aZK.o
LOAD C:\Users\ldebo\AppData\Local\Temp\cccGWbfx.o
LOAD C:\Users\ldebo\AppData\Local\Temp\cc0fF35w.o
LOAD g:/pi/gcc_pi_6_3/bin/../lib/gcc/arm-none-eabi/6.3.1/../../../../arm-none-eabi/lib/thumb/v7-ar/fpv3/hard\libc.a
LOAD g:/pi/gcc_pi_6_3/bin/../lib/gcc/arm-none-eabi/6.3.1/../../../../arm-none-eabi/lib/thumb/v7-ar/fpv3/hard\libm.a
LOAD g:/pi/gcc_pi_6_3/bin/../lib/gcc/arm-none-eabi/6.3.1/thumb/v7-ar/fpv3/hard\libgcc.a
LOAD g:/pi/gcc_pi_6_3/bin/../lib/gcc/arm-none-eabi/6.3.1/../../../../arm-none-eabi/lib/thumb/v7-ar/fpv3/hard\libnosys.a
OUTPUT(kernel.elf elf32-littlearm)
