Archive member included to satisfy reference by file (symbol)

g:/pi/gcc_linaro_6_3/bin/../aarch64-elf/libc/usr/lib\libc.a(lib_a-ctype_.o)
                              C:\Users\ldebo\AppData\Local\Temp\ccgcxrFA.o (symbol from plugin) (__ctype_ptr__)
g:/pi/gcc_linaro_6_3/bin/../aarch64-elf/libc/usr/lib\libc.a(lib_a-strlen.o)
                              C:\Users\ldebo\AppData\Local\Temp\ccgcxrFA.o (symbol from plugin) (strlen)
g:/pi/gcc_linaro_6_3/bin/../aarch64-elf/libc/usr/lib\libc.a(lib_a-strnlen.o)
                              C:\Users\ldebo\AppData\Local\Temp\ccgcxrFA.o (symbol from plugin) (strnlen)

Discarded input sections

 .text          0x0000000000000000        0x0 C:\Users\ldebo\AppData\Local\Temp\cca13YIa.o (symbol from plugin)
 .comment       0x0000000000000000       0x2e C:\Users\ldebo\AppData\Local\Temp\ccCbIeoP.ltrans0.ltrans.o
 .text          0x0000000000000000        0x0 C:\Users\ldebo\AppData\Local\Temp\ccgcxrFA.o (symbol from plugin)
 .comment       0x0000000000000000       0x2e g:/pi/gcc_linaro_6_3/bin/../aarch64-elf/libc/usr/lib\libc.a(lib_a-ctype_.o)
 .debug_frame   0x0000000000000000       0x28 g:/pi/gcc_linaro_6_3/bin/../aarch64-elf/libc/usr/lib\libc.a(lib_a-ctype_.o)

Memory Configuration

Name             Origin             Length             Attributes
RAM              0x0000000000080000 0x0000000008000000 xrw
*default*        0x0000000000000000 0xffffffffffffffff

Linker script and memory map


.text           0x0000000000080000     0x29e0
                0x0000000000080000                . = ALIGN (0x4)
                0x0000000000080000                __text_start__ = .
                0x0000000000080000                _start = .
 *(.text.startup)
 .text.startup  0x0000000000080000      0x300 C:\Users\ldebo\AppData\Local\Temp\ccuKs83e.o
                0x0000000000080294                RPi_CpuIdString
                0x00000000000802a8                EnableInterrupts
                0x00000000000802b0                DisableInterrupts
                0x00000000000802b8                CoreExecute
 *(.text .text.* .gnu.linkonce.t.*)
 .text          0x0000000000080300     0x1308 C:\Users\ldebo\AppData\Local\Temp\ccCbIeoP.ltrans0.ltrans.o
                0x0000000000081150                kernel_main
                0x00000000000813f0                c_irq_identify_and_clear_source
                0x0000000000081420                c_irq_handler
 .text          0x0000000000081608        0x0 C:\Users\ldebo\AppData\Local\Temp\ccuKs83e.o
 .text.ARMaddrToGPUaddr
                0x0000000000081608        0xc C:\Users\ldebo\AppData\Local\Temp\ccuKs83e.o
                0x0000000000081608                ARMaddrToGPUaddr
 *fill*         0x0000000000081614      0x1ec 
 .text.GPUaddrToARMaddr
                0x0000000000081800      0xf84 C:\Users\ldebo\AppData\Local\Temp\ccuKs83e.o
                0x0000000000081800                GPUaddrToARMaddr
                0x0000000000081814                irq_handler
                0x0000000000082000                VectorTable
 *fill*         0x0000000000082784        0x4 
 .text          0x0000000000082788       0x14 g:/pi/gcc_linaro_6_3/bin/../aarch64-elf/libc/usr/lib\libc.a(lib_a-ctype_.o)
                0x0000000000082788                __set_ctype
 *fill*         0x000000000008279c       0x24 
 .text          0x00000000000827c0      0x140 g:/pi/gcc_linaro_6_3/bin/../aarch64-elf/libc/usr/lib\libc.a(lib_a-strlen.o)
                0x00000000000827c0                strlen
 .text          0x0000000000082900       0xe0 g:/pi/gcc_linaro_6_3/bin/../aarch64-elf/libc/usr/lib\libc.a(lib_a-strnlen.o)
                0x0000000000082924                strnlen
 *(.rel.text .rel.text.* .rel.gnu.linkonce.t.*)
 *(.init .init.*)
                0x00000000000829e0                . = ALIGN (0x4)
                0x00000000000829e0                __text_end__ = .

.iplt           0x00000000000829e0        0x0
 .iplt          0x00000000000829e0        0x0 C:\Users\ldebo\AppData\Local\Temp\ccuKs83e.o

.bss            0x00000000000829e0       0x50
                0x00000000000829e0                . = ALIGN (0x4)
                0x00000000000829e0                __bss_start__ = .
 *(.bss .bss.* .gnu.linkonce.b.*)
 .bss           0x00000000000829e0       0x4e C:\Users\ldebo\AppData\Local\Temp\ccCbIeoP.ltrans0.ltrans.o
 .bss           0x0000000000082a2e        0x0 C:\Users\ldebo\AppData\Local\Temp\ccuKs83e.o
 .bss           0x0000000000082a2e        0x0 g:/pi/gcc_linaro_6_3/bin/../aarch64-elf/libc/usr/lib\libc.a(lib_a-ctype_.o)
 .bss           0x0000000000082a2e        0x0 g:/pi/gcc_linaro_6_3/bin/../aarch64-elf/libc/usr/lib\libc.a(lib_a-strlen.o)
 .bss           0x0000000000082a2e        0x0 g:/pi/gcc_linaro_6_3/bin/../aarch64-elf/libc/usr/lib\libc.a(lib_a-strnlen.o)
 *(.rela.bss .rela.bss.* .rela.gnu.linkonce.b.*)
 *(COMMON)
                0x0000000000082a30                . = ALIGN (0x4)
 *fill*         0x0000000000082a2e        0x2 
                0x0000000000082a30                __bss_end__ = .

.rodata         0x0000000000082a30     0x1204
                0x0000000000082a30                . = ALIGN (0x4)
                0x0000000000082a30                __rodata_start__ = .
 *(.rodata .rodata.*)
 .rodata        0x0000000000082a30     0x1014 C:\Users\ldebo\AppData\Local\Temp\ccCbIeoP.ltrans0.ltrans.o
 *fill*         0x0000000000083a44        0x4 
 .rodata.str1.8
                0x0000000000083a48       0xd8 C:\Users\ldebo\AppData\Local\Temp\ccCbIeoP.ltrans0.ltrans.o
                                         0xd5 (size before relaxing)
 .rodata.cpuid  0x0000000000083b20        0xc C:\Users\ldebo\AppData\Local\Temp\ccuKs83e.o
 *fill*         0x0000000000083b2c        0x4 
 .rodata        0x0000000000083b30      0x101 g:/pi/gcc_linaro_6_3/bin/../aarch64-elf/libc/usr/lib\libc.a(lib_a-ctype_.o)
                0x0000000000083b30                _ctype_
 *(.rel.rodata .rel.rodata.* .rel.gnu.linkonce.r.*)
                0x0000000000083c34                . = ALIGN (0x4)
 *fill*         0x0000000000083c31        0x3 
                0x0000000000083c34                __rodata_end__ = .

.rela.dyn       0x0000000000083c38        0x0
 .rela.iplt     0x0000000000083c38        0x0 C:\Users\ldebo\AppData\Local\Temp\ccuKs83e.o

.data           0x0000000000083c38       0x28
                0x0000000000083c38                . = ALIGN (0x4)
                0x0000000000083c38                __data_start__ = .
 *(.data .data.* .gnu.linkonce.d.*)
 .data          0x0000000000083c38        0x4 C:\Users\ldebo\AppData\Local\Temp\ccCbIeoP.ltrans0.ltrans.o
 .data          0x0000000000083c3c        0x0 C:\Users\ldebo\AppData\Local\Temp\ccuKs83e.o
 .data.smartstart64
                0x0000000000083c3c       0x18 C:\Users\ldebo\AppData\Local\Temp\ccuKs83e.o
                0x0000000000083c3c                RPi_IO_Base_Addr
                0x0000000000083c40                RPi_BootAddr
                0x0000000000083c44                RPi_CoresReady
                0x0000000000083c48                RPi_CPUBootMode
                0x0000000000083c4c                RPi_CpuId
                0x0000000000083c50                RPi_CompileMode
 *fill*         0x0000000000083c54        0x4 
 .data          0x0000000000083c58        0x8 g:/pi/gcc_linaro_6_3/bin/../aarch64-elf/libc/usr/lib\libc.a(lib_a-ctype_.o)
                0x0000000000083c58                __ctype_ptr__
 .data          0x0000000000083c60        0x0 g:/pi/gcc_linaro_6_3/bin/../aarch64-elf/libc/usr/lib\libc.a(lib_a-strlen.o)
 .data          0x0000000000083c60        0x0 g:/pi/gcc_linaro_6_3/bin/../aarch64-elf/libc/usr/lib\libc.a(lib_a-strnlen.o)
 *(.rel.data .rel.data.* .rel.gnu.linkonce.d.*)
                0x0000000000083c60                . = ALIGN (0x4)
                0x0000000000083c60                __data_end__ = .

.igot.plt       0x0000000000083c60        0x0
 .igot.plt      0x0000000000083c60        0x0 C:\Users\ldebo\AppData\Local\Temp\ccuKs83e.o

.data1          0x0000000000083c60        0x0
                0x0000000000083c60                . = ALIGN (0x10)
                0x0000000000083c60                __data1_start__ = .
 *(.data1 .data1.*)
 *(.rel.data1 .rel.data1.*)
                0x0000000000083c60                . = ALIGN (0x10)
                0x0000000000083c60                __data1_end__ = .

.stack          0x0000000000083c60     0xc200
                0x0000000000083c60                . = ALIGN (0x10)
                0x0000000000083c60                __stack_start__ = .
                0x0000000000083e60                . = (. + 0x200)
 *fill*         0x0000000000083c60      0x200 
                0x0000000000083e60                __EL0_stack_core0 = .
                0x000000000008be60                . = (. + 0x8000)
 *fill*         0x0000000000083e60     0x8000 
                0x000000000008be60                __EL1_stack_core0 = .
                0x000000000008fe60                . = (. + 0x4000)
 *fill*         0x000000000008be60     0x4000 
                0x000000000008fe60                __EL2_stack_core0 = .
                0x000000000008fe60                . = ALIGN (0x10)
                0x000000000008fe60                __stack_end__ = .

.stack_core1    0x000000000008fe60     0x1400
                0x000000000008fe60                . = ALIGN (0x10)
                0x000000000008fe60                __stack_start_core1__ = .
                0x0000000000090060                . = (. + 0x200)
 *fill*         0x000000000008fe60      0x200 
                0x0000000000090060                __EL0_stack_core1 = .
                0x0000000000090260                . = (. + 0x200)
 *fill*         0x0000000000090060      0x200 
                0x0000000000090260                __EL1_stack_core1 = .
                0x0000000000091260                . = (. + 0x1000)
 *fill*         0x0000000000090260     0x1000 
                0x0000000000091260                __EL2_stack_core1 = .
                0x0000000000091260                . = ALIGN (0x10)
                0x0000000000091260                __stack_end_core1__ = .

.stack_core2    0x0000000000091260     0x1400
                0x0000000000091260                . = ALIGN (0x10)
                0x0000000000091260                __stack_start_core2__ = .
                0x0000000000091460                . = (. + 0x200)
 *fill*         0x0000000000091260      0x200 
                0x0000000000091460                __EL0_stack_core2 = .
                0x0000000000091660                . = (. + 0x200)
 *fill*         0x0000000000091460      0x200 
                0x0000000000091660                __EL1_stack_core2 = .
                0x0000000000092660                . = (. + 0x1000)
 *fill*         0x0000000000091660     0x1000 
                0x0000000000092660                __EL2_stack_core2 = .
                0x0000000000092660                . = ALIGN (0x10)
                0x0000000000092660                __stack_end_core2__ = .

.stack_core3    0x0000000000092660     0x1400
                0x0000000000092660                . = ALIGN (0x10)
                0x0000000000092660                __stack_start_core3__ = .
                0x0000000000092860                . = (. + 0x200)
 *fill*         0x0000000000092660      0x200 
                0x0000000000092860                __EL0_stack_core3 = .
                0x0000000000092a60                . = (. + 0x200)
 *fill*         0x0000000000092860      0x200 
                0x0000000000092a60                __EL1_stack_core3 = .
                0x0000000000093a60                . = (. + 0x1000)
 *fill*         0x0000000000092a60     0x1000 
                0x0000000000093a60                __EL2_stack_core3 = .
                0x0000000000093a60                . = ALIGN (0x10)
                0x0000000000093a60                __stack_end_core3__ = .

.ARM.attributes
 *(.ARM.attributes)

.Heap           0x0000000000093a60        0x0
                0x0000000000093a60                . = ALIGN (0x4)
                0x0000000000093a60                __heap_start__ = .
                0x0000000000093a60                _end = .
                [!provide]                        PROVIDE (end, .)

/DISCARD/
 *(.ARM.exidx .ARM.exidx.*)
 *(.rel.ARM.exidx .rel.ARM.exidx.* .gnu.linkonce.armexidx.*)
 *(.debug_frame .debug_frame.*)
 *(.comment *.comment.*)
 *(.symtab .symtab.*)
 *(.strtab .strtab.*)
 *(.shstrtab .shstrtab.*)
 *(.note.GNU-stack)
 *(.gnu_debuglink)
 *(.gnu.lto_*)
LOAD C:\Users\ldebo\AppData\Local\Temp\cca13YIa.o
LOAD C:\Users\ldebo\AppData\Local\Temp\ccCbIeoP.ltrans0.ltrans.o
LOAD C:\Users\ldebo\AppData\Local\Temp\ccuKs83e.o
LOAD C:\Users\ldebo\AppData\Local\Temp\ccgcxrFA.o
LOAD g:/pi/gcc_linaro_6_3/bin/../aarch64-elf/libc/usr/lib\libc.a
LOAD g:/pi/gcc_linaro_6_3/bin/../aarch64-elf/libc/usr/lib\libg.a
LOAD g:/pi/gcc_linaro_6_3/bin/../aarch64-elf/libc/usr/lib\libm.a
LOAD g:/pi/gcc_linaro_6_3/bin/../lib/gcc/aarch64-elf/6.3.1\libgcc.a
OUTPUT(kernel.elf elf64-littleaarch64)

.debug_info     0x0000000000000000      0x4cd
 .debug_info    0x0000000000000000      0x100 g:/pi/gcc_linaro_6_3/bin/../aarch64-elf/libc/usr/lib\libc.a(lib_a-ctype_.o)
 .debug_info    0x0000000000000100      0x1e6 g:/pi/gcc_linaro_6_3/bin/../aarch64-elf/libc/usr/lib\libc.a(lib_a-strlen.o)
 .debug_info    0x00000000000002e6      0x1e7 g:/pi/gcc_linaro_6_3/bin/../aarch64-elf/libc/usr/lib\libc.a(lib_a-strnlen.o)

.debug_abbrev   0x0000000000000000       0xb1
 .debug_abbrev  0x0000000000000000       0x89 g:/pi/gcc_linaro_6_3/bin/../aarch64-elf/libc/usr/lib\libc.a(lib_a-ctype_.o)
 .debug_abbrev  0x0000000000000089       0x14 g:/pi/gcc_linaro_6_3/bin/../aarch64-elf/libc/usr/lib\libc.a(lib_a-strlen.o)
 .debug_abbrev  0x000000000000009d       0x14 g:/pi/gcc_linaro_6_3/bin/../aarch64-elf/libc/usr/lib\libc.a(lib_a-strnlen.o)

.debug_loc      0x0000000000000000       0x39
 .debug_loc     0x0000000000000000       0x39 g:/pi/gcc_linaro_6_3/bin/../aarch64-elf/libc/usr/lib\libc.a(lib_a-ctype_.o)

.debug_aranges  0x0000000000000000       0x90
 .debug_aranges
                0x0000000000000000       0x30 g:/pi/gcc_linaro_6_3/bin/../aarch64-elf/libc/usr/lib\libc.a(lib_a-ctype_.o)
 .debug_aranges
                0x0000000000000030       0x30 g:/pi/gcc_linaro_6_3/bin/../aarch64-elf/libc/usr/lib\libc.a(lib_a-strlen.o)
 .debug_aranges
                0x0000000000000060       0x30 g:/pi/gcc_linaro_6_3/bin/../aarch64-elf/libc/usr/lib\libc.a(lib_a-strnlen.o)

.debug_line     0x0000000000000000      0x43e
 .debug_line    0x0000000000000000      0x1b9 g:/pi/gcc_linaro_6_3/bin/../aarch64-elf/libc/usr/lib\libc.a(lib_a-ctype_.o)
 .debug_line    0x00000000000001b9      0x150 g:/pi/gcc_linaro_6_3/bin/../aarch64-elf/libc/usr/lib\libc.a(lib_a-strlen.o)
 .debug_line    0x0000000000000309      0x135 g:/pi/gcc_linaro_6_3/bin/../aarch64-elf/libc/usr/lib\libc.a(lib_a-strnlen.o)

.debug_str      0x0000000000000000      0x19e
 .debug_str     0x0000000000000000      0x19e g:/pi/gcc_linaro_6_3/bin/../aarch64-elf/libc/usr/lib\libc.a(lib_a-ctype_.o)
                                        0x1c5 (size before relaxing)
