Archive member included to satisfy reference by file (symbol)

g:/pi/gcc_pi_6_3/bin/../lib/gcc/arm-none-eabi/6.3.1/../../../../arm-none-eabi/lib/hard\libc.a(lib_a-locale.o)
                              C:\Users\ldebo\AppData\Local\Temp\cclEHg7y.o (__locale_ctype_ptr)
g:/pi/gcc_pi_6_3/bin/../lib/gcc/arm-none-eabi/6.3.1/../../../../arm-none-eabi/lib/hard\libc.a(lib_a-mbstowcs.o)
                              C:\Users\ldebo\AppData\Local\Temp\cclEHg7y.o (mbstowcs)
g:/pi/gcc_pi_6_3/bin/../lib/gcc/arm-none-eabi/6.3.1/../../../../arm-none-eabi/lib/hard\libc.a(lib_a-mbtowc_r.o)
                              g:/pi/gcc_pi_6_3/bin/../lib/gcc/arm-none-eabi/6.3.1/../../../../arm-none-eabi/lib/hard\libc.a(lib_a-locale.o) (__ascii_mbtowc)
g:/pi/gcc_pi_6_3/bin/../lib/gcc/arm-none-eabi/6.3.1/../../../../arm-none-eabi/lib/hard\libc.a(lib_a-memcpy-stub.o)
                              C:\Users\ldebo\AppData\Local\Temp\cc8ejAUG.o (memcpy)
g:/pi/gcc_pi_6_3/bin/../lib/gcc/arm-none-eabi/6.3.1/../../../../arm-none-eabi/lib/hard\libc.a(lib_a-reent.o)
                              C:\Users\ldebo\AppData\Local\Temp\cc8ejAUG.o (errno)
g:/pi/gcc_pi_6_3/bin/../lib/gcc/arm-none-eabi/6.3.1/../../../../arm-none-eabi/lib/hard\libc.a(lib_a-strchr.o)
                              C:\Users\ldebo\AppData\Local\Temp\cclEHg7y.o (strchr)
g:/pi/gcc_pi_6_3/bin/../lib/gcc/arm-none-eabi/6.3.1/../../../../arm-none-eabi/lib/hard\libc.a(lib_a-strcmp.o)
                              g:/pi/gcc_pi_6_3/bin/../lib/gcc/arm-none-eabi/6.3.1/../../../../arm-none-eabi/lib/hard\libc.a(lib_a-locale.o) (strcmp)
g:/pi/gcc_pi_6_3/bin/../lib/gcc/arm-none-eabi/6.3.1/../../../../arm-none-eabi/lib/hard\libc.a(lib_a-strcpy.o)
                              C:\Users\ldebo\AppData\Local\Temp\cclEHg7y.o (strcpy)
g:/pi/gcc_pi_6_3/bin/../lib/gcc/arm-none-eabi/6.3.1/../../../../arm-none-eabi/lib/hard\libc.a(lib_a-strlen-stub.o)
                              C:\Users\ldebo\AppData\Local\Temp\cc8ejAUG.o (strlen)
g:/pi/gcc_pi_6_3/bin/../lib/gcc/arm-none-eabi/6.3.1/../../../../arm-none-eabi/lib/hard\libc.a(lib_a-strncpy.o)
                              C:\Users\ldebo\AppData\Local\Temp\cclEHg7y.o (strncpy)
g:/pi/gcc_pi_6_3/bin/../lib/gcc/arm-none-eabi/6.3.1/../../../../arm-none-eabi/lib/hard\libc.a(lib_a-strtod.o)
                              C:\Users\ldebo\AppData\Local\Temp\cclEHg7y.o (strtod)
g:/pi/gcc_pi_6_3/bin/../lib/gcc/arm-none-eabi/6.3.1/../../../../arm-none-eabi/lib/hard\libc.a(lib_a-strtol.o)
                              C:\Users\ldebo\AppData\Local\Temp\cclEHg7y.o (strtol)
g:/pi/gcc_pi_6_3/bin/../lib/gcc/arm-none-eabi/6.3.1/../../../../arm-none-eabi/lib/hard\libc.a(lib_a-strtold.o)
                              C:\Users\ldebo\AppData\Local\Temp\cclEHg7y.o (strtold)
g:/pi/gcc_pi_6_3/bin/../lib/gcc/arm-none-eabi/6.3.1/../../../../arm-none-eabi/lib/hard\libc.a(lib_a-strtoll.o)
                              C:\Users\ldebo\AppData\Local\Temp\cclEHg7y.o (strtoll)
g:/pi/gcc_pi_6_3/bin/../lib/gcc/arm-none-eabi/6.3.1/../../../../arm-none-eabi/lib/hard\libc.a(lib_a-strtoul.o)
                              C:\Users\ldebo\AppData\Local\Temp\cclEHg7y.o (strtoul)
g:/pi/gcc_pi_6_3/bin/../lib/gcc/arm-none-eabi/6.3.1/../../../../arm-none-eabi/lib/hard\libc.a(lib_a-strtoull.o)
                              C:\Users\ldebo\AppData\Local\Temp\cclEHg7y.o (strtoull)
g:/pi/gcc_pi_6_3/bin/../lib/gcc/arm-none-eabi/6.3.1/../../../../arm-none-eabi/lib/hard\libc.a(lib_a-wcscpy.o)
                              C:\Users\ldebo\AppData\Local\Temp\cclEHg7y.o (wcscpy)
g:/pi/gcc_pi_6_3/bin/../lib/gcc/arm-none-eabi/6.3.1/../../../../arm-none-eabi/lib/hard\libc.a(lib_a-wctomb_r.o)
                              g:/pi/gcc_pi_6_3/bin/../lib/gcc/arm-none-eabi/6.3.1/../../../../arm-none-eabi/lib/hard\libc.a(lib_a-locale.o) (__ascii_wctomb)
g:/pi/gcc_pi_6_3/bin/../lib/gcc/arm-none-eabi/6.3.1/../../../../arm-none-eabi/lib/hard\libc.a(lib_a-ctype_.o)
                              g:/pi/gcc_pi_6_3/bin/../lib/gcc/arm-none-eabi/6.3.1/../../../../arm-none-eabi/lib/hard\libc.a(lib_a-locale.o) (_ctype_)
g:/pi/gcc_pi_6_3/bin/../lib/gcc/arm-none-eabi/6.3.1/../../../../arm-none-eabi/lib/hard\libc.a(lib_a-freer.o)
                              g:/pi/gcc_pi_6_3/bin/../lib/gcc/arm-none-eabi/6.3.1/../../../../arm-none-eabi/lib/hard\libc.a(lib_a-reent.o) (_free_r)
g:/pi/gcc_pi_6_3/bin/../lib/gcc/arm-none-eabi/6.3.1/../../../../arm-none-eabi/lib/hard\libc.a(lib_a-gdtoa-gethex.o)
                              g:/pi/gcc_pi_6_3/bin/../lib/gcc/arm-none-eabi/6.3.1/../../../../arm-none-eabi/lib/hard\libc.a(lib_a-strtod.o) (__gethex)
g:/pi/gcc_pi_6_3/bin/../lib/gcc/arm-none-eabi/6.3.1/../../../../arm-none-eabi/lib/hard\libc.a(lib_a-gdtoa-hexnan.o)
                              g:/pi/gcc_pi_6_3/bin/../lib/gcc/arm-none-eabi/6.3.1/../../../../arm-none-eabi/lib/hard\libc.a(lib_a-strtod.o) (__match)
g:/pi/gcc_pi_6_3/bin/../lib/gcc/arm-none-eabi/6.3.1/../../../../arm-none-eabi/lib/hard\libc.a(lib_a-impure.o)
                              g:/pi/gcc_pi_6_3/bin/../lib/gcc/arm-none-eabi/6.3.1/../../../../arm-none-eabi/lib/hard\libc.a(lib_a-locale.o) (_impure_ptr)
g:/pi/gcc_pi_6_3/bin/../lib/gcc/arm-none-eabi/6.3.1/../../../../arm-none-eabi/lib/hard\libc.a(lib_a-localeconv.o)
                              g:/pi/gcc_pi_6_3/bin/../lib/gcc/arm-none-eabi/6.3.1/../../../../arm-none-eabi/lib/hard\libc.a(lib_a-strtod.o) (__localeconv_l)
g:/pi/gcc_pi_6_3/bin/../lib/gcc/arm-none-eabi/6.3.1/../../../../arm-none-eabi/lib/hard\libc.a(lib_a-mallocr.o)
                              g:/pi/gcc_pi_6_3/bin/../lib/gcc/arm-none-eabi/6.3.1/../../../../arm-none-eabi/lib/hard\libc.a(lib_a-freer.o) (__malloc_current_mallinfo)
g:/pi/gcc_pi_6_3/bin/../lib/gcc/arm-none-eabi/6.3.1/../../../../arm-none-eabi/lib/hard\libc.a(lib_a-mlock.o)
                              g:/pi/gcc_pi_6_3/bin/../lib/gcc/arm-none-eabi/6.3.1/../../../../arm-none-eabi/lib/hard\libc.a(lib_a-freer.o) (__malloc_lock)
g:/pi/gcc_pi_6_3/bin/../lib/gcc/arm-none-eabi/6.3.1/../../../../arm-none-eabi/lib/hard\libc.a(lib_a-mprec.o)
                              g:/pi/gcc_pi_6_3/bin/../lib/gcc/arm-none-eabi/6.3.1/../../../../arm-none-eabi/lib/hard\libc.a(lib_a-strtod.o) (_Balloc)
g:/pi/gcc_pi_6_3/bin/../lib/gcc/arm-none-eabi/6.3.1/../../../../arm-none-eabi/lib/hard\libc.a(lib_a-sbrkr.o)
                              g:/pi/gcc_pi_6_3/bin/../lib/gcc/arm-none-eabi/6.3.1/../../../../arm-none-eabi/lib/hard\libc.a(lib_a-freer.o) (_sbrk_r)
g:/pi/gcc_pi_6_3/bin/../lib/gcc/arm-none-eabi/6.3.1/../../../../arm-none-eabi/lib/hard\libc.a(lib_a-sf_nan.o)
                              g:/pi/gcc_pi_6_3/bin/../lib/gcc/arm-none-eabi/6.3.1/../../../../arm-none-eabi/lib/hard\libc.a(lib_a-strtod.o) (nanf)
g:/pi/gcc_pi_6_3/bin/../lib/gcc/arm-none-eabi/6.3.1/../../../../arm-none-eabi/lib/hard\libc.a(lib_a-strncmp.o)
                              g:/pi/gcc_pi_6_3/bin/../lib/gcc/arm-none-eabi/6.3.1/../../../../arm-none-eabi/lib/hard\libc.a(lib_a-strtod.o) (strncmp)
g:/pi/gcc_pi_6_3/bin/../lib/gcc/arm-none-eabi/6.3.1/../../../../arm-none-eabi/lib/hard\libc.a(lib_a-callocr.o)
                              g:/pi/gcc_pi_6_3/bin/../lib/gcc/arm-none-eabi/6.3.1/../../../../arm-none-eabi/lib/hard\libc.a(lib_a-mprec.o) (_calloc_r)
g:/pi/gcc_pi_6_3/bin/../lib/gcc/arm-none-eabi/6.3.1/../../../../arm-none-eabi/lib/hard\libc.a(lib_a-lock.o)
                              g:/pi/gcc_pi_6_3/bin/../lib/gcc/arm-none-eabi/6.3.1/../../../../arm-none-eabi/lib/hard\libc.a(lib_a-mlock.o) (__retarget_lock_acquire_recursive)
g:/pi/gcc_pi_6_3/bin/../lib/gcc/arm-none-eabi/6.3.1/../../../../arm-none-eabi/lib/hard\libc.a(lib_a-memset.o)
                              g:/pi/gcc_pi_6_3/bin/../lib/gcc/arm-none-eabi/6.3.1/../../../../arm-none-eabi/lib/hard\libc.a(lib_a-callocr.o) (memset)
g:/pi/gcc_pi_6_3/bin/../lib/gcc/arm-none-eabi/6.3.1/hard\libgcc.a(_udivsi3.o)
                              C:\Users\ldebo\AppData\Local\Temp\cclEHg7y.o (__aeabi_uidiv)
g:/pi/gcc_pi_6_3/bin/../lib/gcc/arm-none-eabi/6.3.1/hard\libgcc.a(_dvmd_tls.o)
                              g:/pi/gcc_pi_6_3/bin/../lib/gcc/arm-none-eabi/6.3.1/hard\libgcc.a(_udivsi3.o) (__aeabi_idiv0)
g:/pi/gcc_pi_6_3/bin/../lib/gcc/arm-none-eabi/6.3.1/hard\libgcc.a(_aeabi_uldivmod.o)
                              C:\Users\ldebo\AppData\Local\Temp\cc8ejAUG.o (__aeabi_uldivmod)
g:/pi/gcc_pi_6_3/bin/../lib/gcc/arm-none-eabi/6.3.1/hard\libgcc.a(_udivmoddi4.o)
                              g:/pi/gcc_pi_6_3/bin/../lib/gcc/arm-none-eabi/6.3.1/hard\libgcc.a(_aeabi_uldivmod.o) (__udivmoddi4)
g:/pi/gcc_pi_6_3/bin/../lib/gcc/arm-none-eabi/6.3.1/hard\libgcc.a(_clzdi2.o)
                              g:/pi/gcc_pi_6_3/bin/../lib/gcc/arm-none-eabi/6.3.1/hard\libgcc.a(_udivmoddi4.o) (__clzdi2)
g:/pi/gcc_pi_6_3/bin/../lib/gcc/arm-none-eabi/6.3.1/hard\libgcc.a(_clzsi2.o)
                              g:/pi/gcc_pi_6_3/bin/../lib/gcc/arm-none-eabi/6.3.1/hard\libgcc.a(_clzdi2.o) (__clzsi2)

Allocating common symbols
Common symbol       size              file

__lock___atexit_recursive_mutex
                    0x1               g:/pi/gcc_pi_6_3/bin/../lib/gcc/arm-none-eabi/6.3.1/../../../../arm-none-eabi/lib/hard\libc.a(lib_a-lock.o)
__lock___arc4random_mutex
                    0x1               g:/pi/gcc_pi_6_3/bin/../lib/gcc/arm-none-eabi/6.3.1/../../../../arm-none-eabi/lib/hard\libc.a(lib_a-lock.o)
__errno             0x4               C:\Users\ldebo\AppData\Local\Temp\ccFyrC0m.o
errno               0x4               g:/pi/gcc_pi_6_3/bin/../lib/gcc/arm-none-eabi/6.3.1/../../../../arm-none-eabi/lib/hard\libc.a(lib_a-reent.o)
__lock___env_recursive_mutex
                    0x1               g:/pi/gcc_pi_6_3/bin/../lib/gcc/arm-none-eabi/6.3.1/../../../../arm-none-eabi/lib/hard\libc.a(lib_a-lock.o)
__lock___sinit_recursive_mutex
                    0x1               g:/pi/gcc_pi_6_3/bin/../lib/gcc/arm-none-eabi/6.3.1/../../../../arm-none-eabi/lib/hard\libc.a(lib_a-lock.o)
__lock___malloc_recursive_mutex
                    0x1               g:/pi/gcc_pi_6_3/bin/../lib/gcc/arm-none-eabi/6.3.1/../../../../arm-none-eabi/lib/hard\libc.a(lib_a-lock.o)
__lock___at_quick_exit_mutex
                    0x1               g:/pi/gcc_pi_6_3/bin/../lib/gcc/arm-none-eabi/6.3.1/../../../../arm-none-eabi/lib/hard\libc.a(lib_a-lock.o)
__lock___dd_hash_mutex
                    0x1               g:/pi/gcc_pi_6_3/bin/../lib/gcc/arm-none-eabi/6.3.1/../../../../arm-none-eabi/lib/hard\libc.a(lib_a-lock.o)
__lock___tz_mutex   0x1               g:/pi/gcc_pi_6_3/bin/../lib/gcc/arm-none-eabi/6.3.1/../../../../arm-none-eabi/lib/hard\libc.a(lib_a-lock.o)
__lock___sfp_recursive_mutex
                    0x1               g:/pi/gcc_pi_6_3/bin/../lib/gcc/arm-none-eabi/6.3.1/../../../../arm-none-eabi/lib/hard\libc.a(lib_a-lock.o)

Discarded input sections

 .data          0x00000000        0x0 C:\Users\ldebo\AppData\Local\Temp\ccFyrC0m.o
 .comment       0x00000000       0x80 C:\Users\ldebo\AppData\Local\Temp\ccFyrC0m.o
 COMMON         0x00000000        0x4 C:\Users\ldebo\AppData\Local\Temp\ccFyrC0m.o
 .text          0x00000000        0x0 C:\Users\ldebo\AppData\Local\Temp\ccjM0Wzx.o
 .data          0x00000000        0x0 C:\Users\ldebo\AppData\Local\Temp\ccjM0Wzx.o
 .bss           0x00000000        0x0 C:\Users\ldebo\AppData\Local\Temp\ccjM0Wzx.o
 .comment       0x00000000       0x80 C:\Users\ldebo\AppData\Local\Temp\cc8ejAUG.o
 .data          0x00000000        0x0 C:\Users\ldebo\AppData\Local\Temp\cclEHg7y.o
 .bss           0x00000000        0x0 C:\Users\ldebo\AppData\Local\Temp\cclEHg7y.o
 .comment       0x00000000       0x80 C:\Users\ldebo\AppData\Local\Temp\cclEHg7y.o
 .text          0x00000000        0x0 g:/pi/gcc_pi_6_3/bin/../lib/gcc/arm-none-eabi/6.3.1/../../../../arm-none-eabi/lib/hard\libc.a(lib_a-locale.o)
 .data          0x00000000        0x0 g:/pi/gcc_pi_6_3/bin/../lib/gcc/arm-none-eabi/6.3.1/../../../../arm-none-eabi/lib/hard\libc.a(lib_a-locale.o)
 .bss           0x00000000        0x0 g:/pi/gcc_pi_6_3/bin/../lib/gcc/arm-none-eabi/6.3.1/../../../../arm-none-eabi/lib/hard\libc.a(lib_a-locale.o)
 .text._setlocale_r
                0x00000000       0x68 g:/pi/gcc_pi_6_3/bin/../lib/gcc/arm-none-eabi/6.3.1/../../../../arm-none-eabi/lib/hard\libc.a(lib_a-locale.o)
 .text.__locale_mb_cur_max
                0x00000000       0x28 g:/pi/gcc_pi_6_3/bin/../lib/gcc/arm-none-eabi/6.3.1/../../../../arm-none-eabi/lib/hard\libc.a(lib_a-locale.o)
 .text.setlocale
                0x00000000       0x18 g:/pi/gcc_pi_6_3/bin/../lib/gcc/arm-none-eabi/6.3.1/../../../../arm-none-eabi/lib/hard\libc.a(lib_a-locale.o)
 .bss._PathLocale
                0x00000000        0x4 g:/pi/gcc_pi_6_3/bin/../lib/gcc/arm-none-eabi/6.3.1/../../../../arm-none-eabi/lib/hard\libc.a(lib_a-locale.o)
 .debug_frame   0x00000000       0x70 g:/pi/gcc_pi_6_3/bin/../lib/gcc/arm-none-eabi/6.3.1/../../../../arm-none-eabi/lib/hard\libc.a(lib_a-locale.o)
 .text          0x00000000        0x0 g:/pi/gcc_pi_6_3/bin/../lib/gcc/arm-none-eabi/6.3.1/../../../../arm-none-eabi/lib/hard\libc.a(lib_a-mbstowcs.o)
 .data          0x00000000        0x0 g:/pi/gcc_pi_6_3/bin/../lib/gcc/arm-none-eabi/6.3.1/../../../../arm-none-eabi/lib/hard\libc.a(lib_a-mbstowcs.o)
 .bss           0x00000000        0x0 g:/pi/gcc_pi_6_3/bin/../lib/gcc/arm-none-eabi/6.3.1/../../../../arm-none-eabi/lib/hard\libc.a(lib_a-mbstowcs.o)
 .debug_frame   0x00000000       0x2c g:/pi/gcc_pi_6_3/bin/../lib/gcc/arm-none-eabi/6.3.1/../../../../arm-none-eabi/lib/hard\libc.a(lib_a-mbstowcs.o)
 .text          0x00000000        0x0 g:/pi/gcc_pi_6_3/bin/../lib/gcc/arm-none-eabi/6.3.1/../../../../arm-none-eabi/lib/hard\libc.a(lib_a-mbtowc_r.o)
 .data          0x00000000        0x0 g:/pi/gcc_pi_6_3/bin/../lib/gcc/arm-none-eabi/6.3.1/../../../../arm-none-eabi/lib/hard\libc.a(lib_a-mbtowc_r.o)
 .bss           0x00000000        0x0 g:/pi/gcc_pi_6_3/bin/../lib/gcc/arm-none-eabi/6.3.1/../../../../arm-none-eabi/lib/hard\libc.a(lib_a-mbtowc_r.o)
 .text._mbtowc_r
                0x00000000       0x34 g:/pi/gcc_pi_6_3/bin/../lib/gcc/arm-none-eabi/6.3.1/../../../../arm-none-eabi/lib/hard\libc.a(lib_a-mbtowc_r.o)
 .debug_frame   0x00000000       0x4c g:/pi/gcc_pi_6_3/bin/../lib/gcc/arm-none-eabi/6.3.1/../../../../arm-none-eabi/lib/hard\libc.a(lib_a-mbtowc_r.o)
 .text          0x00000000        0x0 g:/pi/gcc_pi_6_3/bin/../lib/gcc/arm-none-eabi/6.3.1/../../../../arm-none-eabi/lib/hard\libc.a(lib_a-memcpy-stub.o)
 .data          0x00000000        0x0 g:/pi/gcc_pi_6_3/bin/../lib/gcc/arm-none-eabi/6.3.1/../../../../arm-none-eabi/lib/hard\libc.a(lib_a-memcpy-stub.o)
 .bss           0x00000000        0x0 g:/pi/gcc_pi_6_3/bin/../lib/gcc/arm-none-eabi/6.3.1/../../../../arm-none-eabi/lib/hard\libc.a(lib_a-memcpy-stub.o)
 .debug_frame   0x00000000       0x44 g:/pi/gcc_pi_6_3/bin/../lib/gcc/arm-none-eabi/6.3.1/../../../../arm-none-eabi/lib/hard\libc.a(lib_a-memcpy-stub.o)
 .text          0x00000000        0x0 g:/pi/gcc_pi_6_3/bin/../lib/gcc/arm-none-eabi/6.3.1/../../../../arm-none-eabi/lib/hard\libc.a(lib_a-reent.o)
 .data          0x00000000        0x0 g:/pi/gcc_pi_6_3/bin/../lib/gcc/arm-none-eabi/6.3.1/../../../../arm-none-eabi/lib/hard\libc.a(lib_a-reent.o)
 .bss           0x00000000        0x0 g:/pi/gcc_pi_6_3/bin/../lib/gcc/arm-none-eabi/6.3.1/../../../../arm-none-eabi/lib/hard\libc.a(lib_a-reent.o)
 .text.cleanup_glue
                0x00000000       0x2c g:/pi/gcc_pi_6_3/bin/../lib/gcc/arm-none-eabi/6.3.1/../../../../arm-none-eabi/lib/hard\libc.a(lib_a-reent.o)
 .text._reclaim_reent
                0x00000000       0xf4 g:/pi/gcc_pi_6_3/bin/../lib/gcc/arm-none-eabi/6.3.1/../../../../arm-none-eabi/lib/hard\libc.a(lib_a-reent.o)
 .debug_frame   0x00000000       0x64 g:/pi/gcc_pi_6_3/bin/../lib/gcc/arm-none-eabi/6.3.1/../../../../arm-none-eabi/lib/hard\libc.a(lib_a-reent.o)
 .text          0x00000000        0x0 g:/pi/gcc_pi_6_3/bin/../lib/gcc/arm-none-eabi/6.3.1/../../../../arm-none-eabi/lib/hard\libc.a(lib_a-strchr.o)
 .data          0x00000000        0x0 g:/pi/gcc_pi_6_3/bin/../lib/gcc/arm-none-eabi/6.3.1/../../../../arm-none-eabi/lib/hard\libc.a(lib_a-strchr.o)
 .bss           0x00000000        0x0 g:/pi/gcc_pi_6_3/bin/../lib/gcc/arm-none-eabi/6.3.1/../../../../arm-none-eabi/lib/hard\libc.a(lib_a-strchr.o)
 .debug_frame   0x00000000       0x54 g:/pi/gcc_pi_6_3/bin/../lib/gcc/arm-none-eabi/6.3.1/../../../../arm-none-eabi/lib/hard\libc.a(lib_a-strchr.o)
 .text          0x00000000      0x224 g:/pi/gcc_pi_6_3/bin/../lib/gcc/arm-none-eabi/6.3.1/../../../../arm-none-eabi/lib/hard\libc.a(lib_a-strcmp.o)
 .data          0x00000000        0x0 g:/pi/gcc_pi_6_3/bin/../lib/gcc/arm-none-eabi/6.3.1/../../../../arm-none-eabi/lib/hard\libc.a(lib_a-strcmp.o)
 .bss           0x00000000        0x0 g:/pi/gcc_pi_6_3/bin/../lib/gcc/arm-none-eabi/6.3.1/../../../../arm-none-eabi/lib/hard\libc.a(lib_a-strcmp.o)
 .debug_frame   0x00000000       0x40 g:/pi/gcc_pi_6_3/bin/../lib/gcc/arm-none-eabi/6.3.1/../../../../arm-none-eabi/lib/hard\libc.a(lib_a-strcmp.o)
 .ARM.attributes
                0x00000000       0x16 g:/pi/gcc_pi_6_3/bin/../lib/gcc/arm-none-eabi/6.3.1/../../../../arm-none-eabi/lib/hard\libc.a(lib_a-strcmp.o)
 .text          0x00000000        0x0 g:/pi/gcc_pi_6_3/bin/../lib/gcc/arm-none-eabi/6.3.1/../../../../arm-none-eabi/lib/hard\libc.a(lib_a-strcpy.o)
 .data          0x00000000        0x0 g:/pi/gcc_pi_6_3/bin/../lib/gcc/arm-none-eabi/6.3.1/../../../../arm-none-eabi/lib/hard\libc.a(lib_a-strcpy.o)
 .bss           0x00000000        0x0 g:/pi/gcc_pi_6_3/bin/../lib/gcc/arm-none-eabi/6.3.1/../../../../arm-none-eabi/lib/hard\libc.a(lib_a-strcpy.o)
 .debug_frame   0x00000000       0x20 g:/pi/gcc_pi_6_3/bin/../lib/gcc/arm-none-eabi/6.3.1/../../../../arm-none-eabi/lib/hard\libc.a(lib_a-strcpy.o)
 .text          0x00000000        0x0 g:/pi/gcc_pi_6_3/bin/../lib/gcc/arm-none-eabi/6.3.1/../../../../arm-none-eabi/lib/hard\libc.a(lib_a-strlen-stub.o)
 .data          0x00000000        0x0 g:/pi/gcc_pi_6_3/bin/../lib/gcc/arm-none-eabi/6.3.1/../../../../arm-none-eabi/lib/hard\libc.a(lib_a-strlen-stub.o)
 .bss           0x00000000        0x0 g:/pi/gcc_pi_6_3/bin/../lib/gcc/arm-none-eabi/6.3.1/../../../../arm-none-eabi/lib/hard\libc.a(lib_a-strlen-stub.o)
 .debug_frame   0x00000000       0x20 g:/pi/gcc_pi_6_3/bin/../lib/gcc/arm-none-eabi/6.3.1/../../../../arm-none-eabi/lib/hard\libc.a(lib_a-strlen-stub.o)
 .text          0x00000000        0x0 g:/pi/gcc_pi_6_3/bin/../lib/gcc/arm-none-eabi/6.3.1/../../../../arm-none-eabi/lib/hard\libc.a(lib_a-strncpy.o)
 .data          0x00000000        0x0 g:/pi/gcc_pi_6_3/bin/../lib/gcc/arm-none-eabi/6.3.1/../../../../arm-none-eabi/lib/hard\libc.a(lib_a-strncpy.o)
 .bss           0x00000000        0x0 g:/pi/gcc_pi_6_3/bin/../lib/gcc/arm-none-eabi/6.3.1/../../../../arm-none-eabi/lib/hard\libc.a(lib_a-strncpy.o)
 .debug_frame   0x00000000       0x40 g:/pi/gcc_pi_6_3/bin/../lib/gcc/arm-none-eabi/6.3.1/../../../../arm-none-eabi/lib/hard\libc.a(lib_a-strncpy.o)
 .text          0x00000000        0x0 g:/pi/gcc_pi_6_3/bin/../lib/gcc/arm-none-eabi/6.3.1/../../../../arm-none-eabi/lib/hard\libc.a(lib_a-strtod.o)
 .data          0x00000000        0x0 g:/pi/gcc_pi_6_3/bin/../lib/gcc/arm-none-eabi/6.3.1/../../../../arm-none-eabi/lib/hard\libc.a(lib_a-strtod.o)
 .bss           0x00000000        0x0 g:/pi/gcc_pi_6_3/bin/../lib/gcc/arm-none-eabi/6.3.1/../../../../arm-none-eabi/lib/hard\libc.a(lib_a-strtod.o)
 .text._strtod_r
                0x00000000       0x24 g:/pi/gcc_pi_6_3/bin/../lib/gcc/arm-none-eabi/6.3.1/../../../../arm-none-eabi/lib/hard\libc.a(lib_a-strtod.o)
 .text.strtod_l
                0x00000000       0x1c g:/pi/gcc_pi_6_3/bin/../lib/gcc/arm-none-eabi/6.3.1/../../../../arm-none-eabi/lib/hard\libc.a(lib_a-strtod.o)
 .text.strtof_l
                0x00000000       0x88 g:/pi/gcc_pi_6_3/bin/../lib/gcc/arm-none-eabi/6.3.1/../../../../arm-none-eabi/lib/hard\libc.a(lib_a-strtod.o)
 .debug_frame   0x00000000      0x144 g:/pi/gcc_pi_6_3/bin/../lib/gcc/arm-none-eabi/6.3.1/../../../../arm-none-eabi/lib/hard\libc.a(lib_a-strtod.o)
 .text          0x00000000        0x0 g:/pi/gcc_pi_6_3/bin/../lib/gcc/arm-none-eabi/6.3.1/../../../../arm-none-eabi/lib/hard\libc.a(lib_a-strtol.o)
 .data          0x00000000        0x0 g:/pi/gcc_pi_6_3/bin/../lib/gcc/arm-none-eabi/6.3.1/../../../../arm-none-eabi/lib/hard\libc.a(lib_a-strtol.o)
 .bss           0x00000000        0x0 g:/pi/gcc_pi_6_3/bin/../lib/gcc/arm-none-eabi/6.3.1/../../../../arm-none-eabi/lib/hard\libc.a(lib_a-strtol.o)
 .text._strtol_r
                0x00000000       0x3c g:/pi/gcc_pi_6_3/bin/../lib/gcc/arm-none-eabi/6.3.1/../../../../arm-none-eabi/lib/hard\libc.a(lib_a-strtol.o)
 .text.strtol_l
                0x00000000       0x38 g:/pi/gcc_pi_6_3/bin/../lib/gcc/arm-none-eabi/6.3.1/../../../../arm-none-eabi/lib/hard\libc.a(lib_a-strtol.o)
 .debug_frame   0x00000000       0xac g:/pi/gcc_pi_6_3/bin/../lib/gcc/arm-none-eabi/6.3.1/../../../../arm-none-eabi/lib/hard\libc.a(lib_a-strtol.o)
 .text          0x00000000        0x0 g:/pi/gcc_pi_6_3/bin/../lib/gcc/arm-none-eabi/6.3.1/../../../../arm-none-eabi/lib/hard\libc.a(lib_a-strtold.o)
 .data          0x00000000        0x0 g:/pi/gcc_pi_6_3/bin/../lib/gcc/arm-none-eabi/6.3.1/../../../../arm-none-eabi/lib/hard\libc.a(lib_a-strtold.o)
 .bss           0x00000000        0x0 g:/pi/gcc_pi_6_3/bin/../lib/gcc/arm-none-eabi/6.3.1/../../../../arm-none-eabi/lib/hard\libc.a(lib_a-strtold.o)
 .text._strtold_r
                0x00000000       0x30 g:/pi/gcc_pi_6_3/bin/../lib/gcc/arm-none-eabi/6.3.1/../../../../arm-none-eabi/lib/hard\libc.a(lib_a-strtold.o)
 .text.strtold_l
                0x00000000       0x28 g:/pi/gcc_pi_6_3/bin/../lib/gcc/arm-none-eabi/6.3.1/../../../../arm-none-eabi/lib/hard\libc.a(lib_a-strtold.o)
 .debug_frame   0x00000000       0x64 g:/pi/gcc_pi_6_3/bin/../lib/gcc/arm-none-eabi/6.3.1/../../../../arm-none-eabi/lib/hard\libc.a(lib_a-strtold.o)
 .text          0x00000000        0x0 g:/pi/gcc_pi_6_3/bin/../lib/gcc/arm-none-eabi/6.3.1/../../../../arm-none-eabi/lib/hard\libc.a(lib_a-strtoll.o)
 .data          0x00000000        0x0 g:/pi/gcc_pi_6_3/bin/../lib/gcc/arm-none-eabi/6.3.1/../../../../arm-none-eabi/lib/hard\libc.a(lib_a-strtoll.o)
 .bss           0x00000000        0x0 g:/pi/gcc_pi_6_3/bin/../lib/gcc/arm-none-eabi/6.3.1/../../../../arm-none-eabi/lib/hard\libc.a(lib_a-strtoll.o)
 .text._strtoll_r
                0x00000000       0x3c g:/pi/gcc_pi_6_3/bin/../lib/gcc/arm-none-eabi/6.3.1/../../../../arm-none-eabi/lib/hard\libc.a(lib_a-strtoll.o)
 .text.strtoll_l
                0x00000000       0x38 g:/pi/gcc_pi_6_3/bin/../lib/gcc/arm-none-eabi/6.3.1/../../../../arm-none-eabi/lib/hard\libc.a(lib_a-strtoll.o)
 .debug_frame   0x00000000       0xac g:/pi/gcc_pi_6_3/bin/../lib/gcc/arm-none-eabi/6.3.1/../../../../arm-none-eabi/lib/hard\libc.a(lib_a-strtoll.o)
 .text          0x00000000        0x0 g:/pi/gcc_pi_6_3/bin/../lib/gcc/arm-none-eabi/6.3.1/../../../../arm-none-eabi/lib/hard\libc.a(lib_a-strtoul.o)
 .data          0x00000000        0x0 g:/pi/gcc_pi_6_3/bin/../lib/gcc/arm-none-eabi/6.3.1/../../../../arm-none-eabi/lib/hard\libc.a(lib_a-strtoul.o)
 .bss           0x00000000        0x0 g:/pi/gcc_pi_6_3/bin/../lib/gcc/arm-none-eabi/6.3.1/../../../../arm-none-eabi/lib/hard\libc.a(lib_a-strtoul.o)
 .text._strtoul_r
                0x00000000       0x3c g:/pi/gcc_pi_6_3/bin/../lib/gcc/arm-none-eabi/6.3.1/../../../../arm-none-eabi/lib/hard\libc.a(lib_a-strtoul.o)
 .text.strtoul_l
                0x00000000       0x38 g:/pi/gcc_pi_6_3/bin/../lib/gcc/arm-none-eabi/6.3.1/../../../../arm-none-eabi/lib/hard\libc.a(lib_a-strtoul.o)
 .debug_frame   0x00000000       0xac g:/pi/gcc_pi_6_3/bin/../lib/gcc/arm-none-eabi/6.3.1/../../../../arm-none-eabi/lib/hard\libc.a(lib_a-strtoul.o)
 .text          0x00000000        0x0 g:/pi/gcc_pi_6_3/bin/../lib/gcc/arm-none-eabi/6.3.1/../../../../arm-none-eabi/lib/hard\libc.a(lib_a-strtoull.o)
 .data          0x00000000        0x0 g:/pi/gcc_pi_6_3/bin/../lib/gcc/arm-none-eabi/6.3.1/../../../../arm-none-eabi/lib/hard\libc.a(lib_a-strtoull.o)
 .bss           0x00000000        0x0 g:/pi/gcc_pi_6_3/bin/../lib/gcc/arm-none-eabi/6.3.1/../../../../arm-none-eabi/lib/hard\libc.a(lib_a-strtoull.o)
 .text._strtoull_r
                0x00000000       0x3c g:/pi/gcc_pi_6_3/bin/../lib/gcc/arm-none-eabi/6.3.1/../../../../arm-none-eabi/lib/hard\libc.a(lib_a-strtoull.o)
 .text.strtoull_l
                0x00000000       0x38 g:/pi/gcc_pi_6_3/bin/../lib/gcc/arm-none-eabi/6.3.1/../../../../arm-none-eabi/lib/hard\libc.a(lib_a-strtoull.o)
 .debug_frame   0x00000000       0xac g:/pi/gcc_pi_6_3/bin/../lib/gcc/arm-none-eabi/6.3.1/../../../../arm-none-eabi/lib/hard\libc.a(lib_a-strtoull.o)
 .text          0x00000000        0x0 g:/pi/gcc_pi_6_3/bin/../lib/gcc/arm-none-eabi/6.3.1/../../../../arm-none-eabi/lib/hard\libc.a(lib_a-wcscpy.o)
 .data          0x00000000        0x0 g:/pi/gcc_pi_6_3/bin/../lib/gcc/arm-none-eabi/6.3.1/../../../../arm-none-eabi/lib/hard\libc.a(lib_a-wcscpy.o)
 .bss           0x00000000        0x0 g:/pi/gcc_pi_6_3/bin/../lib/gcc/arm-none-eabi/6.3.1/../../../../arm-none-eabi/lib/hard\libc.a(lib_a-wcscpy.o)
 .debug_frame   0x00000000       0x20 g:/pi/gcc_pi_6_3/bin/../lib/gcc/arm-none-eabi/6.3.1/../../../../arm-none-eabi/lib/hard\libc.a(lib_a-wcscpy.o)
 .text          0x00000000        0x0 g:/pi/gcc_pi_6_3/bin/../lib/gcc/arm-none-eabi/6.3.1/../../../../arm-none-eabi/lib/hard\libc.a(lib_a-wctomb_r.o)
 .data          0x00000000        0x0 g:/pi/gcc_pi_6_3/bin/../lib/gcc/arm-none-eabi/6.3.1/../../../../arm-none-eabi/lib/hard\libc.a(lib_a-wctomb_r.o)
 .bss           0x00000000        0x0 g:/pi/gcc_pi_6_3/bin/../lib/gcc/arm-none-eabi/6.3.1/../../../../arm-none-eabi/lib/hard\libc.a(lib_a-wctomb_r.o)
 .text._wctomb_r
                0x00000000       0x34 g:/pi/gcc_pi_6_3/bin/../lib/gcc/arm-none-eabi/6.3.1/../../../../arm-none-eabi/lib/hard\libc.a(lib_a-wctomb_r.o)
 .debug_frame   0x00000000       0x3c g:/pi/gcc_pi_6_3/bin/../lib/gcc/arm-none-eabi/6.3.1/../../../../arm-none-eabi/lib/hard\libc.a(lib_a-wctomb_r.o)
 .text          0x00000000        0x0 g:/pi/gcc_pi_6_3/bin/../lib/gcc/arm-none-eabi/6.3.1/../../../../arm-none-eabi/lib/hard\libc.a(lib_a-ctype_.o)
 .data          0x00000000        0x0 g:/pi/gcc_pi_6_3/bin/../lib/gcc/arm-none-eabi/6.3.1/../../../../arm-none-eabi/lib/hard\libc.a(lib_a-ctype_.o)
 .bss           0x00000000        0x0 g:/pi/gcc_pi_6_3/bin/../lib/gcc/arm-none-eabi/6.3.1/../../../../arm-none-eabi/lib/hard\libc.a(lib_a-ctype_.o)
 .text          0x00000000        0x0 g:/pi/gcc_pi_6_3/bin/../lib/gcc/arm-none-eabi/6.3.1/../../../../arm-none-eabi/lib/hard\libc.a(lib_a-freer.o)
 .data          0x00000000        0x0 g:/pi/gcc_pi_6_3/bin/../lib/gcc/arm-none-eabi/6.3.1/../../../../arm-none-eabi/lib/hard\libc.a(lib_a-freer.o)
 .bss           0x00000000        0x0 g:/pi/gcc_pi_6_3/bin/../lib/gcc/arm-none-eabi/6.3.1/../../../../arm-none-eabi/lib/hard\libc.a(lib_a-freer.o)
 .debug_frame   0x00000000       0x70 g:/pi/gcc_pi_6_3/bin/../lib/gcc/arm-none-eabi/6.3.1/../../../../arm-none-eabi/lib/hard\libc.a(lib_a-freer.o)
 .text          0x00000000        0x0 g:/pi/gcc_pi_6_3/bin/../lib/gcc/arm-none-eabi/6.3.1/../../../../arm-none-eabi/lib/hard\libc.a(lib_a-gdtoa-gethex.o)
 .data          0x00000000        0x0 g:/pi/gcc_pi_6_3/bin/../lib/gcc/arm-none-eabi/6.3.1/../../../../arm-none-eabi/lib/hard\libc.a(lib_a-gdtoa-gethex.o)
 .bss           0x00000000        0x0 g:/pi/gcc_pi_6_3/bin/../lib/gcc/arm-none-eabi/6.3.1/../../../../arm-none-eabi/lib/hard\libc.a(lib_a-gdtoa-gethex.o)
 .debug_frame   0x00000000       0xa8 g:/pi/gcc_pi_6_3/bin/../lib/gcc/arm-none-eabi/6.3.1/../../../../arm-none-eabi/lib/hard\libc.a(lib_a-gdtoa-gethex.o)
 .text          0x00000000        0x0 g:/pi/gcc_pi_6_3/bin/../lib/gcc/arm-none-eabi/6.3.1/../../../../arm-none-eabi/lib/hard\libc.a(lib_a-gdtoa-hexnan.o)
 .data          0x00000000        0x0 g:/pi/gcc_pi_6_3/bin/../lib/gcc/arm-none-eabi/6.3.1/../../../../arm-none-eabi/lib/hard\libc.a(lib_a-gdtoa-hexnan.o)
 .bss           0x00000000        0x0 g:/pi/gcc_pi_6_3/bin/../lib/gcc/arm-none-eabi/6.3.1/../../../../arm-none-eabi/lib/hard\libc.a(lib_a-gdtoa-hexnan.o)
 .debug_frame   0x00000000       0x90 g:/pi/gcc_pi_6_3/bin/../lib/gcc/arm-none-eabi/6.3.1/../../../../arm-none-eabi/lib/hard\libc.a(lib_a-gdtoa-hexnan.o)
 .text          0x00000000        0x0 g:/pi/gcc_pi_6_3/bin/../lib/gcc/arm-none-eabi/6.3.1/../../../../arm-none-eabi/lib/hard\libc.a(lib_a-impure.o)
 .data          0x00000000        0x0 g:/pi/gcc_pi_6_3/bin/../lib/gcc/arm-none-eabi/6.3.1/../../../../arm-none-eabi/lib/hard\libc.a(lib_a-impure.o)
 .bss           0x00000000        0x0 g:/pi/gcc_pi_6_3/bin/../lib/gcc/arm-none-eabi/6.3.1/../../../../arm-none-eabi/lib/hard\libc.a(lib_a-impure.o)
 .rodata._global_impure_ptr
                0x00000000        0x4 g:/pi/gcc_pi_6_3/bin/../lib/gcc/arm-none-eabi/6.3.1/../../../../arm-none-eabi/lib/hard\libc.a(lib_a-impure.o)
 .text          0x00000000        0x0 g:/pi/gcc_pi_6_3/bin/../lib/gcc/arm-none-eabi/6.3.1/../../../../arm-none-eabi/lib/hard\libc.a(lib_a-localeconv.o)
 .data          0x00000000        0x0 g:/pi/gcc_pi_6_3/bin/../lib/gcc/arm-none-eabi/6.3.1/../../../../arm-none-eabi/lib/hard\libc.a(lib_a-localeconv.o)
 .bss           0x00000000        0x0 g:/pi/gcc_pi_6_3/bin/../lib/gcc/arm-none-eabi/6.3.1/../../../../arm-none-eabi/lib/hard\libc.a(lib_a-localeconv.o)
 .text._localeconv_r
                0x00000000       0x28 g:/pi/gcc_pi_6_3/bin/../lib/gcc/arm-none-eabi/6.3.1/../../../../arm-none-eabi/lib/hard\libc.a(lib_a-localeconv.o)
 .text.localeconv
                0x00000000       0x28 g:/pi/gcc_pi_6_3/bin/../lib/gcc/arm-none-eabi/6.3.1/../../../../arm-none-eabi/lib/hard\libc.a(lib_a-localeconv.o)
 .debug_frame   0x00000000       0x40 g:/pi/gcc_pi_6_3/bin/../lib/gcc/arm-none-eabi/6.3.1/../../../../arm-none-eabi/lib/hard\libc.a(lib_a-localeconv.o)
 .text          0x00000000        0x0 g:/pi/gcc_pi_6_3/bin/../lib/gcc/arm-none-eabi/6.3.1/../../../../arm-none-eabi/lib/hard\libc.a(lib_a-mallocr.o)
 .data          0x00000000        0x0 g:/pi/gcc_pi_6_3/bin/../lib/gcc/arm-none-eabi/6.3.1/../../../../arm-none-eabi/lib/hard\libc.a(lib_a-mallocr.o)
 .bss           0x00000000        0x0 g:/pi/gcc_pi_6_3/bin/../lib/gcc/arm-none-eabi/6.3.1/../../../../arm-none-eabi/lib/hard\libc.a(lib_a-mallocr.o)
 .debug_frame   0x00000000       0x84 g:/pi/gcc_pi_6_3/bin/../lib/gcc/arm-none-eabi/6.3.1/../../../../arm-none-eabi/lib/hard\libc.a(lib_a-mallocr.o)
 .text          0x00000000        0x0 g:/pi/gcc_pi_6_3/bin/../lib/gcc/arm-none-eabi/6.3.1/../../../../arm-none-eabi/lib/hard\libc.a(lib_a-mlock.o)
 .data          0x00000000        0x0 g:/pi/gcc_pi_6_3/bin/../lib/gcc/arm-none-eabi/6.3.1/../../../../arm-none-eabi/lib/hard\libc.a(lib_a-mlock.o)
 .bss           0x00000000        0x0 g:/pi/gcc_pi_6_3/bin/../lib/gcc/arm-none-eabi/6.3.1/../../../../arm-none-eabi/lib/hard\libc.a(lib_a-mlock.o)
 .debug_frame   0x00000000       0x48 g:/pi/gcc_pi_6_3/bin/../lib/gcc/arm-none-eabi/6.3.1/../../../../arm-none-eabi/lib/hard\libc.a(lib_a-mlock.o)
 .text          0x00000000        0x0 g:/pi/gcc_pi_6_3/bin/../lib/gcc/arm-none-eabi/6.3.1/../../../../arm-none-eabi/lib/hard\libc.a(lib_a-mprec.o)
 .data          0x00000000        0x0 g:/pi/gcc_pi_6_3/bin/../lib/gcc/arm-none-eabi/6.3.1/../../../../arm-none-eabi/lib/hard\libc.a(lib_a-mprec.o)
 .bss           0x00000000        0x0 g:/pi/gcc_pi_6_3/bin/../lib/gcc/arm-none-eabi/6.3.1/../../../../arm-none-eabi/lib/hard\libc.a(lib_a-mprec.o)
 .text._mprec_log10
                0x00000000       0x44 g:/pi/gcc_pi_6_3/bin/../lib/gcc/arm-none-eabi/6.3.1/../../../../arm-none-eabi/lib/hard\libc.a(lib_a-mprec.o)
 .rodata.__mprec_tinytens
                0x00000000       0x28 g:/pi/gcc_pi_6_3/bin/../lib/gcc/arm-none-eabi/6.3.1/../../../../arm-none-eabi/lib/hard\libc.a(lib_a-mprec.o)
 .debug_frame   0x00000000      0x2dc g:/pi/gcc_pi_6_3/bin/../lib/gcc/arm-none-eabi/6.3.1/../../../../arm-none-eabi/lib/hard\libc.a(lib_a-mprec.o)
 .text          0x00000000        0x0 g:/pi/gcc_pi_6_3/bin/../lib/gcc/arm-none-eabi/6.3.1/../../../../arm-none-eabi/lib/hard\libc.a(lib_a-sbrkr.o)
 .data          0x00000000        0x0 g:/pi/gcc_pi_6_3/bin/../lib/gcc/arm-none-eabi/6.3.1/../../../../arm-none-eabi/lib/hard\libc.a(lib_a-sbrkr.o)
 .bss           0x00000000        0x0 g:/pi/gcc_pi_6_3/bin/../lib/gcc/arm-none-eabi/6.3.1/../../../../arm-none-eabi/lib/hard\libc.a(lib_a-sbrkr.o)
 .debug_frame   0x00000000       0x3c g:/pi/gcc_pi_6_3/bin/../lib/gcc/arm-none-eabi/6.3.1/../../../../arm-none-eabi/lib/hard\libc.a(lib_a-sbrkr.o)
 .text          0x00000000        0x0 g:/pi/gcc_pi_6_3/bin/../lib/gcc/arm-none-eabi/6.3.1/../../../../arm-none-eabi/lib/hard\libc.a(lib_a-sf_nan.o)
 .data          0x00000000        0x0 g:/pi/gcc_pi_6_3/bin/../lib/gcc/arm-none-eabi/6.3.1/../../../../arm-none-eabi/lib/hard\libc.a(lib_a-sf_nan.o)
 .bss           0x00000000        0x0 g:/pi/gcc_pi_6_3/bin/../lib/gcc/arm-none-eabi/6.3.1/../../../../arm-none-eabi/lib/hard\libc.a(lib_a-sf_nan.o)
 .debug_frame   0x00000000       0x20 g:/pi/gcc_pi_6_3/bin/../lib/gcc/arm-none-eabi/6.3.1/../../../../arm-none-eabi/lib/hard\libc.a(lib_a-sf_nan.o)
 .text          0x00000000        0x0 g:/pi/gcc_pi_6_3/bin/../lib/gcc/arm-none-eabi/6.3.1/../../../../arm-none-eabi/lib/hard\libc.a(lib_a-strncmp.o)
 .data          0x00000000        0x0 g:/pi/gcc_pi_6_3/bin/../lib/gcc/arm-none-eabi/6.3.1/../../../../arm-none-eabi/lib/hard\libc.a(lib_a-strncmp.o)
 .bss           0x00000000        0x0 g:/pi/gcc_pi_6_3/bin/../lib/gcc/arm-none-eabi/6.3.1/../../../../arm-none-eabi/lib/hard\libc.a(lib_a-strncmp.o)
 .debug_frame   0x00000000       0x50 g:/pi/gcc_pi_6_3/bin/../lib/gcc/arm-none-eabi/6.3.1/../../../../arm-none-eabi/lib/hard\libc.a(lib_a-strncmp.o)
 .text          0x00000000        0x0 g:/pi/gcc_pi_6_3/bin/../lib/gcc/arm-none-eabi/6.3.1/../../../../arm-none-eabi/lib/hard\libc.a(lib_a-callocr.o)
 .data          0x00000000        0x0 g:/pi/gcc_pi_6_3/bin/../lib/gcc/arm-none-eabi/6.3.1/../../../../arm-none-eabi/lib/hard\libc.a(lib_a-callocr.o)
 .bss           0x00000000        0x0 g:/pi/gcc_pi_6_3/bin/../lib/gcc/arm-none-eabi/6.3.1/../../../../arm-none-eabi/lib/hard\libc.a(lib_a-callocr.o)
 .debug_frame   0x00000000       0x34 g:/pi/gcc_pi_6_3/bin/../lib/gcc/arm-none-eabi/6.3.1/../../../../arm-none-eabi/lib/hard\libc.a(lib_a-callocr.o)
 .text          0x00000000        0x0 g:/pi/gcc_pi_6_3/bin/../lib/gcc/arm-none-eabi/6.3.1/../../../../arm-none-eabi/lib/hard\libc.a(lib_a-lock.o)
 .data          0x00000000        0x0 g:/pi/gcc_pi_6_3/bin/../lib/gcc/arm-none-eabi/6.3.1/../../../../arm-none-eabi/lib/hard\libc.a(lib_a-lock.o)
 .bss           0x00000000        0x0 g:/pi/gcc_pi_6_3/bin/../lib/gcc/arm-none-eabi/6.3.1/../../../../arm-none-eabi/lib/hard\libc.a(lib_a-lock.o)
 .text.__retarget_lock_init
                0x00000000        0x4 g:/pi/gcc_pi_6_3/bin/../lib/gcc/arm-none-eabi/6.3.1/../../../../arm-none-eabi/lib/hard\libc.a(lib_a-lock.o)
 .text.__retarget_lock_init_recursive
                0x00000000        0x4 g:/pi/gcc_pi_6_3/bin/../lib/gcc/arm-none-eabi/6.3.1/../../../../arm-none-eabi/lib/hard\libc.a(lib_a-lock.o)
 .text.__retarget_lock_close
                0x00000000        0x4 g:/pi/gcc_pi_6_3/bin/../lib/gcc/arm-none-eabi/6.3.1/../../../../arm-none-eabi/lib/hard\libc.a(lib_a-lock.o)
 .text.__retarget_lock_close_recursive
                0x00000000        0x4 g:/pi/gcc_pi_6_3/bin/../lib/gcc/arm-none-eabi/6.3.1/../../../../arm-none-eabi/lib/hard\libc.a(lib_a-lock.o)
 .text.__retarget_lock_acquire
                0x00000000        0x4 g:/pi/gcc_pi_6_3/bin/../lib/gcc/arm-none-eabi/6.3.1/../../../../arm-none-eabi/lib/hard\libc.a(lib_a-lock.o)
 .text.__retarget_lock_try_acquire
                0x00000000        0x8 g:/pi/gcc_pi_6_3/bin/../lib/gcc/arm-none-eabi/6.3.1/../../../../arm-none-eabi/lib/hard\libc.a(lib_a-lock.o)
 .text.__retarget_lock_try_acquire_recursive
                0x00000000        0x8 g:/pi/gcc_pi_6_3/bin/../lib/gcc/arm-none-eabi/6.3.1/../../../../arm-none-eabi/lib/hard\libc.a(lib_a-lock.o)
 .text.__retarget_lock_release
                0x00000000        0x4 g:/pi/gcc_pi_6_3/bin/../lib/gcc/arm-none-eabi/6.3.1/../../../../arm-none-eabi/lib/hard\libc.a(lib_a-lock.o)
 .debug_frame   0x00000000       0xb0 g:/pi/gcc_pi_6_3/bin/../lib/gcc/arm-none-eabi/6.3.1/../../../../arm-none-eabi/lib/hard\libc.a(lib_a-lock.o)
 .text          0x00000000        0x0 g:/pi/gcc_pi_6_3/bin/../lib/gcc/arm-none-eabi/6.3.1/../../../../arm-none-eabi/lib/hard\libc.a(lib_a-memset.o)
 .data          0x00000000        0x0 g:/pi/gcc_pi_6_3/bin/../lib/gcc/arm-none-eabi/6.3.1/../../../../arm-none-eabi/lib/hard\libc.a(lib_a-memset.o)
 .bss           0x00000000        0x0 g:/pi/gcc_pi_6_3/bin/../lib/gcc/arm-none-eabi/6.3.1/../../../../arm-none-eabi/lib/hard\libc.a(lib_a-memset.o)
 .debug_frame   0x00000000       0x30 g:/pi/gcc_pi_6_3/bin/../lib/gcc/arm-none-eabi/6.3.1/../../../../arm-none-eabi/lib/hard\libc.a(lib_a-memset.o)
 .data          0x00000000        0x0 g:/pi/gcc_pi_6_3/bin/../lib/gcc/arm-none-eabi/6.3.1/hard\libgcc.a(_udivsi3.o)
 .bss           0x00000000        0x0 g:/pi/gcc_pi_6_3/bin/../lib/gcc/arm-none-eabi/6.3.1/hard\libgcc.a(_udivsi3.o)
 .debug_frame   0x00000000       0x20 g:/pi/gcc_pi_6_3/bin/../lib/gcc/arm-none-eabi/6.3.1/hard\libgcc.a(_udivsi3.o)
 .data          0x00000000        0x0 g:/pi/gcc_pi_6_3/bin/../lib/gcc/arm-none-eabi/6.3.1/hard\libgcc.a(_dvmd_tls.o)
 .bss           0x00000000        0x0 g:/pi/gcc_pi_6_3/bin/../lib/gcc/arm-none-eabi/6.3.1/hard\libgcc.a(_dvmd_tls.o)
 .data          0x00000000        0x0 g:/pi/gcc_pi_6_3/bin/../lib/gcc/arm-none-eabi/6.3.1/hard\libgcc.a(_aeabi_uldivmod.o)
 .bss           0x00000000        0x0 g:/pi/gcc_pi_6_3/bin/../lib/gcc/arm-none-eabi/6.3.1/hard\libgcc.a(_aeabi_uldivmod.o)
 .debug_frame   0x00000000       0x2c g:/pi/gcc_pi_6_3/bin/../lib/gcc/arm-none-eabi/6.3.1/hard\libgcc.a(_aeabi_uldivmod.o)
 .data          0x00000000        0x0 g:/pi/gcc_pi_6_3/bin/../lib/gcc/arm-none-eabi/6.3.1/hard\libgcc.a(_udivmoddi4.o)
 .bss           0x00000000        0x0 g:/pi/gcc_pi_6_3/bin/../lib/gcc/arm-none-eabi/6.3.1/hard\libgcc.a(_udivmoddi4.o)
 .ARM.extab     0x00000000        0x0 g:/pi/gcc_pi_6_3/bin/../lib/gcc/arm-none-eabi/6.3.1/hard\libgcc.a(_udivmoddi4.o)
 .ARM.exidx     0x00000000        0x8 g:/pi/gcc_pi_6_3/bin/../lib/gcc/arm-none-eabi/6.3.1/hard\libgcc.a(_udivmoddi4.o)
 .debug_frame   0x00000000       0x48 g:/pi/gcc_pi_6_3/bin/../lib/gcc/arm-none-eabi/6.3.1/hard\libgcc.a(_udivmoddi4.o)
 .data          0x00000000        0x0 g:/pi/gcc_pi_6_3/bin/../lib/gcc/arm-none-eabi/6.3.1/hard\libgcc.a(_clzdi2.o)
 .bss           0x00000000        0x0 g:/pi/gcc_pi_6_3/bin/../lib/gcc/arm-none-eabi/6.3.1/hard\libgcc.a(_clzdi2.o)
 .data          0x00000000        0x0 g:/pi/gcc_pi_6_3/bin/../lib/gcc/arm-none-eabi/6.3.1/hard\libgcc.a(_clzsi2.o)
 .bss           0x00000000        0x0 g:/pi/gcc_pi_6_3/bin/../lib/gcc/arm-none-eabi/6.3.1/hard\libgcc.a(_clzsi2.o)

Memory Configuration

Name             Origin             Length             Attributes
RAM              0x00008000         0x08000000         xrw
*default*        0x00000000         0xffffffff

Linker script and memory map


.text           0x00008000     0x9ed4
                0x00008000                . = ALIGN (0x4)
                0x00008000                __text_start__ = .
                0x00008000                _start = .
 *(.text.startup)
 .text.startup  0x00008000      0x43c C:\Users\ldebo\AppData\Local\Temp\ccjM0Wzx.o
                0x0000839c                RPi_CpuIdString
                0x000083f4                EnableInterrupts
                0x000083fc                DisableInterrupts
                0x00008404                CoreExecute
 *(.text .text.* .gnu.linkonce.t.*)
 .text          0x0000843c       0xd4 C:\Users\ldebo\AppData\Local\Temp\ccFyrC0m.o
                0x0000843c                c_irq_handler
                0x00008458                kernel_main
 .text.setTimerIrqAddress
                0x00008510       0x1c C:\Users\ldebo\AppData\Local\Temp\ccjM0Wzx.o
                0x00008510                setTimerIrqAddress
 .text.ARMaddrToGPUaddr
                0x0000852c       0x14 C:\Users\ldebo\AppData\Local\Temp\ccjM0Wzx.o
                0x0000852c                ARMaddrToGPUaddr
 .text.GPUaddrToARMaddr
                0x00008540       0x98 C:\Users\ldebo\AppData\Local\Temp\ccjM0Wzx.o
                0x00008540                GPUaddrToARMaddr
 .text._sbrk    0x000085d8       0x2c C:\Users\ldebo\AppData\Local\Temp\ccjM0Wzx.o
                0x000085d8                _sbrk
 .text          0x00008604     0x25b8 C:\Users\ldebo\AppData\Local\Temp\cc8ejAUG.o
                0x0000971c                gpio_setup
                0x00009780                gpio_output
                0x000097ec                gpio_input
                0x00009834                gpio_checkEvent
                0x00009878                gpio_clearEvent
                0x000098b8                gpio_edgeDetect
                0x0000997c                gpio_fixResistor
                0x00009aac                timer_getTickCount
                0x00009afc                timer_wait
                0x00009b7c                tick_difference
                0x00009b88                mailbox_write
                0x00009bcc                mailbox_read
                0x00009c18                mailbox_tag_message
                0x00009d38                TimerIrqSetup
                0x00009e2c                set_Activity_LED
                0x00009fa4                ARM_setmaxspeed
                0x0000a058                displaySmartStart
                0x0000a0e0                Embedded_Console_WriteChar
                0x0000a194                WriteText
                0x0000a270                SetDCPenColor
                0x0000a284                SetDCBrushColor
                0x0000a298                MoveToEx
                0x0000a2d0                LineTo
                0x0000a370                TextOut
                0x0000a3dc                TransparentTextOut
                0x0000a440                BmpOut
                0x0000a490                CvtBmpLine
                0x0000a750                Rectangle
                0x0000a784                PiConsole_Init
                0x0000aa38                GetConsoleDC
                0x0000aa44                GetConsole_FrameBuffer
                0x0000aa54                GetConsole_Width
                0x0000aa64                GetConsole_Height
                0x0000aaa0                _kill
                0x0000aab8                _getpid
                0x0000aac0                _read
                0x0000aac8                _close
                0x0000aad0                _lseek
                0x0000aad8                _isatty
                0x0000aae0                _fstat
                0x0000aaf0                _exit
                0x0000aaf4                _write
 .text          0x0000abbc     0x21b4 C:\Users\ldebo\AppData\Local\Temp\cclEHg7y.o
                0x0000b2a4                strnlen
                0x0000b2ec                emb_vsprintf
                0x0000bf14                vsscanf
                0x0000cca4                sscanf
                0x0000cce0                emb_sprintf
                0x0000cd10                printf
 .text.__locale_ctype_ptr_l
                0x0000cd70        0x8 g:/pi/gcc_pi_6_3/bin/../lib/gcc/arm-none-eabi/6.3.1/../../../../arm-none-eabi/lib/hard\libc.a(lib_a-locale.o)
                0x0000cd70                __locale_ctype_ptr_l
 .text.__locale_ctype_ptr
                0x0000cd78       0x28 g:/pi/gcc_pi_6_3/bin/../lib/gcc/arm-none-eabi/6.3.1/../../../../arm-none-eabi/lib/hard\libc.a(lib_a-locale.o)
                0x0000cd78                __locale_ctype_ptr
 .text.mbstowcs
                0x0000cda0       0x4c g:/pi/gcc_pi_6_3/bin/../lib/gcc/arm-none-eabi/6.3.1/../../../../arm-none-eabi/lib/hard\libc.a(lib_a-mbstowcs.o)
                0x0000cda0                mbstowcs
 .text.__ascii_mbtowc
                0x0000cdec       0x4c g:/pi/gcc_pi_6_3/bin/../lib/gcc/arm-none-eabi/6.3.1/../../../../arm-none-eabi/lib/hard\libc.a(lib_a-mbtowc_r.o)
                0x0000cdec                __ascii_mbtowc
 .text.memcpy   0x0000ce38      0x114 g:/pi/gcc_pi_6_3/bin/../lib/gcc/arm-none-eabi/6.3.1/../../../../arm-none-eabi/lib/hard\libc.a(lib_a-memcpy-stub.o)
                0x0000ce38                memcpy
 .text.strchr   0x0000cf4c      0x1ac g:/pi/gcc_pi_6_3/bin/../lib/gcc/arm-none-eabi/6.3.1/../../../../arm-none-eabi/lib/hard\libc.a(lib_a-strchr.o)
                0x0000cf4c                strchr
 .text.strcpy   0x0000d0f8       0xf0 g:/pi/gcc_pi_6_3/bin/../lib/gcc/arm-none-eabi/6.3.1/../../../../arm-none-eabi/lib/hard\libc.a(lib_a-strcpy.o)
                0x0000d0f8                strcpy
 .text.strlen   0x0000d1e8       0x60 g:/pi/gcc_pi_6_3/bin/../lib/gcc/arm-none-eabi/6.3.1/../../../../arm-none-eabi/lib/hard\libc.a(lib_a-strlen-stub.o)
                0x0000d1e8                strlen
 .text.strncpy  0x0000d248       0xdc g:/pi/gcc_pi_6_3/bin/../lib/gcc/arm-none-eabi/6.3.1/../../../../arm-none-eabi/lib/hard\libc.a(lib_a-strncpy.o)
                0x0000d248                strncpy
 .text.unlikely.sulp
                0x0000d324       0x58 g:/pi/gcc_pi_6_3/bin/../lib/gcc/arm-none-eabi/6.3.1/../../../../arm-none-eabi/lib/hard\libc.a(lib_a-strtod.o)
 *fill*         0x0000d37c        0x4 
 .text._strtod_l
                0x0000d380     0x14a0 g:/pi/gcc_pi_6_3/bin/../lib/gcc/arm-none-eabi/6.3.1/../../../../arm-none-eabi/lib/hard\libc.a(lib_a-strtod.o)
                0x0000d380                _strtod_l
 .text.strtod   0x0000e820       0x38 g:/pi/gcc_pi_6_3/bin/../lib/gcc/arm-none-eabi/6.3.1/../../../../arm-none-eabi/lib/hard\libc.a(lib_a-strtod.o)
                0x0000e820                strtod
 .text.strtof   0x0000e858       0x9c g:/pi/gcc_pi_6_3/bin/../lib/gcc/arm-none-eabi/6.3.1/../../../../arm-none-eabi/lib/hard\libc.a(lib_a-strtod.o)
                0x0000e858                strtof
 .text._strtol_l.isra.0
                0x0000e8f4      0x220 g:/pi/gcc_pi_6_3/bin/../lib/gcc/arm-none-eabi/6.3.1/../../../../arm-none-eabi/lib/hard\libc.a(lib_a-strtol.o)
 .text.strtol   0x0000eb14       0x4c g:/pi/gcc_pi_6_3/bin/../lib/gcc/arm-none-eabi/6.3.1/../../../../arm-none-eabi/lib/hard\libc.a(lib_a-strtol.o)
                0x0000eb14                strtol
 .text.strtold  0x0000eb60       0x3c g:/pi/gcc_pi_6_3/bin/../lib/gcc/arm-none-eabi/6.3.1/../../../../arm-none-eabi/lib/hard\libc.a(lib_a-strtold.o)
                0x0000eb60                strtold
 .text._strtoll_l.isra.0
                0x0000eb9c      0x2e0 g:/pi/gcc_pi_6_3/bin/../lib/gcc/arm-none-eabi/6.3.1/../../../../arm-none-eabi/lib/hard\libc.a(lib_a-strtoll.o)
 .text.strtoll  0x0000ee7c       0x4c g:/pi/gcc_pi_6_3/bin/../lib/gcc/arm-none-eabi/6.3.1/../../../../arm-none-eabi/lib/hard\libc.a(lib_a-strtoll.o)
                0x0000ee7c                strtoll
 .text._strtoul_l.isra.0
                0x0000eec8      0x1e8 g:/pi/gcc_pi_6_3/bin/../lib/gcc/arm-none-eabi/6.3.1/../../../../arm-none-eabi/lib/hard\libc.a(lib_a-strtoul.o)
 .text.strtoul  0x0000f0b0       0x4c g:/pi/gcc_pi_6_3/bin/../lib/gcc/arm-none-eabi/6.3.1/../../../../arm-none-eabi/lib/hard\libc.a(lib_a-strtoul.o)
                0x0000f0b0                strtoul
 *fill*         0x0000f0fc        0x4 
 .text._strtoull_l.isra.0
                0x0000f100      0x278 g:/pi/gcc_pi_6_3/bin/../lib/gcc/arm-none-eabi/6.3.1/../../../../arm-none-eabi/lib/hard\libc.a(lib_a-strtoull.o)
 .text.strtoull
                0x0000f378       0x4c g:/pi/gcc_pi_6_3/bin/../lib/gcc/arm-none-eabi/6.3.1/../../../../arm-none-eabi/lib/hard\libc.a(lib_a-strtoull.o)
                0x0000f378                strtoull
 .text.wcscpy   0x0000f3c4       0x34 g:/pi/gcc_pi_6_3/bin/../lib/gcc/arm-none-eabi/6.3.1/../../../../arm-none-eabi/lib/hard\libc.a(lib_a-wcscpy.o)
                0x0000f3c4                wcscpy
 .text.__ascii_wctomb
                0x0000f3f8       0x28 g:/pi/gcc_pi_6_3/bin/../lib/gcc/arm-none-eabi/6.3.1/../../../../arm-none-eabi/lib/hard\libc.a(lib_a-wctomb_r.o)
                0x0000f3f8                __ascii_wctomb
 .text._malloc_trim_r
                0x0000f420      0x100 g:/pi/gcc_pi_6_3/bin/../lib/gcc/arm-none-eabi/6.3.1/../../../../arm-none-eabi/lib/hard\libc.a(lib_a-freer.o)
                0x0000f420                _malloc_trim_r
 .text._free_r  0x0000f520      0x2e0 g:/pi/gcc_pi_6_3/bin/../lib/gcc/arm-none-eabi/6.3.1/../../../../arm-none-eabi/lib/hard\libc.a(lib_a-freer.o)
                0x0000f520                _free_r
 .text.rshift   0x0000f800       0xf8 g:/pi/gcc_pi_6_3/bin/../lib/gcc/arm-none-eabi/6.3.1/../../../../arm-none-eabi/lib/hard\libc.a(lib_a-gdtoa-gethex.o)
 .text.__gethex
                0x0000f8f8      0x804 g:/pi/gcc_pi_6_3/bin/../lib/gcc/arm-none-eabi/6.3.1/../../../../arm-none-eabi/lib/hard\libc.a(lib_a-gdtoa-gethex.o)
                0x0000f8f8                __gethex
 .text.__match  0x000100fc       0x6c g:/pi/gcc_pi_6_3/bin/../lib/gcc/arm-none-eabi/6.3.1/../../../../arm-none-eabi/lib/hard\libc.a(lib_a-gdtoa-hexnan.o)
                0x000100fc                __match
 .text.__hexnan
                0x00010168      0x270 g:/pi/gcc_pi_6_3/bin/../lib/gcc/arm-none-eabi/6.3.1/../../../../arm-none-eabi/lib/hard\libc.a(lib_a-gdtoa-hexnan.o)
                0x00010168                __hexnan
 .text.__localeconv_l
                0x000103d8        0x8 g:/pi/gcc_pi_6_3/bin/../lib/gcc/arm-none-eabi/6.3.1/../../../../arm-none-eabi/lib/hard\libc.a(lib_a-localeconv.o)
                0x000103d8                __localeconv_l
 .text._malloc_r
                0x000103e0      0x78c g:/pi/gcc_pi_6_3/bin/../lib/gcc/arm-none-eabi/6.3.1/../../../../arm-none-eabi/lib/hard\libc.a(lib_a-mallocr.o)
                0x000103e0                _malloc_r
 .text.__malloc_lock
                0x00010b6c       0x18 g:/pi/gcc_pi_6_3/bin/../lib/gcc/arm-none-eabi/6.3.1/../../../../arm-none-eabi/lib/hard\libc.a(lib_a-mlock.o)
                0x00010b6c                __malloc_lock
 .text.__malloc_unlock
                0x00010b84       0x18 g:/pi/gcc_pi_6_3/bin/../lib/gcc/arm-none-eabi/6.3.1/../../../../arm-none-eabi/lib/hard\libc.a(lib_a-mlock.o)
                0x00010b84                __malloc_unlock
 .text._Balloc  0x00010b9c       0x8c g:/pi/gcc_pi_6_3/bin/../lib/gcc/arm-none-eabi/6.3.1/../../../../arm-none-eabi/lib/hard\libc.a(lib_a-mprec.o)
                0x00010b9c                _Balloc
 .text._Bfree   0x00010c28       0x1c g:/pi/gcc_pi_6_3/bin/../lib/gcc/arm-none-eabi/6.3.1/../../../../arm-none-eabi/lib/hard\libc.a(lib_a-mprec.o)
                0x00010c28                _Bfree
 .text.__multadd
                0x00010c44       0xdc g:/pi/gcc_pi_6_3/bin/../lib/gcc/arm-none-eabi/6.3.1/../../../../arm-none-eabi/lib/hard\libc.a(lib_a-mprec.o)
                0x00010c44                __multadd
 .text.__s2b    0x00010d20       0xf0 g:/pi/gcc_pi_6_3/bin/../lib/gcc/arm-none-eabi/6.3.1/../../../../arm-none-eabi/lib/hard\libc.a(lib_a-mprec.o)
                0x00010d20                __s2b
 .text.__hi0bits
                0x00010e10       0x58 g:/pi/gcc_pi_6_3/bin/../lib/gcc/arm-none-eabi/6.3.1/../../../../arm-none-eabi/lib/hard\libc.a(lib_a-mprec.o)
                0x00010e10                __hi0bits
 .text.__lo0bits
                0x00010e68       0xa0 g:/pi/gcc_pi_6_3/bin/../lib/gcc/arm-none-eabi/6.3.1/../../../../arm-none-eabi/lib/hard\libc.a(lib_a-mprec.o)
                0x00010e68                __lo0bits
 .text.__i2b    0x00010f08       0x24 g:/pi/gcc_pi_6_3/bin/../lib/gcc/arm-none-eabi/6.3.1/../../../../arm-none-eabi/lib/hard\libc.a(lib_a-mprec.o)
                0x00010f08                __i2b
 .text.__multiply
                0x00010f2c      0x1d0 g:/pi/gcc_pi_6_3/bin/../lib/gcc/arm-none-eabi/6.3.1/../../../../arm-none-eabi/lib/hard\libc.a(lib_a-mprec.o)
                0x00010f2c                __multiply
 .text.__pow5mult
                0x000110fc      0x104 g:/pi/gcc_pi_6_3/bin/../lib/gcc/arm-none-eabi/6.3.1/../../../../arm-none-eabi/lib/hard\libc.a(lib_a-mprec.o)
                0x000110fc                __pow5mult
 .text.__lshift
                0x00011200       0xe8 g:/pi/gcc_pi_6_3/bin/../lib/gcc/arm-none-eabi/6.3.1/../../../../arm-none-eabi/lib/hard\libc.a(lib_a-mprec.o)
                0x00011200                __lshift
 .text.__mcmp   0x000112e8       0x60 g:/pi/gcc_pi_6_3/bin/../lib/gcc/arm-none-eabi/6.3.1/../../../../arm-none-eabi/lib/hard\libc.a(lib_a-mprec.o)
                0x000112e8                __mcmp
 .text.__mdiff  0x00011348      0x1a8 g:/pi/gcc_pi_6_3/bin/../lib/gcc/arm-none-eabi/6.3.1/../../../../arm-none-eabi/lib/hard\libc.a(lib_a-mprec.o)
                0x00011348                __mdiff
 .text.__ulp    0x000114f0       0x78 g:/pi/gcc_pi_6_3/bin/../lib/gcc/arm-none-eabi/6.3.1/../../../../arm-none-eabi/lib/hard\libc.a(lib_a-mprec.o)
                0x000114f0                __ulp
 .text.__b2d    0x00011568       0xe0 g:/pi/gcc_pi_6_3/bin/../lib/gcc/arm-none-eabi/6.3.1/../../../../arm-none-eabi/lib/hard\libc.a(lib_a-mprec.o)
                0x00011568                __b2d
 .text.__d2b    0x00011648      0x110 g:/pi/gcc_pi_6_3/bin/../lib/gcc/arm-none-eabi/6.3.1/../../../../arm-none-eabi/lib/hard\libc.a(lib_a-mprec.o)
                0x00011648                __d2b
 .text.__ratio  0x00011758       0x88 g:/pi/gcc_pi_6_3/bin/../lib/gcc/arm-none-eabi/6.3.1/../../../../arm-none-eabi/lib/hard\libc.a(lib_a-mprec.o)
                0x00011758                __ratio
 .text.__copybits
                0x000117e0       0x70 g:/pi/gcc_pi_6_3/bin/../lib/gcc/arm-none-eabi/6.3.1/../../../../arm-none-eabi/lib/hard\libc.a(lib_a-mprec.o)
                0x000117e0                __copybits
 .text.__any_on
                0x00011850       0x80 g:/pi/gcc_pi_6_3/bin/../lib/gcc/arm-none-eabi/6.3.1/../../../../arm-none-eabi/lib/hard\libc.a(lib_a-mprec.o)
                0x00011850                __any_on
 .text._sbrk_r  0x000118d0       0x44 g:/pi/gcc_pi_6_3/bin/../lib/gcc/arm-none-eabi/6.3.1/../../../../arm-none-eabi/lib/hard\libc.a(lib_a-sbrkr.o)
                0x000118d0                _sbrk_r
 .text.nanf     0x00011914        0xc g:/pi/gcc_pi_6_3/bin/../lib/gcc/arm-none-eabi/6.3.1/../../../../arm-none-eabi/lib/hard\libc.a(lib_a-sf_nan.o)
                0x00011914                nanf
 .text.strncmp  0x00011920      0x110 g:/pi/gcc_pi_6_3/bin/../lib/gcc/arm-none-eabi/6.3.1/../../../../arm-none-eabi/lib/hard\libc.a(lib_a-strncmp.o)
                0x00011920                strncmp
 .text._calloc_r
                0x00011a30       0x98 g:/pi/gcc_pi_6_3/bin/../lib/gcc/arm-none-eabi/6.3.1/../../../../arm-none-eabi/lib/hard\libc.a(lib_a-callocr.o)
                0x00011a30                _calloc_r
 .text.__retarget_lock_acquire_recursive
                0x00011ac8        0x4 g:/pi/gcc_pi_6_3/bin/../lib/gcc/arm-none-eabi/6.3.1/../../../../arm-none-eabi/lib/hard\libc.a(lib_a-lock.o)
                0x00011ac8                __retarget_lock_acquire_recursive
 .text.__retarget_lock_release_recursive
                0x00011acc        0x4 g:/pi/gcc_pi_6_3/bin/../lib/gcc/arm-none-eabi/6.3.1/../../../../arm-none-eabi/lib/hard\libc.a(lib_a-lock.o)
                0x00011acc                __retarget_lock_release_recursive
 .text.memset   0x00011ad0      0x114 g:/pi/gcc_pi_6_3/bin/../lib/gcc/arm-none-eabi/6.3.1/../../../../arm-none-eabi/lib/hard\libc.a(lib_a-memset.o)
                0x00011ad0                memset
 .text          0x00011be4      0x114 g:/pi/gcc_pi_6_3/bin/../lib/gcc/arm-none-eabi/6.3.1/hard\libgcc.a(_udivsi3.o)
                0x00011be4                __aeabi_uidiv
                0x00011be4                __udivsi3
                0x00011cd8                __aeabi_uidivmod
 .text          0x00011cf8        0x4 g:/pi/gcc_pi_6_3/bin/../lib/gcc/arm-none-eabi/6.3.1/hard\libgcc.a(_dvmd_tls.o)
                0x00011cf8                __aeabi_idiv0
                0x00011cf8                __aeabi_ldiv0
 .text          0x00011cfc       0x3c g:/pi/gcc_pi_6_3/bin/../lib/gcc/arm-none-eabi/6.3.1/hard\libgcc.a(_aeabi_uldivmod.o)
                0x00011cfc                __aeabi_uldivmod
 .text          0x00011d38      0x12c g:/pi/gcc_pi_6_3/bin/../lib/gcc/arm-none-eabi/6.3.1/hard\libgcc.a(_udivmoddi4.o)
                0x00011d38                __udivmoddi4
 .text          0x00011e64       0x28 g:/pi/gcc_pi_6_3/bin/../lib/gcc/arm-none-eabi/6.3.1/hard\libgcc.a(_clzdi2.o)
                0x00011e64                __clzdi2
 .text          0x00011e8c       0x48 g:/pi/gcc_pi_6_3/bin/../lib/gcc/arm-none-eabi/6.3.1/hard\libgcc.a(_clzsi2.o)
                0x00011e8c                __clzsi2
 *(.rel.text .rel.text.* .rel.gnu.linkonce.t.*)
 *(.init .init.*)
                0x00011ed4                . = ALIGN (0x4)
                0x00011ed4                __text_end__ = .

.glue_7         0x00011ed4        0x0
 .glue_7        0x00011ed4        0x0 linker stubs

.glue_7t        0x00011ed4        0x0
 .glue_7t       0x00011ed4        0x0 linker stubs

.vfp11_veneer   0x00011ed4        0x0
 .vfp11_veneer  0x00011ed4        0x0 linker stubs

.v4_bx          0x00011ed4        0x0
 .v4_bx         0x00011ed4        0x0 linker stubs

.iplt           0x00011ed4        0x0
 .iplt          0x00011ed4        0x0 C:\Users\ldebo\AppData\Local\Temp\ccFyrC0m.o

.bss            0x00011ed4       0xb4
                0x00011ed4                . = ALIGN (0x4)
                0x00011ed4                __bss_start__ = .
 *(.bss .bss.* .gnu.linkonce.b.*)
 .bss           0x00011ed4        0x8 C:\Users\ldebo\AppData\Local\Temp\ccFyrC0m.o
 .bss           0x00011edc       0x50 C:\Users\ldebo\AppData\Local\Temp\cc8ejAUG.o
                0x00011ee0                console
 .bss.__malloc_current_mallinfo
                0x00011f2c       0x28 g:/pi/gcc_pi_6_3/bin/../lib/gcc/arm-none-eabi/6.3.1/../../../../arm-none-eabi/lib/hard\libc.a(lib_a-mallocr.o)
                0x00011f2c                __malloc_current_mallinfo
 .bss.__malloc_max_sbrked_mem
                0x00011f54        0x4 g:/pi/gcc_pi_6_3/bin/../lib/gcc/arm-none-eabi/6.3.1/../../../../arm-none-eabi/lib/hard\libc.a(lib_a-mallocr.o)
                0x00011f54                __malloc_max_sbrked_mem
 .bss.__malloc_max_total_mem
                0x00011f58        0x4 g:/pi/gcc_pi_6_3/bin/../lib/gcc/arm-none-eabi/6.3.1/../../../../arm-none-eabi/lib/hard\libc.a(lib_a-mallocr.o)
                0x00011f58                __malloc_max_total_mem
 .bss.__malloc_top_pad
                0x00011f5c        0x4 g:/pi/gcc_pi_6_3/bin/../lib/gcc/arm-none-eabi/6.3.1/../../../../arm-none-eabi/lib/hard\libc.a(lib_a-mallocr.o)
                0x00011f5c                __malloc_top_pad
 *(.rela.bss .rela.bss.* .rela.gnu.linkonce.b.*)
 *(COMMON)
 COMMON         0x00011f60        0x4 g:/pi/gcc_pi_6_3/bin/../lib/gcc/arm-none-eabi/6.3.1/../../../../arm-none-eabi/lib/hard\libc.a(lib_a-reent.o)
                0x00011f60                errno
 COMMON         0x00011f64       0x21 g:/pi/gcc_pi_6_3/bin/../lib/gcc/arm-none-eabi/6.3.1/../../../../arm-none-eabi/lib/hard\libc.a(lib_a-lock.o)
                0x00011f64                __lock___atexit_recursive_mutex
                0x00011f68                __lock___arc4random_mutex
                0x00011f6c                __lock___env_recursive_mutex
                0x00011f70                __lock___sinit_recursive_mutex
                0x00011f74                __lock___malloc_recursive_mutex
                0x00011f78                __lock___at_quick_exit_mutex
                0x00011f7c                __lock___dd_hash_mutex
                0x00011f80                __lock___tz_mutex
                0x00011f84                __lock___sfp_recursive_mutex
                0x00011f88                . = ALIGN (0x4)
 *fill*         0x00011f85        0x3 
                0x00011f88                __bss_end__ = .

.rodata         0x00011f88     0x14b4
                0x00011f88                . = ALIGN (0x4)
                0x00011f88                __rodata_start__ = .
 *(.rodata .rodata.*)
 .rodata        0x00011f88        0x4 C:\Users\ldebo\AppData\Local\Temp\ccFyrC0m.o
 .rodata.str1.4
                0x00011f8c       0x21 C:\Users\ldebo\AppData\Local\Temp\ccFyrC0m.o
 *fill*         0x00011fad        0x3 
 .rodata.cpuid  0x00011fb0       0x36 C:\Users\ldebo\AppData\Local\Temp\ccjM0Wzx.o
 *fill*         0x00011fe6        0x2 
 .rodata        0x00011fe8     0x1000 C:\Users\ldebo\AppData\Local\Temp\cc8ejAUG.o
 .rodata.str1.4
                0x00012fe8       0xd0 C:\Users\ldebo\AppData\Local\Temp\cc8ejAUG.o
 .rodata        0x000130b8       0x10 C:\Users\ldebo\AppData\Local\Temp\cclEHg7y.o
 .rodata._setlocale_r.str1.4
                0x000130c8        0xa g:/pi/gcc_pi_6_3/bin/../lib/gcc/arm-none-eabi/6.3.1/../../../../arm-none-eabi/lib/hard\libc.a(lib_a-locale.o)
                                  0xd (size before relaxing)
 *fill*         0x000130d2        0x2 
 .rodata.str1.4
                0x000130d4        0x2 g:/pi/gcc_pi_6_3/bin/../lib/gcc/arm-none-eabi/6.3.1/../../../../arm-none-eabi/lib/hard\libc.a(lib_a-locale.o)
 *fill*         0x000130d6        0x2 
 .rodata._strtod_l.str1.4
                0x000130d8       0x10 g:/pi/gcc_pi_6_3/bin/../lib/gcc/arm-none-eabi/6.3.1/../../../../arm-none-eabi/lib/hard\libc.a(lib_a-strtod.o)
                                  0xf (size before relaxing)
 .rodata.fpi.7264
                0x000130e8       0x14 g:/pi/gcc_pi_6_3/bin/../lib/gcc/arm-none-eabi/6.3.1/../../../../arm-none-eabi/lib/hard\libc.a(lib_a-strtod.o)
 .rodata.fpinan.7300
                0x000130fc       0x14 g:/pi/gcc_pi_6_3/bin/../lib/gcc/arm-none-eabi/6.3.1/../../../../arm-none-eabi/lib/hard\libc.a(lib_a-strtod.o)
 .rodata.tinytens
                0x00013110       0x28 g:/pi/gcc_pi_6_3/bin/../lib/gcc/arm-none-eabi/6.3.1/../../../../arm-none-eabi/lib/hard\libc.a(lib_a-strtod.o)
 .rodata._ctype_
                0x00013138      0x101 g:/pi/gcc_pi_6_3/bin/../lib/gcc/arm-none-eabi/6.3.1/../../../../arm-none-eabi/lib/hard\libc.a(lib_a-ctype_.o)
                0x00013138                _ctype_
 *fill*         0x00013239        0x3 
 .rodata.__hexdig
                0x0001323c      0x100 g:/pi/gcc_pi_6_3/bin/../lib/gcc/arm-none-eabi/6.3.1/../../../../arm-none-eabi/lib/hard\libc.a(lib_a-gdtoa-gethex.o)
                0x0001323c                __hexdig
 *fill*         0x0001333c        0x4 
 .rodata.__mprec_bigtens
                0x00013340       0x28 g:/pi/gcc_pi_6_3/bin/../lib/gcc/arm-none-eabi/6.3.1/../../../../arm-none-eabi/lib/hard\libc.a(lib_a-mprec.o)
                0x00013340                __mprec_bigtens
 .rodata.__mprec_tens
                0x00013368       0xc8 g:/pi/gcc_pi_6_3/bin/../lib/gcc/arm-none-eabi/6.3.1/../../../../arm-none-eabi/lib/hard\libc.a(lib_a-mprec.o)
                0x00013368                __mprec_tens
 .rodata.p05.7178
                0x00013430        0xc g:/pi/gcc_pi_6_3/bin/../lib/gcc/arm-none-eabi/6.3.1/../../../../arm-none-eabi/lib/hard\libc.a(lib_a-mprec.o)
 *(.rel.rodata .rel.rodata.* .rel.gnu.linkonce.r.*)
                0x0001343c                . = ALIGN (0x4)
                0x0001343c                __rodata_end__ = .

.rel.dyn        0x0001343c        0x0
 .rel.iplt      0x0001343c        0x0 C:\Users\ldebo\AppData\Local\Temp\ccFyrC0m.o

.data           0x00013440      0x9d8
                0x00013440                . = ALIGN (0x4)
                0x00013440                __data_start__ = .
 *(.data .data.* .gnu.linkonce.d.*)
 .data.smartstart
                0x00013440        0xc C:\Users\ldebo\AppData\Local\Temp\ccjM0Wzx.o
                0x00013444                RPi_CPUCurrentMode
                0x00013448                RPi_Heap
 .data.smartstart32
                0x0001344c       0x1c C:\Users\ldebo\AppData\Local\Temp\ccjM0Wzx.o
                0x0001344c                RPi_IO_Base_Addr
                0x00013450                RPi_BootAddr
                0x00013454                RPi_CoresReady
                0x00013458                RPi_CPUBootMode
                0x0001345c                RPi_CpuId
                0x00013460                RPi_CompileMode
 .data          0x00013468        0x4 C:\Users\ldebo\AppData\Local\Temp\cc8ejAUG.o
 .data.__global_locale
                0x0001346c      0x16c g:/pi/gcc_pi_6_3/bin/../lib/gcc/arm-none-eabi/6.3.1/../../../../arm-none-eabi/lib/hard\libc.a(lib_a-locale.o)
                0x0001346c                __global_locale
 .data._impure_ptr
                0x000135d8        0x4 g:/pi/gcc_pi_6_3/bin/../lib/gcc/arm-none-eabi/6.3.1/../../../../arm-none-eabi/lib/hard\libc.a(lib_a-impure.o)
                0x000135d8                _impure_ptr
 *fill*         0x000135dc        0x4 
 .data.impure_data
                0x000135e0      0x428 g:/pi/gcc_pi_6_3/bin/../lib/gcc/arm-none-eabi/6.3.1/../../../../arm-none-eabi/lib/hard\libc.a(lib_a-impure.o)
 .data.__malloc_av_
                0x00013a08      0x408 g:/pi/gcc_pi_6_3/bin/../lib/gcc/arm-none-eabi/6.3.1/../../../../arm-none-eabi/lib/hard\libc.a(lib_a-mallocr.o)
                0x00013a08                __malloc_av_
 .data.__malloc_sbrk_base
                0x00013e10        0x4 g:/pi/gcc_pi_6_3/bin/../lib/gcc/arm-none-eabi/6.3.1/../../../../arm-none-eabi/lib/hard\libc.a(lib_a-mallocr.o)
                0x00013e10                __malloc_sbrk_base
 .data.__malloc_trim_threshold
                0x00013e14        0x4 g:/pi/gcc_pi_6_3/bin/../lib/gcc/arm-none-eabi/6.3.1/../../../../arm-none-eabi/lib/hard\libc.a(lib_a-mallocr.o)
                0x00013e14                __malloc_trim_threshold
 *(.rel.data .rel.data.* .rel.gnu.linkonce.d.*)
                0x00013e18                . = ALIGN (0x4)
                0x00013e18                __data_end__ = .

.igot.plt       0x00013e18        0x0
 .igot.plt      0x00013e18        0x0 C:\Users\ldebo\AppData\Local\Temp\ccFyrC0m.o

.data1          0x00013e18        0x8
                0x00013e20                . = ALIGN (0x10)
 *fill*         0x00013e18        0x8 
                0x00013e20                __data1_start__ = .
 *(.data1 .data1.*)
 *(.rel.data1 .rel.data1.*)
                0x00013e20                . = ALIGN (0x10)
                0x00013e20                __data1_end__ = .

.stack          0x00013e20     0xa200
                0x00013e20                . = ALIGN (0x8)
                0x00013e20                __stack_start__core0 = .
                0x00014020                . = (. + 0x200)
 *fill*         0x00013e20      0x200 
                0x00014020                __HYP_stack_core0 = .
                0x0001c020                . = (. + 0x8000)
 *fill*         0x00014020     0x8000 
                0x0001c020                __SVC_stack_core0 = .
                0x0001d020                . = (. + 0x1000)
 *fill*         0x0001c020     0x1000 
                0x0001d020                __IRQ_stack_core0 = .
                0x0001e020                . = (. + 0x1000)
 *fill*         0x0001d020     0x1000 
                0x0001e020                __FIQ_stack_core0 = .
                0x0001e020                . = ALIGN (0x8)
                0x0001e020                __stack_end__core0 = .

.stack_core1    0x0001e020     0x1600
                0x0001e020                . = ALIGN (0x8)
                0x0001e020                __stack_start__core1 = .
                0x0001e220                . = (. + 0x200)
 *fill*         0x0001e020      0x200 
                0x0001e220                __HYP_stack_core1 = .
                0x0001f220                . = (. + 0x1000)
 *fill*         0x0001e220     0x1000 
                0x0001f220                __SVC_stack_core1 = .
                0x0001f420                . = (. + 0x200)
 *fill*         0x0001f220      0x200 
                0x0001f420                __IRQ_stack_core1 = .
                0x0001f620                . = (. + 0x200)
 *fill*         0x0001f420      0x200 
                0x0001f620                __FIQ_stack_core1 = .
                0x0001f620                . = ALIGN (0x8)
                0x0001f620                __stack_end__core1 = .

.stack_core2    0x0001f620     0x1600
                0x0001f620                . = ALIGN (0x8)
                0x0001f620                __stack_start__core2 = .
                0x0001f820                . = (. + 0x200)
 *fill*         0x0001f620      0x200 
                0x0001f820                __HYP_stack_core2 = .
                0x00020820                . = (. + 0x1000)
 *fill*         0x0001f820     0x1000 
                0x00020820                __SVC_stack_core2 = .
                0x00020a20                . = (. + 0x200)
 *fill*         0x00020820      0x200 
                0x00020a20                __IRQ_stack_core2 = .
                0x00020c20                . = (. + 0x200)
 *fill*         0x00020a20      0x200 
                0x00020c20                __FIQ_stack_core2 = .
                0x00020c20                . = ALIGN (0x8)
                0x00020c20                __stack_end__core2 = .

.stack_core3    0x00020c20     0x1600
                0x00020c20                . = ALIGN (0x8)
                0x00020c20                __stack_start__core3 = .
                0x00020e20                . = (. + 0x200)
 *fill*         0x00020c20      0x200 
                0x00020e20                __HYP_stack_core3 = .
                0x00021e20                . = (. + 0x1000)
 *fill*         0x00020e20     0x1000 
                0x00021e20                __SVC_stack_core3 = .
                0x00022020                . = (. + 0x200)
 *fill*         0x00021e20      0x200 
                0x00022020                __IRQ_stack_core3 = .
                0x00022220                . = (. + 0x200)
 *fill*         0x00022020      0x200 
                0x00022220                __FIQ_stack_core3 = .
                0x00022220                . = ALIGN (0x8)
                0x00022220                __stack_end__core3 = .

.ARM.attributes
                0x00000000       0x2f
 *(.ARM.attributes)
 .ARM.attributes
                0x00000000       0x31 C:\Users\ldebo\AppData\Local\Temp\ccFyrC0m.o
 .ARM.attributes
                0x00000031       0x1f C:\Users\ldebo\AppData\Local\Temp\ccjM0Wzx.o
 .ARM.attributes
                0x00000050       0x31 C:\Users\ldebo\AppData\Local\Temp\cc8ejAUG.o
 .ARM.attributes
                0x00000081       0x31 C:\Users\ldebo\AppData\Local\Temp\cclEHg7y.o
 .ARM.attributes
                0x000000b2       0x34 g:/pi/gcc_pi_6_3/bin/../lib/gcc/arm-none-eabi/6.3.1/../../../../arm-none-eabi/lib/hard\libc.a(lib_a-locale.o)
 .ARM.attributes
                0x000000e6       0x34 g:/pi/gcc_pi_6_3/bin/../lib/gcc/arm-none-eabi/6.3.1/../../../../arm-none-eabi/lib/hard\libc.a(lib_a-mbstowcs.o)
 .ARM.attributes
                0x0000011a       0x34 g:/pi/gcc_pi_6_3/bin/../lib/gcc/arm-none-eabi/6.3.1/../../../../arm-none-eabi/lib/hard\libc.a(lib_a-mbtowc_r.o)
 .ARM.attributes
                0x0000014e       0x34 g:/pi/gcc_pi_6_3/bin/../lib/gcc/arm-none-eabi/6.3.1/../../../../arm-none-eabi/lib/hard\libc.a(lib_a-memcpy-stub.o)
 .ARM.attributes
                0x00000182       0x34 g:/pi/gcc_pi_6_3/bin/../lib/gcc/arm-none-eabi/6.3.1/../../../../arm-none-eabi/lib/hard\libc.a(lib_a-reent.o)
 .ARM.attributes
                0x000001b6       0x34 g:/pi/gcc_pi_6_3/bin/../lib/gcc/arm-none-eabi/6.3.1/../../../../arm-none-eabi/lib/hard\libc.a(lib_a-strchr.o)
 .ARM.attributes
                0x000001ea       0x34 g:/pi/gcc_pi_6_3/bin/../lib/gcc/arm-none-eabi/6.3.1/../../../../arm-none-eabi/lib/hard\libc.a(lib_a-strcpy.o)
 .ARM.attributes
                0x0000021e       0x34 g:/pi/gcc_pi_6_3/bin/../lib/gcc/arm-none-eabi/6.3.1/../../../../arm-none-eabi/lib/hard\libc.a(lib_a-strlen-stub.o)
 .ARM.attributes
                0x00000252       0x34 g:/pi/gcc_pi_6_3/bin/../lib/gcc/arm-none-eabi/6.3.1/../../../../arm-none-eabi/lib/hard\libc.a(lib_a-strncpy.o)
 .ARM.attributes
                0x00000286       0x34 g:/pi/gcc_pi_6_3/bin/../lib/gcc/arm-none-eabi/6.3.1/../../../../arm-none-eabi/lib/hard\libc.a(lib_a-strtod.o)
 .ARM.attributes
                0x000002ba       0x34 g:/pi/gcc_pi_6_3/bin/../lib/gcc/arm-none-eabi/6.3.1/../../../../arm-none-eabi/lib/hard\libc.a(lib_a-strtol.o)
 .ARM.attributes
                0x000002ee       0x34 g:/pi/gcc_pi_6_3/bin/../lib/gcc/arm-none-eabi/6.3.1/../../../../arm-none-eabi/lib/hard\libc.a(lib_a-strtold.o)
 .ARM.attributes
                0x00000322       0x34 g:/pi/gcc_pi_6_3/bin/../lib/gcc/arm-none-eabi/6.3.1/../../../../arm-none-eabi/lib/hard\libc.a(lib_a-strtoll.o)
 .ARM.attributes
                0x00000356       0x34 g:/pi/gcc_pi_6_3/bin/../lib/gcc/arm-none-eabi/6.3.1/../../../../arm-none-eabi/lib/hard\libc.a(lib_a-strtoul.o)
 .ARM.attributes
                0x0000038a       0x34 g:/pi/gcc_pi_6_3/bin/../lib/gcc/arm-none-eabi/6.3.1/../../../../arm-none-eabi/lib/hard\libc.a(lib_a-strtoull.o)
 .ARM.attributes
                0x000003be       0x34 g:/pi/gcc_pi_6_3/bin/../lib/gcc/arm-none-eabi/6.3.1/../../../../arm-none-eabi/lib/hard\libc.a(lib_a-wcscpy.o)
 .ARM.attributes
                0x000003f2       0x34 g:/pi/gcc_pi_6_3/bin/../lib/gcc/arm-none-eabi/6.3.1/../../../../arm-none-eabi/lib/hard\libc.a(lib_a-wctomb_r.o)
 .ARM.attributes
                0x00000426       0x32 g:/pi/gcc_pi_6_3/bin/../lib/gcc/arm-none-eabi/6.3.1/../../../../arm-none-eabi/lib/hard\libc.a(lib_a-ctype_.o)
 .ARM.attributes
                0x00000458       0x34 g:/pi/gcc_pi_6_3/bin/../lib/gcc/arm-none-eabi/6.3.1/../../../../arm-none-eabi/lib/hard\libc.a(lib_a-freer.o)
 .ARM.attributes
                0x0000048c       0x34 g:/pi/gcc_pi_6_3/bin/../lib/gcc/arm-none-eabi/6.3.1/../../../../arm-none-eabi/lib/hard\libc.a(lib_a-gdtoa-gethex.o)
 .ARM.attributes
                0x000004c0       0x34 g:/pi/gcc_pi_6_3/bin/../lib/gcc/arm-none-eabi/6.3.1/../../../../arm-none-eabi/lib/hard\libc.a(lib_a-gdtoa-hexnan.o)
 .ARM.attributes
                0x000004f4       0x32 g:/pi/gcc_pi_6_3/bin/../lib/gcc/arm-none-eabi/6.3.1/../../../../arm-none-eabi/lib/hard\libc.a(lib_a-impure.o)
 .ARM.attributes
                0x00000526       0x34 g:/pi/gcc_pi_6_3/bin/../lib/gcc/arm-none-eabi/6.3.1/../../../../arm-none-eabi/lib/hard\libc.a(lib_a-localeconv.o)
 .ARM.attributes
                0x0000055a       0x34 g:/pi/gcc_pi_6_3/bin/../lib/gcc/arm-none-eabi/6.3.1/../../../../arm-none-eabi/lib/hard\libc.a(lib_a-mallocr.o)
 .ARM.attributes
                0x0000058e       0x34 g:/pi/gcc_pi_6_3/bin/../lib/gcc/arm-none-eabi/6.3.1/../../../../arm-none-eabi/lib/hard\libc.a(lib_a-mlock.o)
 .ARM.attributes
                0x000005c2       0x34 g:/pi/gcc_pi_6_3/bin/../lib/gcc/arm-none-eabi/6.3.1/../../../../arm-none-eabi/lib/hard\libc.a(lib_a-mprec.o)
 .ARM.attributes
                0x000005f6       0x34 g:/pi/gcc_pi_6_3/bin/../lib/gcc/arm-none-eabi/6.3.1/../../../../arm-none-eabi/lib/hard\libc.a(lib_a-sbrkr.o)
 .ARM.attributes
                0x0000062a       0x34 g:/pi/gcc_pi_6_3/bin/../lib/gcc/arm-none-eabi/6.3.1/../../../../arm-none-eabi/lib/hard\libc.a(lib_a-sf_nan.o)
 .ARM.attributes
                0x0000065e       0x34 g:/pi/gcc_pi_6_3/bin/../lib/gcc/arm-none-eabi/6.3.1/../../../../arm-none-eabi/lib/hard\libc.a(lib_a-strncmp.o)
 .ARM.attributes
                0x00000692       0x34 g:/pi/gcc_pi_6_3/bin/../lib/gcc/arm-none-eabi/6.3.1/../../../../arm-none-eabi/lib/hard\libc.a(lib_a-callocr.o)
 .ARM.attributes
                0x000006c6       0x34 g:/pi/gcc_pi_6_3/bin/../lib/gcc/arm-none-eabi/6.3.1/../../../../arm-none-eabi/lib/hard\libc.a(lib_a-lock.o)
 .ARM.attributes
                0x000006fa       0x34 g:/pi/gcc_pi_6_3/bin/../lib/gcc/arm-none-eabi/6.3.1/../../../../arm-none-eabi/lib/hard\libc.a(lib_a-memset.o)
 .ARM.attributes
                0x0000072e       0x18 g:/pi/gcc_pi_6_3/bin/../lib/gcc/arm-none-eabi/6.3.1/hard\libgcc.a(_udivsi3.o)
 .ARM.attributes
                0x00000746       0x18 g:/pi/gcc_pi_6_3/bin/../lib/gcc/arm-none-eabi/6.3.1/hard\libgcc.a(_dvmd_tls.o)
 .ARM.attributes
                0x0000075e       0x18 g:/pi/gcc_pi_6_3/bin/../lib/gcc/arm-none-eabi/6.3.1/hard\libgcc.a(_aeabi_uldivmod.o)
 .ARM.attributes
                0x00000776       0x34 g:/pi/gcc_pi_6_3/bin/../lib/gcc/arm-none-eabi/6.3.1/hard\libgcc.a(_udivmoddi4.o)
 .ARM.attributes
                0x000007aa       0x18 g:/pi/gcc_pi_6_3/bin/../lib/gcc/arm-none-eabi/6.3.1/hard\libgcc.a(_clzdi2.o)
 .ARM.attributes
                0x000007c2       0x18 g:/pi/gcc_pi_6_3/bin/../lib/gcc/arm-none-eabi/6.3.1/hard\libgcc.a(_clzsi2.o)

.Heap           0x00022220        0x0
                0x00022220                . = ALIGN (0x4)
                0x00022220                __heap_start__ = .
                0x00022220                _end = .
                [!provide]                PROVIDE (end, .)

/DISCARD/
 *(.ARM.exidx .ARM.exidx.*)
 *(.rel.ARM.exidx .rel.ARM.exidx.* .gnu.linkonce.armexidx.*)
 *(.debug_frame .debug_frame.*)
 *(.comment *.comment.*)
 *(.symtab .symtab.*)
 *(.strtab .strtab.*)
 *(.shstrtab .shstrtab.*)
 libc.a(*)
 libm.a(*)
 libgcc.a(*)
 *(.note.GNU-stack)
 *(.gnu_debuglink)
 *(.gnu.lto_*)
LOAD C:\Users\ldebo\AppData\Local\Temp\ccFyrC0m.o
LOAD C:\Users\ldebo\AppData\Local\Temp\ccjM0Wzx.o
LOAD C:\Users\ldebo\AppData\Local\Temp\cc8ejAUG.o
LOAD C:\Users\ldebo\AppData\Local\Temp\cclEHg7y.o
LOAD g:/pi/gcc_pi_6_3/bin/../lib/gcc/arm-none-eabi/6.3.1/../../../../arm-none-eabi/lib/hard\libc.a
LOAD g:/pi/gcc_pi_6_3/bin/../lib/gcc/arm-none-eabi/6.3.1/../../../../arm-none-eabi/lib/hard\libm.a
LOAD g:/pi/gcc_pi_6_3/bin/../lib/gcc/arm-none-eabi/6.3.1/../../../../arm-none-eabi/lib/hard\libg.a
LOAD g:/pi/gcc_pi_6_3/bin/../lib/gcc/arm-none-eabi/6.3.1/hard\libgcc.a
OUTPUT(kernel.elf elf32-littlearm)
