Archive member included to satisfy reference by file (symbol)

g:/pi/gcc_linaro_7_1/bin/../aarch64-elf/libc/usr/lib\libc.a(lib_a-locale.o)
                              C:\Users\ldebo\AppData\Local\Temp\ccWZD9Yo.o (__locale_ctype_ptr)
g:/pi/gcc_linaro_7_1/bin/../aarch64-elf/libc/usr/lib\libc.a(lib_a-mbstowcs.o)
                              C:\Users\ldebo\AppData\Local\Temp\ccWZD9Yo.o (mbstowcs)
g:/pi/gcc_linaro_7_1/bin/../aarch64-elf/libc/usr/lib\libc.a(lib_a-mbstowcs_r.o)
                              g:/pi/gcc_linaro_7_1/bin/../aarch64-elf/libc/usr/lib\libc.a(lib_a-mbstowcs.o) (_mbstowcs_r)
g:/pi/gcc_linaro_7_1/bin/../aarch64-elf/libc/usr/lib\libc.a(lib_a-mbtowc_r.o)
                              g:/pi/gcc_linaro_7_1/bin/../aarch64-elf/libc/usr/lib\libc.a(lib_a-locale.o) (__ascii_mbtowc)
g:/pi/gcc_linaro_7_1/bin/../aarch64-elf/libc/usr/lib\libc.a(lib_a-s_modf.o)
                              C:\Users\ldebo\AppData\Local\Temp\ccWZD9Yo.o (modf)
g:/pi/gcc_linaro_7_1/bin/../aarch64-elf/libc/usr/lib\libc.a(lib_a-strcasecmp.o)
                              g:/pi/gcc_linaro_7_1/bin/../aarch64-elf/libc/usr/lib\libc.a(lib_a-locale.o) (strcasecmp)
g:/pi/gcc_linaro_7_1/bin/../aarch64-elf/libc/usr/lib\libc.a(lib_a-strcat.o)
                              g:/pi/gcc_linaro_7_1/bin/../aarch64-elf/libc/usr/lib\libc.a(lib_a-locale.o) (strcat)
g:/pi/gcc_linaro_7_1/bin/../aarch64-elf/libc/usr/lib\libc.a(lib_a-strchr.o)
                              C:\Users\ldebo\AppData\Local\Temp\ccWZD9Yo.o (strchr)
g:/pi/gcc_linaro_7_1/bin/../aarch64-elf/libc/usr/lib\libc.a(lib_a-strcmp.o)
                              g:/pi/gcc_linaro_7_1/bin/../aarch64-elf/libc/usr/lib\libc.a(lib_a-locale.o) (strcmp)
g:/pi/gcc_linaro_7_1/bin/../aarch64-elf/libc/usr/lib\libc.a(lib_a-strcpy.o)
                              C:\Users\ldebo\AppData\Local\Temp\ccWZD9Yo.o (strcpy)
g:/pi/gcc_linaro_7_1/bin/../aarch64-elf/libc/usr/lib\libc.a(lib_a-strlcpy.o)
                              g:/pi/gcc_linaro_7_1/bin/../aarch64-elf/libc/usr/lib\libc.a(lib_a-locale.o) (strlcpy)
g:/pi/gcc_linaro_7_1/bin/../aarch64-elf/libc/usr/lib\libc.a(lib_a-strlen.o)
                              C:\Users\ldebo\AppData\Local\Temp\cczyFb7L.o (strlen)
g:/pi/gcc_linaro_7_1/bin/../aarch64-elf/libc/usr/lib\libc.a(lib_a-strncasecmp.o)
                              g:/pi/gcc_linaro_7_1/bin/../aarch64-elf/libc/usr/lib\libc.a(lib_a-locale.o) (strncasecmp)
g:/pi/gcc_linaro_7_1/bin/../aarch64-elf/libc/usr/lib\libc.a(lib_a-strncmp.o)
                              g:/pi/gcc_linaro_7_1/bin/../aarch64-elf/libc/usr/lib\libc.a(lib_a-locale.o) (strncmp)
g:/pi/gcc_linaro_7_1/bin/../aarch64-elf/libc/usr/lib\libc.a(lib_a-strncpy.o)
                              C:\Users\ldebo\AppData\Local\Temp\ccWZD9Yo.o (strncpy)
g:/pi/gcc_linaro_7_1/bin/../aarch64-elf/libc/usr/lib\libc.a(lib_a-strnlen.o)
                              C:\Users\ldebo\AppData\Local\Temp\ccWZD9Yo.o (strnlen)
g:/pi/gcc_linaro_7_1/bin/../aarch64-elf/libc/usr/lib\libc.a(lib_a-strtod.o)
                              C:\Users\ldebo\AppData\Local\Temp\ccWZD9Yo.o (strtod)
g:/pi/gcc_linaro_7_1/bin/../aarch64-elf/libc/usr/lib\libc.a(lib_a-strtol.o)
                              C:\Users\ldebo\AppData\Local\Temp\ccWZD9Yo.o (strtol)
g:/pi/gcc_linaro_7_1/bin/../aarch64-elf/libc/usr/lib\libc.a(lib_a-strtold.o)
                              C:\Users\ldebo\AppData\Local\Temp\ccWZD9Yo.o (strtold)
g:/pi/gcc_linaro_7_1/bin/../aarch64-elf/libc/usr/lib\libc.a(lib_a-strtoll.o)
                              C:\Users\ldebo\AppData\Local\Temp\ccWZD9Yo.o (strtoll)
g:/pi/gcc_linaro_7_1/bin/../aarch64-elf/libc/usr/lib\libc.a(lib_a-strtorx.o)
                              g:/pi/gcc_linaro_7_1/bin/../aarch64-elf/libc/usr/lib\libc.a(lib_a-strtold.o) (_strtorx_l)
g:/pi/gcc_linaro_7_1/bin/../aarch64-elf/libc/usr/lib\libc.a(lib_a-strtoul.o)
                              C:\Users\ldebo\AppData\Local\Temp\ccWZD9Yo.o (strtoul)
g:/pi/gcc_linaro_7_1/bin/../aarch64-elf/libc/usr/lib\libc.a(lib_a-strtoull.o)
                              C:\Users\ldebo\AppData\Local\Temp\ccWZD9Yo.o (strtoull)
g:/pi/gcc_linaro_7_1/bin/../aarch64-elf/libc/usr/lib\libc.a(lib_a-wcscpy.o)
                              C:\Users\ldebo\AppData\Local\Temp\ccWZD9Yo.o (wcscpy)
g:/pi/gcc_linaro_7_1/bin/../aarch64-elf/libc/usr/lib\libc.a(lib_a-wctob.o)
                              C:\Users\ldebo\AppData\Local\Temp\ccWZD9Yo.o (wctob)
g:/pi/gcc_linaro_7_1/bin/../aarch64-elf/libc/usr/lib\libc.a(lib_a-wctomb_r.o)
                              g:/pi/gcc_linaro_7_1/bin/../aarch64-elf/libc/usr/lib\libc.a(lib_a-locale.o) (__ascii_wctomb)
g:/pi/gcc_linaro_7_1/bin/../aarch64-elf/libc/usr/lib\libc.a(lib_a-ctype_.o)
                              g:/pi/gcc_linaro_7_1/bin/../aarch64-elf/libc/usr/lib\libc.a(lib_a-locale.o) (__set_ctype)
g:/pi/gcc_linaro_7_1/bin/../aarch64-elf/libc/usr/lib\libc.a(lib_a-gdtoa-gethex.o)
                              g:/pi/gcc_linaro_7_1/bin/../aarch64-elf/libc/usr/lib\libc.a(lib_a-strtod.o) (__gethex)
g:/pi/gcc_linaro_7_1/bin/../aarch64-elf/libc/usr/lib\libc.a(lib_a-gdtoa-hexnan.o)
                              g:/pi/gcc_linaro_7_1/bin/../aarch64-elf/libc/usr/lib\libc.a(lib_a-strtod.o) (__match)
g:/pi/gcc_linaro_7_1/bin/../aarch64-elf/libc/usr/lib\libc.a(lib_a-getenv_r.o)
                              g:/pi/gcc_linaro_7_1/bin/../aarch64-elf/libc/usr/lib\libc.a(lib_a-locale.o) (_getenv_r)
g:/pi/gcc_linaro_7_1/bin/../aarch64-elf/libc/usr/lib\libc.a(lib_a-impure.o)
                              g:/pi/gcc_linaro_7_1/bin/../aarch64-elf/libc/usr/lib\libc.a(lib_a-locale.o) (_impure_ptr)
g:/pi/gcc_linaro_7_1/bin/../aarch64-elf/libc/usr/lib\libc.a(lib_a-localeconv.o)
                              g:/pi/gcc_linaro_7_1/bin/../aarch64-elf/libc/usr/lib\libc.a(lib_a-strtod.o) (__localeconv_l)
g:/pi/gcc_linaro_7_1/bin/../aarch64-elf/libc/usr/lib\libc.a(lib_a-memcpy.o)
                              g:/pi/gcc_linaro_7_1/bin/../aarch64-elf/libc/usr/lib\libc.a(lib_a-strtod.o) (memcpy)
g:/pi/gcc_linaro_7_1/bin/../aarch64-elf/libc/usr/lib\libc.a(lib_a-memset.o)
                              g:/pi/gcc_linaro_7_1/bin/../aarch64-elf/libc/usr/lib\libc.a(lib_a-wctob.o) (memset)
g:/pi/gcc_linaro_7_1/bin/../aarch64-elf/libc/usr/lib\libc.a(lib_a-mprec.o)
                              g:/pi/gcc_linaro_7_1/bin/../aarch64-elf/libc/usr/lib\libc.a(lib_a-strtod.o) (_Balloc)
g:/pi/gcc_linaro_7_1/bin/../aarch64-elf/libc/usr/lib\libc.a(lib_a-sf_nan.o)
                              g:/pi/gcc_linaro_7_1/bin/../aarch64-elf/libc/usr/lib\libc.a(lib_a-strtod.o) (nanf)
g:/pi/gcc_linaro_7_1/bin/../aarch64-elf/libc/usr/lib\libc.a(lib_a-strtodg.o)
                              g:/pi/gcc_linaro_7_1/bin/../aarch64-elf/libc/usr/lib\libc.a(lib_a-strtorx.o) (_strtodg_l)
g:/pi/gcc_linaro_7_1/bin/../aarch64-elf/libc/usr/lib\libc.a(lib_a-callocr.o)
                              g:/pi/gcc_linaro_7_1/bin/../aarch64-elf/libc/usr/lib\libc.a(lib_a-mprec.o) (_calloc_r)
g:/pi/gcc_linaro_7_1/bin/../aarch64-elf/libc/usr/lib\libc.a(lib_a-environ.o)
                              g:/pi/gcc_linaro_7_1/bin/../aarch64-elf/libc/usr/lib\libc.a(lib_a-getenv_r.o) (environ)
g:/pi/gcc_linaro_7_1/bin/../aarch64-elf/libc/usr/lib\libc.a(lib_a-envlock.o)
                              g:/pi/gcc_linaro_7_1/bin/../aarch64-elf/libc/usr/lib\libc.a(lib_a-getenv_r.o) (__env_lock)
g:/pi/gcc_linaro_7_1/bin/../aarch64-elf/libc/usr/lib\libc.a(lib_a-errno.o)
                              g:/pi/gcc_linaro_7_1/bin/../aarch64-elf/libc/usr/lib\libc.a(lib_a-strtodg.o) (__errno)
g:/pi/gcc_linaro_7_1/bin/../aarch64-elf/libc/usr/lib\libc.a(lib_a-mallocr.o)
                              g:/pi/gcc_linaro_7_1/bin/../aarch64-elf/libc/usr/lib\libc.a(lib_a-callocr.o) (_malloc_r)
g:/pi/gcc_linaro_7_1/bin/../aarch64-elf/libc/usr/lib\libc.a(lib_a-mlock.o)
                              g:/pi/gcc_linaro_7_1/bin/../aarch64-elf/libc/usr/lib\libc.a(lib_a-mallocr.o) (__malloc_lock)
g:/pi/gcc_linaro_7_1/bin/../aarch64-elf/libc/usr/lib\libc.a(lib_a-sbrkr.o)
                              g:/pi/gcc_linaro_7_1/bin/../aarch64-elf/libc/usr/lib\libc.a(lib_a-mallocr.o) (_sbrk_r)
g:/pi/gcc_linaro_7_1/bin/../aarch64-elf/libc/usr/lib\libc.a(lib_a-freer.o)
                              g:/pi/gcc_linaro_7_1/bin/../aarch64-elf/libc/usr/lib\libc.a(lib_a-mallocr.o) (_free_r)
g:/pi/gcc_linaro_7_1/bin/../aarch64-elf/libc/usr/lib\libc.a(lib_a-reent.o)
                              g:/pi/gcc_linaro_7_1/bin/../aarch64-elf/libc/usr/lib\libc.a(lib_a-sbrkr.o) (errno)
g:/pi/gcc_linaro_7_1/bin/../lib/gcc/aarch64-elf/7.1.1\libgcc.a(floatsitf.o)
                              C:\Users\ldebo\AppData\Local\Temp\ccWZD9Yo.o (__floatsitf)
g:/pi/gcc_linaro_7_1/bin/../lib/gcc/aarch64-elf/7.1.1\libgcc.a(trunctfdf2.o)
                              C:\Users\ldebo\AppData\Local\Temp\ccWZD9Yo.o (__trunctfdf2)
g:/pi/gcc_linaro_7_1/bin/../lib/gcc/aarch64-elf/7.1.1\libgcc.a(sfp-exceptions.o)
                              g:/pi/gcc_linaro_7_1/bin/../lib/gcc/aarch64-elf/7.1.1\libgcc.a(trunctfdf2.o) (__sfp_handle_exceptions)

Allocating common symbols
Common symbol       size              file

errno               0x4               g:/pi/gcc_linaro_7_1/bin/../aarch64-elf/libc/usr/lib\libc.a(lib_a-reent.o)

Discarded input sections

 .data          0x0000000000000000        0x0 C:\Users\ldebo\AppData\Local\Temp\ccAtCOrW.o
 .comment       0x0000000000000000       0x2e C:\Users\ldebo\AppData\Local\Temp\ccAtCOrW.o
 .text          0x0000000000000000        0x0 C:\Users\ldebo\AppData\Local\Temp\cccj2pSH.o
 .data          0x0000000000000000        0x0 C:\Users\ldebo\AppData\Local\Temp\cccj2pSH.o
 .bss           0x0000000000000000        0x0 C:\Users\ldebo\AppData\Local\Temp\cccj2pSH.o
 .comment       0x0000000000000000       0x2e C:\Users\ldebo\AppData\Local\Temp\cczyFb7L.o
 .data          0x0000000000000000        0x0 C:\Users\ldebo\AppData\Local\Temp\ccWZD9Yo.o
 .comment       0x0000000000000000       0x2e C:\Users\ldebo\AppData\Local\Temp\ccWZD9Yo.o
 .debug_info    0x0000000000000000     0x1d43 g:/pi/gcc_linaro_7_1/bin/../aarch64-elf/libc/usr/lib\libc.a(lib_a-locale.o)
 .debug_abbrev  0x0000000000000000      0x3cc g:/pi/gcc_linaro_7_1/bin/../aarch64-elf/libc/usr/lib\libc.a(lib_a-locale.o)
 .debug_loc     0x0000000000000000     0x11a0 g:/pi/gcc_linaro_7_1/bin/../aarch64-elf/libc/usr/lib\libc.a(lib_a-locale.o)
 .debug_aranges
                0x0000000000000000       0x30 g:/pi/gcc_linaro_7_1/bin/../aarch64-elf/libc/usr/lib\libc.a(lib_a-locale.o)
 .debug_ranges  0x0000000000000000       0xa0 g:/pi/gcc_linaro_7_1/bin/../aarch64-elf/libc/usr/lib\libc.a(lib_a-locale.o)
 .debug_line    0x0000000000000000      0x672 g:/pi/gcc_linaro_7_1/bin/../aarch64-elf/libc/usr/lib\libc.a(lib_a-locale.o)
 .debug_str     0x0000000000000000      0xb94 g:/pi/gcc_linaro_7_1/bin/../aarch64-elf/libc/usr/lib\libc.a(lib_a-locale.o)
 .comment       0x0000000000000000       0x2e g:/pi/gcc_linaro_7_1/bin/../aarch64-elf/libc/usr/lib\libc.a(lib_a-locale.o)
 .debug_frame   0x0000000000000000      0x2c8 g:/pi/gcc_linaro_7_1/bin/../aarch64-elf/libc/usr/lib\libc.a(lib_a-locale.o)
 .data          0x0000000000000000        0x0 g:/pi/gcc_linaro_7_1/bin/../aarch64-elf/libc/usr/lib\libc.a(lib_a-mbstowcs.o)
 .bss           0x0000000000000000        0x0 g:/pi/gcc_linaro_7_1/bin/../aarch64-elf/libc/usr/lib\libc.a(lib_a-mbstowcs.o)
 .debug_info    0x0000000000000000      0x960 g:/pi/gcc_linaro_7_1/bin/../aarch64-elf/libc/usr/lib\libc.a(lib_a-mbstowcs.o)
 .debug_abbrev  0x0000000000000000      0x214 g:/pi/gcc_linaro_7_1/bin/../aarch64-elf/libc/usr/lib\libc.a(lib_a-mbstowcs.o)
 .debug_loc     0x0000000000000000       0xe4 g:/pi/gcc_linaro_7_1/bin/../aarch64-elf/libc/usr/lib\libc.a(lib_a-mbstowcs.o)
 .debug_aranges
                0x0000000000000000       0x30 g:/pi/gcc_linaro_7_1/bin/../aarch64-elf/libc/usr/lib\libc.a(lib_a-mbstowcs.o)
 .debug_line    0x0000000000000000      0x343 g:/pi/gcc_linaro_7_1/bin/../aarch64-elf/libc/usr/lib\libc.a(lib_a-mbstowcs.o)
 .debug_str     0x0000000000000000      0x68e g:/pi/gcc_linaro_7_1/bin/../aarch64-elf/libc/usr/lib\libc.a(lib_a-mbstowcs.o)
 .comment       0x0000000000000000       0x2e g:/pi/gcc_linaro_7_1/bin/../aarch64-elf/libc/usr/lib\libc.a(lib_a-mbstowcs.o)
 .debug_frame   0x0000000000000000       0x38 g:/pi/gcc_linaro_7_1/bin/../aarch64-elf/libc/usr/lib\libc.a(lib_a-mbstowcs.o)
 .data          0x0000000000000000        0x0 g:/pi/gcc_linaro_7_1/bin/../aarch64-elf/libc/usr/lib\libc.a(lib_a-mbstowcs_r.o)
 .bss           0x0000000000000000        0x0 g:/pi/gcc_linaro_7_1/bin/../aarch64-elf/libc/usr/lib\libc.a(lib_a-mbstowcs_r.o)
 .debug_info    0x0000000000000000      0xf04 g:/pi/gcc_linaro_7_1/bin/../aarch64-elf/libc/usr/lib\libc.a(lib_a-mbstowcs_r.o)
 .debug_abbrev  0x0000000000000000      0x26b g:/pi/gcc_linaro_7_1/bin/../aarch64-elf/libc/usr/lib\libc.a(lib_a-mbstowcs_r.o)
 .debug_loc     0x0000000000000000      0x32c g:/pi/gcc_linaro_7_1/bin/../aarch64-elf/libc/usr/lib\libc.a(lib_a-mbstowcs_r.o)
 .debug_aranges
                0x0000000000000000       0x30 g:/pi/gcc_linaro_7_1/bin/../aarch64-elf/libc/usr/lib\libc.a(lib_a-mbstowcs_r.o)
 .debug_ranges  0x0000000000000000       0x30 g:/pi/gcc_linaro_7_1/bin/../aarch64-elf/libc/usr/lib\libc.a(lib_a-mbstowcs_r.o)
 .debug_line    0x0000000000000000      0x445 g:/pi/gcc_linaro_7_1/bin/../aarch64-elf/libc/usr/lib\libc.a(lib_a-mbstowcs_r.o)
 .debug_str     0x0000000000000000      0x9ed g:/pi/gcc_linaro_7_1/bin/../aarch64-elf/libc/usr/lib\libc.a(lib_a-mbstowcs_r.o)
 .comment       0x0000000000000000       0x2e g:/pi/gcc_linaro_7_1/bin/../aarch64-elf/libc/usr/lib\libc.a(lib_a-mbstowcs_r.o)
 .debug_frame   0x0000000000000000       0xa8 g:/pi/gcc_linaro_7_1/bin/../aarch64-elf/libc/usr/lib\libc.a(lib_a-mbstowcs_r.o)
 .data          0x0000000000000000        0x0 g:/pi/gcc_linaro_7_1/bin/../aarch64-elf/libc/usr/lib\libc.a(lib_a-mbtowc_r.o)
 .bss           0x0000000000000000        0x0 g:/pi/gcc_linaro_7_1/bin/../aarch64-elf/libc/usr/lib\libc.a(lib_a-mbtowc_r.o)
 .debug_info    0x0000000000000000     0x13a2 g:/pi/gcc_linaro_7_1/bin/../aarch64-elf/libc/usr/lib\libc.a(lib_a-mbtowc_r.o)
 .debug_abbrev  0x0000000000000000      0x321 g:/pi/gcc_linaro_7_1/bin/../aarch64-elf/libc/usr/lib\libc.a(lib_a-mbtowc_r.o)
 .debug_loc     0x0000000000000000     0x142f g:/pi/gcc_linaro_7_1/bin/../aarch64-elf/libc/usr/lib\libc.a(lib_a-mbtowc_r.o)
 .debug_aranges
                0x0000000000000000       0x30 g:/pi/gcc_linaro_7_1/bin/../aarch64-elf/libc/usr/lib\libc.a(lib_a-mbtowc_r.o)
 .debug_ranges  0x0000000000000000       0x80 g:/pi/gcc_linaro_7_1/bin/../aarch64-elf/libc/usr/lib\libc.a(lib_a-mbtowc_r.o)
 .debug_line    0x0000000000000000      0x5f8 g:/pi/gcc_linaro_7_1/bin/../aarch64-elf/libc/usr/lib\libc.a(lib_a-mbtowc_r.o)
 .debug_str     0x0000000000000000      0xb2c g:/pi/gcc_linaro_7_1/bin/../aarch64-elf/libc/usr/lib\libc.a(lib_a-mbtowc_r.o)
 .comment       0x0000000000000000       0x2e g:/pi/gcc_linaro_7_1/bin/../aarch64-elf/libc/usr/lib\libc.a(lib_a-mbtowc_r.o)
 .debug_frame   0x0000000000000000      0x128 g:/pi/gcc_linaro_7_1/bin/../aarch64-elf/libc/usr/lib\libc.a(lib_a-mbtowc_r.o)
 .data          0x0000000000000000        0x0 g:/pi/gcc_linaro_7_1/bin/../aarch64-elf/libc/usr/lib\libc.a(lib_a-s_modf.o)
 .bss           0x0000000000000000        0x0 g:/pi/gcc_linaro_7_1/bin/../aarch64-elf/libc/usr/lib\libc.a(lib_a-s_modf.o)
 .debug_info    0x0000000000000000      0xaec g:/pi/gcc_linaro_7_1/bin/../aarch64-elf/libc/usr/lib\libc.a(lib_a-s_modf.o)
 .debug_abbrev  0x0000000000000000      0x270 g:/pi/gcc_linaro_7_1/bin/../aarch64-elf/libc/usr/lib\libc.a(lib_a-s_modf.o)
 .debug_loc     0x0000000000000000      0x366 g:/pi/gcc_linaro_7_1/bin/../aarch64-elf/libc/usr/lib\libc.a(lib_a-s_modf.o)
 .debug_aranges
                0x0000000000000000       0x30 g:/pi/gcc_linaro_7_1/bin/../aarch64-elf/libc/usr/lib\libc.a(lib_a-s_modf.o)
 .debug_ranges  0x0000000000000000       0x60 g:/pi/gcc_linaro_7_1/bin/../aarch64-elf/libc/usr/lib\libc.a(lib_a-s_modf.o)
 .debug_line    0x0000000000000000      0x41b g:/pi/gcc_linaro_7_1/bin/../aarch64-elf/libc/usr/lib\libc.a(lib_a-s_modf.o)
 .debug_str     0x0000000000000000      0x707 g:/pi/gcc_linaro_7_1/bin/../aarch64-elf/libc/usr/lib\libc.a(lib_a-s_modf.o)
 .comment       0x0000000000000000       0x2e g:/pi/gcc_linaro_7_1/bin/../aarch64-elf/libc/usr/lib\libc.a(lib_a-s_modf.o)
 .debug_frame   0x0000000000000000       0x28 g:/pi/gcc_linaro_7_1/bin/../aarch64-elf/libc/usr/lib\libc.a(lib_a-s_modf.o)
 .data          0x0000000000000000        0x0 g:/pi/gcc_linaro_7_1/bin/../aarch64-elf/libc/usr/lib\libc.a(lib_a-strcasecmp.o)
 .bss           0x0000000000000000        0x0 g:/pi/gcc_linaro_7_1/bin/../aarch64-elf/libc/usr/lib\libc.a(lib_a-strcasecmp.o)
 .debug_info    0x0000000000000000      0x972 g:/pi/gcc_linaro_7_1/bin/../aarch64-elf/libc/usr/lib\libc.a(lib_a-strcasecmp.o)
 .debug_abbrev  0x0000000000000000      0x214 g:/pi/gcc_linaro_7_1/bin/../aarch64-elf/libc/usr/lib\libc.a(lib_a-strcasecmp.o)
 .debug_loc     0x0000000000000000      0x20d g:/pi/gcc_linaro_7_1/bin/../aarch64-elf/libc/usr/lib\libc.a(lib_a-strcasecmp.o)
 .debug_aranges
                0x0000000000000000       0x30 g:/pi/gcc_linaro_7_1/bin/../aarch64-elf/libc/usr/lib\libc.a(lib_a-strcasecmp.o)
 .debug_ranges  0x0000000000000000       0xa0 g:/pi/gcc_linaro_7_1/bin/../aarch64-elf/libc/usr/lib\libc.a(lib_a-strcasecmp.o)
 .debug_line    0x0000000000000000      0x358 g:/pi/gcc_linaro_7_1/bin/../aarch64-elf/libc/usr/lib\libc.a(lib_a-strcasecmp.o)
 .debug_str     0x0000000000000000      0x673 g:/pi/gcc_linaro_7_1/bin/../aarch64-elf/libc/usr/lib\libc.a(lib_a-strcasecmp.o)
 .comment       0x0000000000000000       0x2e g:/pi/gcc_linaro_7_1/bin/../aarch64-elf/libc/usr/lib\libc.a(lib_a-strcasecmp.o)
 .debug_frame   0x0000000000000000       0x60 g:/pi/gcc_linaro_7_1/bin/../aarch64-elf/libc/usr/lib\libc.a(lib_a-strcasecmp.o)
 .data          0x0000000000000000        0x0 g:/pi/gcc_linaro_7_1/bin/../aarch64-elf/libc/usr/lib\libc.a(lib_a-strcat.o)
 .bss           0x0000000000000000        0x0 g:/pi/gcc_linaro_7_1/bin/../aarch64-elf/libc/usr/lib\libc.a(lib_a-strcat.o)
 .debug_info    0x0000000000000000      0x92e g:/pi/gcc_linaro_7_1/bin/../aarch64-elf/libc/usr/lib\libc.a(lib_a-strcat.o)
 .debug_abbrev  0x0000000000000000      0x202 g:/pi/gcc_linaro_7_1/bin/../aarch64-elf/libc/usr/lib\libc.a(lib_a-strcat.o)
 .debug_loc     0x0000000000000000      0x118 g:/pi/gcc_linaro_7_1/bin/../aarch64-elf/libc/usr/lib\libc.a(lib_a-strcat.o)
 .debug_aranges
                0x0000000000000000       0x30 g:/pi/gcc_linaro_7_1/bin/../aarch64-elf/libc/usr/lib\libc.a(lib_a-strcat.o)
 .debug_line    0x0000000000000000      0x33c g:/pi/gcc_linaro_7_1/bin/../aarch64-elf/libc/usr/lib\libc.a(lib_a-strcat.o)
 .debug_str     0x0000000000000000      0x662 g:/pi/gcc_linaro_7_1/bin/../aarch64-elf/libc/usr/lib\libc.a(lib_a-strcat.o)
 .comment       0x0000000000000000       0x2e g:/pi/gcc_linaro_7_1/bin/../aarch64-elf/libc/usr/lib\libc.a(lib_a-strcat.o)
 .debug_frame   0x0000000000000000       0x40 g:/pi/gcc_linaro_7_1/bin/../aarch64-elf/libc/usr/lib\libc.a(lib_a-strcat.o)
 .data          0x0000000000000000        0x0 g:/pi/gcc_linaro_7_1/bin/../aarch64-elf/libc/usr/lib\libc.a(lib_a-strchr.o)
 .bss           0x0000000000000000        0x0 g:/pi/gcc_linaro_7_1/bin/../aarch64-elf/libc/usr/lib\libc.a(lib_a-strchr.o)
 .debug_line    0x0000000000000000      0x121 g:/pi/gcc_linaro_7_1/bin/../aarch64-elf/libc/usr/lib\libc.a(lib_a-strchr.o)
 .debug_info    0x0000000000000000      0x1c2 g:/pi/gcc_linaro_7_1/bin/../aarch64-elf/libc/usr/lib\libc.a(lib_a-strchr.o)
 .debug_abbrev  0x0000000000000000       0x14 g:/pi/gcc_linaro_7_1/bin/../aarch64-elf/libc/usr/lib\libc.a(lib_a-strchr.o)
 .debug_aranges
                0x0000000000000000       0x30 g:/pi/gcc_linaro_7_1/bin/../aarch64-elf/libc/usr/lib\libc.a(lib_a-strchr.o)
 .data          0x0000000000000000        0x0 g:/pi/gcc_linaro_7_1/bin/../aarch64-elf/libc/usr/lib\libc.a(lib_a-strcmp.o)
 .bss           0x0000000000000000        0x0 g:/pi/gcc_linaro_7_1/bin/../aarch64-elf/libc/usr/lib\libc.a(lib_a-strcmp.o)
 .debug_line    0x0000000000000000      0x115 g:/pi/gcc_linaro_7_1/bin/../aarch64-elf/libc/usr/lib\libc.a(lib_a-strcmp.o)
 .debug_info    0x0000000000000000      0x1c2 g:/pi/gcc_linaro_7_1/bin/../aarch64-elf/libc/usr/lib\libc.a(lib_a-strcmp.o)
 .debug_abbrev  0x0000000000000000       0x14 g:/pi/gcc_linaro_7_1/bin/../aarch64-elf/libc/usr/lib\libc.a(lib_a-strcmp.o)
 .debug_aranges
                0x0000000000000000       0x30 g:/pi/gcc_linaro_7_1/bin/../aarch64-elf/libc/usr/lib\libc.a(lib_a-strcmp.o)
 .data          0x0000000000000000        0x0 g:/pi/gcc_linaro_7_1/bin/../aarch64-elf/libc/usr/lib\libc.a(lib_a-strcpy.o)
 .bss           0x0000000000000000        0x0 g:/pi/gcc_linaro_7_1/bin/../aarch64-elf/libc/usr/lib\libc.a(lib_a-strcpy.o)
 .debug_line    0x0000000000000000      0x153 g:/pi/gcc_linaro_7_1/bin/../aarch64-elf/libc/usr/lib\libc.a(lib_a-strcpy.o)
 .debug_info    0x0000000000000000      0x1c2 g:/pi/gcc_linaro_7_1/bin/../aarch64-elf/libc/usr/lib\libc.a(lib_a-strcpy.o)
 .debug_abbrev  0x0000000000000000       0x14 g:/pi/gcc_linaro_7_1/bin/../aarch64-elf/libc/usr/lib\libc.a(lib_a-strcpy.o)
 .debug_aranges
                0x0000000000000000       0x30 g:/pi/gcc_linaro_7_1/bin/../aarch64-elf/libc/usr/lib\libc.a(lib_a-strcpy.o)
 .data          0x0000000000000000        0x0 g:/pi/gcc_linaro_7_1/bin/../aarch64-elf/libc/usr/lib\libc.a(lib_a-strlcpy.o)
 .bss           0x0000000000000000        0x0 g:/pi/gcc_linaro_7_1/bin/../aarch64-elf/libc/usr/lib\libc.a(lib_a-strlcpy.o)
 .debug_info    0x0000000000000000      0x911 g:/pi/gcc_linaro_7_1/bin/../aarch64-elf/libc/usr/lib\libc.a(lib_a-strlcpy.o)
 .debug_abbrev  0x0000000000000000      0x1d2 g:/pi/gcc_linaro_7_1/bin/../aarch64-elf/libc/usr/lib\libc.a(lib_a-strlcpy.o)
 .debug_loc     0x0000000000000000      0x1de g:/pi/gcc_linaro_7_1/bin/../aarch64-elf/libc/usr/lib\libc.a(lib_a-strlcpy.o)
 .debug_aranges
                0x0000000000000000       0x30 g:/pi/gcc_linaro_7_1/bin/../aarch64-elf/libc/usr/lib\libc.a(lib_a-strlcpy.o)
 .debug_line    0x0000000000000000      0x346 g:/pi/gcc_linaro_7_1/bin/../aarch64-elf/libc/usr/lib\libc.a(lib_a-strlcpy.o)
 .debug_str     0x0000000000000000      0x659 g:/pi/gcc_linaro_7_1/bin/../aarch64-elf/libc/usr/lib\libc.a(lib_a-strlcpy.o)
 .comment       0x0000000000000000       0x2e g:/pi/gcc_linaro_7_1/bin/../aarch64-elf/libc/usr/lib\libc.a(lib_a-strlcpy.o)
 .debug_frame   0x0000000000000000       0x28 g:/pi/gcc_linaro_7_1/bin/../aarch64-elf/libc/usr/lib\libc.a(lib_a-strlcpy.o)
 .data          0x0000000000000000        0x0 g:/pi/gcc_linaro_7_1/bin/../aarch64-elf/libc/usr/lib\libc.a(lib_a-strlen.o)
 .bss           0x0000000000000000        0x0 g:/pi/gcc_linaro_7_1/bin/../aarch64-elf/libc/usr/lib\libc.a(lib_a-strlen.o)
 .debug_line    0x0000000000000000      0x13e g:/pi/gcc_linaro_7_1/bin/../aarch64-elf/libc/usr/lib\libc.a(lib_a-strlen.o)
 .debug_info    0x0000000000000000      0x1c2 g:/pi/gcc_linaro_7_1/bin/../aarch64-elf/libc/usr/lib\libc.a(lib_a-strlen.o)
 .debug_abbrev  0x0000000000000000       0x14 g:/pi/gcc_linaro_7_1/bin/../aarch64-elf/libc/usr/lib\libc.a(lib_a-strlen.o)
 .debug_aranges
                0x0000000000000000       0x30 g:/pi/gcc_linaro_7_1/bin/../aarch64-elf/libc/usr/lib\libc.a(lib_a-strlen.o)
 .data          0x0000000000000000        0x0 g:/pi/gcc_linaro_7_1/bin/../aarch64-elf/libc/usr/lib\libc.a(lib_a-strncasecmp.o)
 .bss           0x0000000000000000        0x0 g:/pi/gcc_linaro_7_1/bin/../aarch64-elf/libc/usr/lib\libc.a(lib_a-strncasecmp.o)
 .debug_info    0x0000000000000000      0x98a g:/pi/gcc_linaro_7_1/bin/../aarch64-elf/libc/usr/lib\libc.a(lib_a-strncasecmp.o)
 .debug_abbrev  0x0000000000000000      0x214 g:/pi/gcc_linaro_7_1/bin/../aarch64-elf/libc/usr/lib\libc.a(lib_a-strncasecmp.o)
 .debug_loc     0x0000000000000000      0x2bf g:/pi/gcc_linaro_7_1/bin/../aarch64-elf/libc/usr/lib\libc.a(lib_a-strncasecmp.o)
 .debug_aranges
                0x0000000000000000       0x30 g:/pi/gcc_linaro_7_1/bin/../aarch64-elf/libc/usr/lib\libc.a(lib_a-strncasecmp.o)
 .debug_ranges  0x0000000000000000       0x90 g:/pi/gcc_linaro_7_1/bin/../aarch64-elf/libc/usr/lib\libc.a(lib_a-strncasecmp.o)
 .debug_line    0x0000000000000000      0x366 g:/pi/gcc_linaro_7_1/bin/../aarch64-elf/libc/usr/lib\libc.a(lib_a-strncasecmp.o)
 .debug_str     0x0000000000000000      0x67c g:/pi/gcc_linaro_7_1/bin/../aarch64-elf/libc/usr/lib\libc.a(lib_a-strncasecmp.o)
 .comment       0x0000000000000000       0x2e g:/pi/gcc_linaro_7_1/bin/../aarch64-elf/libc/usr/lib\libc.a(lib_a-strncasecmp.o)
 .debug_frame   0x0000000000000000       0x60 g:/pi/gcc_linaro_7_1/bin/../aarch64-elf/libc/usr/lib\libc.a(lib_a-strncasecmp.o)
 .data          0x0000000000000000        0x0 g:/pi/gcc_linaro_7_1/bin/../aarch64-elf/libc/usr/lib\libc.a(lib_a-strncmp.o)
 .bss           0x0000000000000000        0x0 g:/pi/gcc_linaro_7_1/bin/../aarch64-elf/libc/usr/lib\libc.a(lib_a-strncmp.o)
 .debug_line    0x0000000000000000      0x12f g:/pi/gcc_linaro_7_1/bin/../aarch64-elf/libc/usr/lib\libc.a(lib_a-strncmp.o)
 .debug_info    0x0000000000000000      0x1c3 g:/pi/gcc_linaro_7_1/bin/../aarch64-elf/libc/usr/lib\libc.a(lib_a-strncmp.o)
 .debug_abbrev  0x0000000000000000       0x14 g:/pi/gcc_linaro_7_1/bin/../aarch64-elf/libc/usr/lib\libc.a(lib_a-strncmp.o)
 .debug_aranges
                0x0000000000000000       0x30 g:/pi/gcc_linaro_7_1/bin/../aarch64-elf/libc/usr/lib\libc.a(lib_a-strncmp.o)
 .data          0x0000000000000000        0x0 g:/pi/gcc_linaro_7_1/bin/../aarch64-elf/libc/usr/lib\libc.a(lib_a-strncpy.o)
 .bss           0x0000000000000000        0x0 g:/pi/gcc_linaro_7_1/bin/../aarch64-elf/libc/usr/lib\libc.a(lib_a-strncpy.o)
 .debug_info    0x0000000000000000      0x945 g:/pi/gcc_linaro_7_1/bin/../aarch64-elf/libc/usr/lib\libc.a(lib_a-strncpy.o)
 .debug_abbrev  0x0000000000000000      0x1ea g:/pi/gcc_linaro_7_1/bin/../aarch64-elf/libc/usr/lib\libc.a(lib_a-strncpy.o)
 .debug_loc     0x0000000000000000      0x300 g:/pi/gcc_linaro_7_1/bin/../aarch64-elf/libc/usr/lib\libc.a(lib_a-strncpy.o)
 .debug_aranges
                0x0000000000000000       0x30 g:/pi/gcc_linaro_7_1/bin/../aarch64-elf/libc/usr/lib\libc.a(lib_a-strncpy.o)
 .debug_line    0x0000000000000000      0x351 g:/pi/gcc_linaro_7_1/bin/../aarch64-elf/libc/usr/lib\libc.a(lib_a-strncpy.o)
 .debug_str     0x0000000000000000      0x681 g:/pi/gcc_linaro_7_1/bin/../aarch64-elf/libc/usr/lib\libc.a(lib_a-strncpy.o)
 .comment       0x0000000000000000       0x2e g:/pi/gcc_linaro_7_1/bin/../aarch64-elf/libc/usr/lib\libc.a(lib_a-strncpy.o)
 .debug_frame   0x0000000000000000       0x28 g:/pi/gcc_linaro_7_1/bin/../aarch64-elf/libc/usr/lib\libc.a(lib_a-strncpy.o)
 .data          0x0000000000000000        0x0 g:/pi/gcc_linaro_7_1/bin/../aarch64-elf/libc/usr/lib\libc.a(lib_a-strnlen.o)
 .bss           0x0000000000000000        0x0 g:/pi/gcc_linaro_7_1/bin/../aarch64-elf/libc/usr/lib\libc.a(lib_a-strnlen.o)
 .debug_line    0x0000000000000000      0x123 g:/pi/gcc_linaro_7_1/bin/../aarch64-elf/libc/usr/lib\libc.a(lib_a-strnlen.o)
 .debug_info    0x0000000000000000      0x1c3 g:/pi/gcc_linaro_7_1/bin/../aarch64-elf/libc/usr/lib\libc.a(lib_a-strnlen.o)
 .debug_abbrev  0x0000000000000000       0x14 g:/pi/gcc_linaro_7_1/bin/../aarch64-elf/libc/usr/lib\libc.a(lib_a-strnlen.o)
 .debug_aranges
                0x0000000000000000       0x30 g:/pi/gcc_linaro_7_1/bin/../aarch64-elf/libc/usr/lib\libc.a(lib_a-strnlen.o)
 .data          0x0000000000000000        0x0 g:/pi/gcc_linaro_7_1/bin/../aarch64-elf/libc/usr/lib\libc.a(lib_a-strtod.o)
 .bss           0x0000000000000000        0x0 g:/pi/gcc_linaro_7_1/bin/../aarch64-elf/libc/usr/lib\libc.a(lib_a-strtod.o)
 .debug_info    0x0000000000000000     0x1da4 g:/pi/gcc_linaro_7_1/bin/../aarch64-elf/libc/usr/lib\libc.a(lib_a-strtod.o)
 .debug_abbrev  0x0000000000000000      0x3f6 g:/pi/gcc_linaro_7_1/bin/../aarch64-elf/libc/usr/lib\libc.a(lib_a-strtod.o)
 .debug_loc     0x0000000000000000     0x3f75 g:/pi/gcc_linaro_7_1/bin/../aarch64-elf/libc/usr/lib\libc.a(lib_a-strtod.o)
 .debug_aranges
                0x0000000000000000       0x40 g:/pi/gcc_linaro_7_1/bin/../aarch64-elf/libc/usr/lib\libc.a(lib_a-strtod.o)
 .debug_ranges  0x0000000000000000      0x1b0 g:/pi/gcc_linaro_7_1/bin/../aarch64-elf/libc/usr/lib\libc.a(lib_a-strtod.o)
 .debug_line    0x0000000000000000      0x94f g:/pi/gcc_linaro_7_1/bin/../aarch64-elf/libc/usr/lib\libc.a(lib_a-strtod.o)
 .debug_str     0x0000000000000000      0xcf4 g:/pi/gcc_linaro_7_1/bin/../aarch64-elf/libc/usr/lib\libc.a(lib_a-strtod.o)
 .comment       0x0000000000000000       0x2e g:/pi/gcc_linaro_7_1/bin/../aarch64-elf/libc/usr/lib\libc.a(lib_a-strtod.o)
 .debug_frame   0x0000000000000000      0x330 g:/pi/gcc_linaro_7_1/bin/../aarch64-elf/libc/usr/lib\libc.a(lib_a-strtod.o)
 .data          0x0000000000000000        0x0 g:/pi/gcc_linaro_7_1/bin/../aarch64-elf/libc/usr/lib\libc.a(lib_a-strtol.o)
 .bss           0x0000000000000000        0x0 g:/pi/gcc_linaro_7_1/bin/../aarch64-elf/libc/usr/lib\libc.a(lib_a-strtol.o)
 .debug_info    0x0000000000000000     0x112c g:/pi/gcc_linaro_7_1/bin/../aarch64-elf/libc/usr/lib\libc.a(lib_a-strtol.o)
 .debug_abbrev  0x0000000000000000      0x2dc g:/pi/gcc_linaro_7_1/bin/../aarch64-elf/libc/usr/lib\libc.a(lib_a-strtol.o)
 .debug_loc     0x0000000000000000      0x977 g:/pi/gcc_linaro_7_1/bin/../aarch64-elf/libc/usr/lib\libc.a(lib_a-strtol.o)
 .debug_aranges
                0x0000000000000000       0x30 g:/pi/gcc_linaro_7_1/bin/../aarch64-elf/libc/usr/lib\libc.a(lib_a-strtol.o)
 .debug_ranges  0x0000000000000000       0x30 g:/pi/gcc_linaro_7_1/bin/../aarch64-elf/libc/usr/lib\libc.a(lib_a-strtol.o)
 .debug_line    0x0000000000000000      0x495 g:/pi/gcc_linaro_7_1/bin/../aarch64-elf/libc/usr/lib\libc.a(lib_a-strtol.o)
 .debug_str     0x0000000000000000      0xa23 g:/pi/gcc_linaro_7_1/bin/../aarch64-elf/libc/usr/lib\libc.a(lib_a-strtol.o)
 .comment       0x0000000000000000       0x2e g:/pi/gcc_linaro_7_1/bin/../aarch64-elf/libc/usr/lib\libc.a(lib_a-strtol.o)
 .debug_frame   0x0000000000000000       0xa0 g:/pi/gcc_linaro_7_1/bin/../aarch64-elf/libc/usr/lib\libc.a(lib_a-strtol.o)
 .data          0x0000000000000000        0x0 g:/pi/gcc_linaro_7_1/bin/../aarch64-elf/libc/usr/lib\libc.a(lib_a-strtold.o)
 .bss           0x0000000000000000        0x0 g:/pi/gcc_linaro_7_1/bin/../aarch64-elf/libc/usr/lib\libc.a(lib_a-strtold.o)
 .debug_info    0x0000000000000000     0x10b9 g:/pi/gcc_linaro_7_1/bin/../aarch64-elf/libc/usr/lib\libc.a(lib_a-strtold.o)
 .debug_abbrev  0x0000000000000000      0x282 g:/pi/gcc_linaro_7_1/bin/../aarch64-elf/libc/usr/lib\libc.a(lib_a-strtold.o)
 .debug_loc     0x0000000000000000      0x227 g:/pi/gcc_linaro_7_1/bin/../aarch64-elf/libc/usr/lib\libc.a(lib_a-strtold.o)
 .debug_aranges
                0x0000000000000000       0x30 g:/pi/gcc_linaro_7_1/bin/../aarch64-elf/libc/usr/lib\libc.a(lib_a-strtold.o)
 .debug_ranges  0x0000000000000000       0x70 g:/pi/gcc_linaro_7_1/bin/../aarch64-elf/libc/usr/lib\libc.a(lib_a-strtold.o)
 .debug_line    0x0000000000000000      0x488 g:/pi/gcc_linaro_7_1/bin/../aarch64-elf/libc/usr/lib\libc.a(lib_a-strtold.o)
 .debug_str     0x0000000000000000      0xaa7 g:/pi/gcc_linaro_7_1/bin/../aarch64-elf/libc/usr/lib\libc.a(lib_a-strtold.o)
 .comment       0x0000000000000000       0x2e g:/pi/gcc_linaro_7_1/bin/../aarch64-elf/libc/usr/lib\libc.a(lib_a-strtold.o)
 .debug_frame   0x0000000000000000       0x88 g:/pi/gcc_linaro_7_1/bin/../aarch64-elf/libc/usr/lib\libc.a(lib_a-strtold.o)
 .data          0x0000000000000000        0x0 g:/pi/gcc_linaro_7_1/bin/../aarch64-elf/libc/usr/lib\libc.a(lib_a-strtoll.o)
 .bss           0x0000000000000000        0x0 g:/pi/gcc_linaro_7_1/bin/../aarch64-elf/libc/usr/lib\libc.a(lib_a-strtoll.o)
 .debug_info    0x0000000000000000     0x112e g:/pi/gcc_linaro_7_1/bin/../aarch64-elf/libc/usr/lib\libc.a(lib_a-strtoll.o)
 .debug_abbrev  0x0000000000000000      0x2f8 g:/pi/gcc_linaro_7_1/bin/../aarch64-elf/libc/usr/lib\libc.a(lib_a-strtoll.o)
 .debug_loc     0x0000000000000000      0x977 g:/pi/gcc_linaro_7_1/bin/../aarch64-elf/libc/usr/lib\libc.a(lib_a-strtoll.o)
 .debug_aranges
                0x0000000000000000       0x30 g:/pi/gcc_linaro_7_1/bin/../aarch64-elf/libc/usr/lib\libc.a(lib_a-strtoll.o)
 .debug_ranges  0x0000000000000000       0x30 g:/pi/gcc_linaro_7_1/bin/../aarch64-elf/libc/usr/lib\libc.a(lib_a-strtoll.o)
 .debug_line    0x0000000000000000      0x496 g:/pi/gcc_linaro_7_1/bin/../aarch64-elf/libc/usr/lib\libc.a(lib_a-strtoll.o)
 .debug_str     0x0000000000000000      0xa28 g:/pi/gcc_linaro_7_1/bin/../aarch64-elf/libc/usr/lib\libc.a(lib_a-strtoll.o)
 .comment       0x0000000000000000       0x2e g:/pi/gcc_linaro_7_1/bin/../aarch64-elf/libc/usr/lib\libc.a(lib_a-strtoll.o)
 .debug_frame   0x0000000000000000       0xa0 g:/pi/gcc_linaro_7_1/bin/../aarch64-elf/libc/usr/lib\libc.a(lib_a-strtoll.o)
 .bss           0x0000000000000000        0x0 g:/pi/gcc_linaro_7_1/bin/../aarch64-elf/libc/usr/lib\libc.a(lib_a-strtorx.o)
 .debug_info    0x0000000000000000     0x1131 g:/pi/gcc_linaro_7_1/bin/../aarch64-elf/libc/usr/lib\libc.a(lib_a-strtorx.o)
 .debug_abbrev  0x0000000000000000      0x2cb g:/pi/gcc_linaro_7_1/bin/../aarch64-elf/libc/usr/lib\libc.a(lib_a-strtorx.o)
 .debug_loc     0x0000000000000000      0x3d2 g:/pi/gcc_linaro_7_1/bin/../aarch64-elf/libc/usr/lib\libc.a(lib_a-strtorx.o)
 .debug_aranges
                0x0000000000000000       0x30 g:/pi/gcc_linaro_7_1/bin/../aarch64-elf/libc/usr/lib\libc.a(lib_a-strtorx.o)
 .debug_line    0x0000000000000000      0x537 g:/pi/gcc_linaro_7_1/bin/../aarch64-elf/libc/usr/lib\libc.a(lib_a-strtorx.o)
 .debug_str     0x0000000000000000      0xba2 g:/pi/gcc_linaro_7_1/bin/../aarch64-elf/libc/usr/lib\libc.a(lib_a-strtorx.o)
 .comment       0x0000000000000000       0x2e g:/pi/gcc_linaro_7_1/bin/../aarch64-elf/libc/usr/lib\libc.a(lib_a-strtorx.o)
 .debug_frame   0x0000000000000000       0x58 g:/pi/gcc_linaro_7_1/bin/../aarch64-elf/libc/usr/lib\libc.a(lib_a-strtorx.o)
 .data          0x0000000000000000        0x0 g:/pi/gcc_linaro_7_1/bin/../aarch64-elf/libc/usr/lib\libc.a(lib_a-strtoul.o)
 .bss           0x0000000000000000        0x0 g:/pi/gcc_linaro_7_1/bin/../aarch64-elf/libc/usr/lib\libc.a(lib_a-strtoul.o)
 .debug_info    0x0000000000000000     0x112c g:/pi/gcc_linaro_7_1/bin/../aarch64-elf/libc/usr/lib\libc.a(lib_a-strtoul.o)
 .debug_abbrev  0x0000000000000000      0x2dc g:/pi/gcc_linaro_7_1/bin/../aarch64-elf/libc/usr/lib\libc.a(lib_a-strtoul.o)
 .debug_loc     0x0000000000000000      0x88e g:/pi/gcc_linaro_7_1/bin/../aarch64-elf/libc/usr/lib\libc.a(lib_a-strtoul.o)
 .debug_aranges
                0x0000000000000000       0x30 g:/pi/gcc_linaro_7_1/bin/../aarch64-elf/libc/usr/lib\libc.a(lib_a-strtoul.o)
 .debug_ranges  0x0000000000000000       0x30 g:/pi/gcc_linaro_7_1/bin/../aarch64-elf/libc/usr/lib\libc.a(lib_a-strtoul.o)
 .debug_line    0x0000000000000000      0x48c g:/pi/gcc_linaro_7_1/bin/../aarch64-elf/libc/usr/lib\libc.a(lib_a-strtoul.o)
 .debug_str     0x0000000000000000      0xa28 g:/pi/gcc_linaro_7_1/bin/../aarch64-elf/libc/usr/lib\libc.a(lib_a-strtoul.o)
 .comment       0x0000000000000000       0x2e g:/pi/gcc_linaro_7_1/bin/../aarch64-elf/libc/usr/lib\libc.a(lib_a-strtoul.o)
 .debug_frame   0x0000000000000000       0xa0 g:/pi/gcc_linaro_7_1/bin/../aarch64-elf/libc/usr/lib\libc.a(lib_a-strtoul.o)
 .data          0x0000000000000000        0x0 g:/pi/gcc_linaro_7_1/bin/../aarch64-elf/libc/usr/lib\libc.a(lib_a-strtoull.o)
 .bss           0x0000000000000000        0x0 g:/pi/gcc_linaro_7_1/bin/../aarch64-elf/libc/usr/lib\libc.a(lib_a-strtoull.o)
 .debug_info    0x0000000000000000     0x112e g:/pi/gcc_linaro_7_1/bin/../aarch64-elf/libc/usr/lib\libc.a(lib_a-strtoull.o)
 .debug_abbrev  0x0000000000000000      0x2f8 g:/pi/gcc_linaro_7_1/bin/../aarch64-elf/libc/usr/lib\libc.a(lib_a-strtoull.o)
 .debug_loc     0x0000000000000000      0x88e g:/pi/gcc_linaro_7_1/bin/../aarch64-elf/libc/usr/lib\libc.a(lib_a-strtoull.o)
 .debug_aranges
                0x0000000000000000       0x30 g:/pi/gcc_linaro_7_1/bin/../aarch64-elf/libc/usr/lib\libc.a(lib_a-strtoull.o)
 .debug_ranges  0x0000000000000000       0x30 g:/pi/gcc_linaro_7_1/bin/../aarch64-elf/libc/usr/lib\libc.a(lib_a-strtoull.o)
 .debug_line    0x0000000000000000      0x48d g:/pi/gcc_linaro_7_1/bin/../aarch64-elf/libc/usr/lib\libc.a(lib_a-strtoull.o)
 .debug_str     0x0000000000000000      0xa2d g:/pi/gcc_linaro_7_1/bin/../aarch64-elf/libc/usr/lib\libc.a(lib_a-strtoull.o)
 .comment       0x0000000000000000       0x2e g:/pi/gcc_linaro_7_1/bin/../aarch64-elf/libc/usr/lib\libc.a(lib_a-strtoull.o)
 .debug_frame   0x0000000000000000       0xa0 g:/pi/gcc_linaro_7_1/bin/../aarch64-elf/libc/usr/lib\libc.a(lib_a-strtoull.o)
 .data          0x0000000000000000        0x0 g:/pi/gcc_linaro_7_1/bin/../aarch64-elf/libc/usr/lib\libc.a(lib_a-wcscpy.o)
 .bss           0x0000000000000000        0x0 g:/pi/gcc_linaro_7_1/bin/../aarch64-elf/libc/usr/lib\libc.a(lib_a-wcscpy.o)
 .debug_info    0x0000000000000000      0x913 g:/pi/gcc_linaro_7_1/bin/../aarch64-elf/libc/usr/lib\libc.a(lib_a-wcscpy.o)
 .debug_abbrev  0x0000000000000000      0x1db g:/pi/gcc_linaro_7_1/bin/../aarch64-elf/libc/usr/lib\libc.a(lib_a-wcscpy.o)
 .debug_loc     0x0000000000000000       0xa7 g:/pi/gcc_linaro_7_1/bin/../aarch64-elf/libc/usr/lib\libc.a(lib_a-wcscpy.o)
 .debug_aranges
                0x0000000000000000       0x30 g:/pi/gcc_linaro_7_1/bin/../aarch64-elf/libc/usr/lib\libc.a(lib_a-wcscpy.o)
 .debug_line    0x0000000000000000      0x332 g:/pi/gcc_linaro_7_1/bin/../aarch64-elf/libc/usr/lib\libc.a(lib_a-wcscpy.o)
 .debug_str     0x0000000000000000      0x658 g:/pi/gcc_linaro_7_1/bin/../aarch64-elf/libc/usr/lib\libc.a(lib_a-wcscpy.o)
 .comment       0x0000000000000000       0x2e g:/pi/gcc_linaro_7_1/bin/../aarch64-elf/libc/usr/lib\libc.a(lib_a-wcscpy.o)
 .debug_frame   0x0000000000000000       0x28 g:/pi/gcc_linaro_7_1/bin/../aarch64-elf/libc/usr/lib\libc.a(lib_a-wcscpy.o)
 .data          0x0000000000000000        0x0 g:/pi/gcc_linaro_7_1/bin/../aarch64-elf/libc/usr/lib\libc.a(lib_a-wctob.o)
 .bss           0x0000000000000000        0x0 g:/pi/gcc_linaro_7_1/bin/../aarch64-elf/libc/usr/lib\libc.a(lib_a-wctob.o)
 .debug_info    0x0000000000000000      0xedf g:/pi/gcc_linaro_7_1/bin/../aarch64-elf/libc/usr/lib\libc.a(lib_a-wctob.o)
 .debug_abbrev  0x0000000000000000      0x254 g:/pi/gcc_linaro_7_1/bin/../aarch64-elf/libc/usr/lib\libc.a(lib_a-wctob.o)
 .debug_loc     0x0000000000000000       0xbe g:/pi/gcc_linaro_7_1/bin/../aarch64-elf/libc/usr/lib\libc.a(lib_a-wctob.o)
 .debug_aranges
                0x0000000000000000       0x30 g:/pi/gcc_linaro_7_1/bin/../aarch64-elf/libc/usr/lib\libc.a(lib_a-wctob.o)
 .debug_ranges  0x0000000000000000       0x30 g:/pi/gcc_linaro_7_1/bin/../aarch64-elf/libc/usr/lib\libc.a(lib_a-wctob.o)
 .debug_line    0x0000000000000000      0x44a g:/pi/gcc_linaro_7_1/bin/../aarch64-elf/libc/usr/lib\libc.a(lib_a-wctob.o)
 .debug_str     0x0000000000000000      0x9ca g:/pi/gcc_linaro_7_1/bin/../aarch64-elf/libc/usr/lib\libc.a(lib_a-wctob.o)
 .comment       0x0000000000000000       0x2e g:/pi/gcc_linaro_7_1/bin/../aarch64-elf/libc/usr/lib\libc.a(lib_a-wctob.o)
 .debug_frame   0x0000000000000000       0x48 g:/pi/gcc_linaro_7_1/bin/../aarch64-elf/libc/usr/lib\libc.a(lib_a-wctob.o)
 .data          0x0000000000000000        0x0 g:/pi/gcc_linaro_7_1/bin/../aarch64-elf/libc/usr/lib\libc.a(lib_a-wctomb_r.o)
 .bss           0x0000000000000000        0x0 g:/pi/gcc_linaro_7_1/bin/../aarch64-elf/libc/usr/lib\libc.a(lib_a-wctomb_r.o)
 .debug_info    0x0000000000000000     0x1172 g:/pi/gcc_linaro_7_1/bin/../aarch64-elf/libc/usr/lib\libc.a(lib_a-wctomb_r.o)
 .debug_abbrev  0x0000000000000000      0x28c g:/pi/gcc_linaro_7_1/bin/../aarch64-elf/libc/usr/lib\libc.a(lib_a-wctomb_r.o)
 .debug_loc     0x0000000000000000      0xb0a g:/pi/gcc_linaro_7_1/bin/../aarch64-elf/libc/usr/lib\libc.a(lib_a-wctomb_r.o)
 .debug_aranges
                0x0000000000000000       0x30 g:/pi/gcc_linaro_7_1/bin/../aarch64-elf/libc/usr/lib\libc.a(lib_a-wctomb_r.o)
 .debug_line    0x0000000000000000      0x4f4 g:/pi/gcc_linaro_7_1/bin/../aarch64-elf/libc/usr/lib\libc.a(lib_a-wctomb_r.o)
 .debug_str     0x0000000000000000      0xa41 g:/pi/gcc_linaro_7_1/bin/../aarch64-elf/libc/usr/lib\libc.a(lib_a-wctomb_r.o)
 .comment       0x0000000000000000       0x2e g:/pi/gcc_linaro_7_1/bin/../aarch64-elf/libc/usr/lib\libc.a(lib_a-wctomb_r.o)
 .debug_frame   0x0000000000000000       0xa0 g:/pi/gcc_linaro_7_1/bin/../aarch64-elf/libc/usr/lib\libc.a(lib_a-wctomb_r.o)
 .data          0x0000000000000000        0x0 g:/pi/gcc_linaro_7_1/bin/../aarch64-elf/libc/usr/lib\libc.a(lib_a-ctype_.o)
 .bss           0x0000000000000000        0x0 g:/pi/gcc_linaro_7_1/bin/../aarch64-elf/libc/usr/lib\libc.a(lib_a-ctype_.o)
 .debug_info    0x0000000000000000      0xe29 g:/pi/gcc_linaro_7_1/bin/../aarch64-elf/libc/usr/lib\libc.a(lib_a-ctype_.o)
 .debug_abbrev  0x0000000000000000      0x1f5 g:/pi/gcc_linaro_7_1/bin/../aarch64-elf/libc/usr/lib\libc.a(lib_a-ctype_.o)
 .debug_loc     0x0000000000000000       0x39 g:/pi/gcc_linaro_7_1/bin/../aarch64-elf/libc/usr/lib\libc.a(lib_a-ctype_.o)
 .debug_aranges
                0x0000000000000000       0x30 g:/pi/gcc_linaro_7_1/bin/../aarch64-elf/libc/usr/lib\libc.a(lib_a-ctype_.o)
 .debug_line    0x0000000000000000      0x40e g:/pi/gcc_linaro_7_1/bin/../aarch64-elf/libc/usr/lib\libc.a(lib_a-ctype_.o)
 .debug_str     0x0000000000000000      0x97f g:/pi/gcc_linaro_7_1/bin/../aarch64-elf/libc/usr/lib\libc.a(lib_a-ctype_.o)
 .comment       0x0000000000000000       0x2e g:/pi/gcc_linaro_7_1/bin/../aarch64-elf/libc/usr/lib\libc.a(lib_a-ctype_.o)
 .debug_frame   0x0000000000000000       0x28 g:/pi/gcc_linaro_7_1/bin/../aarch64-elf/libc/usr/lib\libc.a(lib_a-ctype_.o)
 .data          0x0000000000000000        0x0 g:/pi/gcc_linaro_7_1/bin/../aarch64-elf/libc/usr/lib\libc.a(lib_a-gdtoa-gethex.o)
 .bss           0x0000000000000000        0x0 g:/pi/gcc_linaro_7_1/bin/../aarch64-elf/libc/usr/lib\libc.a(lib_a-gdtoa-gethex.o)
 .debug_info    0x0000000000000000     0x1566 g:/pi/gcc_linaro_7_1/bin/../aarch64-elf/libc/usr/lib\libc.a(lib_a-gdtoa-gethex.o)
 .debug_abbrev  0x0000000000000000      0x347 g:/pi/gcc_linaro_7_1/bin/../aarch64-elf/libc/usr/lib\libc.a(lib_a-gdtoa-gethex.o)
 .debug_loc     0x0000000000000000     0x1c16 g:/pi/gcc_linaro_7_1/bin/../aarch64-elf/libc/usr/lib\libc.a(lib_a-gdtoa-gethex.o)
 .debug_aranges
                0x0000000000000000       0x30 g:/pi/gcc_linaro_7_1/bin/../aarch64-elf/libc/usr/lib\libc.a(lib_a-gdtoa-gethex.o)
 .debug_ranges  0x0000000000000000       0x40 g:/pi/gcc_linaro_7_1/bin/../aarch64-elf/libc/usr/lib\libc.a(lib_a-gdtoa-gethex.o)
 .debug_line    0x0000000000000000      0x695 g:/pi/gcc_linaro_7_1/bin/../aarch64-elf/libc/usr/lib\libc.a(lib_a-gdtoa-gethex.o)
 .debug_str     0x0000000000000000      0xc2b g:/pi/gcc_linaro_7_1/bin/../aarch64-elf/libc/usr/lib\libc.a(lib_a-gdtoa-gethex.o)
 .comment       0x0000000000000000       0x2e g:/pi/gcc_linaro_7_1/bin/../aarch64-elf/libc/usr/lib\libc.a(lib_a-gdtoa-gethex.o)
 .debug_frame   0x0000000000000000       0x88 g:/pi/gcc_linaro_7_1/bin/../aarch64-elf/libc/usr/lib\libc.a(lib_a-gdtoa-gethex.o)
 .data          0x0000000000000000        0x0 g:/pi/gcc_linaro_7_1/bin/../aarch64-elf/libc/usr/lib\libc.a(lib_a-gdtoa-hexnan.o)
 .bss           0x0000000000000000        0x0 g:/pi/gcc_linaro_7_1/bin/../aarch64-elf/libc/usr/lib\libc.a(lib_a-gdtoa-hexnan.o)
 .debug_info    0x0000000000000000     0x1141 g:/pi/gcc_linaro_7_1/bin/../aarch64-elf/libc/usr/lib\libc.a(lib_a-gdtoa-hexnan.o)
 .debug_abbrev  0x0000000000000000      0x2d8 g:/pi/gcc_linaro_7_1/bin/../aarch64-elf/libc/usr/lib\libc.a(lib_a-gdtoa-hexnan.o)
 .debug_loc     0x0000000000000000      0x92d g:/pi/gcc_linaro_7_1/bin/../aarch64-elf/libc/usr/lib\libc.a(lib_a-gdtoa-hexnan.o)
 .debug_aranges
                0x0000000000000000       0x30 g:/pi/gcc_linaro_7_1/bin/../aarch64-elf/libc/usr/lib\libc.a(lib_a-gdtoa-hexnan.o)
 .debug_ranges  0x0000000000000000       0x40 g:/pi/gcc_linaro_7_1/bin/../aarch64-elf/libc/usr/lib\libc.a(lib_a-gdtoa-hexnan.o)
 .debug_line    0x0000000000000000      0x4c3 g:/pi/gcc_linaro_7_1/bin/../aarch64-elf/libc/usr/lib\libc.a(lib_a-gdtoa-hexnan.o)
 .debug_str     0x0000000000000000      0xb36 g:/pi/gcc_linaro_7_1/bin/../aarch64-elf/libc/usr/lib\libc.a(lib_a-gdtoa-hexnan.o)
 .comment       0x0000000000000000       0x2e g:/pi/gcc_linaro_7_1/bin/../aarch64-elf/libc/usr/lib\libc.a(lib_a-gdtoa-hexnan.o)
 .debug_frame   0x0000000000000000       0x40 g:/pi/gcc_linaro_7_1/bin/../aarch64-elf/libc/usr/lib\libc.a(lib_a-gdtoa-hexnan.o)
 .data          0x0000000000000000        0x0 g:/pi/gcc_linaro_7_1/bin/../aarch64-elf/libc/usr/lib\libc.a(lib_a-getenv_r.o)
 .bss           0x0000000000000000        0x0 g:/pi/gcc_linaro_7_1/bin/../aarch64-elf/libc/usr/lib\libc.a(lib_a-getenv_r.o)
 .debug_info    0x0000000000000000      0xa34 g:/pi/gcc_linaro_7_1/bin/../aarch64-elf/libc/usr/lib\libc.a(lib_a-getenv_r.o)
 .debug_abbrev  0x0000000000000000      0x227 g:/pi/gcc_linaro_7_1/bin/../aarch64-elf/libc/usr/lib\libc.a(lib_a-getenv_r.o)
 .debug_loc     0x0000000000000000      0x30f g:/pi/gcc_linaro_7_1/bin/../aarch64-elf/libc/usr/lib\libc.a(lib_a-getenv_r.o)
 .debug_aranges
                0x0000000000000000       0x30 g:/pi/gcc_linaro_7_1/bin/../aarch64-elf/libc/usr/lib\libc.a(lib_a-getenv_r.o)
 .debug_line    0x0000000000000000      0x378 g:/pi/gcc_linaro_7_1/bin/../aarch64-elf/libc/usr/lib\libc.a(lib_a-getenv_r.o)
 .debug_str     0x0000000000000000      0x6b2 g:/pi/gcc_linaro_7_1/bin/../aarch64-elf/libc/usr/lib\libc.a(lib_a-getenv_r.o)
 .comment       0x0000000000000000       0x2e g:/pi/gcc_linaro_7_1/bin/../aarch64-elf/libc/usr/lib\libc.a(lib_a-getenv_r.o)
 .debug_frame   0x0000000000000000       0xb8 g:/pi/gcc_linaro_7_1/bin/../aarch64-elf/libc/usr/lib\libc.a(lib_a-getenv_r.o)
 .text          0x0000000000000000        0x0 g:/pi/gcc_linaro_7_1/bin/../aarch64-elf/libc/usr/lib\libc.a(lib_a-impure.o)
 .bss           0x0000000000000000        0x0 g:/pi/gcc_linaro_7_1/bin/../aarch64-elf/libc/usr/lib\libc.a(lib_a-impure.o)
 .rodata        0x0000000000000000        0x8 g:/pi/gcc_linaro_7_1/bin/../aarch64-elf/libc/usr/lib\libc.a(lib_a-impure.o)
 .debug_info    0x0000000000000000      0x8b9 g:/pi/gcc_linaro_7_1/bin/../aarch64-elf/libc/usr/lib\libc.a(lib_a-impure.o)
 .debug_abbrev  0x0000000000000000      0x19f g:/pi/gcc_linaro_7_1/bin/../aarch64-elf/libc/usr/lib\libc.a(lib_a-impure.o)
 .debug_aranges
                0x0000000000000000       0x20 g:/pi/gcc_linaro_7_1/bin/../aarch64-elf/libc/usr/lib\libc.a(lib_a-impure.o)
 .debug_line    0x0000000000000000      0x265 g:/pi/gcc_linaro_7_1/bin/../aarch64-elf/libc/usr/lib\libc.a(lib_a-impure.o)
 .debug_str     0x0000000000000000      0x653 g:/pi/gcc_linaro_7_1/bin/../aarch64-elf/libc/usr/lib\libc.a(lib_a-impure.o)
 .comment       0x0000000000000000       0x2e g:/pi/gcc_linaro_7_1/bin/../aarch64-elf/libc/usr/lib\libc.a(lib_a-impure.o)
 .data          0x0000000000000000        0x0 g:/pi/gcc_linaro_7_1/bin/../aarch64-elf/libc/usr/lib\libc.a(lib_a-localeconv.o)
 .bss           0x0000000000000000        0x0 g:/pi/gcc_linaro_7_1/bin/../aarch64-elf/libc/usr/lib\libc.a(lib_a-localeconv.o)
 .debug_info    0x0000000000000000      0xed4 g:/pi/gcc_linaro_7_1/bin/../aarch64-elf/libc/usr/lib\libc.a(lib_a-localeconv.o)
 .debug_abbrev  0x0000000000000000      0x262 g:/pi/gcc_linaro_7_1/bin/../aarch64-elf/libc/usr/lib\libc.a(lib_a-localeconv.o)
 .debug_loc     0x0000000000000000       0xab g:/pi/gcc_linaro_7_1/bin/../aarch64-elf/libc/usr/lib\libc.a(lib_a-localeconv.o)
 .debug_aranges
                0x0000000000000000       0x30 g:/pi/gcc_linaro_7_1/bin/../aarch64-elf/libc/usr/lib\libc.a(lib_a-localeconv.o)
 .debug_line    0x0000000000000000      0x370 g:/pi/gcc_linaro_7_1/bin/../aarch64-elf/libc/usr/lib\libc.a(lib_a-localeconv.o)
 .debug_str     0x0000000000000000      0x9f0 g:/pi/gcc_linaro_7_1/bin/../aarch64-elf/libc/usr/lib\libc.a(lib_a-localeconv.o)
 .comment       0x0000000000000000       0x2e g:/pi/gcc_linaro_7_1/bin/../aarch64-elf/libc/usr/lib\libc.a(lib_a-localeconv.o)
 .debug_frame   0x0000000000000000       0x58 g:/pi/gcc_linaro_7_1/bin/../aarch64-elf/libc/usr/lib\libc.a(lib_a-localeconv.o)
 .data          0x0000000000000000        0x0 g:/pi/gcc_linaro_7_1/bin/../aarch64-elf/libc/usr/lib\libc.a(lib_a-memcpy.o)
 .bss           0x0000000000000000        0x0 g:/pi/gcc_linaro_7_1/bin/../aarch64-elf/libc/usr/lib\libc.a(lib_a-memcpy.o)
 .debug_line    0x0000000000000000      0x144 g:/pi/gcc_linaro_7_1/bin/../aarch64-elf/libc/usr/lib\libc.a(lib_a-memcpy.o)
 .debug_info    0x0000000000000000      0x1c2 g:/pi/gcc_linaro_7_1/bin/../aarch64-elf/libc/usr/lib\libc.a(lib_a-memcpy.o)
 .debug_abbrev  0x0000000000000000       0x14 g:/pi/gcc_linaro_7_1/bin/../aarch64-elf/libc/usr/lib\libc.a(lib_a-memcpy.o)
 .debug_aranges
                0x0000000000000000       0x30 g:/pi/gcc_linaro_7_1/bin/../aarch64-elf/libc/usr/lib\libc.a(lib_a-memcpy.o)
 .data          0x0000000000000000        0x0 g:/pi/gcc_linaro_7_1/bin/../aarch64-elf/libc/usr/lib\libc.a(lib_a-memset.o)
 .bss           0x0000000000000000        0x0 g:/pi/gcc_linaro_7_1/bin/../aarch64-elf/libc/usr/lib\libc.a(lib_a-memset.o)
 .debug_line    0x0000000000000000      0x15e g:/pi/gcc_linaro_7_1/bin/../aarch64-elf/libc/usr/lib\libc.a(lib_a-memset.o)
 .debug_info    0x0000000000000000      0x1c2 g:/pi/gcc_linaro_7_1/bin/../aarch64-elf/libc/usr/lib\libc.a(lib_a-memset.o)
 .debug_abbrev  0x0000000000000000       0x14 g:/pi/gcc_linaro_7_1/bin/../aarch64-elf/libc/usr/lib\libc.a(lib_a-memset.o)
 .debug_aranges
                0x0000000000000000       0x30 g:/pi/gcc_linaro_7_1/bin/../aarch64-elf/libc/usr/lib\libc.a(lib_a-memset.o)
 .data          0x0000000000000000        0x0 g:/pi/gcc_linaro_7_1/bin/../aarch64-elf/libc/usr/lib\libc.a(lib_a-mprec.o)
 .bss           0x0000000000000000        0x0 g:/pi/gcc_linaro_7_1/bin/../aarch64-elf/libc/usr/lib\libc.a(lib_a-mprec.o)
 .debug_info    0x0000000000000000     0x1d7b g:/pi/gcc_linaro_7_1/bin/../aarch64-elf/libc/usr/lib\libc.a(lib_a-mprec.o)
 .debug_abbrev  0x0000000000000000      0x3c3 g:/pi/gcc_linaro_7_1/bin/../aarch64-elf/libc/usr/lib\libc.a(lib_a-mprec.o)
 .debug_loc     0x0000000000000000     0x2f83 g:/pi/gcc_linaro_7_1/bin/../aarch64-elf/libc/usr/lib\libc.a(lib_a-mprec.o)
 .debug_aranges
                0x0000000000000000       0x30 g:/pi/gcc_linaro_7_1/bin/../aarch64-elf/libc/usr/lib\libc.a(lib_a-mprec.o)
 .debug_ranges  0x0000000000000000      0x110 g:/pi/gcc_linaro_7_1/bin/../aarch64-elf/libc/usr/lib\libc.a(lib_a-mprec.o)
 .debug_line    0x0000000000000000      0x8ee g:/pi/gcc_linaro_7_1/bin/../aarch64-elf/libc/usr/lib\libc.a(lib_a-mprec.o)
 .debug_str     0x0000000000000000      0xb02 g:/pi/gcc_linaro_7_1/bin/../aarch64-elf/libc/usr/lib\libc.a(lib_a-mprec.o)
 .comment       0x0000000000000000       0x2e g:/pi/gcc_linaro_7_1/bin/../aarch64-elf/libc/usr/lib\libc.a(lib_a-mprec.o)
 .debug_frame   0x0000000000000000      0x3b0 g:/pi/gcc_linaro_7_1/bin/../aarch64-elf/libc/usr/lib\libc.a(lib_a-mprec.o)
 .data          0x0000000000000000        0x0 g:/pi/gcc_linaro_7_1/bin/../aarch64-elf/libc/usr/lib\libc.a(lib_a-sf_nan.o)
 .bss           0x0000000000000000        0x0 g:/pi/gcc_linaro_7_1/bin/../aarch64-elf/libc/usr/lib\libc.a(lib_a-sf_nan.o)
 .debug_info    0x0000000000000000      0x915 g:/pi/gcc_linaro_7_1/bin/../aarch64-elf/libc/usr/lib\libc.a(lib_a-sf_nan.o)
 .debug_abbrev  0x0000000000000000      0x1e8 g:/pi/gcc_linaro_7_1/bin/../aarch64-elf/libc/usr/lib\libc.a(lib_a-sf_nan.o)
 .debug_aranges
                0x0000000000000000       0x30 g:/pi/gcc_linaro_7_1/bin/../aarch64-elf/libc/usr/lib\libc.a(lib_a-sf_nan.o)
 .debug_line    0x0000000000000000      0x32a g:/pi/gcc_linaro_7_1/bin/../aarch64-elf/libc/usr/lib\libc.a(lib_a-sf_nan.o)
 .debug_str     0x0000000000000000      0x6bd g:/pi/gcc_linaro_7_1/bin/../aarch64-elf/libc/usr/lib\libc.a(lib_a-sf_nan.o)
 .comment       0x0000000000000000       0x2e g:/pi/gcc_linaro_7_1/bin/../aarch64-elf/libc/usr/lib\libc.a(lib_a-sf_nan.o)
 .debug_frame   0x0000000000000000       0x28 g:/pi/gcc_linaro_7_1/bin/../aarch64-elf/libc/usr/lib\libc.a(lib_a-sf_nan.o)
 .data          0x0000000000000000        0x0 g:/pi/gcc_linaro_7_1/bin/../aarch64-elf/libc/usr/lib\libc.a(lib_a-strtodg.o)
 .bss           0x0000000000000000        0x0 g:/pi/gcc_linaro_7_1/bin/../aarch64-elf/libc/usr/lib\libc.a(lib_a-strtodg.o)
 .debug_info    0x0000000000000000     0x27b3 g:/pi/gcc_linaro_7_1/bin/../aarch64-elf/libc/usr/lib\libc.a(lib_a-strtodg.o)
 .debug_abbrev  0x0000000000000000      0x46f g:/pi/gcc_linaro_7_1/bin/../aarch64-elf/libc/usr/lib\libc.a(lib_a-strtodg.o)
 .debug_loc     0x0000000000000000     0x6a27 g:/pi/gcc_linaro_7_1/bin/../aarch64-elf/libc/usr/lib\libc.a(lib_a-strtodg.o)
 .debug_aranges
                0x0000000000000000       0x30 g:/pi/gcc_linaro_7_1/bin/../aarch64-elf/libc/usr/lib\libc.a(lib_a-strtodg.o)
 .debug_ranges  0x0000000000000000      0x110 g:/pi/gcc_linaro_7_1/bin/../aarch64-elf/libc/usr/lib\libc.a(lib_a-strtodg.o)
 .debug_line    0x0000000000000000      0xb8e g:/pi/gcc_linaro_7_1/bin/../aarch64-elf/libc/usr/lib\libc.a(lib_a-strtodg.o)
 .debug_str     0x0000000000000000      0xd5b g:/pi/gcc_linaro_7_1/bin/../aarch64-elf/libc/usr/lib\libc.a(lib_a-strtodg.o)
 .comment       0x0000000000000000       0x2e g:/pi/gcc_linaro_7_1/bin/../aarch64-elf/libc/usr/lib\libc.a(lib_a-strtodg.o)
 .debug_frame   0x0000000000000000      0x328 g:/pi/gcc_linaro_7_1/bin/../aarch64-elf/libc/usr/lib\libc.a(lib_a-strtodg.o)
 .data          0x0000000000000000        0x0 g:/pi/gcc_linaro_7_1/bin/../aarch64-elf/libc/usr/lib\libc.a(lib_a-callocr.o)
 .bss           0x0000000000000000        0x0 g:/pi/gcc_linaro_7_1/bin/../aarch64-elf/libc/usr/lib\libc.a(lib_a-callocr.o)
 .debug_info    0x0000000000000000      0xb85 g:/pi/gcc_linaro_7_1/bin/../aarch64-elf/libc/usr/lib\libc.a(lib_a-callocr.o)
 .debug_abbrev  0x0000000000000000      0x24d g:/pi/gcc_linaro_7_1/bin/../aarch64-elf/libc/usr/lib\libc.a(lib_a-callocr.o)
 .debug_loc     0x0000000000000000      0x323 g:/pi/gcc_linaro_7_1/bin/../aarch64-elf/libc/usr/lib\libc.a(lib_a-callocr.o)
 .debug_aranges
                0x0000000000000000       0x30 g:/pi/gcc_linaro_7_1/bin/../aarch64-elf/libc/usr/lib\libc.a(lib_a-callocr.o)
 .debug_ranges  0x0000000000000000       0x30 g:/pi/gcc_linaro_7_1/bin/../aarch64-elf/libc/usr/lib\libc.a(lib_a-callocr.o)
 .debug_line    0x0000000000000000      0x2c8 g:/pi/gcc_linaro_7_1/bin/../aarch64-elf/libc/usr/lib\libc.a(lib_a-callocr.o)
 .debug_str     0x0000000000000000      0x7df g:/pi/gcc_linaro_7_1/bin/../aarch64-elf/libc/usr/lib\libc.a(lib_a-callocr.o)
 .comment       0x0000000000000000       0x2e g:/pi/gcc_linaro_7_1/bin/../aarch64-elf/libc/usr/lib\libc.a(lib_a-callocr.o)
 .debug_frame   0x0000000000000000       0x48 g:/pi/gcc_linaro_7_1/bin/../aarch64-elf/libc/usr/lib\libc.a(lib_a-callocr.o)
 .text          0x0000000000000000        0x0 g:/pi/gcc_linaro_7_1/bin/../aarch64-elf/libc/usr/lib\libc.a(lib_a-environ.o)
 .debug_info    0x0000000000000000       0x72 g:/pi/gcc_linaro_7_1/bin/../aarch64-elf/libc/usr/lib\libc.a(lib_a-environ.o)
 .debug_abbrev  0x0000000000000000       0x56 g:/pi/gcc_linaro_7_1/bin/../aarch64-elf/libc/usr/lib\libc.a(lib_a-environ.o)
 .debug_aranges
                0x0000000000000000       0x20 g:/pi/gcc_linaro_7_1/bin/../aarch64-elf/libc/usr/lib\libc.a(lib_a-environ.o)
 .debug_line    0x0000000000000000       0xcf g:/pi/gcc_linaro_7_1/bin/../aarch64-elf/libc/usr/lib\libc.a(lib_a-environ.o)
 .debug_str     0x0000000000000000      0x201 g:/pi/gcc_linaro_7_1/bin/../aarch64-elf/libc/usr/lib\libc.a(lib_a-environ.o)
 .comment       0x0000000000000000       0x2e g:/pi/gcc_linaro_7_1/bin/../aarch64-elf/libc/usr/lib\libc.a(lib_a-environ.o)
 .data          0x0000000000000000        0x0 g:/pi/gcc_linaro_7_1/bin/../aarch64-elf/libc/usr/lib\libc.a(lib_a-envlock.o)
 .bss           0x0000000000000000        0x0 g:/pi/gcc_linaro_7_1/bin/../aarch64-elf/libc/usr/lib\libc.a(lib_a-envlock.o)
 .debug_info    0x0000000000000000      0x8f0 g:/pi/gcc_linaro_7_1/bin/../aarch64-elf/libc/usr/lib\libc.a(lib_a-envlock.o)
 .debug_abbrev  0x0000000000000000      0x1e4 g:/pi/gcc_linaro_7_1/bin/../aarch64-elf/libc/usr/lib\libc.a(lib_a-envlock.o)
 .debug_aranges
                0x0000000000000000       0x30 g:/pi/gcc_linaro_7_1/bin/../aarch64-elf/libc/usr/lib\libc.a(lib_a-envlock.o)
 .debug_line    0x0000000000000000      0x32e g:/pi/gcc_linaro_7_1/bin/../aarch64-elf/libc/usr/lib\libc.a(lib_a-envlock.o)
 .debug_str     0x0000000000000000      0x674 g:/pi/gcc_linaro_7_1/bin/../aarch64-elf/libc/usr/lib\libc.a(lib_a-envlock.o)
 .comment       0x0000000000000000       0x2e g:/pi/gcc_linaro_7_1/bin/../aarch64-elf/libc/usr/lib\libc.a(lib_a-envlock.o)
 .debug_frame   0x0000000000000000       0x40 g:/pi/gcc_linaro_7_1/bin/../aarch64-elf/libc/usr/lib\libc.a(lib_a-envlock.o)
 .data          0x0000000000000000        0x0 g:/pi/gcc_linaro_7_1/bin/../aarch64-elf/libc/usr/lib\libc.a(lib_a-errno.o)
 .bss           0x0000000000000000        0x0 g:/pi/gcc_linaro_7_1/bin/../aarch64-elf/libc/usr/lib\libc.a(lib_a-errno.o)
 .debug_info    0x0000000000000000      0x8e4 g:/pi/gcc_linaro_7_1/bin/../aarch64-elf/libc/usr/lib\libc.a(lib_a-errno.o)
 .debug_abbrev  0x0000000000000000      0x1bb g:/pi/gcc_linaro_7_1/bin/../aarch64-elf/libc/usr/lib\libc.a(lib_a-errno.o)
 .debug_aranges
                0x0000000000000000       0x30 g:/pi/gcc_linaro_7_1/bin/../aarch64-elf/libc/usr/lib\libc.a(lib_a-errno.o)
 .debug_line    0x0000000000000000      0x284 g:/pi/gcc_linaro_7_1/bin/../aarch64-elf/libc/usr/lib\libc.a(lib_a-errno.o)
 .debug_str     0x0000000000000000      0x665 g:/pi/gcc_linaro_7_1/bin/../aarch64-elf/libc/usr/lib\libc.a(lib_a-errno.o)
 .comment       0x0000000000000000       0x2e g:/pi/gcc_linaro_7_1/bin/../aarch64-elf/libc/usr/lib\libc.a(lib_a-errno.o)
 .debug_frame   0x0000000000000000       0x28 g:/pi/gcc_linaro_7_1/bin/../aarch64-elf/libc/usr/lib\libc.a(lib_a-errno.o)
 .debug_info    0x0000000000000000      0xe5c g:/pi/gcc_linaro_7_1/bin/../aarch64-elf/libc/usr/lib\libc.a(lib_a-mallocr.o)
 .debug_abbrev  0x0000000000000000      0x2da g:/pi/gcc_linaro_7_1/bin/../aarch64-elf/libc/usr/lib\libc.a(lib_a-mallocr.o)
 .debug_loc     0x0000000000000000     0x16ed g:/pi/gcc_linaro_7_1/bin/../aarch64-elf/libc/usr/lib\libc.a(lib_a-mallocr.o)
 .debug_aranges
                0x0000000000000000       0x30 g:/pi/gcc_linaro_7_1/bin/../aarch64-elf/libc/usr/lib\libc.a(lib_a-mallocr.o)
 .debug_ranges  0x0000000000000000       0x70 g:/pi/gcc_linaro_7_1/bin/../aarch64-elf/libc/usr/lib\libc.a(lib_a-mallocr.o)
 .debug_line    0x0000000000000000      0x558 g:/pi/gcc_linaro_7_1/bin/../aarch64-elf/libc/usr/lib\libc.a(lib_a-mallocr.o)
 .debug_str     0x0000000000000000      0x8bb g:/pi/gcc_linaro_7_1/bin/../aarch64-elf/libc/usr/lib\libc.a(lib_a-mallocr.o)
 .comment       0x0000000000000000       0x2e g:/pi/gcc_linaro_7_1/bin/../aarch64-elf/libc/usr/lib\libc.a(lib_a-mallocr.o)
 .debug_frame   0x0000000000000000      0x100 g:/pi/gcc_linaro_7_1/bin/../aarch64-elf/libc/usr/lib\libc.a(lib_a-mallocr.o)
 .data          0x0000000000000000        0x0 g:/pi/gcc_linaro_7_1/bin/../aarch64-elf/libc/usr/lib\libc.a(lib_a-mlock.o)
 .bss           0x0000000000000000        0x0 g:/pi/gcc_linaro_7_1/bin/../aarch64-elf/libc/usr/lib\libc.a(lib_a-mlock.o)
 .debug_info    0x0000000000000000      0x8f0 g:/pi/gcc_linaro_7_1/bin/../aarch64-elf/libc/usr/lib\libc.a(lib_a-mlock.o)
 .debug_abbrev  0x0000000000000000      0x1e0 g:/pi/gcc_linaro_7_1/bin/../aarch64-elf/libc/usr/lib\libc.a(lib_a-mlock.o)
 .debug_aranges
                0x0000000000000000       0x30 g:/pi/gcc_linaro_7_1/bin/../aarch64-elf/libc/usr/lib\libc.a(lib_a-mlock.o)
 .debug_line    0x0000000000000000      0x279 g:/pi/gcc_linaro_7_1/bin/../aarch64-elf/libc/usr/lib\libc.a(lib_a-mlock.o)
 .debug_str     0x0000000000000000      0x67b g:/pi/gcc_linaro_7_1/bin/../aarch64-elf/libc/usr/lib\libc.a(lib_a-mlock.o)
 .comment       0x0000000000000000       0x2e g:/pi/gcc_linaro_7_1/bin/../aarch64-elf/libc/usr/lib\libc.a(lib_a-mlock.o)
 .debug_frame   0x0000000000000000       0x40 g:/pi/gcc_linaro_7_1/bin/../aarch64-elf/libc/usr/lib\libc.a(lib_a-mlock.o)
 .data          0x0000000000000000        0x0 g:/pi/gcc_linaro_7_1/bin/../aarch64-elf/libc/usr/lib\libc.a(lib_a-sbrkr.o)
 .bss           0x0000000000000000        0x0 g:/pi/gcc_linaro_7_1/bin/../aarch64-elf/libc/usr/lib\libc.a(lib_a-sbrkr.o)
 .debug_info    0x0000000000000000      0x976 g:/pi/gcc_linaro_7_1/bin/../aarch64-elf/libc/usr/lib\libc.a(lib_a-sbrkr.o)
 .debug_abbrev  0x0000000000000000      0x222 g:/pi/gcc_linaro_7_1/bin/../aarch64-elf/libc/usr/lib\libc.a(lib_a-sbrkr.o)
 .debug_loc     0x0000000000000000       0xae g:/pi/gcc_linaro_7_1/bin/../aarch64-elf/libc/usr/lib\libc.a(lib_a-sbrkr.o)
 .debug_aranges
                0x0000000000000000       0x30 g:/pi/gcc_linaro_7_1/bin/../aarch64-elf/libc/usr/lib\libc.a(lib_a-sbrkr.o)
 .debug_line    0x0000000000000000      0x341 g:/pi/gcc_linaro_7_1/bin/../aarch64-elf/libc/usr/lib\libc.a(lib_a-sbrkr.o)
 .debug_str     0x0000000000000000      0x696 g:/pi/gcc_linaro_7_1/bin/../aarch64-elf/libc/usr/lib\libc.a(lib_a-sbrkr.o)
 .comment       0x0000000000000000       0x2e g:/pi/gcc_linaro_7_1/bin/../aarch64-elf/libc/usr/lib\libc.a(lib_a-sbrkr.o)
 .debug_frame   0x0000000000000000       0x50 g:/pi/gcc_linaro_7_1/bin/../aarch64-elf/libc/usr/lib\libc.a(lib_a-sbrkr.o)
 .data          0x0000000000000000        0x0 g:/pi/gcc_linaro_7_1/bin/../aarch64-elf/libc/usr/lib\libc.a(lib_a-freer.o)
 .bss           0x0000000000000000        0x0 g:/pi/gcc_linaro_7_1/bin/../aarch64-elf/libc/usr/lib\libc.a(lib_a-freer.o)
 .debug_info    0x0000000000000000      0xd0a g:/pi/gcc_linaro_7_1/bin/../aarch64-elf/libc/usr/lib\libc.a(lib_a-freer.o)
 .debug_abbrev  0x0000000000000000      0x29e g:/pi/gcc_linaro_7_1/bin/../aarch64-elf/libc/usr/lib\libc.a(lib_a-freer.o)
 .debug_loc     0x0000000000000000      0x9ea g:/pi/gcc_linaro_7_1/bin/../aarch64-elf/libc/usr/lib\libc.a(lib_a-freer.o)
 .debug_aranges
                0x0000000000000000       0x30 g:/pi/gcc_linaro_7_1/bin/../aarch64-elf/libc/usr/lib\libc.a(lib_a-freer.o)
 .debug_line    0x0000000000000000      0x45f g:/pi/gcc_linaro_7_1/bin/../aarch64-elf/libc/usr/lib\libc.a(lib_a-freer.o)
 .debug_str     0x0000000000000000      0x834 g:/pi/gcc_linaro_7_1/bin/../aarch64-elf/libc/usr/lib\libc.a(lib_a-freer.o)
 .comment       0x0000000000000000       0x2e g:/pi/gcc_linaro_7_1/bin/../aarch64-elf/libc/usr/lib\libc.a(lib_a-freer.o)
 .debug_frame   0x0000000000000000       0xb0 g:/pi/gcc_linaro_7_1/bin/../aarch64-elf/libc/usr/lib\libc.a(lib_a-freer.o)
 .text          0x0000000000000000      0x144 g:/pi/gcc_linaro_7_1/bin/../aarch64-elf/libc/usr/lib\libc.a(lib_a-reent.o)
 .data          0x0000000000000000        0x0 g:/pi/gcc_linaro_7_1/bin/../aarch64-elf/libc/usr/lib\libc.a(lib_a-reent.o)
 .bss           0x0000000000000000        0x0 g:/pi/gcc_linaro_7_1/bin/../aarch64-elf/libc/usr/lib\libc.a(lib_a-reent.o)
 .debug_info    0x0000000000000000      0xa8d g:/pi/gcc_linaro_7_1/bin/../aarch64-elf/libc/usr/lib\libc.a(lib_a-reent.o)
 .debug_abbrev  0x0000000000000000      0x29e g:/pi/gcc_linaro_7_1/bin/../aarch64-elf/libc/usr/lib\libc.a(lib_a-reent.o)
 .debug_loc     0x0000000000000000      0x283 g:/pi/gcc_linaro_7_1/bin/../aarch64-elf/libc/usr/lib\libc.a(lib_a-reent.o)
 .debug_aranges
                0x0000000000000000       0x30 g:/pi/gcc_linaro_7_1/bin/../aarch64-elf/libc/usr/lib\libc.a(lib_a-reent.o)
 .debug_line    0x0000000000000000      0x365 g:/pi/gcc_linaro_7_1/bin/../aarch64-elf/libc/usr/lib\libc.a(lib_a-reent.o)
 .debug_str     0x0000000000000000      0x68f g:/pi/gcc_linaro_7_1/bin/../aarch64-elf/libc/usr/lib\libc.a(lib_a-reent.o)
 .comment       0x0000000000000000       0x2e g:/pi/gcc_linaro_7_1/bin/../aarch64-elf/libc/usr/lib\libc.a(lib_a-reent.o)
 .debug_frame   0x0000000000000000       0x90 g:/pi/gcc_linaro_7_1/bin/../aarch64-elf/libc/usr/lib\libc.a(lib_a-reent.o)
 .data          0x0000000000000000        0x0 g:/pi/gcc_linaro_7_1/bin/../lib/gcc/aarch64-elf/7.1.1\libgcc.a(floatsitf.o)
 .bss           0x0000000000000000        0x0 g:/pi/gcc_linaro_7_1/bin/../lib/gcc/aarch64-elf/7.1.1\libgcc.a(floatsitf.o)
 .debug_info    0x0000000000000000      0x2f6 g:/pi/gcc_linaro_7_1/bin/../lib/gcc/aarch64-elf/7.1.1\libgcc.a(floatsitf.o)
 .debug_abbrev  0x0000000000000000      0x169 g:/pi/gcc_linaro_7_1/bin/../lib/gcc/aarch64-elf/7.1.1\libgcc.a(floatsitf.o)
 .debug_loc     0x0000000000000000      0x1de g:/pi/gcc_linaro_7_1/bin/../lib/gcc/aarch64-elf/7.1.1\libgcc.a(floatsitf.o)
 .debug_aranges
                0x0000000000000000       0x30 g:/pi/gcc_linaro_7_1/bin/../lib/gcc/aarch64-elf/7.1.1\libgcc.a(floatsitf.o)
 .debug_ranges  0x0000000000000000       0x60 g:/pi/gcc_linaro_7_1/bin/../lib/gcc/aarch64-elf/7.1.1\libgcc.a(floatsitf.o)
 .debug_line    0x0000000000000000      0x1b9 g:/pi/gcc_linaro_7_1/bin/../lib/gcc/aarch64-elf/7.1.1\libgcc.a(floatsitf.o)
 .debug_str     0x0000000000000000      0x3c9 g:/pi/gcc_linaro_7_1/bin/../lib/gcc/aarch64-elf/7.1.1\libgcc.a(floatsitf.o)
 .comment       0x0000000000000000       0x2e g:/pi/gcc_linaro_7_1/bin/../lib/gcc/aarch64-elf/7.1.1\libgcc.a(floatsitf.o)
 .debug_frame   0x0000000000000000       0x28 g:/pi/gcc_linaro_7_1/bin/../lib/gcc/aarch64-elf/7.1.1\libgcc.a(floatsitf.o)
 .data          0x0000000000000000        0x0 g:/pi/gcc_linaro_7_1/bin/../lib/gcc/aarch64-elf/7.1.1\libgcc.a(trunctfdf2.o)
 .bss           0x0000000000000000        0x0 g:/pi/gcc_linaro_7_1/bin/../lib/gcc/aarch64-elf/7.1.1\libgcc.a(trunctfdf2.o)
 .debug_info    0x0000000000000000      0x318 g:/pi/gcc_linaro_7_1/bin/../lib/gcc/aarch64-elf/7.1.1\libgcc.a(trunctfdf2.o)
 .debug_abbrev  0x0000000000000000      0x16a g:/pi/gcc_linaro_7_1/bin/../lib/gcc/aarch64-elf/7.1.1\libgcc.a(trunctfdf2.o)
 .debug_loc     0x0000000000000000      0x966 g:/pi/gcc_linaro_7_1/bin/../lib/gcc/aarch64-elf/7.1.1\libgcc.a(trunctfdf2.o)
 .debug_aranges
                0x0000000000000000       0x30 g:/pi/gcc_linaro_7_1/bin/../lib/gcc/aarch64-elf/7.1.1\libgcc.a(trunctfdf2.o)
 .debug_ranges  0x0000000000000000      0x170 g:/pi/gcc_linaro_7_1/bin/../lib/gcc/aarch64-elf/7.1.1\libgcc.a(trunctfdf2.o)
 .debug_line    0x0000000000000000      0x2cc g:/pi/gcc_linaro_7_1/bin/../lib/gcc/aarch64-elf/7.1.1\libgcc.a(trunctfdf2.o)
 .debug_str     0x0000000000000000      0x3cf g:/pi/gcc_linaro_7_1/bin/../lib/gcc/aarch64-elf/7.1.1\libgcc.a(trunctfdf2.o)
 .comment       0x0000000000000000       0x2e g:/pi/gcc_linaro_7_1/bin/../lib/gcc/aarch64-elf/7.1.1\libgcc.a(trunctfdf2.o)
 .debug_frame   0x0000000000000000       0x40 g:/pi/gcc_linaro_7_1/bin/../lib/gcc/aarch64-elf/7.1.1\libgcc.a(trunctfdf2.o)
 .data          0x0000000000000000        0x0 g:/pi/gcc_linaro_7_1/bin/../lib/gcc/aarch64-elf/7.1.1\libgcc.a(sfp-exceptions.o)
 .bss           0x0000000000000000        0x0 g:/pi/gcc_linaro_7_1/bin/../lib/gcc/aarch64-elf/7.1.1\libgcc.a(sfp-exceptions.o)
 .debug_info    0x0000000000000000       0xde g:/pi/gcc_linaro_7_1/bin/../lib/gcc/aarch64-elf/7.1.1\libgcc.a(sfp-exceptions.o)
 .debug_abbrev  0x0000000000000000       0x76 g:/pi/gcc_linaro_7_1/bin/../lib/gcc/aarch64-elf/7.1.1\libgcc.a(sfp-exceptions.o)
 .debug_loc     0x0000000000000000       0x39 g:/pi/gcc_linaro_7_1/bin/../lib/gcc/aarch64-elf/7.1.1\libgcc.a(sfp-exceptions.o)
 .debug_aranges
                0x0000000000000000       0x30 g:/pi/gcc_linaro_7_1/bin/../lib/gcc/aarch64-elf/7.1.1\libgcc.a(sfp-exceptions.o)
 .debug_line    0x0000000000000000       0xff g:/pi/gcc_linaro_7_1/bin/../lib/gcc/aarch64-elf/7.1.1\libgcc.a(sfp-exceptions.o)
 .debug_str     0x0000000000000000      0x292 g:/pi/gcc_linaro_7_1/bin/../lib/gcc/aarch64-elf/7.1.1\libgcc.a(sfp-exceptions.o)
 .comment       0x0000000000000000       0x2e g:/pi/gcc_linaro_7_1/bin/../lib/gcc/aarch64-elf/7.1.1\libgcc.a(sfp-exceptions.o)
 .debug_frame   0x0000000000000000       0x28 g:/pi/gcc_linaro_7_1/bin/../lib/gcc/aarch64-elf/7.1.1\libgcc.a(sfp-exceptions.o)

Memory Configuration

Name             Origin             Length             Attributes
RAM              0x0000000000080000 0x0000000008000000 xrw
*default*        0x0000000000000000 0xffffffffffffffff

Linker script and memory map


.init           0x0000000000080000      0x2f8
 *(.init)
 .init          0x0000000000080000      0x2f8 C:\Users\ldebo\AppData\Local\Temp\cccj2pSH.o
                0x0000000000080000                _start
                0x000000000008029c                EnableInterrupts
                0x00000000000802a4                DisableInterrupts
                0x00000000000802ac                CoreExecute

.text           0x0000000000080800    0x22b04
                0x0000000000080800                . = ALIGN (0x4)
                0x0000000000080800                __text_start__ = .
 *(.text .text.*)
 .text          0x0000000000080800       0xc0 C:\Users\ldebo\AppData\Local\Temp\ccAtCOrW.o
                0x0000000000080800                c_irq_handler
                0x0000000000080830                kernel_main
 .text.setTimerIrqAddress
                0x00000000000808c0       0x20 C:\Users\ldebo\AppData\Local\Temp\cccj2pSH.o
                0x00000000000808c0                setTimerIrqAddress
 .text.ARMaddrToGPUaddr
                0x00000000000808e0        0xc C:\Users\ldebo\AppData\Local\Temp\cccj2pSH.o
                0x00000000000808e0                ARMaddrToGPUaddr
 *fill*         0x00000000000808ec      0x714 
 .text.GPUaddrToARMaddr
                0x0000000000081000      0xf98 C:\Users\ldebo\AppData\Local\Temp\cccj2pSH.o
                0x0000000000081000                GPUaddrToARMaddr
                0x000000000008100c                irq_handler
                0x0000000000081800                VectorTable
 *fill*         0x0000000000081f98        0x8 
 .text          0x0000000000081fa0     0x277c C:\Users\ldebo\AppData\Local\Temp\cczyFb7L.o
                0x00000000000831d0                RPi_CpuIdString
                0x0000000000083230                gpio_setup
                0x00000000000832a0                gpio_output
                0x0000000000083300                gpio_input
                0x0000000000083350                gpio_checkEvent
                0x0000000000083390                gpio_clearEvent
                0x00000000000833d0                gpio_edgeDetect
                0x0000000000083480                gpio_fixResistor
                0x0000000000083570                timer_getTickCount
                0x00000000000835a0                timer_wait
                0x0000000000083600                tick_difference
                0x0000000000083610                mailbox_write
                0x0000000000083650                mailbox_read
                0x00000000000836a0                mailbox_tag_message
                0x0000000000083820                TimerIrqSetup
                0x0000000000083920                set_Activity_LED
                0x0000000000083a80                ARM_setmaxspeed
                0x0000000000083b30                displaySmartStart
                0x0000000000083c10                Embedded_Console_WriteChar
                0x0000000000083cd0                WriteText
                0x0000000000083dd0                SetDCPenColor
                0x0000000000083df0                SetDCBrushColor
                0x0000000000083e10                MoveToEx
                0x0000000000083e40                LineTo
                0x0000000000083f00                TextOut
                0x0000000000083f90                TransparentTextOut
                0x0000000000084000                BmpOut
                0x0000000000084050                CvtBmpLine
                0x00000000000842f0                Rectangle
                0x0000000000084320                PiConsole_Init
                0x0000000000084670                GetConsoleDC
                0x0000000000084680                GetConsole_FrameBuffer
                0x0000000000084690                GetConsole_Width
                0x00000000000846a0                GetConsole_Height
                0x00000000000846b0                WhereXY
                0x00000000000846e0                GotoXY
                0x00000000000846f0                _sbrk
 *fill*         0x000000000008471c        0x4 
 .text          0x0000000000084720    0x15a70 C:\Users\ldebo\AppData\Local\Temp\ccWZD9Yo.o
                0x0000000000085170                Buffer_WriteChar
                0x00000000000898b0                vsscanf
                0x000000000008a5d0                sscanf
                0x000000000008a660                Init_EmbStdio
                0x000000000008a680                printf
                0x000000000008b5b0                sprintf
                0x000000000008b6b0                snprintf
                0x000000000008fd70                vprintf
                0x0000000000090c50                vsprintf
                0x00000000000952d0                vsnprintf
                0x0000000000099950                check_buffer
                0x00000000000999d0                BENCHTEST_snprintf
 .text          0x000000000009a190      0xd0c g:/pi/gcc_linaro_7_1/bin/../aarch64-elf/libc/usr/lib\libc.a(lib_a-locale.o)
                0x000000000009a248                __loadlocale
                0x000000000009a9e0                __get_locale_env
                0x000000000009aa70                _setlocale_r
                0x000000000009ae30                __locale_mb_cur_max
                0x000000000009ae58                __locale_ctype_ptr_l
                0x000000000009ae60                __locale_ctype_ptr
                0x000000000009ae88                setlocale
 *fill*         0x000000000009ae9c        0x4 
 .text          0x000000000009aea0       0x30 g:/pi/gcc_linaro_7_1/bin/../aarch64-elf/libc/usr/lib\libc.a(lib_a-mbstowcs.o)
                0x000000000009aea0                mbstowcs
 .text          0x000000000009aed0       0xfc g:/pi/gcc_linaro_7_1/bin/../aarch64-elf/libc/usr/lib\libc.a(lib_a-mbstowcs_r.o)
                0x000000000009aed0                _mbstowcs_r
 *fill*         0x000000000009afcc        0x4 
 .text          0x000000000009afd0      0x6e4 g:/pi/gcc_linaro_7_1/bin/../aarch64-elf/libc/usr/lib\libc.a(lib_a-mbtowc_r.o)
                0x000000000009afd0                _mbtowc_r
                0x000000000009aff8                __ascii_mbtowc
                0x000000000009b038                __utf8_mbtowc
                0x000000000009b300                __sjis_mbtowc
                0x000000000009b3d0                __eucjp_mbtowc
                0x000000000009b4f0                __jis_mbtowc
 *fill*         0x000000000009b6b4        0x4 
 .text          0x000000000009b6b8       0xbc g:/pi/gcc_linaro_7_1/bin/../aarch64-elf/libc/usr/lib\libc.a(lib_a-s_modf.o)
                0x000000000009b6b8                modf
 *fill*         0x000000000009b774        0x4 
 .text          0x000000000009b778       0xa0 g:/pi/gcc_linaro_7_1/bin/../aarch64-elf/libc/usr/lib\libc.a(lib_a-strcasecmp.o)
                0x000000000009b778                strcasecmp
 .text          0x000000000009b818       0x74 g:/pi/gcc_linaro_7_1/bin/../aarch64-elf/libc/usr/lib\libc.a(lib_a-strcat.o)
                0x000000000009b818                strcat
 .text          0x000000000009b88c       0xdc g:/pi/gcc_linaro_7_1/bin/../aarch64-elf/libc/usr/lib\libc.a(lib_a-strchr.o)
                0x000000000009b88c                strchr
 *fill*         0x000000000009b968       0x18 
 .text          0x000000000009b980       0xa4 g:/pi/gcc_linaro_7_1/bin/../aarch64-elf/libc/usr/lib\libc.a(lib_a-strcmp.o)
                0x000000000009b980                strcmp
 *fill*         0x000000000009ba24       0x1c 
 .text          0x000000000009ba40      0x1b8 g:/pi/gcc_linaro_7_1/bin/../aarch64-elf/libc/usr/lib\libc.a(lib_a-strcpy.o)
                0x000000000009ba40                strcpy
 .text          0x000000000009bbf8       0x44 g:/pi/gcc_linaro_7_1/bin/../aarch64-elf/libc/usr/lib\libc.a(lib_a-strlcpy.o)
                0x000000000009bbf8                strlcpy
 *fill*         0x000000000009bc3c        0x4 
 .text          0x000000000009bc40      0x140 g:/pi/gcc_linaro_7_1/bin/../aarch64-elf/libc/usr/lib\libc.a(lib_a-strlen.o)
                0x000000000009bc40                strlen
 .text          0x000000000009bd80       0xcc g:/pi/gcc_linaro_7_1/bin/../aarch64-elf/libc/usr/lib\libc.a(lib_a-strncasecmp.o)
                0x000000000009bd80                strncasecmp
 *fill*         0x000000000009be4c       0x34 
 .text          0x000000000009be80      0x124 g:/pi/gcc_linaro_7_1/bin/../aarch64-elf/libc/usr/lib\libc.a(lib_a-strncmp.o)
                0x000000000009be9c                strncmp
 *fill*         0x000000000009bfa4        0x4 
 .text          0x000000000009bfa8       0xb0 g:/pi/gcc_linaro_7_1/bin/../aarch64-elf/libc/usr/lib\libc.a(lib_a-strncpy.o)
                0x000000000009bfa8                strncpy
 *fill*         0x000000000009c058       0x28 
 .text          0x000000000009c080       0xe0 g:/pi/gcc_linaro_7_1/bin/../aarch64-elf/libc/usr/lib\libc.a(lib_a-strnlen.o)
                0x000000000009c0a4                strnlen
 .text          0x000000000009c160     0x1288 g:/pi/gcc_linaro_7_1/bin/../aarch64-elf/libc/usr/lib\libc.a(lib_a-strtod.o)
                0x000000000009c160                _strtod_l
                0x000000000009d258                _strtod_r
                0x000000000009d278                strtod_l
                0x000000000009d290                strtod
                0x000000000009d2c0                strtof_l
                0x000000000009d348                strtof
 .text.unlikely
                0x000000000009d3e8       0x54 g:/pi/gcc_linaro_7_1/bin/../aarch64-elf/libc/usr/lib\libc.a(lib_a-strtod.o)
 *fill*         0x000000000009d43c        0x4 
 .text          0x000000000009d440      0x240 g:/pi/gcc_linaro_7_1/bin/../aarch64-elf/libc/usr/lib\libc.a(lib_a-strtol.o)
                0x000000000009d610                _strtol_r
                0x000000000009d630                strtol_l
                0x000000000009d650                strtol
 .text          0x000000000009d680       0xc0 g:/pi/gcc_linaro_7_1/bin/../aarch64-elf/libc/usr/lib\libc.a(lib_a-strtold.o)
                0x000000000009d680                _strtold_r
                0x000000000009d6c0                strtold_l
                0x000000000009d6f8                strtold
 .text          0x000000000009d740      0x240 g:/pi/gcc_linaro_7_1/bin/../aarch64-elf/libc/usr/lib\libc.a(lib_a-strtoll.o)
                0x000000000009d910                _strtoll_r
                0x000000000009d930                strtoll_l
                0x000000000009d950                strtoll
 .text          0x000000000009d980      0x12c g:/pi/gcc_linaro_7_1/bin/../aarch64-elf/libc/usr/lib\libc.a(lib_a-strtorx.o)
                0x000000000009d980                ULtox
                0x000000000009da30                _strtorx_l
 *fill*         0x000000000009daac        0x4 
 .text          0x000000000009dab0      0x250 g:/pi/gcc_linaro_7_1/bin/../aarch64-elf/libc/usr/lib\libc.a(lib_a-strtoul.o)
                0x000000000009dc90                _strtoul_r
                0x000000000009dcb0                strtoul_l
                0x000000000009dcd0                strtoul
 .text          0x000000000009dd00      0x250 g:/pi/gcc_linaro_7_1/bin/../aarch64-elf/libc/usr/lib\libc.a(lib_a-strtoull.o)
                0x000000000009dee0                _strtoull_r
                0x000000000009df00                strtoull_l
                0x000000000009df20                strtoull
 .text          0x000000000009df50       0x24 g:/pi/gcc_linaro_7_1/bin/../aarch64-elf/libc/usr/lib\libc.a(lib_a-wcscpy.o)
                0x000000000009df50                wcscpy
 *fill*         0x000000000009df74        0x4 
 .text          0x000000000009df78       0x84 g:/pi/gcc_linaro_7_1/bin/../aarch64-elf/libc/usr/lib\libc.a(lib_a-wctob.o)
                0x000000000009df78                wctob
 *fill*         0x000000000009dffc        0x4 
 .text          0x000000000009e000      0x310 g:/pi/gcc_linaro_7_1/bin/../aarch64-elf/libc/usr/lib\libc.a(lib_a-wctomb_r.o)
                0x000000000009e000                _wctomb_r
                0x000000000009e028                __ascii_wctomb
                0x000000000009e058                __utf8_wctomb
                0x000000000009e138                __sjis_wctomb
                0x000000000009e1b8                __eucjp_wctomb
                0x000000000009e260                __jis_wctomb
 .text          0x000000000009e310       0x10 g:/pi/gcc_linaro_7_1/bin/../aarch64-elf/libc/usr/lib\libc.a(lib_a-ctype_.o)
                0x000000000009e310                __set_ctype
 .text          0x000000000009e320      0x8b4 g:/pi/gcc_linaro_7_1/bin/../aarch64-elf/libc/usr/lib\libc.a(lib_a-gdtoa-gethex.o)
                0x000000000009e418                __gethex
 *fill*         0x000000000009ebd4        0x4 
 .text          0x000000000009ebd8      0x270 g:/pi/gcc_linaro_7_1/bin/../aarch64-elf/libc/usr/lib\libc.a(lib_a-gdtoa-hexnan.o)
                0x000000000009ebd8                __match
                0x000000000009ec20                __hexnan
 .text          0x000000000009ee48      0x128 g:/pi/gcc_linaro_7_1/bin/../aarch64-elf/libc/usr/lib\libc.a(lib_a-getenv_r.o)
                0x000000000009ee48                _findenv_r
                0x000000000009ef58                _getenv_r
 .text          0x000000000009ef70       0x54 g:/pi/gcc_linaro_7_1/bin/../aarch64-elf/libc/usr/lib\libc.a(lib_a-localeconv.o)
                0x000000000009ef70                __localeconv_l
                0x000000000009ef78                _localeconv_r
                0x000000000009efa0                localeconv
 *fill*         0x000000000009efc4       0x3c 
 .text          0x000000000009f000      0x16c g:/pi/gcc_linaro_7_1/bin/../aarch64-elf/libc/usr/lib\libc.a(lib_a-memcpy.o)
                0x000000000009f000                memcpy
 *fill*         0x000000000009f16c       0x14 
 .text          0x000000000009f180      0x1d8 g:/pi/gcc_linaro_7_1/bin/../aarch64-elf/libc/usr/lib\libc.a(lib_a-memset.o)
                0x000000000009f180                memset
 .text          0x000000000009f358      0xe5c g:/pi/gcc_linaro_7_1/bin/../aarch64-elf/libc/usr/lib\libc.a(lib_a-mprec.o)
                0x000000000009f358                _Balloc
                0x000000000009f400                _Bfree
                0x000000000009f420                __multadd
                0x000000000009f508                __s2b
                0x000000000009f628                __hi0bits
                0x000000000009f688                __lo0bits
                0x000000000009f728                __i2b
                0x000000000009f758                __multiply
                0x000000000009f918                __pow5mult
                0x000000000009fa40                __lshift
                0x000000000009fb78                __mcmp
                0x000000000009fbc8                __mdiff
                0x000000000009fd58                __ulp
                0x000000000009fdc8                __b2d
                0x000000000009fee8                __d2b
                0x00000000000a0008                __ratio
                0x00000000000a0090                _mprec_log10
                0x00000000000a00c8                __copybits
                0x00000000000a0130                __any_on
 *fill*         0x00000000000a01b4        0x4 
 .text          0x00000000000a01b8        0xc g:/pi/gcc_linaro_7_1/bin/../aarch64-elf/libc/usr/lib\libc.a(lib_a-sf_nan.o)
                0x00000000000a01b8                nanf
 *fill*         0x00000000000a01c4        0x4 
 .text          0x00000000000a01c8     0x1fb8 g:/pi/gcc_linaro_7_1/bin/../aarch64-elf/libc/usr/lib\libc.a(lib_a-strtodg.o)
                0x00000000000a02c0                increment
                0x00000000000a0758                decrement
                0x00000000000a0790                set_ones
                0x00000000000a0858                _strtodg_l
 .text          0x00000000000a2180       0x90 g:/pi/gcc_linaro_7_1/bin/../aarch64-elf/libc/usr/lib\libc.a(lib_a-callocr.o)
                0x00000000000a2180                _calloc_r
 .text          0x00000000000a2210        0xc g:/pi/gcc_linaro_7_1/bin/../aarch64-elf/libc/usr/lib\libc.a(lib_a-envlock.o)
                0x00000000000a2210                __env_lock
                0x00000000000a2218                __env_unlock
 *fill*         0x00000000000a221c        0x4 
 .text          0x00000000000a2220        0xc g:/pi/gcc_linaro_7_1/bin/../aarch64-elf/libc/usr/lib\libc.a(lib_a-errno.o)
                0x00000000000a2220                __errno
 *fill*         0x00000000000a222c        0x4 
 .text          0x00000000000a2230      0x848 g:/pi/gcc_linaro_7_1/bin/../aarch64-elf/libc/usr/lib\libc.a(lib_a-mallocr.o)
                0x00000000000a2230                _malloc_r
 .text          0x00000000000a2a78        0xc g:/pi/gcc_linaro_7_1/bin/../aarch64-elf/libc/usr/lib\libc.a(lib_a-mlock.o)
                0x00000000000a2a78                __malloc_lock
                0x00000000000a2a80                __malloc_unlock
 *fill*         0x00000000000a2a84        0x4 
 .text          0x00000000000a2a88       0x4c g:/pi/gcc_linaro_7_1/bin/../aarch64-elf/libc/usr/lib\libc.a(lib_a-sbrkr.o)
                0x00000000000a2a88                _sbrk_r
 *fill*         0x00000000000a2ad4        0x4 
 .text          0x00000000000a2ad8      0x410 g:/pi/gcc_linaro_7_1/bin/../aarch64-elf/libc/usr/lib\libc.a(lib_a-freer.o)
                0x00000000000a2ad8                _malloc_trim_r
                0x00000000000a2be8                _free_r
 .text          0x00000000000a2ee8       0x64 g:/pi/gcc_linaro_7_1/bin/../lib/gcc/aarch64-elf/7.1.1\libgcc.a(floatsitf.o)
                0x00000000000a2ee8                __floatsitf
 *fill*         0x00000000000a2f4c        0x4 
 .text          0x00000000000a2f50      0x344 g:/pi/gcc_linaro_7_1/bin/../lib/gcc/aarch64-elf/7.1.1\libgcc.a(trunctfdf2.o)
                0x00000000000a2f50                __trunctfdf2
 *fill*         0x00000000000a3294        0x4 
 .text          0x00000000000a3298       0x6c g:/pi/gcc_linaro_7_1/bin/../lib/gcc/aarch64-elf/7.1.1\libgcc.a(sfp-exceptions.o)
                0x00000000000a3298                __sfp_handle_exceptions
                0x00000000000a3304                __text_end__ = .

.data           0x00000000000a3308     0x1180
                0x00000000000a3308                . = ALIGN (0x4)
                0x00000000000a3308                __data_start__ = .
 *(.data .data.*)
 .data.smartstart64
                0x00000000000a3308       0x20 C:\Users\ldebo\AppData\Local\Temp\cccj2pSH.o
                0x00000000000a3308                RPi_IO_Base_Addr
                0x00000000000a330c                RPi_BootAddr
                0x00000000000a3310                RPi_CoresReady
                0x00000000000a3314                RPi_CPUBootMode
                0x00000000000a3318                RPi_CpuId
                0x00000000000a331c                RPi_CompileMode
 .data          0x00000000000a3328        0x4 C:\Users\ldebo\AppData\Local\Temp\cczyFb7L.o
 *fill*         0x00000000000a332c        0x4 
 .data          0x00000000000a3330      0x1c8 g:/pi/gcc_linaro_7_1/bin/../aarch64-elf/libc/usr/lib\libc.a(lib_a-locale.o)
                0x00000000000a3330                __global_locale
                0x00000000000a34d8                __default_locale
 .data          0x00000000000a34f8       0x14 g:/pi/gcc_linaro_7_1/bin/../aarch64-elf/libc/usr/lib\libc.a(lib_a-strtorx.o)
 *fill*         0x00000000000a350c        0x4 
 .data          0x00000000000a3510      0x750 g:/pi/gcc_linaro_7_1/bin/../aarch64-elf/libc/usr/lib\libc.a(lib_a-impure.o)
                0x00000000000a3510                _impure_ptr
 .data          0x00000000000a3c60        0x8 g:/pi/gcc_linaro_7_1/bin/../aarch64-elf/libc/usr/lib\libc.a(lib_a-environ.o)
                0x00000000000a3c60                environ
 .data          0x00000000000a3c68      0x820 g:/pi/gcc_linaro_7_1/bin/../aarch64-elf/libc/usr/lib\libc.a(lib_a-mallocr.o)
                0x00000000000a3c68                __malloc_av_
                0x00000000000a4478                __malloc_sbrk_base
                0x00000000000a4480                __malloc_trim_threshold
                0x00000000000a4488                __data_end__ = .

.data1          0x00000000000a4488        0x8
                0x00000000000a4490                . = ALIGN (0x10)
 *fill*         0x00000000000a4488        0x8 
                0x00000000000a4490                __data1_start__ = .
 *(.data1 .data1.*)
                0x00000000000a4490                __data1_end__ = .

.bss            0x00000000000a4490      0x394
                0x00000000000a4490                . = ALIGN (0x4)
                0x00000000000a4490                __bss_start__ = .
 *(.bss .bss.*)
 .bss           0x00000000000a4490        0x1 C:\Users\ldebo\AppData\Local\Temp\ccAtCOrW.o
 *fill*         0x00000000000a4491        0x7 
 .bss           0x00000000000a4498       0x78 C:\Users\ldebo\AppData\Local\Temp\cczyFb7L.o
                0x00000000000a449c                console
 .bss           0x00000000000a4510       0x18 C:\Users\ldebo\AppData\Local\Temp\ccWZD9Yo.o
 .bss           0x00000000000a4528      0x2b0 g:/pi/gcc_linaro_7_1/bin/../aarch64-elf/libc/usr/lib\libc.a(lib_a-locale.o)
                0x00000000000a47d0                _PathLocale
 .bss           0x00000000000a47d8        0x8 g:/pi/gcc_linaro_7_1/bin/../aarch64-elf/libc/usr/lib\libc.a(lib_a-environ.o)
 .bss           0x00000000000a47e0       0x40 g:/pi/gcc_linaro_7_1/bin/../aarch64-elf/libc/usr/lib\libc.a(lib_a-mallocr.o)
                0x00000000000a47e0                __malloc_top_pad
                0x00000000000a47e8                __malloc_current_mallinfo
                0x00000000000a4810                __malloc_max_sbrked_mem
                0x00000000000a4818                __malloc_max_total_mem
 *(COMMON)
 COMMON         0x00000000000a4820        0x4 g:/pi/gcc_linaro_7_1/bin/../aarch64-elf/libc/usr/lib\libc.a(lib_a-reent.o)
                0x00000000000a4820                errno
                0x00000000000a4824                __bss_end__ = .

.rodata         0x00000000000a4828     0x1c94
                0x00000000000a4828                . = ALIGN (0x4)
                0x00000000000a4828                __rodata_start__ = .
 *(.rodata .rodata.*)
 .rodata        0x00000000000a4828        0x4 C:\Users\ldebo\AppData\Local\Temp\ccAtCOrW.o
 *fill*         0x00000000000a482c        0x4 
 .rodata.str1.8
                0x00000000000a4830        0xd C:\Users\ldebo\AppData\Local\Temp\ccAtCOrW.o
 *fill*         0x00000000000a483d        0x3 
 .rodata        0x00000000000a4840     0x1004 C:\Users\ldebo\AppData\Local\Temp\cczyFb7L.o
                0x00000000000a5840                BitFontEnd
 *fill*         0x00000000000a5844        0x4 
 .rodata.str1.8
                0x00000000000a5848      0x123 C:\Users\ldebo\AppData\Local\Temp\cczyFb7L.o
 *fill*         0x00000000000a596b        0x5 
 .rodata        0x00000000000a5970      0x108 C:\Users\ldebo\AppData\Local\Temp\ccWZD9Yo.o
 .rodata.str1.8
                0x00000000000a5a78      0x1dc C:\Users\ldebo\AppData\Local\Temp\ccWZD9Yo.o
 *fill*         0x00000000000a5c54        0x4 
 .rodata        0x00000000000a5c58      0x250 g:/pi/gcc_linaro_7_1/bin/../aarch64-elf/libc/usr/lib\libc.a(lib_a-locale.o)
                0x00000000000a5d00                __C_locale
 .rodata.str1.8
                0x00000000000a5ea8      0x184 g:/pi/gcc_linaro_7_1/bin/../aarch64-elf/libc/usr/lib\libc.a(lib_a-locale.o)
                                        0x18c (size before relaxing)
 *fill*         0x00000000000a602c        0x4 
 .rodata        0x00000000000a6030       0x90 g:/pi/gcc_linaro_7_1/bin/../aarch64-elf/libc/usr/lib\libc.a(lib_a-mbtowc_r.o)
 .rodata        0x00000000000a60c0       0x58 g:/pi/gcc_linaro_7_1/bin/../aarch64-elf/libc/usr/lib\libc.a(lib_a-strtod.o)
 .rodata.str1.8
                0x00000000000a6118       0x18 g:/pi/gcc_linaro_7_1/bin/../aarch64-elf/libc/usr/lib\libc.a(lib_a-strtod.o)
                                         0x13 (size before relaxing)
 .rodata        0x00000000000a6130      0x101 g:/pi/gcc_linaro_7_1/bin/../aarch64-elf/libc/usr/lib\libc.a(lib_a-ctype_.o)
                0x00000000000a6130                _ctype_
 *fill*         0x00000000000a6231        0x7 
 .rodata        0x00000000000a6238      0x100 g:/pi/gcc_linaro_7_1/bin/../aarch64-elf/libc/usr/lib\libc.a(lib_a-gdtoa-gethex.o)
                0x00000000000a6238                __hexdig
 .rodata        0x00000000000a6338      0x128 g:/pi/gcc_linaro_7_1/bin/../aarch64-elf/libc/usr/lib\libc.a(lib_a-mprec.o)
                0x00000000000a6348                __mprec_tens
                0x00000000000a6410                __mprec_tinytens
                0x00000000000a6438                __mprec_bigtens
 .rodata        0x00000000000a6460       0x5c g:/pi/gcc_linaro_7_1/bin/../aarch64-elf/libc/usr/lib\libc.a(lib_a-strtodg.o)
 .rodata.str1.8
                0x00000000000a64bc       0x13 g:/pi/gcc_linaro_7_1/bin/../aarch64-elf/libc/usr/lib\libc.a(lib_a-strtodg.o)
                0x00000000000a64cf                __rodata_end__ = .

.stack_core0    0x00000000000a64bc     0x5204
                0x00000000000a64c0                . = ALIGN (0x10)
 *fill*         0x00000000000a64bc        0x4 
                0x00000000000a64c0                __stack_start_core0__ = .
                0x00000000000a66c0                . = (. + 0x200)
 *fill*         0x00000000000a64c0      0x200 
                0x00000000000a66c0                __EL0_stack_core0 = .
                0x00000000000aa6c0                . = (. + 0x4000)
 *fill*         0x00000000000a66c0     0x4000 
                0x00000000000aa6c0                __EL1_stack_core0 = .
                0x00000000000ab6c0                . = (. + 0x1000)
 *fill*         0x00000000000aa6c0     0x1000 
                0x00000000000ab6c0                __EL2_stack_core0 = .
                0x00000000000ab6c0                . = ALIGN (0x10)
                0x00000000000ab6c0                __stack_end_core0__ = .

.stack_core1    0x00000000000ab6c0     0x1400
                0x00000000000ab6c0                . = ALIGN (0x10)
                0x00000000000ab6c0                __stack_start_core1__ = .
                0x00000000000ab8c0                . = (. + 0x200)
 *fill*         0x00000000000ab6c0      0x200 
                0x00000000000ab8c0                __EL0_stack_core1 = .
                0x00000000000abac0                . = (. + 0x200)
 *fill*         0x00000000000ab8c0      0x200 
                0x00000000000abac0                __EL1_stack_core1 = .
                0x00000000000acac0                . = (. + 0x1000)
 *fill*         0x00000000000abac0     0x1000 
                0x00000000000acac0                __EL2_stack_core1 = .
                0x00000000000acac0                . = ALIGN (0x10)
                0x00000000000acac0                __stack_end_core1__ = .

.stack_core2    0x00000000000acac0     0x1400
                0x00000000000acac0                . = ALIGN (0x10)
                0x00000000000acac0                __stack_start_core2__ = .
                0x00000000000accc0                . = (. + 0x200)
 *fill*         0x00000000000acac0      0x200 
                0x00000000000accc0                __EL0_stack_core2 = .
                0x00000000000acec0                . = (. + 0x200)
 *fill*         0x00000000000accc0      0x200 
                0x00000000000acec0                __EL1_stack_core2 = .
                0x00000000000adec0                . = (. + 0x1000)
 *fill*         0x00000000000acec0     0x1000 
                0x00000000000adec0                __EL2_stack_core2 = .
                0x00000000000adec0                . = ALIGN (0x10)
                0x00000000000adec0                __stack_end_core2__ = .

.stack_core3    0x00000000000adec0     0x1400
                0x00000000000adec0                . = ALIGN (0x10)
                0x00000000000adec0                __stack_start_core3__ = .
                0x00000000000ae0c0                . = (. + 0x200)
 *fill*         0x00000000000adec0      0x200 
                0x00000000000ae0c0                __EL0_stack_core3 = .
                0x00000000000ae2c0                . = (. + 0x200)
 *fill*         0x00000000000ae0c0      0x200 
                0x00000000000ae2c0                __EL1_stack_core3 = .
                0x00000000000af2c0                . = (. + 0x1000)
 *fill*         0x00000000000ae2c0     0x1000 
                0x00000000000af2c0                __EL2_stack_core3 = .
                0x00000000000af2c0                . = ALIGN (0x10)
                0x00000000000af2c0                __stack_end_core3__ = .

.heap           0x00000000000af2c0        0x0
                0x00000000000af2c0                . = ALIGN (0x4)
                0x00000000000af2c0                __heap_start__ = .
                0x00000000000af2c0                _end = .
                [!provide]                        PROVIDE (end, .)

/DISCARD/
 *(*)
LOAD C:\Users\ldebo\AppData\Local\Temp\ccAtCOrW.o
LOAD C:\Users\ldebo\AppData\Local\Temp\cccj2pSH.o
LOAD C:\Users\ldebo\AppData\Local\Temp\cczyFb7L.o
LOAD C:\Users\ldebo\AppData\Local\Temp\ccWZD9Yo.o
LOAD g:/pi/gcc_linaro_7_1/bin/../aarch64-elf/libc/usr/lib\libc.a
LOAD g:/pi/gcc_linaro_7_1/bin/../aarch64-elf/libc/usr/lib\libm.a
LOAD g:/pi/gcc_linaro_7_1/bin/../lib/gcc/aarch64-elf/7.1.1\libgcc.a
OUTPUT(kernel.elf elf64-littleaarch64)
