Archive member included to satisfy reference by file (symbol)

g:/pi/gcc_linaro_7_1/bin/../aarch64-elf/libc/usr/lib\libc.a(lib_a-locale.o)
                              C:\Users\Leon\AppData\Local\Temp\ccGwOPZx.o (__locale_ctype_ptr)
g:/pi/gcc_linaro_7_1/bin/../aarch64-elf/libc/usr/lib\libc.a(lib_a-mbstowcs.o)
                              C:\Users\Leon\AppData\Local\Temp\ccGwOPZx.o (mbstowcs)
g:/pi/gcc_linaro_7_1/bin/../aarch64-elf/libc/usr/lib\libc.a(lib_a-mbstowcs_r.o)
                              g:/pi/gcc_linaro_7_1/bin/../aarch64-elf/libc/usr/lib\libc.a(lib_a-mbstowcs.o) (_mbstowcs_r)
g:/pi/gcc_linaro_7_1/bin/../aarch64-elf/libc/usr/lib\libc.a(lib_a-mbtowc_r.o)
                              g:/pi/gcc_linaro_7_1/bin/../aarch64-elf/libc/usr/lib\libc.a(lib_a-locale.o) (__ascii_mbtowc)
g:/pi/gcc_linaro_7_1/bin/../aarch64-elf/libc/usr/lib\libc.a(lib_a-s_modf.o)
                              C:\Users\Leon\AppData\Local\Temp\ccGwOPZx.o (modf)
g:/pi/gcc_linaro_7_1/bin/../aarch64-elf/libc/usr/lib\libc.a(lib_a-strcasecmp.o)
                              g:/pi/gcc_linaro_7_1/bin/../aarch64-elf/libc/usr/lib\libc.a(lib_a-locale.o) (strcasecmp)
g:/pi/gcc_linaro_7_1/bin/../aarch64-elf/libc/usr/lib\libc.a(lib_a-strcat.o)
                              g:/pi/gcc_linaro_7_1/bin/../aarch64-elf/libc/usr/lib\libc.a(lib_a-locale.o) (strcat)
g:/pi/gcc_linaro_7_1/bin/../aarch64-elf/libc/usr/lib\libc.a(lib_a-strchr.o)
                              C:\Users\Leon\AppData\Local\Temp\ccGwOPZx.o (strchr)
g:/pi/gcc_linaro_7_1/bin/../aarch64-elf/libc/usr/lib\libc.a(lib_a-strcmp.o)
                              g:/pi/gcc_linaro_7_1/bin/../aarch64-elf/libc/usr/lib\libc.a(lib_a-locale.o) (strcmp)
g:/pi/gcc_linaro_7_1/bin/../aarch64-elf/libc/usr/lib\libc.a(lib_a-strcpy.o)
                              C:\Users\Leon\AppData\Local\Temp\ccGwOPZx.o (strcpy)
g:/pi/gcc_linaro_7_1/bin/../aarch64-elf/libc/usr/lib\libc.a(lib_a-strlcpy.o)
                              g:/pi/gcc_linaro_7_1/bin/../aarch64-elf/libc/usr/lib\libc.a(lib_a-locale.o) (strlcpy)
g:/pi/gcc_linaro_7_1/bin/../aarch64-elf/libc/usr/lib\libc.a(lib_a-strlen.o)
                              C:\Users\Leon\AppData\Local\Temp\ccjCuHOB.o (strlen)
g:/pi/gcc_linaro_7_1/bin/../aarch64-elf/libc/usr/lib\libc.a(lib_a-strncasecmp.o)
                              g:/pi/gcc_linaro_7_1/bin/../aarch64-elf/libc/usr/lib\libc.a(lib_a-locale.o) (strncasecmp)
g:/pi/gcc_linaro_7_1/bin/../aarch64-elf/libc/usr/lib\libc.a(lib_a-strncmp.o)
                              g:/pi/gcc_linaro_7_1/bin/../aarch64-elf/libc/usr/lib\libc.a(lib_a-locale.o) (strncmp)
g:/pi/gcc_linaro_7_1/bin/../aarch64-elf/libc/usr/lib\libc.a(lib_a-strncpy.o)
                              C:\Users\Leon\AppData\Local\Temp\ccGwOPZx.o (strncpy)
g:/pi/gcc_linaro_7_1/bin/../aarch64-elf/libc/usr/lib\libc.a(lib_a-strnlen.o)
                              C:\Users\Leon\AppData\Local\Temp\ccGwOPZx.o (strnlen)
g:/pi/gcc_linaro_7_1/bin/../aarch64-elf/libc/usr/lib\libc.a(lib_a-strtod.o)
                              C:\Users\Leon\AppData\Local\Temp\ccGwOPZx.o (strtod)
g:/pi/gcc_linaro_7_1/bin/../aarch64-elf/libc/usr/lib\libc.a(lib_a-strtol.o)
                              C:\Users\Leon\AppData\Local\Temp\ccGwOPZx.o (strtol)
g:/pi/gcc_linaro_7_1/bin/../aarch64-elf/libc/usr/lib\libc.a(lib_a-strtold.o)
                              C:\Users\Leon\AppData\Local\Temp\ccGwOPZx.o (strtold)
g:/pi/gcc_linaro_7_1/bin/../aarch64-elf/libc/usr/lib\libc.a(lib_a-strtoll.o)
                              C:\Users\Leon\AppData\Local\Temp\ccGwOPZx.o (strtoll)
g:/pi/gcc_linaro_7_1/bin/../aarch64-elf/libc/usr/lib\libc.a(lib_a-strtorx.o)
                              g:/pi/gcc_linaro_7_1/bin/../aarch64-elf/libc/usr/lib\libc.a(lib_a-strtold.o) (_strtorx_l)
g:/pi/gcc_linaro_7_1/bin/../aarch64-elf/libc/usr/lib\libc.a(lib_a-strtoul.o)
                              C:\Users\Leon\AppData\Local\Temp\ccGwOPZx.o (strtoul)
g:/pi/gcc_linaro_7_1/bin/../aarch64-elf/libc/usr/lib\libc.a(lib_a-strtoull.o)
                              C:\Users\Leon\AppData\Local\Temp\ccGwOPZx.o (strtoull)
g:/pi/gcc_linaro_7_1/bin/../aarch64-elf/libc/usr/lib\libc.a(lib_a-wcscpy.o)
                              C:\Users\Leon\AppData\Local\Temp\ccGwOPZx.o (wcscpy)
g:/pi/gcc_linaro_7_1/bin/../aarch64-elf/libc/usr/lib\libc.a(lib_a-wctob.o)
                              C:\Users\Leon\AppData\Local\Temp\ccGwOPZx.o (wctob)
g:/pi/gcc_linaro_7_1/bin/../aarch64-elf/libc/usr/lib\libc.a(lib_a-wctomb_r.o)
                              g:/pi/gcc_linaro_7_1/bin/../aarch64-elf/libc/usr/lib\libc.a(lib_a-locale.o) (__ascii_wctomb)
g:/pi/gcc_linaro_7_1/bin/../aarch64-elf/libc/usr/lib\libc.a(lib_a-ctype_.o)
                              g:/pi/gcc_linaro_7_1/bin/../aarch64-elf/libc/usr/lib\libc.a(lib_a-locale.o) (__set_ctype)
g:/pi/gcc_linaro_7_1/bin/../aarch64-elf/libc/usr/lib\libc.a(lib_a-gdtoa-gethex.o)
                              g:/pi/gcc_linaro_7_1/bin/../aarch64-elf/libc/usr/lib\libc.a(lib_a-strtod.o) (__gethex)
g:/pi/gcc_linaro_7_1/bin/../aarch64-elf/libc/usr/lib\libc.a(lib_a-gdtoa-hexnan.o)
                              g:/pi/gcc_linaro_7_1/bin/../aarch64-elf/libc/usr/lib\libc.a(lib_a-strtod.o) (__match)
g:/pi/gcc_linaro_7_1/bin/../aarch64-elf/libc/usr/lib\libc.a(lib_a-getenv_r.o)
                              g:/pi/gcc_linaro_7_1/bin/../aarch64-elf/libc/usr/lib\libc.a(lib_a-locale.o) (_getenv_r)
g:/pi/gcc_linaro_7_1/bin/../aarch64-elf/libc/usr/lib\libc.a(lib_a-impure.o)
                              g:/pi/gcc_linaro_7_1/bin/../aarch64-elf/libc/usr/lib\libc.a(lib_a-locale.o) (_impure_ptr)
g:/pi/gcc_linaro_7_1/bin/../aarch64-elf/libc/usr/lib\libc.a(lib_a-localeconv.o)
                              g:/pi/gcc_linaro_7_1/bin/../aarch64-elf/libc/usr/lib\libc.a(lib_a-strtod.o) (__localeconv_l)
g:/pi/gcc_linaro_7_1/bin/../aarch64-elf/libc/usr/lib\libc.a(lib_a-memcpy.o)
                              g:/pi/gcc_linaro_7_1/bin/../aarch64-elf/libc/usr/lib\libc.a(lib_a-strtod.o) (memcpy)
g:/pi/gcc_linaro_7_1/bin/../aarch64-elf/libc/usr/lib\libc.a(lib_a-memset.o)
                              g:/pi/gcc_linaro_7_1/bin/../aarch64-elf/libc/usr/lib\libc.a(lib_a-wctob.o) (memset)
g:/pi/gcc_linaro_7_1/bin/../aarch64-elf/libc/usr/lib\libc.a(lib_a-mprec.o)
                              g:/pi/gcc_linaro_7_1/bin/../aarch64-elf/libc/usr/lib\libc.a(lib_a-strtod.o) (_Balloc)
g:/pi/gcc_linaro_7_1/bin/../aarch64-elf/libc/usr/lib\libc.a(lib_a-sf_nan.o)
                              g:/pi/gcc_linaro_7_1/bin/../aarch64-elf/libc/usr/lib\libc.a(lib_a-strtod.o) (nanf)
g:/pi/gcc_linaro_7_1/bin/../aarch64-elf/libc/usr/lib\libc.a(lib_a-strtodg.o)
                              g:/pi/gcc_linaro_7_1/bin/../aarch64-elf/libc/usr/lib\libc.a(lib_a-strtorx.o) (_strtodg_l)
g:/pi/gcc_linaro_7_1/bin/../aarch64-elf/libc/usr/lib\libc.a(lib_a-callocr.o)
                              g:/pi/gcc_linaro_7_1/bin/../aarch64-elf/libc/usr/lib\libc.a(lib_a-mprec.o) (_calloc_r)
g:/pi/gcc_linaro_7_1/bin/../aarch64-elf/libc/usr/lib\libc.a(lib_a-environ.o)
                              g:/pi/gcc_linaro_7_1/bin/../aarch64-elf/libc/usr/lib\libc.a(lib_a-getenv_r.o) (environ)
g:/pi/gcc_linaro_7_1/bin/../aarch64-elf/libc/usr/lib\libc.a(lib_a-envlock.o)
                              g:/pi/gcc_linaro_7_1/bin/../aarch64-elf/libc/usr/lib\libc.a(lib_a-getenv_r.o) (__env_lock)
g:/pi/gcc_linaro_7_1/bin/../aarch64-elf/libc/usr/lib\libc.a(lib_a-errno.o)
                              g:/pi/gcc_linaro_7_1/bin/../aarch64-elf/libc/usr/lib\libc.a(lib_a-strtodg.o) (__errno)
g:/pi/gcc_linaro_7_1/bin/../aarch64-elf/libc/usr/lib\libc.a(lib_a-mallocr.o)
                              g:/pi/gcc_linaro_7_1/bin/../aarch64-elf/libc/usr/lib\libc.a(lib_a-callocr.o) (_malloc_r)
g:/pi/gcc_linaro_7_1/bin/../aarch64-elf/libc/usr/lib\libc.a(lib_a-mlock.o)
                              g:/pi/gcc_linaro_7_1/bin/../aarch64-elf/libc/usr/lib\libc.a(lib_a-mallocr.o) (__malloc_lock)
g:/pi/gcc_linaro_7_1/bin/../aarch64-elf/libc/usr/lib\libc.a(lib_a-sbrkr.o)
                              g:/pi/gcc_linaro_7_1/bin/../aarch64-elf/libc/usr/lib\libc.a(lib_a-mallocr.o) (_sbrk_r)
g:/pi/gcc_linaro_7_1/bin/../aarch64-elf/libc/usr/lib\libc.a(lib_a-freer.o)
                              g:/pi/gcc_linaro_7_1/bin/../aarch64-elf/libc/usr/lib\libc.a(lib_a-mallocr.o) (_free_r)
g:/pi/gcc_linaro_7_1/bin/../aarch64-elf/libc/usr/lib\libc.a(lib_a-reent.o)
                              g:/pi/gcc_linaro_7_1/bin/../aarch64-elf/libc/usr/lib\libc.a(lib_a-sbrkr.o) (errno)
g:/pi/gcc_linaro_7_1/bin/../lib/gcc/aarch64-elf/7.1.1\libgcc.a(floatsitf.o)
                              C:\Users\Leon\AppData\Local\Temp\ccGwOPZx.o (__floatsitf)
g:/pi/gcc_linaro_7_1/bin/../lib/gcc/aarch64-elf/7.1.1\libgcc.a(trunctfdf2.o)
                              C:\Users\Leon\AppData\Local\Temp\ccGwOPZx.o (__trunctfdf2)
g:/pi/gcc_linaro_7_1/bin/../lib/gcc/aarch64-elf/7.1.1\libgcc.a(sfp-exceptions.o)
                              g:/pi/gcc_linaro_7_1/bin/../lib/gcc/aarch64-elf/7.1.1\libgcc.a(trunctfdf2.o) (__sfp_handle_exceptions)

Allocating common symbols
Common symbol       size              file

errno               0x4               g:/pi/gcc_linaro_7_1/bin/../aarch64-elf/libc/usr/lib\libc.a(lib_a-reent.o)

Discarded input sections

 .data          0x0000000000000000        0x0 C:\Users\Leon\AppData\Local\Temp\cchgO91X.o
 .bss           0x0000000000000000        0x0 C:\Users\Leon\AppData\Local\Temp\cchgO91X.o
 .comment       0x0000000000000000       0x2e C:\Users\Leon\AppData\Local\Temp\cchgO91X.o
 .text          0x0000000000000000        0x0 C:\Users\Leon\AppData\Local\Temp\ccKw2y84.o
 .data          0x0000000000000000        0x0 C:\Users\Leon\AppData\Local\Temp\ccKw2y84.o
 .bss           0x0000000000000000        0x0 C:\Users\Leon\AppData\Local\Temp\ccKw2y84.o
 .comment       0x0000000000000000       0x2e C:\Users\Leon\AppData\Local\Temp\ccjCuHOB.o
 .data          0x0000000000000000        0x0 C:\Users\Leon\AppData\Local\Temp\ccGwOPZx.o
 .comment       0x0000000000000000       0x2e C:\Users\Leon\AppData\Local\Temp\ccGwOPZx.o
 .debug_info    0x0000000000000000     0x1d43 g:/pi/gcc_linaro_7_1/bin/../aarch64-elf/libc/usr/lib\libc.a(lib_a-locale.o)
 .debug_abbrev  0x0000000000000000      0x3cc g:/pi/gcc_linaro_7_1/bin/../aarch64-elf/libc/usr/lib\libc.a(lib_a-locale.o)
 .debug_loc     0x0000000000000000     0x11a0 g:/pi/gcc_linaro_7_1/bin/../aarch64-elf/libc/usr/lib\libc.a(lib_a-locale.o)
 .debug_aranges
                0x0000000000000000       0x30 g:/pi/gcc_linaro_7_1/bin/../aarch64-elf/libc/usr/lib\libc.a(lib_a-locale.o)
 .debug_ranges  0x0000000000000000       0xa0 g:/pi/gcc_linaro_7_1/bin/../aarch64-elf/libc/usr/lib\libc.a(lib_a-locale.o)
 .debug_line    0x0000000000000000      0x672 g:/pi/gcc_linaro_7_1/bin/../aarch64-elf/libc/usr/lib\libc.a(lib_a-locale.o)
 .debug_str     0x0000000000000000      0xb94 g:/pi/gcc_linaro_7_1/bin/../aarch64-elf/libc/usr/lib\libc.a(lib_a-locale.o)
 .comment       0x0000000000000000       0x2e g:/pi/gcc_linaro_7_1/bin/../aarch64-elf/libc/usr/lib\libc.a(lib_a-locale.o)
 .debug_frame   0x0000000000000000      0x2c8 g:/pi/gcc_linaro_7_1/bin/../aarch64-elf/libc/usr/lib\libc.a(lib_a-locale.o)
 .data          0x0000000000000000        0x0 g:/pi/gcc_linaro_7_1/bin/../aarch64-elf/libc/usr/lib\libc.a(lib_a-mbstowcs.o)
 .bss           0x0000000000000000        0x0 g:/pi/gcc_linaro_7_1/bin/../aarch64-elf/libc/usr/lib\libc.a(lib_a-mbstowcs.o)
 .debug_info    0x0000000000000000      0x960 g:/pi/gcc_linaro_7_1/bin/../aarch64-elf/libc/usr/lib\libc.a(lib_a-mbstowcs.o)
 .debug_abbrev  0x0000000000000000      0x214 g:/pi/gcc_linaro_7_1/bin/../aarch64-elf/libc/usr/lib\libc.a(lib_a-mbstowcs.o)
 .debug_loc     0x0000000000000000       0xe4 g:/pi/gcc_linaro_7_1/bin/../aarch64-elf/libc/usr/lib\libc.a(lib_a-mbstowcs.o)
 .debug_aranges
                0x0000000000000000       0x30 g:/pi/gcc_linaro_7_1/bin/../aarch64-elf/libc/usr/lib\libc.a(lib_a-mbstowcs.o)
 .debug_line    0x0000000000000000      0x343 g:/pi/gcc_linaro_7_1/bin/../aarch64-elf/libc/usr/lib\libc.a(lib_a-mbstowcs.o)
 .debug_str     0x0000000000000000      0x68e g:/pi/gcc_linaro_7_1/bin/../aarch64-elf/libc/usr/lib\libc.a(lib_a-mbstowcs.o)
 .comment       0x0000000000000000       0x2e g:/pi/gcc_linaro_7_1/bin/../aarch64-elf/libc/usr/lib\libc.a(lib_a-mbstowcs.o)
 .debug_frame   0x0000000000000000       0x38 g:/pi/gcc_linaro_7_1/bin/../aarch64-elf/libc/usr/lib\libc.a(lib_a-mbstowcs.o)
 .data          0x0000000000000000        0x0 g:/pi/gcc_linaro_7_1/bin/../aarch64-elf/libc/usr/lib\libc.a(lib_a-mbstowcs_r.o)
 .bss           0x0000000000000000        0x0 g:/pi/gcc_linaro_7_1/bin/../aarch64-elf/libc/usr/lib\libc.a(lib_a-mbstowcs_r.o)
 .debug_info    0x0000000000000000      0xf04 g:/pi/gcc_linaro_7_1/bin/../aarch64-elf/libc/usr/lib\libc.a(lib_a-mbstowcs_r.o)
 .debug_abbrev  0x0000000000000000      0x26b g:/pi/gcc_linaro_7_1/bin/../aarch64-elf/libc/usr/lib\libc.a(lib_a-mbstowcs_r.o)
 .debug_loc     0x0000000000000000      0x32c g:/pi/gcc_linaro_7_1/bin/../aarch64-elf/libc/usr/lib\libc.a(lib_a-mbstowcs_r.o)
 .debug_aranges
                0x0000000000000000       0x30 g:/pi/gcc_linaro_7_1/bin/../aarch64-elf/libc/usr/lib\libc.a(lib_a-mbstowcs_r.o)
 .debug_ranges  0x0000000000000000       0x30 g:/pi/gcc_linaro_7_1/bin/../aarch64-elf/libc/usr/lib\libc.a(lib_a-mbstowcs_r.o)
 .debug_line    0x0000000000000000      0x445 g:/pi/gcc_linaro_7_1/bin/../aarch64-elf/libc/usr/lib\libc.a(lib_a-mbstowcs_r.o)
 .debug_str     0x0000000000000000      0x9ed g:/pi/gcc_linaro_7_1/bin/../aarch64-elf/libc/usr/lib\libc.a(lib_a-mbstowcs_r.o)
 .comment       0x0000000000000000       0x2e g:/pi/gcc_linaro_7_1/bin/../aarch64-elf/libc/usr/lib\libc.a(lib_a-mbstowcs_r.o)
 .debug_frame   0x0000000000000000       0xa8 g:/pi/gcc_linaro_7_1/bin/../aarch64-elf/libc/usr/lib\libc.a(lib_a-mbstowcs_r.o)
 .data          0x0000000000000000        0x0 g:/pi/gcc_linaro_7_1/bin/../aarch64-elf/libc/usr/lib\libc.a(lib_a-mbtowc_r.o)
 .bss           0x0000000000000000        0x0 g:/pi/gcc_linaro_7_1/bin/../aarch64-elf/libc/usr/lib\libc.a(lib_a-mbtowc_r.o)
 .debug_info    0x0000000000000000     0x13a2 g:/pi/gcc_linaro_7_1/bin/../aarch64-elf/libc/usr/lib\libc.a(lib_a-mbtowc_r.o)
 .debug_abbrev  0x0000000000000000      0x321 g:/pi/gcc_linaro_7_1/bin/../aarch64-elf/libc/usr/lib\libc.a(lib_a-mbtowc_r.o)
 .debug_loc     0x0000000000000000     0x142f g:/pi/gcc_linaro_7_1/bin/../aarch64-elf/libc/usr/lib\libc.a(lib_a-mbtowc_r.o)
 .debug_aranges
                0x0000000000000000       0x30 g:/pi/gcc_linaro_7_1/bin/../aarch64-elf/libc/usr/lib\libc.a(lib_a-mbtowc_r.o)
 .debug_ranges  0x0000000000000000       0x80 g:/pi/gcc_linaro_7_1/bin/../aarch64-elf/libc/usr/lib\libc.a(lib_a-mbtowc_r.o)
 .debug_line    0x0000000000000000      0x5f8 g:/pi/gcc_linaro_7_1/bin/../aarch64-elf/libc/usr/lib\libc.a(lib_a-mbtowc_r.o)
 .debug_str     0x0000000000000000      0xb2c g:/pi/gcc_linaro_7_1/bin/../aarch64-elf/libc/usr/lib\libc.a(lib_a-mbtowc_r.o)
 .comment       0x0000000000000000       0x2e g:/pi/gcc_linaro_7_1/bin/../aarch64-elf/libc/usr/lib\libc.a(lib_a-mbtowc_r.o)
 .debug_frame   0x0000000000000000      0x128 g:/pi/gcc_linaro_7_1/bin/../aarch64-elf/libc/usr/lib\libc.a(lib_a-mbtowc_r.o)
 .data          0x0000000000000000        0x0 g:/pi/gcc_linaro_7_1/bin/../aarch64-elf/libc/usr/lib\libc.a(lib_a-s_modf.o)
 .bss           0x0000000000000000        0x0 g:/pi/gcc_linaro_7_1/bin/../aarch64-elf/libc/usr/lib\libc.a(lib_a-s_modf.o)
 .debug_info    0x0000000000000000      0xaec g:/pi/gcc_linaro_7_1/bin/../aarch64-elf/libc/usr/lib\libc.a(lib_a-s_modf.o)
 .debug_abbrev  0x0000000000000000      0x270 g:/pi/gcc_linaro_7_1/bin/../aarch64-elf/libc/usr/lib\libc.a(lib_a-s_modf.o)
 .debug_loc     0x0000000000000000      0x366 g:/pi/gcc_linaro_7_1/bin/../aarch64-elf/libc/usr/lib\libc.a(lib_a-s_modf.o)
 .debug_aranges
                0x0000000000000000       0x30 g:/pi/gcc_linaro_7_1/bin/../aarch64-elf/libc/usr/lib\libc.a(lib_a-s_modf.o)
 .debug_ranges  0x0000000000000000       0x60 g:/pi/gcc_linaro_7_1/bin/../aarch64-elf/libc/usr/lib\libc.a(lib_a-s_modf.o)
 .debug_line    0x0000000000000000      0x41b g:/pi/gcc_linaro_7_1/bin/../aarch64-elf/libc/usr/lib\libc.a(lib_a-s_modf.o)
 .debug_str     0x0000000000000000      0x707 g:/pi/gcc_linaro_7_1/bin/../aarch64-elf/libc/usr/lib\libc.a(lib_a-s_modf.o)
 .comment       0x0000000000000000       0x2e g:/pi/gcc_linaro_7_1/bin/../aarch64-elf/libc/usr/lib\libc.a(lib_a-s_modf.o)
 .debug_frame   0x0000000000000000       0x28 g:/pi/gcc_linaro_7_1/bin/../aarch64-elf/libc/usr/lib\libc.a(lib_a-s_modf.o)
 .data          0x0000000000000000        0x0 g:/pi/gcc_linaro_7_1/bin/../aarch64-elf/libc/usr/lib\libc.a(lib_a-strcasecmp.o)
 .bss           0x0000000000000000        0x0 g:/pi/gcc_linaro_7_1/bin/../aarch64-elf/libc/usr/lib\libc.a(lib_a-strcasecmp.o)
 .debug_info    0x0000000000000000      0x972 g:/pi/gcc_linaro_7_1/bin/../aarch64-elf/libc/usr/lib\libc.a(lib_a-strcasecmp.o)
 .debug_abbrev  0x0000000000000000      0x214 g:/pi/gcc_linaro_7_1/bin/../aarch64-elf/libc/usr/lib\libc.a(lib_a-strcasecmp.o)
 .debug_loc     0x0000000000000000      0x20d g:/pi/gcc_linaro_7_1/bin/../aarch64-elf/libc/usr/lib\libc.a(lib_a-strcasecmp.o)
 .debug_aranges
                0x0000000000000000       0x30 g:/pi/gcc_linaro_7_1/bin/../aarch64-elf/libc/usr/lib\libc.a(lib_a-strcasecmp.o)
 .debug_ranges  0x0000000000000000       0xa0 g:/pi/gcc_linaro_7_1/bin/../aarch64-elf/libc/usr/lib\libc.a(lib_a-strcasecmp.o)
 .debug_line    0x0000000000000000      0x358 g:/pi/gcc_linaro_7_1/bin/../aarch64-elf/libc/usr/lib\libc.a(lib_a-strcasecmp.o)
 .debug_str     0x0000000000000000      0x673 g:/pi/gcc_linaro_7_1/bin/../aarch64-elf/libc/usr/lib\libc.a(lib_a-strcasecmp.o)
 .comment       0x0000000000000000       0x2e g:/pi/gcc_linaro_7_1/bin/../aarch64-elf/libc/usr/lib\libc.a(lib_a-strcasecmp.o)
 .debug_frame   0x0000000000000000       0x60 g:/pi/gcc_linaro_7_1/bin/../aarch64-elf/libc/usr/lib\libc.a(lib_a-strcasecmp.o)
 .data          0x0000000000000000        0x0 g:/pi/gcc_linaro_7_1/bin/../aarch64-elf/libc/usr/lib\libc.a(lib_a-strcat.o)
 .bss           0x0000000000000000        0x0 g:/pi/gcc_linaro_7_1/bin/../aarch64-elf/libc/usr/lib\libc.a(lib_a-strcat.o)
 .debug_info    0x0000000000000000      0x92e g:/pi/gcc_linaro_7_1/bin/../aarch64-elf/libc/usr/lib\libc.a(lib_a-strcat.o)
 .debug_abbrev  0x0000000000000000      0x202 g:/pi/gcc_linaro_7_1/bin/../aarch64-elf/libc/usr/lib\libc.a(lib_a-strcat.o)
 .debug_loc     0x0000000000000000      0x118 g:/pi/gcc_linaro_7_1/bin/../aarch64-elf/libc/usr/lib\libc.a(lib_a-strcat.o)
 .debug_aranges
                0x0000000000000000       0x30 g:/pi/gcc_linaro_7_1/bin/../aarch64-elf/libc/usr/lib\libc.a(lib_a-strcat.o)
 .debug_line    0x0000000000000000      0x33c g:/pi/gcc_linaro_7_1/bin/../aarch64-elf/libc/usr/lib\libc.a(lib_a-strcat.o)
 .debug_str     0x0000000000000000      0x662 g:/pi/gcc_linaro_7_1/bin/../aarch64-elf/libc/usr/lib\libc.a(lib_a-strcat.o)
 .comment       0x0000000000000000       0x2e g:/pi/gcc_linaro_7_1/bin/../aarch64-elf/libc/usr/lib\libc.a(lib_a-strcat.o)
 .debug_frame   0x0000000000000000       0x40 g:/pi/gcc_linaro_7_1/bin/../aarch64-elf/libc/usr/lib\libc.a(lib_a-strcat.o)
 .data          0x0000000000000000        0x0 g:/pi/gcc_linaro_7_1/bin/../aarch64-elf/libc/usr/lib\libc.a(lib_a-strchr.o)
 .bss           0x0000000000000000        0x0 g:/pi/gcc_linaro_7_1/bin/../aarch64-elf/libc/usr/lib\libc.a(lib_a-strchr.o)
 .debug_line    0x0000000000000000      0x121 g:/pi/gcc_linaro_7_1/bin/../aarch64-elf/libc/usr/lib\libc.a(lib_a-strchr.o)
 .debug_info    0x0000000000000000      0x1c2 g:/pi/gcc_linaro_7_1/bin/../aarch64-elf/libc/usr/lib\libc.a(lib_a-strchr.o)
 .debug_abbrev  0x0000000000000000       0x14 g:/pi/gcc_linaro_7_1/bin/../aarch64-elf/libc/usr/lib\libc.a(lib_a-strchr.o)
 .debug_aranges
                0x0000000000000000       0x30 g:/pi/gcc_linaro_7_1/bin/../aarch64-elf/libc/usr/lib\libc.a(lib_a-strchr.o)
 .data          0x0000000000000000        0x0 g:/pi/gcc_linaro_7_1/bin/../aarch64-elf/libc/usr/lib\libc.a(lib_a-strcmp.o)
 .bss           0x0000000000000000        0x0 g:/pi/gcc_linaro_7_1/bin/../aarch64-elf/libc/usr/lib\libc.a(lib_a-strcmp.o)
 .debug_line    0x0000000000000000      0x115 g:/pi/gcc_linaro_7_1/bin/../aarch64-elf/libc/usr/lib\libc.a(lib_a-strcmp.o)
 .debug_info    0x0000000000000000      0x1c2 g:/pi/gcc_linaro_7_1/bin/../aarch64-elf/libc/usr/lib\libc.a(lib_a-strcmp.o)
 .debug_abbrev  0x0000000000000000       0x14 g:/pi/gcc_linaro_7_1/bin/../aarch64-elf/libc/usr/lib\libc.a(lib_a-strcmp.o)
 .debug_aranges
                0x0000000000000000       0x30 g:/pi/gcc_linaro_7_1/bin/../aarch64-elf/libc/usr/lib\libc.a(lib_a-strcmp.o)
 .data          0x0000000000000000        0x0 g:/pi/gcc_linaro_7_1/bin/../aarch64-elf/libc/usr/lib\libc.a(lib_a-strcpy.o)
 .bss           0x0000000000000000        0x0 g:/pi/gcc_linaro_7_1/bin/../aarch64-elf/libc/usr/lib\libc.a(lib_a-strcpy.o)
 .debug_line    0x0000000000000000      0x153 g:/pi/gcc_linaro_7_1/bin/../aarch64-elf/libc/usr/lib\libc.a(lib_a-strcpy.o)
 .debug_info    0x0000000000000000      0x1c2 g:/pi/gcc_linaro_7_1/bin/../aarch64-elf/libc/usr/lib\libc.a(lib_a-strcpy.o)
 .debug_abbrev  0x0000000000000000       0x14 g:/pi/gcc_linaro_7_1/bin/../aarch64-elf/libc/usr/lib\libc.a(lib_a-strcpy.o)
 .debug_aranges
                0x0000000000000000       0x30 g:/pi/gcc_linaro_7_1/bin/../aarch64-elf/libc/usr/lib\libc.a(lib_a-strcpy.o)
 .data          0x0000000000000000        0x0 g:/pi/gcc_linaro_7_1/bin/../aarch64-elf/libc/usr/lib\libc.a(lib_a-strlcpy.o)
 .bss           0x0000000000000000        0x0 g:/pi/gcc_linaro_7_1/bin/../aarch64-elf/libc/usr/lib\libc.a(lib_a-strlcpy.o)
 .debug_info    0x0000000000000000      0x911 g:/pi/gcc_linaro_7_1/bin/../aarch64-elf/libc/usr/lib\libc.a(lib_a-strlcpy.o)
 .debug_abbrev  0x0000000000000000      0x1d2 g:/pi/gcc_linaro_7_1/bin/../aarch64-elf/libc/usr/lib\libc.a(lib_a-strlcpy.o)
 .debug_loc     0x0000000000000000      0x1de g:/pi/gcc_linaro_7_1/bin/../aarch64-elf/libc/usr/lib\libc.a(lib_a-strlcpy.o)
 .debug_aranges
                0x0000000000000000       0x30 g:/pi/gcc_linaro_7_1/bin/../aarch64-elf/libc/usr/lib\libc.a(lib_a-strlcpy.o)
 .debug_line    0x0000000000000000      0x346 g:/pi/gcc_linaro_7_1/bin/../aarch64-elf/libc/usr/lib\libc.a(lib_a-strlcpy.o)
 .debug_str     0x0000000000000000      0x659 g:/pi/gcc_linaro_7_1/bin/../aarch64-elf/libc/usr/lib\libc.a(lib_a-strlcpy.o)
 .comment       0x0000000000000000       0x2e g:/pi/gcc_linaro_7_1/bin/../aarch64-elf/libc/usr/lib\libc.a(lib_a-strlcpy.o)
 .debug_frame   0x0000000000000000       0x28 g:/pi/gcc_linaro_7_1/bin/../aarch64-elf/libc/usr/lib\libc.a(lib_a-strlcpy.o)
 .data          0x0000000000000000        0x0 g:/pi/gcc_linaro_7_1/bin/../aarch64-elf/libc/usr/lib\libc.a(lib_a-strlen.o)
 .bss           0x0000000000000000        0x0 g:/pi/gcc_linaro_7_1/bin/../aarch64-elf/libc/usr/lib\libc.a(lib_a-strlen.o)
 .debug_line    0x0000000000000000      0x13e g:/pi/gcc_linaro_7_1/bin/../aarch64-elf/libc/usr/lib\libc.a(lib_a-strlen.o)
 .debug_info    0x0000000000000000      0x1c2 g:/pi/gcc_linaro_7_1/bin/../aarch64-elf/libc/usr/lib\libc.a(lib_a-strlen.o)
 .debug_abbrev  0x0000000000000000       0x14 g:/pi/gcc_linaro_7_1/bin/../aarch64-elf/libc/usr/lib\libc.a(lib_a-strlen.o)
 .debug_aranges
                0x0000000000000000       0x30 g:/pi/gcc_linaro_7_1/bin/../aarch64-elf/libc/usr/lib\libc.a(lib_a-strlen.o)
 .data          0x0000000000000000        0x0 g:/pi/gcc_linaro_7_1/bin/../aarch64-elf/libc/usr/lib\libc.a(lib_a-strncasecmp.o)
 .bss           0x0000000000000000        0x0 g:/pi/gcc_linaro_7_1/bin/../aarch64-elf/libc/usr/lib\libc.a(lib_a-strncasecmp.o)
 .debug_info    0x0000000000000000      0x98a g:/pi/gcc_linaro_7_1/bin/../aarch64-elf/libc/usr/lib\libc.a(lib_a-strncasecmp.o)
 .debug_abbrev  0x0000000000000000      0x214 g:/pi/gcc_linaro_7_1/bin/../aarch64-elf/libc/usr/lib\libc.a(lib_a-strncasecmp.o)
 .debug_loc     0x0000000000000000      0x2bf g:/pi/gcc_linaro_7_1/bin/../aarch64-elf/libc/usr/lib\libc.a(lib_a-strncasecmp.o)
 .debug_aranges
                0x0000000000000000       0x30 g:/pi/gcc_linaro_7_1/bin/../aarch64-elf/libc/usr/lib\libc.a(lib_a-strncasecmp.o)
 .debug_ranges  0x0000000000000000       0x90 g:/pi/gcc_linaro_7_1/bin/../aarch64-elf/libc/usr/lib\libc.a(lib_a-strncasecmp.o)
 .debug_line    0x0000000000000000      0x366 g:/pi/gcc_linaro_7_1/bin/../aarch64-elf/libc/usr/lib\libc.a(lib_a-strncasecmp.o)
 .debug_str     0x0000000000000000      0x67c g:/pi/gcc_linaro_7_1/bin/../aarch64-elf/libc/usr/lib\libc.a(lib_a-strncasecmp.o)
 .comment       0x0000000000000000       0x2e g:/pi/gcc_linaro_7_1/bin/../aarch64-elf/libc/usr/lib\libc.a(lib_a-strncasecmp.o)
 .debug_frame   0x0000000000000000       0x60 g:/pi/gcc_linaro_7_1/bin/../aarch64-elf/libc/usr/lib\libc.a(lib_a-strncasecmp.o)
 .data          0x0000000000000000        0x0 g:/pi/gcc_linaro_7_1/bin/../aarch64-elf/libc/usr/lib\libc.a(lib_a-strncmp.o)
 .bss           0x0000000000000000        0x0 g:/pi/gcc_linaro_7_1/bin/../aarch64-elf/libc/usr/lib\libc.a(lib_a-strncmp.o)
 .debug_line    0x0000000000000000      0x12f g:/pi/gcc_linaro_7_1/bin/../aarch64-elf/libc/usr/lib\libc.a(lib_a-strncmp.o)
 .debug_info    0x0000000000000000      0x1c3 g:/pi/gcc_linaro_7_1/bin/../aarch64-elf/libc/usr/lib\libc.a(lib_a-strncmp.o)
 .debug_abbrev  0x0000000000000000       0x14 g:/pi/gcc_linaro_7_1/bin/../aarch64-elf/libc/usr/lib\libc.a(lib_a-strncmp.o)
 .debug_aranges
                0x0000000000000000       0x30 g:/pi/gcc_linaro_7_1/bin/../aarch64-elf/libc/usr/lib\libc.a(lib_a-strncmp.o)
 .data          0x0000000000000000        0x0 g:/pi/gcc_linaro_7_1/bin/../aarch64-elf/libc/usr/lib\libc.a(lib_a-strncpy.o)
 .bss           0x0000000000000000        0x0 g:/pi/gcc_linaro_7_1/bin/../aarch64-elf/libc/usr/lib\libc.a(lib_a-strncpy.o)
 .debug_info    0x0000000000000000      0x945 g:/pi/gcc_linaro_7_1/bin/../aarch64-elf/libc/usr/lib\libc.a(lib_a-strncpy.o)
 .debug_abbrev  0x0000000000000000      0x1ea g:/pi/gcc_linaro_7_1/bin/../aarch64-elf/libc/usr/lib\libc.a(lib_a-strncpy.o)
 .debug_loc     0x0000000000000000      0x300 g:/pi/gcc_linaro_7_1/bin/../aarch64-elf/libc/usr/lib\libc.a(lib_a-strncpy.o)
 .debug_aranges
                0x0000000000000000       0x30 g:/pi/gcc_linaro_7_1/bin/../aarch64-elf/libc/usr/lib\libc.a(lib_a-strncpy.o)
 .debug_line    0x0000000000000000      0x351 g:/pi/gcc_linaro_7_1/bin/../aarch64-elf/libc/usr/lib\libc.a(lib_a-strncpy.o)
 .debug_str     0x0000000000000000      0x681 g:/pi/gcc_linaro_7_1/bin/../aarch64-elf/libc/usr/lib\libc.a(lib_a-strncpy.o)
 .comment       0x0000000000000000       0x2e g:/pi/gcc_linaro_7_1/bin/../aarch64-elf/libc/usr/lib\libc.a(lib_a-strncpy.o)
 .debug_frame   0x0000000000000000       0x28 g:/pi/gcc_linaro_7_1/bin/../aarch64-elf/libc/usr/lib\libc.a(lib_a-strncpy.o)
 .data          0x0000000000000000        0x0 g:/pi/gcc_linaro_7_1/bin/../aarch64-elf/libc/usr/lib\libc.a(lib_a-strnlen.o)
 .bss           0x0000000000000000        0x0 g:/pi/gcc_linaro_7_1/bin/../aarch64-elf/libc/usr/lib\libc.a(lib_a-strnlen.o)
 .debug_line    0x0000000000000000      0x123 g:/pi/gcc_linaro_7_1/bin/../aarch64-elf/libc/usr/lib\libc.a(lib_a-strnlen.o)
 .debug_info    0x0000000000000000      0x1c3 g:/pi/gcc_linaro_7_1/bin/../aarch64-elf/libc/usr/lib\libc.a(lib_a-strnlen.o)
 .debug_abbrev  0x0000000000000000       0x14 g:/pi/gcc_linaro_7_1/bin/../aarch64-elf/libc/usr/lib\libc.a(lib_a-strnlen.o)
 .debug_aranges
                0x0000000000000000       0x30 g:/pi/gcc_linaro_7_1/bin/../aarch64-elf/libc/usr/lib\libc.a(lib_a-strnlen.o)
 .data          0x0000000000000000        0x0 g:/pi/gcc_linaro_7_1/bin/../aarch64-elf/libc/usr/lib\libc.a(lib_a-strtod.o)
 .bss           0x0000000000000000        0x0 g:/pi/gcc_linaro_7_1/bin/../aarch64-elf/libc/usr/lib\libc.a(lib_a-strtod.o)
 .debug_info    0x0000000000000000     0x1da4 g:/pi/gcc_linaro_7_1/bin/../aarch64-elf/libc/usr/lib\libc.a(lib_a-strtod.o)
 .debug_abbrev  0x0000000000000000      0x3f6 g:/pi/gcc_linaro_7_1/bin/../aarch64-elf/libc/usr/lib\libc.a(lib_a-strtod.o)
 .debug_loc     0x0000000000000000     0x3f75 g:/pi/gcc_linaro_7_1/bin/../aarch64-elf/libc/usr/lib\libc.a(lib_a-strtod.o)
 .debug_aranges
                0x0000000000000000       0x40 g:/pi/gcc_linaro_7_1/bin/../aarch64-elf/libc/usr/lib\libc.a(lib_a-strtod.o)
 .debug_ranges  0x0000000000000000      0x1b0 g:/pi/gcc_linaro_7_1/bin/../aarch64-elf/libc/usr/lib\libc.a(lib_a-strtod.o)
 .debug_line    0x0000000000000000      0x94f g:/pi/gcc_linaro_7_1/bin/../aarch64-elf/libc/usr/lib\libc.a(lib_a-strtod.o)
 .debug_str     0x0000000000000000      0xcf4 g:/pi/gcc_linaro_7_1/bin/../aarch64-elf/libc/usr/lib\libc.a(lib_a-strtod.o)
 .comment       0x0000000000000000       0x2e g:/pi/gcc_linaro_7_1/bin/../aarch64-elf/libc/usr/lib\libc.a(lib_a-strtod.o)
 .debug_frame   0x0000000000000000      0x330 g:/pi/gcc_linaro_7_1/bin/../aarch64-elf/libc/usr/lib\libc.a(lib_a-strtod.o)
 .data          0x0000000000000000        0x0 g:/pi/gcc_linaro_7_1/bin/../aarch64-elf/libc/usr/lib\libc.a(lib_a-strtol.o)
 .bss           0x0000000000000000        0x0 g:/pi/gcc_linaro_7_1/bin/../aarch64-elf/libc/usr/lib\libc.a(lib_a-strtol.o)
 .debug_info    0x0000000000000000     0x112c g:/pi/gcc_linaro_7_1/bin/../aarch64-elf/libc/usr/lib\libc.a(lib_a-strtol.o)
 .debug_abbrev  0x0000000000000000      0x2dc g:/pi/gcc_linaro_7_1/bin/../aarch64-elf/libc/usr/lib\libc.a(lib_a-strtol.o)
 .debug_loc     0x0000000000000000      0x977 g:/pi/gcc_linaro_7_1/bin/../aarch64-elf/libc/usr/lib\libc.a(lib_a-strtol.o)
 .debug_aranges
                0x0000000000000000       0x30 g:/pi/gcc_linaro_7_1/bin/../aarch64-elf/libc/usr/lib\libc.a(lib_a-strtol.o)
 .debug_ranges  0x0000000000000000       0x30 g:/pi/gcc_linaro_7_1/bin/../aarch64-elf/libc/usr/lib\libc.a(lib_a-strtol.o)
 .debug_line    0x0000000000000000      0x495 g:/pi/gcc_linaro_7_1/bin/../aarch64-elf/libc/usr/lib\libc.a(lib_a-strtol.o)
 .debug_str     0x0000000000000000      0xa23 g:/pi/gcc_linaro_7_1/bin/../aarch64-elf/libc/usr/lib\libc.a(lib_a-strtol.o)
 .comment       0x0000000000000000       0x2e g:/pi/gcc_linaro_7_1/bin/../aarch64-elf/libc/usr/lib\libc.a(lib_a-strtol.o)
 .debug_frame   0x0000000000000000       0xa0 g:/pi/gcc_linaro_7_1/bin/../aarch64-elf/libc/usr/lib\libc.a(lib_a-strtol.o)
 .data          0x0000000000000000        0x0 g:/pi/gcc_linaro_7_1/bin/../aarch64-elf/libc/usr/lib\libc.a(lib_a-strtold.o)
 .bss           0x0000000000000000        0x0 g:/pi/gcc_linaro_7_1/bin/../aarch64-elf/libc/usr/lib\libc.a(lib_a-strtold.o)
 .debug_info    0x0000000000000000     0x10b9 g:/pi/gcc_linaro_7_1/bin/../aarch64-elf/libc/usr/lib\libc.a(lib_a-strtold.o)
 .debug_abbrev  0x0000000000000000      0x282 g:/pi/gcc_linaro_7_1/bin/../aarch64-elf/libc/usr/lib\libc.a(lib_a-strtold.o)
 .debug_loc     0x0000000000000000      0x227 g:/pi/gcc_linaro_7_1/bin/../aarch64-elf/libc/usr/lib\libc.a(lib_a-strtold.o)
 .debug_aranges
                0x0000000000000000       0x30 g:/pi/gcc_linaro_7_1/bin/../aarch64-elf/libc/usr/lib\libc.a(lib_a-strtold.o)
 .debug_ranges  0x0000000000000000       0x70 g:/pi/gcc_linaro_7_1/bin/../aarch64-elf/libc/usr/lib\libc.a(lib_a-strtold.o)
 .debug_line    0x0000000000000000      0x488 g:/pi/gcc_linaro_7_1/bin/../aarch64-elf/libc/usr/lib\libc.a(lib_a-strtold.o)
 .debug_str     0x0000000000000000      0xaa7 g:/pi/gcc_linaro_7_1/bin/../aarch64-elf/libc/usr/lib\libc.a(lib_a-strtold.o)
 .comment       0x0000000000000000       0x2e g:/pi/gcc_linaro_7_1/bin/../aarch64-elf/libc/usr/lib\libc.a(lib_a-strtold.o)
 .debug_frame   0x0000000000000000       0x88 g:/pi/gcc_linaro_7_1/bin/../aarch64-elf/libc/usr/lib\libc.a(lib_a-strtold.o)
 .data          0x0000000000000000        0x0 g:/pi/gcc_linaro_7_1/bin/../aarch64-elf/libc/usr/lib\libc.a(lib_a-strtoll.o)
 .bss           0x0000000000000000        0x0 g:/pi/gcc_linaro_7_1/bin/../aarch64-elf/libc/usr/lib\libc.a(lib_a-strtoll.o)
 .debug_info    0x0000000000000000     0x112e g:/pi/gcc_linaro_7_1/bin/../aarch64-elf/libc/usr/lib\libc.a(lib_a-strtoll.o)
 .debug_abbrev  0x0000000000000000      0x2f8 g:/pi/gcc_linaro_7_1/bin/../aarch64-elf/libc/usr/lib\libc.a(lib_a-strtoll.o)
 .debug_loc     0x0000000000000000      0x977 g:/pi/gcc_linaro_7_1/bin/../aarch64-elf/libc/usr/lib\libc.a(lib_a-strtoll.o)
 .debug_aranges
                0x0000000000000000       0x30 g:/pi/gcc_linaro_7_1/bin/../aarch64-elf/libc/usr/lib\libc.a(lib_a-strtoll.o)
 .debug_ranges  0x0000000000000000       0x30 g:/pi/gcc_linaro_7_1/bin/../aarch64-elf/libc/usr/lib\libc.a(lib_a-strtoll.o)
 .debug_line    0x0000000000000000      0x496 g:/pi/gcc_linaro_7_1/bin/../aarch64-elf/libc/usr/lib\libc.a(lib_a-strtoll.o)
 .debug_str     0x0000000000000000      0xa28 g:/pi/gcc_linaro_7_1/bin/../aarch64-elf/libc/usr/lib\libc.a(lib_a-strtoll.o)
 .comment       0x0000000000000000       0x2e g:/pi/gcc_linaro_7_1/bin/../aarch64-elf/libc/usr/lib\libc.a(lib_a-strtoll.o)
 .debug_frame   0x0000000000000000       0xa0 g:/pi/gcc_linaro_7_1/bin/../aarch64-elf/libc/usr/lib\libc.a(lib_a-strtoll.o)
 .bss           0x0000000000000000        0x0 g:/pi/gcc_linaro_7_1/bin/../aarch64-elf/libc/usr/lib\libc.a(lib_a-strtorx.o)
 .debug_info    0x0000000000000000     0x1131 g:/pi/gcc_linaro_7_1/bin/../aarch64-elf/libc/usr/lib\libc.a(lib_a-strtorx.o)
 .debug_abbrev  0x0000000000000000      0x2cb g:/pi/gcc_linaro_7_1/bin/../aarch64-elf/libc/usr/lib\libc.a(lib_a-strtorx.o)
 .debug_loc     0x0000000000000000      0x3d2 g:/pi/gcc_linaro_7_1/bin/../aarch64-elf/libc/usr/lib\libc.a(lib_a-strtorx.o)
 .debug_aranges
                0x0000000000000000       0x30 g:/pi/gcc_linaro_7_1/bin/../aarch64-elf/libc/usr/lib\libc.a(lib_a-strtorx.o)
 .debug_line    0x0000000000000000      0x537 g:/pi/gcc_linaro_7_1/bin/../aarch64-elf/libc/usr/lib\libc.a(lib_a-strtorx.o)
 .debug_str     0x0000000000000000      0xba2 g:/pi/gcc_linaro_7_1/bin/../aarch64-elf/libc/usr/lib\libc.a(lib_a-strtorx.o)
 .comment       0x0000000000000000       0x2e g:/pi/gcc_linaro_7_1/bin/../aarch64-elf/libc/usr/lib\libc.a(lib_a-strtorx.o)
 .debug_frame   0x0000000000000000       0x58 g:/pi/gcc_linaro_7_1/bin/../aarch64-elf/libc/usr/lib\libc.a(lib_a-strtorx.o)
 .data          0x0000000000000000        0x0 g:/pi/gcc_linaro_7_1/bin/../aarch64-elf/libc/usr/lib\libc.a(lib_a-strtoul.o)
 .bss           0x0000000000000000        0x0 g:/pi/gcc_linaro_7_1/bin/../aarch64-elf/libc/usr/lib\libc.a(lib_a-strtoul.o)
 .debug_info    0x0000000000000000     0x112c g:/pi/gcc_linaro_7_1/bin/../aarch64-elf/libc/usr/lib\libc.a(lib_a-strtoul.o)
 .debug_abbrev  0x0000000000000000      0x2dc g:/pi/gcc_linaro_7_1/bin/../aarch64-elf/libc/usr/lib\libc.a(lib_a-strtoul.o)
 .debug_loc     0x0000000000000000      0x88e g:/pi/gcc_linaro_7_1/bin/../aarch64-elf/libc/usr/lib\libc.a(lib_a-strtoul.o)
 .debug_aranges
                0x0000000000000000       0x30 g:/pi/gcc_linaro_7_1/bin/../aarch64-elf/libc/usr/lib\libc.a(lib_a-strtoul.o)
 .debug_ranges  0x0000000000000000       0x30 g:/pi/gcc_linaro_7_1/bin/../aarch64-elf/libc/usr/lib\libc.a(lib_a-strtoul.o)
 .debug_line    0x0000000000000000      0x48c g:/pi/gcc_linaro_7_1/bin/../aarch64-elf/libc/usr/lib\libc.a(lib_a-strtoul.o)
 .debug_str     0x0000000000000000      0xa28 g:/pi/gcc_linaro_7_1/bin/../aarch64-elf/libc/usr/lib\libc.a(lib_a-strtoul.o)
 .comment       0x0000000000000000       0x2e g:/pi/gcc_linaro_7_1/bin/../aarch64-elf/libc/usr/lib\libc.a(lib_a-strtoul.o)
 .debug_frame   0x0000000000000000       0xa0 g:/pi/gcc_linaro_7_1/bin/../aarch64-elf/libc/usr/lib\libc.a(lib_a-strtoul.o)
 .data          0x0000000000000000        0x0 g:/pi/gcc_linaro_7_1/bin/../aarch64-elf/libc/usr/lib\libc.a(lib_a-strtoull.o)
 .bss           0x0000000000000000        0x0 g:/pi/gcc_linaro_7_1/bin/../aarch64-elf/libc/usr/lib\libc.a(lib_a-strtoull.o)
 .debug_info    0x0000000000000000     0x112e g:/pi/gcc_linaro_7_1/bin/../aarch64-elf/libc/usr/lib\libc.a(lib_a-strtoull.o)
 .debug_abbrev  0x0000000000000000      0x2f8 g:/pi/gcc_linaro_7_1/bin/../aarch64-elf/libc/usr/lib\libc.a(lib_a-strtoull.o)
 .debug_loc     0x0000000000000000      0x88e g:/pi/gcc_linaro_7_1/bin/../aarch64-elf/libc/usr/lib\libc.a(lib_a-strtoull.o)
 .debug_aranges
                0x0000000000000000       0x30 g:/pi/gcc_linaro_7_1/bin/../aarch64-elf/libc/usr/lib\libc.a(lib_a-strtoull.o)
 .debug_ranges  0x0000000000000000       0x30 g:/pi/gcc_linaro_7_1/bin/../aarch64-elf/libc/usr/lib\libc.a(lib_a-strtoull.o)
 .debug_line    0x0000000000000000      0x48d g:/pi/gcc_linaro_7_1/bin/../aarch64-elf/libc/usr/lib\libc.a(lib_a-strtoull.o)
 .debug_str     0x0000000000000000      0xa2d g:/pi/gcc_linaro_7_1/bin/../aarch64-elf/libc/usr/lib\libc.a(lib_a-strtoull.o)
 .comment       0x0000000000000000       0x2e g:/pi/gcc_linaro_7_1/bin/../aarch64-elf/libc/usr/lib\libc.a(lib_a-strtoull.o)
 .debug_frame   0x0000000000000000       0xa0 g:/pi/gcc_linaro_7_1/bin/../aarch64-elf/libc/usr/lib\libc.a(lib_a-strtoull.o)
 .data          0x0000000000000000        0x0 g:/pi/gcc_linaro_7_1/bin/../aarch64-elf/libc/usr/lib\libc.a(lib_a-wcscpy.o)
 .bss           0x0000000000000000        0x0 g:/pi/gcc_linaro_7_1/bin/../aarch64-elf/libc/usr/lib\libc.a(lib_a-wcscpy.o)
 .debug_info    0x0000000000000000      0x913 g:/pi/gcc_linaro_7_1/bin/../aarch64-elf/libc/usr/lib\libc.a(lib_a-wcscpy.o)
 .debug_abbrev  0x0000000000000000      0x1db g:/pi/gcc_linaro_7_1/bin/../aarch64-elf/libc/usr/lib\libc.a(lib_a-wcscpy.o)
 .debug_loc     0x0000000000000000       0xa7 g:/pi/gcc_linaro_7_1/bin/../aarch64-elf/libc/usr/lib\libc.a(lib_a-wcscpy.o)
 .debug_aranges
                0x0000000000000000       0x30 g:/pi/gcc_linaro_7_1/bin/../aarch64-elf/libc/usr/lib\libc.a(lib_a-wcscpy.o)
 .debug_line    0x0000000000000000      0x332 g:/pi/gcc_linaro_7_1/bin/../aarch64-elf/libc/usr/lib\libc.a(lib_a-wcscpy.o)
 .debug_str     0x0000000000000000      0x658 g:/pi/gcc_linaro_7_1/bin/../aarch64-elf/libc/usr/lib\libc.a(lib_a-wcscpy.o)
 .comment       0x0000000000000000       0x2e g:/pi/gcc_linaro_7_1/bin/../aarch64-elf/libc/usr/lib\libc.a(lib_a-wcscpy.o)
 .debug_frame   0x0000000000000000       0x28 g:/pi/gcc_linaro_7_1/bin/../aarch64-elf/libc/usr/lib\libc.a(lib_a-wcscpy.o)
 .data          0x0000000000000000        0x0 g:/pi/gcc_linaro_7_1/bin/../aarch64-elf/libc/usr/lib\libc.a(lib_a-wctob.o)
 .bss           0x0000000000000000        0x0 g:/pi/gcc_linaro_7_1/bin/../aarch64-elf/libc/usr/lib\libc.a(lib_a-wctob.o)
 .debug_info    0x0000000000000000      0xedf g:/pi/gcc_linaro_7_1/bin/../aarch64-elf/libc/usr/lib\libc.a(lib_a-wctob.o)
 .debug_abbrev  0x0000000000000000      0x254 g:/pi/gcc_linaro_7_1/bin/../aarch64-elf/libc/usr/lib\libc.a(lib_a-wctob.o)
 .debug_loc     0x0000000000000000       0xbe g:/pi/gcc_linaro_7_1/bin/../aarch64-elf/libc/usr/lib\libc.a(lib_a-wctob.o)
 .debug_aranges
                0x0000000000000000       0x30 g:/pi/gcc_linaro_7_1/bin/../aarch64-elf/libc/usr/lib\libc.a(lib_a-wctob.o)
 .debug_ranges  0x0000000000000000       0x30 g:/pi/gcc_linaro_7_1/bin/../aarch64-elf/libc/usr/lib\libc.a(lib_a-wctob.o)
 .debug_line    0x0000000000000000      0x44a g:/pi/gcc_linaro_7_1/bin/../aarch64-elf/libc/usr/lib\libc.a(lib_a-wctob.o)
 .debug_str     0x0000000000000000      0x9ca g:/pi/gcc_linaro_7_1/bin/../aarch64-elf/libc/usr/lib\libc.a(lib_a-wctob.o)
 .comment       0x0000000000000000       0x2e g:/pi/gcc_linaro_7_1/bin/../aarch64-elf/libc/usr/lib\libc.a(lib_a-wctob.o)
 .debug_frame   0x0000000000000000       0x48 g:/pi/gcc_linaro_7_1/bin/../aarch64-elf/libc/usr/lib\libc.a(lib_a-wctob.o)
 .data          0x0000000000000000        0x0 g:/pi/gcc_linaro_7_1/bin/../aarch64-elf/libc/usr/lib\libc.a(lib_a-wctomb_r.o)
 .bss           0x0000000000000000        0x0 g:/pi/gcc_linaro_7_1/bin/../aarch64-elf/libc/usr/lib\libc.a(lib_a-wctomb_r.o)
 .debug_info    0x0000000000000000     0x1172 g:/pi/gcc_linaro_7_1/bin/../aarch64-elf/libc/usr/lib\libc.a(lib_a-wctomb_r.o)
 .debug_abbrev  0x0000000000000000      0x28c g:/pi/gcc_linaro_7_1/bin/../aarch64-elf/libc/usr/lib\libc.a(lib_a-wctomb_r.o)
 .debug_loc     0x0000000000000000      0xb0a g:/pi/gcc_linaro_7_1/bin/../aarch64-elf/libc/usr/lib\libc.a(lib_a-wctomb_r.o)
 .debug_aranges
                0x0000000000000000       0x30 g:/pi/gcc_linaro_7_1/bin/../aarch64-elf/libc/usr/lib\libc.a(lib_a-wctomb_r.o)
 .debug_line    0x0000000000000000      0x4f4 g:/pi/gcc_linaro_7_1/bin/../aarch64-elf/libc/usr/lib\libc.a(lib_a-wctomb_r.o)
 .debug_str     0x0000000000000000      0xa41 g:/pi/gcc_linaro_7_1/bin/../aarch64-elf/libc/usr/lib\libc.a(lib_a-wctomb_r.o)
 .comment       0x0000000000000000       0x2e g:/pi/gcc_linaro_7_1/bin/../aarch64-elf/libc/usr/lib\libc.a(lib_a-wctomb_r.o)
 .debug_frame   0x0000000000000000       0xa0 g:/pi/gcc_linaro_7_1/bin/../aarch64-elf/libc/usr/lib\libc.a(lib_a-wctomb_r.o)
 .data          0x0000000000000000        0x0 g:/pi/gcc_linaro_7_1/bin/../aarch64-elf/libc/usr/lib\libc.a(lib_a-ctype_.o)
 .bss           0x0000000000000000        0x0 g:/pi/gcc_linaro_7_1/bin/../aarch64-elf/libc/usr/lib\libc.a(lib_a-ctype_.o)
 .debug_info    0x0000000000000000      0xe29 g:/pi/gcc_linaro_7_1/bin/../aarch64-elf/libc/usr/lib\libc.a(lib_a-ctype_.o)
 .debug_abbrev  0x0000000000000000      0x1f5 g:/pi/gcc_linaro_7_1/bin/../aarch64-elf/libc/usr/lib\libc.a(lib_a-ctype_.o)
 .debug_loc     0x0000000000000000       0x39 g:/pi/gcc_linaro_7_1/bin/../aarch64-elf/libc/usr/lib\libc.a(lib_a-ctype_.o)
 .debug_aranges
                0x0000000000000000       0x30 g:/pi/gcc_linaro_7_1/bin/../aarch64-elf/libc/usr/lib\libc.a(lib_a-ctype_.o)
 .debug_line    0x0000000000000000      0x40e g:/pi/gcc_linaro_7_1/bin/../aarch64-elf/libc/usr/lib\libc.a(lib_a-ctype_.o)
 .debug_str     0x0000000000000000      0x97f g:/pi/gcc_linaro_7_1/bin/../aarch64-elf/libc/usr/lib\libc.a(lib_a-ctype_.o)
 .comment       0x0000000000000000       0x2e g:/pi/gcc_linaro_7_1/bin/../aarch64-elf/libc/usr/lib\libc.a(lib_a-ctype_.o)
 .debug_frame   0x0000000000000000       0x28 g:/pi/gcc_linaro_7_1/bin/../aarch64-elf/libc/usr/lib\libc.a(lib_a-ctype_.o)
 .data          0x0000000000000000        0x0 g:/pi/gcc_linaro_7_1/bin/../aarch64-elf/libc/usr/lib\libc.a(lib_a-gdtoa-gethex.o)
 .bss           0x0000000000000000        0x0 g:/pi/gcc_linaro_7_1/bin/../aarch64-elf/libc/usr/lib\libc.a(lib_a-gdtoa-gethex.o)
 .debug_info    0x0000000000000000     0x1566 g:/pi/gcc_linaro_7_1/bin/../aarch64-elf/libc/usr/lib\libc.a(lib_a-gdtoa-gethex.o)
 .debug_abbrev  0x0000000000000000      0x347 g:/pi/gcc_linaro_7_1/bin/../aarch64-elf/libc/usr/lib\libc.a(lib_a-gdtoa-gethex.o)
 .debug_loc     0x0000000000000000     0x1c16 g:/pi/gcc_linaro_7_1/bin/../aarch64-elf/libc/usr/lib\libc.a(lib_a-gdtoa-gethex.o)
 .debug_aranges
                0x0000000000000000       0x30 g:/pi/gcc_linaro_7_1/bin/../aarch64-elf/libc/usr/lib\libc.a(lib_a-gdtoa-gethex.o)
 .debug_ranges  0x0000000000000000       0x40 g:/pi/gcc_linaro_7_1/bin/../aarch64-elf/libc/usr/lib\libc.a(lib_a-gdtoa-gethex.o)
 .debug_line    0x0000000000000000      0x695 g:/pi/gcc_linaro_7_1/bin/../aarch64-elf/libc/usr/lib\libc.a(lib_a-gdtoa-gethex.o)
 .debug_str     0x0000000000000000      0xc2b g:/pi/gcc_linaro_7_1/bin/../aarch64-elf/libc/usr/lib\libc.a(lib_a-gdtoa-gethex.o)
 .comment       0x0000000000000000       0x2e g:/pi/gcc_linaro_7_1/bin/../aarch64-elf/libc/usr/lib\libc.a(lib_a-gdtoa-gethex.o)
 .debug_frame   0x0000000000000000       0x88 g:/pi/gcc_linaro_7_1/bin/../aarch64-elf/libc/usr/lib\libc.a(lib_a-gdtoa-gethex.o)
 .data          0x0000000000000000        0x0 g:/pi/gcc_linaro_7_1/bin/../aarch64-elf/libc/usr/lib\libc.a(lib_a-gdtoa-hexnan.o)
 .bss           0x0000000000000000        0x0 g:/pi/gcc_linaro_7_1/bin/../aarch64-elf/libc/usr/lib\libc.a(lib_a-gdtoa-hexnan.o)
 .debug_info    0x0000000000000000     0x1141 g:/pi/gcc_linaro_7_1/bin/../aarch64-elf/libc/usr/lib\libc.a(lib_a-gdtoa-hexnan.o)
 .debug_abbrev  0x0000000000000000      0x2d8 g:/pi/gcc_linaro_7_1/bin/../aarch64-elf/libc/usr/lib\libc.a(lib_a-gdtoa-hexnan.o)
 .debug_loc     0x0000000000000000      0x92d g:/pi/gcc_linaro_7_1/bin/../aarch64-elf/libc/usr/lib\libc.a(lib_a-gdtoa-hexnan.o)
 .debug_aranges
                0x0000000000000000       0x30 g:/pi/gcc_linaro_7_1/bin/../aarch64-elf/libc/usr/lib\libc.a(lib_a-gdtoa-hexnan.o)
 .debug_ranges  0x0000000000000000       0x40 g:/pi/gcc_linaro_7_1/bin/../aarch64-elf/libc/usr/lib\libc.a(lib_a-gdtoa-hexnan.o)
 .debug_line    0x0000000000000000      0x4c3 g:/pi/gcc_linaro_7_1/bin/../aarch64-elf/libc/usr/lib\libc.a(lib_a-gdtoa-hexnan.o)
 .debug_str     0x0000000000000000      0xb36 g:/pi/gcc_linaro_7_1/bin/../aarch64-elf/libc/usr/lib\libc.a(lib_a-gdtoa-hexnan.o)
 .comment       0x0000000000000000       0x2e g:/pi/gcc_linaro_7_1/bin/../aarch64-elf/libc/usr/lib\libc.a(lib_a-gdtoa-hexnan.o)
 .debug_frame   0x0000000000000000       0x40 g:/pi/gcc_linaro_7_1/bin/../aarch64-elf/libc/usr/lib\libc.a(lib_a-gdtoa-hexnan.o)
 .data          0x0000000000000000        0x0 g:/pi/gcc_linaro_7_1/bin/../aarch64-elf/libc/usr/lib\libc.a(lib_a-getenv_r.o)
 .bss           0x0000000000000000        0x0 g:/pi/gcc_linaro_7_1/bin/../aarch64-elf/libc/usr/lib\libc.a(lib_a-getenv_r.o)
 .debug_info    0x0000000000000000      0xa34 g:/pi/gcc_linaro_7_1/bin/../aarch64-elf/libc/usr/lib\libc.a(lib_a-getenv_r.o)
 .debug_abbrev  0x0000000000000000      0x227 g:/pi/gcc_linaro_7_1/bin/../aarch64-elf/libc/usr/lib\libc.a(lib_a-getenv_r.o)
 .debug_loc     0x0000000000000000      0x30f g:/pi/gcc_linaro_7_1/bin/../aarch64-elf/libc/usr/lib\libc.a(lib_a-getenv_r.o)
 .debug_aranges
                0x0000000000000000       0x30 g:/pi/gcc_linaro_7_1/bin/../aarch64-elf/libc/usr/lib\libc.a(lib_a-getenv_r.o)
 .debug_line    0x0000000000000000      0x378 g:/pi/gcc_linaro_7_1/bin/../aarch64-elf/libc/usr/lib\libc.a(lib_a-getenv_r.o)
 .debug_str     0x0000000000000000      0x6b2 g:/pi/gcc_linaro_7_1/bin/../aarch64-elf/libc/usr/lib\libc.a(lib_a-getenv_r.o)
 .comment       0x0000000000000000       0x2e g:/pi/gcc_linaro_7_1/bin/../aarch64-elf/libc/usr/lib\libc.a(lib_a-getenv_r.o)
 .debug_frame   0x0000000000000000       0xb8 g:/pi/gcc_linaro_7_1/bin/../aarch64-elf/libc/usr/lib\libc.a(lib_a-getenv_r.o)
 .text          0x0000000000000000        0x0 g:/pi/gcc_linaro_7_1/bin/../aarch64-elf/libc/usr/lib\libc.a(lib_a-impure.o)
 .bss           0x0000000000000000        0x0 g:/pi/gcc_linaro_7_1/bin/../aarch64-elf/libc/usr/lib\libc.a(lib_a-impure.o)
 .rodata        0x0000000000000000        0x8 g:/pi/gcc_linaro_7_1/bin/../aarch64-elf/libc/usr/lib\libc.a(lib_a-impure.o)
 .debug_info    0x0000000000000000      0x8b9 g:/pi/gcc_linaro_7_1/bin/../aarch64-elf/libc/usr/lib\libc.a(lib_a-impure.o)
 .debug_abbrev  0x0000000000000000      0x19f g:/pi/gcc_linaro_7_1/bin/../aarch64-elf/libc/usr/lib\libc.a(lib_a-impure.o)
 .debug_aranges
                0x0000000000000000       0x20 g:/pi/gcc_linaro_7_1/bin/../aarch64-elf/libc/usr/lib\libc.a(lib_a-impure.o)
 .debug_line    0x0000000000000000      0x265 g:/pi/gcc_linaro_7_1/bin/../aarch64-elf/libc/usr/lib\libc.a(lib_a-impure.o)
 .debug_str     0x0000000000000000      0x653 g:/pi/gcc_linaro_7_1/bin/../aarch64-elf/libc/usr/lib\libc.a(lib_a-impure.o)
 .comment       0x0000000000000000       0x2e g:/pi/gcc_linaro_7_1/bin/../aarch64-elf/libc/usr/lib\libc.a(lib_a-impure.o)
 .data          0x0000000000000000        0x0 g:/pi/gcc_linaro_7_1/bin/../aarch64-elf/libc/usr/lib\libc.a(lib_a-localeconv.o)
 .bss           0x0000000000000000        0x0 g:/pi/gcc_linaro_7_1/bin/../aarch64-elf/libc/usr/lib\libc.a(lib_a-localeconv.o)
 .debug_info    0x0000000000000000      0xed4 g:/pi/gcc_linaro_7_1/bin/../aarch64-elf/libc/usr/lib\libc.a(lib_a-localeconv.o)
 .debug_abbrev  0x0000000000000000      0x262 g:/pi/gcc_linaro_7_1/bin/../aarch64-elf/libc/usr/lib\libc.a(lib_a-localeconv.o)
 .debug_loc     0x0000000000000000       0xab g:/pi/gcc_linaro_7_1/bin/../aarch64-elf/libc/usr/lib\libc.a(lib_a-localeconv.o)
 .debug_aranges
                0x0000000000000000       0x30 g:/pi/gcc_linaro_7_1/bin/../aarch64-elf/libc/usr/lib\libc.a(lib_a-localeconv.o)
 .debug_line    0x0000000000000000      0x370 g:/pi/gcc_linaro_7_1/bin/../aarch64-elf/libc/usr/lib\libc.a(lib_a-localeconv.o)
 .debug_str     0x0000000000000000      0x9f0 g:/pi/gcc_linaro_7_1/bin/../aarch64-elf/libc/usr/lib\libc.a(lib_a-localeconv.o)
 .comment       0x0000000000000000       0x2e g:/pi/gcc_linaro_7_1/bin/../aarch64-elf/libc/usr/lib\libc.a(lib_a-localeconv.o)
 .debug_frame   0x0000000000000000       0x58 g:/pi/gcc_linaro_7_1/bin/../aarch64-elf/libc/usr/lib\libc.a(lib_a-localeconv.o)
 .data          0x0000000000000000        0x0 g:/pi/gcc_linaro_7_1/bin/../aarch64-elf/libc/usr/lib\libc.a(lib_a-memcpy.o)
 .bss           0x0000000000000000        0x0 g:/pi/gcc_linaro_7_1/bin/../aarch64-elf/libc/usr/lib\libc.a(lib_a-memcpy.o)
 .debug_line    0x0000000000000000      0x144 g:/pi/gcc_linaro_7_1/bin/../aarch64-elf/libc/usr/lib\libc.a(lib_a-memcpy.o)
 .debug_info    0x0000000000000000      0x1c2 g:/pi/gcc_linaro_7_1/bin/../aarch64-elf/libc/usr/lib\libc.a(lib_a-memcpy.o)
 .debug_abbrev  0x0000000000000000       0x14 g:/pi/gcc_linaro_7_1/bin/../aarch64-elf/libc/usr/lib\libc.a(lib_a-memcpy.o)
 .debug_aranges
                0x0000000000000000       0x30 g:/pi/gcc_linaro_7_1/bin/../aarch64-elf/libc/usr/lib\libc.a(lib_a-memcpy.o)
 .data          0x0000000000000000        0x0 g:/pi/gcc_linaro_7_1/bin/../aarch64-elf/libc/usr/lib\libc.a(lib_a-memset.o)
 .bss           0x0000000000000000        0x0 g:/pi/gcc_linaro_7_1/bin/../aarch64-elf/libc/usr/lib\libc.a(lib_a-memset.o)
 .debug_line    0x0000000000000000      0x15e g:/pi/gcc_linaro_7_1/bin/../aarch64-elf/libc/usr/lib\libc.a(lib_a-memset.o)
 .debug_info    0x0000000000000000      0x1c2 g:/pi/gcc_linaro_7_1/bin/../aarch64-elf/libc/usr/lib\libc.a(lib_a-memset.o)
 .debug_abbrev  0x0000000000000000       0x14 g:/pi/gcc_linaro_7_1/bin/../aarch64-elf/libc/usr/lib\libc.a(lib_a-memset.o)
 .debug_aranges
                0x0000000000000000       0x30 g:/pi/gcc_linaro_7_1/bin/../aarch64-elf/libc/usr/lib\libc.a(lib_a-memset.o)
 .data          0x0000000000000000        0x0 g:/pi/gcc_linaro_7_1/bin/../aarch64-elf/libc/usr/lib\libc.a(lib_a-mprec.o)
 .bss           0x0000000000000000        0x0 g:/pi/gcc_linaro_7_1/bin/../aarch64-elf/libc/usr/lib\libc.a(lib_a-mprec.o)
 .debug_info    0x0000000000000000     0x1d7b g:/pi/gcc_linaro_7_1/bin/../aarch64-elf/libc/usr/lib\libc.a(lib_a-mprec.o)
 .debug_abbrev  0x0000000000000000      0x3c3 g:/pi/gcc_linaro_7_1/bin/../aarch64-elf/libc/usr/lib\libc.a(lib_a-mprec.o)
 .debug_loc     0x0000000000000000     0x2f83 g:/pi/gcc_linaro_7_1/bin/../aarch64-elf/libc/usr/lib\libc.a(lib_a-mprec.o)
 .debug_aranges
                0x0000000000000000       0x30 g:/pi/gcc_linaro_7_1/bin/../aarch64-elf/libc/usr/lib\libc.a(lib_a-mprec.o)
 .debug_ranges  0x0000000000000000      0x110 g:/pi/gcc_linaro_7_1/bin/../aarch64-elf/libc/usr/lib\libc.a(lib_a-mprec.o)
 .debug_line    0x0000000000000000      0x8ee g:/pi/gcc_linaro_7_1/bin/../aarch64-elf/libc/usr/lib\libc.a(lib_a-mprec.o)
 .debug_str     0x0000000000000000      0xb02 g:/pi/gcc_linaro_7_1/bin/../aarch64-elf/libc/usr/lib\libc.a(lib_a-mprec.o)
 .comment       0x0000000000000000       0x2e g:/pi/gcc_linaro_7_1/bin/../aarch64-elf/libc/usr/lib\libc.a(lib_a-mprec.o)
 .debug_frame   0x0000000000000000      0x3b0 g:/pi/gcc_linaro_7_1/bin/../aarch64-elf/libc/usr/lib\libc.a(lib_a-mprec.o)
 .data          0x0000000000000000        0x0 g:/pi/gcc_linaro_7_1/bin/../aarch64-elf/libc/usr/lib\libc.a(lib_a-sf_nan.o)
 .bss           0x0000000000000000        0x0 g:/pi/gcc_linaro_7_1/bin/../aarch64-elf/libc/usr/lib\libc.a(lib_a-sf_nan.o)
 .debug_info    0x0000000000000000      0x915 g:/pi/gcc_linaro_7_1/bin/../aarch64-elf/libc/usr/lib\libc.a(lib_a-sf_nan.o)
 .debug_abbrev  0x0000000000000000      0x1e8 g:/pi/gcc_linaro_7_1/bin/../aarch64-elf/libc/usr/lib\libc.a(lib_a-sf_nan.o)
 .debug_aranges
                0x0000000000000000       0x30 g:/pi/gcc_linaro_7_1/bin/../aarch64-elf/libc/usr/lib\libc.a(lib_a-sf_nan.o)
 .debug_line    0x0000000000000000      0x32a g:/pi/gcc_linaro_7_1/bin/../aarch64-elf/libc/usr/lib\libc.a(lib_a-sf_nan.o)
 .debug_str     0x0000000000000000      0x6bd g:/pi/gcc_linaro_7_1/bin/../aarch64-elf/libc/usr/lib\libc.a(lib_a-sf_nan.o)
 .comment       0x0000000000000000       0x2e g:/pi/gcc_linaro_7_1/bin/../aarch64-elf/libc/usr/lib\libc.a(lib_a-sf_nan.o)
 .debug_frame   0x0000000000000000       0x28 g:/pi/gcc_linaro_7_1/bin/../aarch64-elf/libc/usr/lib\libc.a(lib_a-sf_nan.o)
 .data          0x0000000000000000        0x0 g:/pi/gcc_linaro_7_1/bin/../aarch64-elf/libc/usr/lib\libc.a(lib_a-strtodg.o)
 .bss           0x0000000000000000        0x0 g:/pi/gcc_linaro_7_1/bin/../aarch64-elf/libc/usr/lib\libc.a(lib_a-strtodg.o)
 .debug_info    0x0000000000000000     0x27b3 g:/pi/gcc_linaro_7_1/bin/../aarch64-elf/libc/usr/lib\libc.a(lib_a-strtodg.o)
 .debug_abbrev  0x0000000000000000      0x46f g:/pi/gcc_linaro_7_1/bin/../aarch64-elf/libc/usr/lib\libc.a(lib_a-strtodg.o)
 .debug_loc     0x0000000000000000     0x6a27 g:/pi/gcc_linaro_7_1/bin/../aarch64-elf/libc/usr/lib\libc.a(lib_a-strtodg.o)
 .debug_aranges
                0x0000000000000000       0x30 g:/pi/gcc_linaro_7_1/bin/../aarch64-elf/libc/usr/lib\libc.a(lib_a-strtodg.o)
 .debug_ranges  0x0000000000000000      0x110 g:/pi/gcc_linaro_7_1/bin/../aarch64-elf/libc/usr/lib\libc.a(lib_a-strtodg.o)
 .debug_line    0x0000000000000000      0xb8e g:/pi/gcc_linaro_7_1/bin/../aarch64-elf/libc/usr/lib\libc.a(lib_a-strtodg.o)
 .debug_str     0x0000000000000000      0xd5b g:/pi/gcc_linaro_7_1/bin/../aarch64-elf/libc/usr/lib\libc.a(lib_a-strtodg.o)
 .comment       0x0000000000000000       0x2e g:/pi/gcc_linaro_7_1/bin/../aarch64-elf/libc/usr/lib\libc.a(lib_a-strtodg.o)
 .debug_frame   0x0000000000000000      0x328 g:/pi/gcc_linaro_7_1/bin/../aarch64-elf/libc/usr/lib\libc.a(lib_a-strtodg.o)
 .data          0x0000000000000000        0x0 g:/pi/gcc_linaro_7_1/bin/../aarch64-elf/libc/usr/lib\libc.a(lib_a-callocr.o)
 .bss           0x0000000000000000        0x0 g:/pi/gcc_linaro_7_1/bin/../aarch64-elf/libc/usr/lib\libc.a(lib_a-callocr.o)
 .debug_info    0x0000000000000000      0xb85 g:/pi/gcc_linaro_7_1/bin/../aarch64-elf/libc/usr/lib\libc.a(lib_a-callocr.o)
 .debug_abbrev  0x0000000000000000      0x24d g:/pi/gcc_linaro_7_1/bin/../aarch64-elf/libc/usr/lib\libc.a(lib_a-callocr.o)
 .debug_loc     0x0000000000000000      0x323 g:/pi/gcc_linaro_7_1/bin/../aarch64-elf/libc/usr/lib\libc.a(lib_a-callocr.o)
 .debug_aranges
                0x0000000000000000       0x30 g:/pi/gcc_linaro_7_1/bin/../aarch64-elf/libc/usr/lib\libc.a(lib_a-callocr.o)
 .debug_ranges  0x0000000000000000       0x30 g:/pi/gcc_linaro_7_1/bin/../aarch64-elf/libc/usr/lib\libc.a(lib_a-callocr.o)
 .debug_line    0x0000000000000000      0x2c8 g:/pi/gcc_linaro_7_1/bin/../aarch64-elf/libc/usr/lib\libc.a(lib_a-callocr.o)
 .debug_str     0x0000000000000000      0x7df g:/pi/gcc_linaro_7_1/bin/../aarch64-elf/libc/usr/lib\libc.a(lib_a-callocr.o)
 .comment       0x0000000000000000       0x2e g:/pi/gcc_linaro_7_1/bin/../aarch64-elf/libc/usr/lib\libc.a(lib_a-callocr.o)
 .debug_frame   0x0000000000000000       0x48 g:/pi/gcc_linaro_7_1/bin/../aarch64-elf/libc/usr/lib\libc.a(lib_a-callocr.o)
 .text          0x0000000000000000        0x0 g:/pi/gcc_linaro_7_1/bin/../aarch64-elf/libc/usr/lib\libc.a(lib_a-environ.o)
 .debug_info    0x0000000000000000       0x72 g:/pi/gcc_linaro_7_1/bin/../aarch64-elf/libc/usr/lib\libc.a(lib_a-environ.o)
 .debug_abbrev  0x0000000000000000       0x56 g:/pi/gcc_linaro_7_1/bin/../aarch64-elf/libc/usr/lib\libc.a(lib_a-environ.o)
 .debug_aranges
                0x0000000000000000       0x20 g:/pi/gcc_linaro_7_1/bin/../aarch64-elf/libc/usr/lib\libc.a(lib_a-environ.o)
 .debug_line    0x0000000000000000       0xcf g:/pi/gcc_linaro_7_1/bin/../aarch64-elf/libc/usr/lib\libc.a(lib_a-environ.o)
 .debug_str     0x0000000000000000      0x201 g:/pi/gcc_linaro_7_1/bin/../aarch64-elf/libc/usr/lib\libc.a(lib_a-environ.o)
 .comment       0x0000000000000000       0x2e g:/pi/gcc_linaro_7_1/bin/../aarch64-elf/libc/usr/lib\libc.a(lib_a-environ.o)
 .data          0x0000000000000000        0x0 g:/pi/gcc_linaro_7_1/bin/../aarch64-elf/libc/usr/lib\libc.a(lib_a-envlock.o)
 .bss           0x0000000000000000        0x0 g:/pi/gcc_linaro_7_1/bin/../aarch64-elf/libc/usr/lib\libc.a(lib_a-envlock.o)
 .debug_info    0x0000000000000000      0x8f0 g:/pi/gcc_linaro_7_1/bin/../aarch64-elf/libc/usr/lib\libc.a(lib_a-envlock.o)
 .debug_abbrev  0x0000000000000000      0x1e4 g:/pi/gcc_linaro_7_1/bin/../aarch64-elf/libc/usr/lib\libc.a(lib_a-envlock.o)
 .debug_aranges
                0x0000000000000000       0x30 g:/pi/gcc_linaro_7_1/bin/../aarch64-elf/libc/usr/lib\libc.a(lib_a-envlock.o)
 .debug_line    0x0000000000000000      0x32e g:/pi/gcc_linaro_7_1/bin/../aarch64-elf/libc/usr/lib\libc.a(lib_a-envlock.o)
 .debug_str     0x0000000000000000      0x674 g:/pi/gcc_linaro_7_1/bin/../aarch64-elf/libc/usr/lib\libc.a(lib_a-envlock.o)
 .comment       0x0000000000000000       0x2e g:/pi/gcc_linaro_7_1/bin/../aarch64-elf/libc/usr/lib\libc.a(lib_a-envlock.o)
 .debug_frame   0x0000000000000000       0x40 g:/pi/gcc_linaro_7_1/bin/../aarch64-elf/libc/usr/lib\libc.a(lib_a-envlock.o)
 .data          0x0000000000000000        0x0 g:/pi/gcc_linaro_7_1/bin/../aarch64-elf/libc/usr/lib\libc.a(lib_a-errno.o)
 .bss           0x0000000000000000        0x0 g:/pi/gcc_linaro_7_1/bin/../aarch64-elf/libc/usr/lib\libc.a(lib_a-errno.o)
 .debug_info    0x0000000000000000      0x8e4 g:/pi/gcc_linaro_7_1/bin/../aarch64-elf/libc/usr/lib\libc.a(lib_a-errno.o)
 .debug_abbrev  0x0000000000000000      0x1bb g:/pi/gcc_linaro_7_1/bin/../aarch64-elf/libc/usr/lib\libc.a(lib_a-errno.o)
 .debug_aranges
                0x0000000000000000       0x30 g:/pi/gcc_linaro_7_1/bin/../aarch64-elf/libc/usr/lib\libc.a(lib_a-errno.o)
 .debug_line    0x0000000000000000      0x284 g:/pi/gcc_linaro_7_1/bin/../aarch64-elf/libc/usr/lib\libc.a(lib_a-errno.o)
 .debug_str     0x0000000000000000      0x665 g:/pi/gcc_linaro_7_1/bin/../aarch64-elf/libc/usr/lib\libc.a(lib_a-errno.o)
 .comment       0x0000000000000000       0x2e g:/pi/gcc_linaro_7_1/bin/../aarch64-elf/libc/usr/lib\libc.a(lib_a-errno.o)
 .debug_frame   0x0000000000000000       0x28 g:/pi/gcc_linaro_7_1/bin/../aarch64-elf/libc/usr/lib\libc.a(lib_a-errno.o)
 .debug_info    0x0000000000000000      0xe5c g:/pi/gcc_linaro_7_1/bin/../aarch64-elf/libc/usr/lib\libc.a(lib_a-mallocr.o)
 .debug_abbrev  0x0000000000000000      0x2da g:/pi/gcc_linaro_7_1/bin/../aarch64-elf/libc/usr/lib\libc.a(lib_a-mallocr.o)
 .debug_loc     0x0000000000000000     0x16ed g:/pi/gcc_linaro_7_1/bin/../aarch64-elf/libc/usr/lib\libc.a(lib_a-mallocr.o)
 .debug_aranges
                0x0000000000000000       0x30 g:/pi/gcc_linaro_7_1/bin/../aarch64-elf/libc/usr/lib\libc.a(lib_a-mallocr.o)
 .debug_ranges  0x0000000000000000       0x70 g:/pi/gcc_linaro_7_1/bin/../aarch64-elf/libc/usr/lib\libc.a(lib_a-mallocr.o)
 .debug_line    0x0000000000000000      0x558 g:/pi/gcc_linaro_7_1/bin/../aarch64-elf/libc/usr/lib\libc.a(lib_a-mallocr.o)
 .debug_str     0x0000000000000000      0x8bb g:/pi/gcc_linaro_7_1/bin/../aarch64-elf/libc/usr/lib\libc.a(lib_a-mallocr.o)
 .comment       0x0000000000000000       0x2e g:/pi/gcc_linaro_7_1/bin/../aarch64-elf/libc/usr/lib\libc.a(lib_a-mallocr.o)
 .debug_frame   0x0000000000000000      0x100 g:/pi/gcc_linaro_7_1/bin/../aarch64-elf/libc/usr/lib\libc.a(lib_a-mallocr.o)
 .data          0x0000000000000000        0x0 g:/pi/gcc_linaro_7_1/bin/../aarch64-elf/libc/usr/lib\libc.a(lib_a-mlock.o)
 .bss           0x0000000000000000        0x0 g:/pi/gcc_linaro_7_1/bin/../aarch64-elf/libc/usr/lib\libc.a(lib_a-mlock.o)
 .debug_info    0x0000000000000000      0x8f0 g:/pi/gcc_linaro_7_1/bin/../aarch64-elf/libc/usr/lib\libc.a(lib_a-mlock.o)
 .debug_abbrev  0x0000000000000000      0x1e0 g:/pi/gcc_linaro_7_1/bin/../aarch64-elf/libc/usr/lib\libc.a(lib_a-mlock.o)
 .debug_aranges
                0x0000000000000000       0x30 g:/pi/gcc_linaro_7_1/bin/../aarch64-elf/libc/usr/lib\libc.a(lib_a-mlock.o)
 .debug_line    0x0000000000000000      0x279 g:/pi/gcc_linaro_7_1/bin/../aarch64-elf/libc/usr/lib\libc.a(lib_a-mlock.o)
 .debug_str     0x0000000000000000      0x67b g:/pi/gcc_linaro_7_1/bin/../aarch64-elf/libc/usr/lib\libc.a(lib_a-mlock.o)
 .comment       0x0000000000000000       0x2e g:/pi/gcc_linaro_7_1/bin/../aarch64-elf/libc/usr/lib\libc.a(lib_a-mlock.o)
 .debug_frame   0x0000000000000000       0x40 g:/pi/gcc_linaro_7_1/bin/../aarch64-elf/libc/usr/lib\libc.a(lib_a-mlock.o)
 .data          0x0000000000000000        0x0 g:/pi/gcc_linaro_7_1/bin/../aarch64-elf/libc/usr/lib\libc.a(lib_a-sbrkr.o)
 .bss           0x0000000000000000        0x0 g:/pi/gcc_linaro_7_1/bin/../aarch64-elf/libc/usr/lib\libc.a(lib_a-sbrkr.o)
 .debug_info    0x0000000000000000      0x976 g:/pi/gcc_linaro_7_1/bin/../aarch64-elf/libc/usr/lib\libc.a(lib_a-sbrkr.o)
 .debug_abbrev  0x0000000000000000      0x222 g:/pi/gcc_linaro_7_1/bin/../aarch64-elf/libc/usr/lib\libc.a(lib_a-sbrkr.o)
 .debug_loc     0x0000000000000000       0xae g:/pi/gcc_linaro_7_1/bin/../aarch64-elf/libc/usr/lib\libc.a(lib_a-sbrkr.o)
 .debug_aranges
                0x0000000000000000       0x30 g:/pi/gcc_linaro_7_1/bin/../aarch64-elf/libc/usr/lib\libc.a(lib_a-sbrkr.o)
 .debug_line    0x0000000000000000      0x341 g:/pi/gcc_linaro_7_1/bin/../aarch64-elf/libc/usr/lib\libc.a(lib_a-sbrkr.o)
 .debug_str     0x0000000000000000      0x696 g:/pi/gcc_linaro_7_1/bin/../aarch64-elf/libc/usr/lib\libc.a(lib_a-sbrkr.o)
 .comment       0x0000000000000000       0x2e g:/pi/gcc_linaro_7_1/bin/../aarch64-elf/libc/usr/lib\libc.a(lib_a-sbrkr.o)
 .debug_frame   0x0000000000000000       0x50 g:/pi/gcc_linaro_7_1/bin/../aarch64-elf/libc/usr/lib\libc.a(lib_a-sbrkr.o)
 .data          0x0000000000000000        0x0 g:/pi/gcc_linaro_7_1/bin/../aarch64-elf/libc/usr/lib\libc.a(lib_a-freer.o)
 .bss           0x0000000000000000        0x0 g:/pi/gcc_linaro_7_1/bin/../aarch64-elf/libc/usr/lib\libc.a(lib_a-freer.o)
 .debug_info    0x0000000000000000      0xd0a g:/pi/gcc_linaro_7_1/bin/../aarch64-elf/libc/usr/lib\libc.a(lib_a-freer.o)
 .debug_abbrev  0x0000000000000000      0x29e g:/pi/gcc_linaro_7_1/bin/../aarch64-elf/libc/usr/lib\libc.a(lib_a-freer.o)
 .debug_loc     0x0000000000000000      0x9ea g:/pi/gcc_linaro_7_1/bin/../aarch64-elf/libc/usr/lib\libc.a(lib_a-freer.o)
 .debug_aranges
                0x0000000000000000       0x30 g:/pi/gcc_linaro_7_1/bin/../aarch64-elf/libc/usr/lib\libc.a(lib_a-freer.o)
 .debug_line    0x0000000000000000      0x45f g:/pi/gcc_linaro_7_1/bin/../aarch64-elf/libc/usr/lib\libc.a(lib_a-freer.o)
 .debug_str     0x0000000000000000      0x834 g:/pi/gcc_linaro_7_1/bin/../aarch64-elf/libc/usr/lib\libc.a(lib_a-freer.o)
 .comment       0x0000000000000000       0x2e g:/pi/gcc_linaro_7_1/bin/../aarch64-elf/libc/usr/lib\libc.a(lib_a-freer.o)
 .debug_frame   0x0000000000000000       0xb0 g:/pi/gcc_linaro_7_1/bin/../aarch64-elf/libc/usr/lib\libc.a(lib_a-freer.o)
 .text          0x0000000000000000      0x144 g:/pi/gcc_linaro_7_1/bin/../aarch64-elf/libc/usr/lib\libc.a(lib_a-reent.o)
 .data          0x0000000000000000        0x0 g:/pi/gcc_linaro_7_1/bin/../aarch64-elf/libc/usr/lib\libc.a(lib_a-reent.o)
 .bss           0x0000000000000000        0x0 g:/pi/gcc_linaro_7_1/bin/../aarch64-elf/libc/usr/lib\libc.a(lib_a-reent.o)
 .debug_info    0x0000000000000000      0xa8d g:/pi/gcc_linaro_7_1/bin/../aarch64-elf/libc/usr/lib\libc.a(lib_a-reent.o)
 .debug_abbrev  0x0000000000000000      0x29e g:/pi/gcc_linaro_7_1/bin/../aarch64-elf/libc/usr/lib\libc.a(lib_a-reent.o)
 .debug_loc     0x0000000000000000      0x283 g:/pi/gcc_linaro_7_1/bin/../aarch64-elf/libc/usr/lib\libc.a(lib_a-reent.o)
 .debug_aranges
                0x0000000000000000       0x30 g:/pi/gcc_linaro_7_1/bin/../aarch64-elf/libc/usr/lib\libc.a(lib_a-reent.o)
 .debug_line    0x0000000000000000      0x365 g:/pi/gcc_linaro_7_1/bin/../aarch64-elf/libc/usr/lib\libc.a(lib_a-reent.o)
 .debug_str     0x0000000000000000      0x68f g:/pi/gcc_linaro_7_1/bin/../aarch64-elf/libc/usr/lib\libc.a(lib_a-reent.o)
 .comment       0x0000000000000000       0x2e g:/pi/gcc_linaro_7_1/bin/../aarch64-elf/libc/usr/lib\libc.a(lib_a-reent.o)
 .debug_frame   0x0000000000000000       0x90 g:/pi/gcc_linaro_7_1/bin/../aarch64-elf/libc/usr/lib\libc.a(lib_a-reent.o)
 .data          0x0000000000000000        0x0 g:/pi/gcc_linaro_7_1/bin/../lib/gcc/aarch64-elf/7.1.1\libgcc.a(floatsitf.o)
 .bss           0x0000000000000000        0x0 g:/pi/gcc_linaro_7_1/bin/../lib/gcc/aarch64-elf/7.1.1\libgcc.a(floatsitf.o)
 .debug_info    0x0000000000000000      0x2f6 g:/pi/gcc_linaro_7_1/bin/../lib/gcc/aarch64-elf/7.1.1\libgcc.a(floatsitf.o)
 .debug_abbrev  0x0000000000000000      0x169 g:/pi/gcc_linaro_7_1/bin/../lib/gcc/aarch64-elf/7.1.1\libgcc.a(floatsitf.o)
 .debug_loc     0x0000000000000000      0x1de g:/pi/gcc_linaro_7_1/bin/../lib/gcc/aarch64-elf/7.1.1\libgcc.a(floatsitf.o)
 .debug_aranges
                0x0000000000000000       0x30 g:/pi/gcc_linaro_7_1/bin/../lib/gcc/aarch64-elf/7.1.1\libgcc.a(floatsitf.o)
 .debug_ranges  0x0000000000000000       0x60 g:/pi/gcc_linaro_7_1/bin/../lib/gcc/aarch64-elf/7.1.1\libgcc.a(floatsitf.o)
 .debug_line    0x0000000000000000      0x1b9 g:/pi/gcc_linaro_7_1/bin/../lib/gcc/aarch64-elf/7.1.1\libgcc.a(floatsitf.o)
 .debug_str     0x0000000000000000      0x3c9 g:/pi/gcc_linaro_7_1/bin/../lib/gcc/aarch64-elf/7.1.1\libgcc.a(floatsitf.o)
 .comment       0x0000000000000000       0x2e g:/pi/gcc_linaro_7_1/bin/../lib/gcc/aarch64-elf/7.1.1\libgcc.a(floatsitf.o)
 .debug_frame   0x0000000000000000       0x28 g:/pi/gcc_linaro_7_1/bin/../lib/gcc/aarch64-elf/7.1.1\libgcc.a(floatsitf.o)
 .data          0x0000000000000000        0x0 g:/pi/gcc_linaro_7_1/bin/../lib/gcc/aarch64-elf/7.1.1\libgcc.a(trunctfdf2.o)
 .bss           0x0000000000000000        0x0 g:/pi/gcc_linaro_7_1/bin/../lib/gcc/aarch64-elf/7.1.1\libgcc.a(trunctfdf2.o)
 .debug_info    0x0000000000000000      0x318 g:/pi/gcc_linaro_7_1/bin/../lib/gcc/aarch64-elf/7.1.1\libgcc.a(trunctfdf2.o)
 .debug_abbrev  0x0000000000000000      0x16a g:/pi/gcc_linaro_7_1/bin/../lib/gcc/aarch64-elf/7.1.1\libgcc.a(trunctfdf2.o)
 .debug_loc     0x0000000000000000      0x966 g:/pi/gcc_linaro_7_1/bin/../lib/gcc/aarch64-elf/7.1.1\libgcc.a(trunctfdf2.o)
 .debug_aranges
                0x0000000000000000       0x30 g:/pi/gcc_linaro_7_1/bin/../lib/gcc/aarch64-elf/7.1.1\libgcc.a(trunctfdf2.o)
 .debug_ranges  0x0000000000000000      0x170 g:/pi/gcc_linaro_7_1/bin/../lib/gcc/aarch64-elf/7.1.1\libgcc.a(trunctfdf2.o)
 .debug_line    0x0000000000000000      0x2cc g:/pi/gcc_linaro_7_1/bin/../lib/gcc/aarch64-elf/7.1.1\libgcc.a(trunctfdf2.o)
 .debug_str     0x0000000000000000      0x3cf g:/pi/gcc_linaro_7_1/bin/../lib/gcc/aarch64-elf/7.1.1\libgcc.a(trunctfdf2.o)
 .comment       0x0000000000000000       0x2e g:/pi/gcc_linaro_7_1/bin/../lib/gcc/aarch64-elf/7.1.1\libgcc.a(trunctfdf2.o)
 .debug_frame   0x0000000000000000       0x40 g:/pi/gcc_linaro_7_1/bin/../lib/gcc/aarch64-elf/7.1.1\libgcc.a(trunctfdf2.o)
 .data          0x0000000000000000        0x0 g:/pi/gcc_linaro_7_1/bin/../lib/gcc/aarch64-elf/7.1.1\libgcc.a(sfp-exceptions.o)
 .bss           0x0000000000000000        0x0 g:/pi/gcc_linaro_7_1/bin/../lib/gcc/aarch64-elf/7.1.1\libgcc.a(sfp-exceptions.o)
 .debug_info    0x0000000000000000       0xde g:/pi/gcc_linaro_7_1/bin/../lib/gcc/aarch64-elf/7.1.1\libgcc.a(sfp-exceptions.o)
 .debug_abbrev  0x0000000000000000       0x76 g:/pi/gcc_linaro_7_1/bin/../lib/gcc/aarch64-elf/7.1.1\libgcc.a(sfp-exceptions.o)
 .debug_loc     0x0000000000000000       0x39 g:/pi/gcc_linaro_7_1/bin/../lib/gcc/aarch64-elf/7.1.1\libgcc.a(sfp-exceptions.o)
 .debug_aranges
                0x0000000000000000       0x30 g:/pi/gcc_linaro_7_1/bin/../lib/gcc/aarch64-elf/7.1.1\libgcc.a(sfp-exceptions.o)
 .debug_line    0x0000000000000000       0xff g:/pi/gcc_linaro_7_1/bin/../lib/gcc/aarch64-elf/7.1.1\libgcc.a(sfp-exceptions.o)
 .debug_str     0x0000000000000000      0x292 g:/pi/gcc_linaro_7_1/bin/../lib/gcc/aarch64-elf/7.1.1\libgcc.a(sfp-exceptions.o)
 .comment       0x0000000000000000       0x2e g:/pi/gcc_linaro_7_1/bin/../lib/gcc/aarch64-elf/7.1.1\libgcc.a(sfp-exceptions.o)
 .debug_frame   0x0000000000000000       0x28 g:/pi/gcc_linaro_7_1/bin/../lib/gcc/aarch64-elf/7.1.1\libgcc.a(sfp-exceptions.o)

Memory Configuration

Name             Origin             Length             Attributes
RAM              0x0000000000080000 0x0000000008000000 xrw
*default*        0x0000000000000000 0xffffffffffffffff

Linker script and memory map


.init           0x0000000000080000      0x108
 *(.init)
 .init          0x0000000000080000      0x108 C:\Users\Leon\AppData\Local\Temp\ccKw2y84.o
                0x0000000000080000                _start

.text           0x0000000000080140    0x21484
                0x0000000000080140                . = ALIGN (0x4)
                0x0000000000080140                __text_start__ = .
 *(.text .text.*)
 .text          0x0000000000080140       0xe8 C:\Users\Leon\AppData\Local\Temp\cchgO91X.o
                0x0000000000080140                core1_main
                0x0000000000080190                kernel_main
 .text.setTimerIrqAddress
                0x0000000000080228       0x20 C:\Users\Leon\AppData\Local\Temp\ccKw2y84.o
                0x0000000000080228                setTimerIrqAddress
 .text.ARMaddrToGPUaddr
                0x0000000000080248        0xc C:\Users\Leon\AppData\Local\Temp\ccKw2y84.o
                0x0000000000080248                ARMaddrToGPUaddr
 .text.GPUaddrToARMaddr
                0x0000000000080254        0xc C:\Users\Leon\AppData\Local\Temp\ccKw2y84.o
                0x0000000000080254                GPUaddrToARMaddr
 .text          0x0000000000080260     0x277c C:\Users\Leon\AppData\Local\Temp\ccjCuHOB.o
                0x0000000000081490                RPi_CpuIdString
                0x00000000000814f0                gpio_setup
                0x0000000000081560                gpio_output
                0x00000000000815c0                gpio_input
                0x0000000000081610                gpio_checkEvent
                0x0000000000081650                gpio_clearEvent
                0x0000000000081690                gpio_edgeDetect
                0x0000000000081740                gpio_fixResistor
                0x0000000000081830                timer_getTickCount
                0x0000000000081860                timer_wait
                0x00000000000818c0                tick_difference
                0x00000000000818d0                mailbox_write
                0x0000000000081910                mailbox_read
                0x0000000000081960                mailbox_tag_message
                0x0000000000081ae0                TimerIrqSetup
                0x0000000000081be0                set_Activity_LED
                0x0000000000081d40                ARM_setmaxspeed
                0x0000000000081df0                displaySmartStart
                0x0000000000081ed0                Embedded_Console_WriteChar
                0x0000000000081f90                WriteText
                0x0000000000082090                SetDCPenColor
                0x00000000000820b0                SetDCBrushColor
                0x00000000000820d0                MoveToEx
                0x0000000000082100                LineTo
                0x00000000000821c0                TextOut
                0x0000000000082250                TransparentTextOut
                0x00000000000822c0                BmpOut
                0x0000000000082310                CvtBmpLine
                0x00000000000825b0                Rectangle
                0x00000000000825e0                PiConsole_Init
                0x0000000000082930                GetConsoleDC
                0x0000000000082940                GetConsole_FrameBuffer
                0x0000000000082950                GetConsole_Width
                0x0000000000082960                GetConsole_Height
                0x0000000000082970                WhereXY
                0x00000000000829a0                GotoXY
                0x00000000000829b0                _sbrk
 *fill*         0x00000000000829dc        0x4 
 .text          0x00000000000829e0    0x15a70 C:\Users\Leon\AppData\Local\Temp\ccGwOPZx.o
                0x0000000000083430                Buffer_WriteChar
                0x0000000000087b70                vsscanf
                0x0000000000088890                sscanf
                0x0000000000088920                Init_EmbStdio
                0x0000000000088940                printf
                0x0000000000089870                sprintf
                0x0000000000089970                snprintf
                0x000000000008e030                vprintf
                0x000000000008ef10                vsprintf
                0x0000000000093590                vsnprintf
                0x0000000000097c10                check_buffer
                0x0000000000097c90                BENCHTEST_snprintf
 .text          0x0000000000098450      0xd0c g:/pi/gcc_linaro_7_1/bin/../aarch64-elf/libc/usr/lib\libc.a(lib_a-locale.o)
                0x0000000000098508                __loadlocale
                0x0000000000098ca0                __get_locale_env
                0x0000000000098d30                _setlocale_r
                0x00000000000990f0                __locale_mb_cur_max
                0x0000000000099118                __locale_ctype_ptr_l
                0x0000000000099120                __locale_ctype_ptr
                0x0000000000099148                setlocale
 *fill*         0x000000000009915c        0x4 
 .text          0x0000000000099160       0x30 g:/pi/gcc_linaro_7_1/bin/../aarch64-elf/libc/usr/lib\libc.a(lib_a-mbstowcs.o)
                0x0000000000099160                mbstowcs
 .text          0x0000000000099190       0xfc g:/pi/gcc_linaro_7_1/bin/../aarch64-elf/libc/usr/lib\libc.a(lib_a-mbstowcs_r.o)
                0x0000000000099190                _mbstowcs_r
 *fill*         0x000000000009928c        0x4 
 .text          0x0000000000099290      0x6e4 g:/pi/gcc_linaro_7_1/bin/../aarch64-elf/libc/usr/lib\libc.a(lib_a-mbtowc_r.o)
                0x0000000000099290                _mbtowc_r
                0x00000000000992b8                __ascii_mbtowc
                0x00000000000992f8                __utf8_mbtowc
                0x00000000000995c0                __sjis_mbtowc
                0x0000000000099690                __eucjp_mbtowc
                0x00000000000997b0                __jis_mbtowc
 *fill*         0x0000000000099974        0x4 
 .text          0x0000000000099978       0xbc g:/pi/gcc_linaro_7_1/bin/../aarch64-elf/libc/usr/lib\libc.a(lib_a-s_modf.o)
                0x0000000000099978                modf
 *fill*         0x0000000000099a34        0x4 
 .text          0x0000000000099a38       0xa0 g:/pi/gcc_linaro_7_1/bin/../aarch64-elf/libc/usr/lib\libc.a(lib_a-strcasecmp.o)
                0x0000000000099a38                strcasecmp
 .text          0x0000000000099ad8       0x74 g:/pi/gcc_linaro_7_1/bin/../aarch64-elf/libc/usr/lib\libc.a(lib_a-strcat.o)
                0x0000000000099ad8                strcat
 .text          0x0000000000099b4c       0xdc g:/pi/gcc_linaro_7_1/bin/../aarch64-elf/libc/usr/lib\libc.a(lib_a-strchr.o)
                0x0000000000099b4c                strchr
 *fill*         0x0000000000099c28       0x18 
 .text          0x0000000000099c40       0xa4 g:/pi/gcc_linaro_7_1/bin/../aarch64-elf/libc/usr/lib\libc.a(lib_a-strcmp.o)
                0x0000000000099c40                strcmp
 *fill*         0x0000000000099ce4       0x1c 
 .text          0x0000000000099d00      0x1b8 g:/pi/gcc_linaro_7_1/bin/../aarch64-elf/libc/usr/lib\libc.a(lib_a-strcpy.o)
                0x0000000000099d00                strcpy
 .text          0x0000000000099eb8       0x44 g:/pi/gcc_linaro_7_1/bin/../aarch64-elf/libc/usr/lib\libc.a(lib_a-strlcpy.o)
                0x0000000000099eb8                strlcpy
 *fill*         0x0000000000099efc        0x4 
 .text          0x0000000000099f00      0x140 g:/pi/gcc_linaro_7_1/bin/../aarch64-elf/libc/usr/lib\libc.a(lib_a-strlen.o)
                0x0000000000099f00                strlen
 .text          0x000000000009a040       0xcc g:/pi/gcc_linaro_7_1/bin/../aarch64-elf/libc/usr/lib\libc.a(lib_a-strncasecmp.o)
                0x000000000009a040                strncasecmp
 *fill*         0x000000000009a10c       0x34 
 .text          0x000000000009a140      0x124 g:/pi/gcc_linaro_7_1/bin/../aarch64-elf/libc/usr/lib\libc.a(lib_a-strncmp.o)
                0x000000000009a15c                strncmp
 *fill*         0x000000000009a264        0x4 
 .text          0x000000000009a268       0xb0 g:/pi/gcc_linaro_7_1/bin/../aarch64-elf/libc/usr/lib\libc.a(lib_a-strncpy.o)
                0x000000000009a268                strncpy
 *fill*         0x000000000009a318       0x28 
 .text          0x000000000009a340       0xe0 g:/pi/gcc_linaro_7_1/bin/../aarch64-elf/libc/usr/lib\libc.a(lib_a-strnlen.o)
                0x000000000009a364                strnlen
 .text          0x000000000009a420     0x1288 g:/pi/gcc_linaro_7_1/bin/../aarch64-elf/libc/usr/lib\libc.a(lib_a-strtod.o)
                0x000000000009a420                _strtod_l
                0x000000000009b518                _strtod_r
                0x000000000009b538                strtod_l
                0x000000000009b550                strtod
                0x000000000009b580                strtof_l
                0x000000000009b608                strtof
 .text.unlikely
                0x000000000009b6a8       0x54 g:/pi/gcc_linaro_7_1/bin/../aarch64-elf/libc/usr/lib\libc.a(lib_a-strtod.o)
 *fill*         0x000000000009b6fc        0x4 
 .text          0x000000000009b700      0x240 g:/pi/gcc_linaro_7_1/bin/../aarch64-elf/libc/usr/lib\libc.a(lib_a-strtol.o)
                0x000000000009b8d0                _strtol_r
                0x000000000009b8f0                strtol_l
                0x000000000009b910                strtol
 .text          0x000000000009b940       0xc0 g:/pi/gcc_linaro_7_1/bin/../aarch64-elf/libc/usr/lib\libc.a(lib_a-strtold.o)
                0x000000000009b940                _strtold_r
                0x000000000009b980                strtold_l
                0x000000000009b9b8                strtold
 .text          0x000000000009ba00      0x240 g:/pi/gcc_linaro_7_1/bin/../aarch64-elf/libc/usr/lib\libc.a(lib_a-strtoll.o)
                0x000000000009bbd0                _strtoll_r
                0x000000000009bbf0                strtoll_l
                0x000000000009bc10                strtoll
 .text          0x000000000009bc40      0x12c g:/pi/gcc_linaro_7_1/bin/../aarch64-elf/libc/usr/lib\libc.a(lib_a-strtorx.o)
                0x000000000009bc40                ULtox
                0x000000000009bcf0                _strtorx_l
 *fill*         0x000000000009bd6c        0x4 
 .text          0x000000000009bd70      0x250 g:/pi/gcc_linaro_7_1/bin/../aarch64-elf/libc/usr/lib\libc.a(lib_a-strtoul.o)
                0x000000000009bf50                _strtoul_r
                0x000000000009bf70                strtoul_l
                0x000000000009bf90                strtoul
 .text          0x000000000009bfc0      0x250 g:/pi/gcc_linaro_7_1/bin/../aarch64-elf/libc/usr/lib\libc.a(lib_a-strtoull.o)
                0x000000000009c1a0                _strtoull_r
                0x000000000009c1c0                strtoull_l
                0x000000000009c1e0                strtoull
 .text          0x000000000009c210       0x24 g:/pi/gcc_linaro_7_1/bin/../aarch64-elf/libc/usr/lib\libc.a(lib_a-wcscpy.o)
                0x000000000009c210                wcscpy
 *fill*         0x000000000009c234        0x4 
 .text          0x000000000009c238       0x84 g:/pi/gcc_linaro_7_1/bin/../aarch64-elf/libc/usr/lib\libc.a(lib_a-wctob.o)
                0x000000000009c238                wctob
 *fill*         0x000000000009c2bc        0x4 
 .text          0x000000000009c2c0      0x310 g:/pi/gcc_linaro_7_1/bin/../aarch64-elf/libc/usr/lib\libc.a(lib_a-wctomb_r.o)
                0x000000000009c2c0                _wctomb_r
                0x000000000009c2e8                __ascii_wctomb
                0x000000000009c318                __utf8_wctomb
                0x000000000009c3f8                __sjis_wctomb
                0x000000000009c478                __eucjp_wctomb
                0x000000000009c520                __jis_wctomb
 .text          0x000000000009c5d0       0x10 g:/pi/gcc_linaro_7_1/bin/../aarch64-elf/libc/usr/lib\libc.a(lib_a-ctype_.o)
                0x000000000009c5d0                __set_ctype
 .text          0x000000000009c5e0      0x8b4 g:/pi/gcc_linaro_7_1/bin/../aarch64-elf/libc/usr/lib\libc.a(lib_a-gdtoa-gethex.o)
                0x000000000009c6d8                __gethex
 *fill*         0x000000000009ce94        0x4 
 .text          0x000000000009ce98      0x270 g:/pi/gcc_linaro_7_1/bin/../aarch64-elf/libc/usr/lib\libc.a(lib_a-gdtoa-hexnan.o)
                0x000000000009ce98                __match
                0x000000000009cee0                __hexnan
 .text          0x000000000009d108      0x128 g:/pi/gcc_linaro_7_1/bin/../aarch64-elf/libc/usr/lib\libc.a(lib_a-getenv_r.o)
                0x000000000009d108                _findenv_r
                0x000000000009d218                _getenv_r
 .text          0x000000000009d230       0x54 g:/pi/gcc_linaro_7_1/bin/../aarch64-elf/libc/usr/lib\libc.a(lib_a-localeconv.o)
                0x000000000009d230                __localeconv_l
                0x000000000009d238                _localeconv_r
                0x000000000009d260                localeconv
 *fill*         0x000000000009d284       0x3c 
 .text          0x000000000009d2c0      0x16c g:/pi/gcc_linaro_7_1/bin/../aarch64-elf/libc/usr/lib\libc.a(lib_a-memcpy.o)
                0x000000000009d2c0                memcpy
 *fill*         0x000000000009d42c       0x14 
 .text          0x000000000009d440      0x1d8 g:/pi/gcc_linaro_7_1/bin/../aarch64-elf/libc/usr/lib\libc.a(lib_a-memset.o)
                0x000000000009d440                memset
 .text          0x000000000009d618      0xe5c g:/pi/gcc_linaro_7_1/bin/../aarch64-elf/libc/usr/lib\libc.a(lib_a-mprec.o)
                0x000000000009d618                _Balloc
                0x000000000009d6c0                _Bfree
                0x000000000009d6e0                __multadd
                0x000000000009d7c8                __s2b
                0x000000000009d8e8                __hi0bits
                0x000000000009d948                __lo0bits
                0x000000000009d9e8                __i2b
                0x000000000009da18                __multiply
                0x000000000009dbd8                __pow5mult
                0x000000000009dd00                __lshift
                0x000000000009de38                __mcmp
                0x000000000009de88                __mdiff
                0x000000000009e018                __ulp
                0x000000000009e088                __b2d
                0x000000000009e1a8                __d2b
                0x000000000009e2c8                __ratio
                0x000000000009e350                _mprec_log10
                0x000000000009e388                __copybits
                0x000000000009e3f0                __any_on
 *fill*         0x000000000009e474        0x4 
 .text          0x000000000009e478        0xc g:/pi/gcc_linaro_7_1/bin/../aarch64-elf/libc/usr/lib\libc.a(lib_a-sf_nan.o)
                0x000000000009e478                nanf
 *fill*         0x000000000009e484        0x4 
 .text          0x000000000009e488     0x1fb8 g:/pi/gcc_linaro_7_1/bin/../aarch64-elf/libc/usr/lib\libc.a(lib_a-strtodg.o)
                0x000000000009e580                increment
                0x000000000009ea18                decrement
                0x000000000009ea50                set_ones
                0x000000000009eb18                _strtodg_l
 .text          0x00000000000a0440       0x90 g:/pi/gcc_linaro_7_1/bin/../aarch64-elf/libc/usr/lib\libc.a(lib_a-callocr.o)
                0x00000000000a0440                _calloc_r
 .text          0x00000000000a04d0        0xc g:/pi/gcc_linaro_7_1/bin/../aarch64-elf/libc/usr/lib\libc.a(lib_a-envlock.o)
                0x00000000000a04d0                __env_lock
                0x00000000000a04d8                __env_unlock
 *fill*         0x00000000000a04dc        0x4 
 .text          0x00000000000a04e0        0xc g:/pi/gcc_linaro_7_1/bin/../aarch64-elf/libc/usr/lib\libc.a(lib_a-errno.o)
                0x00000000000a04e0                __errno
 *fill*         0x00000000000a04ec        0x4 
 .text          0x00000000000a04f0      0x848 g:/pi/gcc_linaro_7_1/bin/../aarch64-elf/libc/usr/lib\libc.a(lib_a-mallocr.o)
                0x00000000000a04f0                _malloc_r
 .text          0x00000000000a0d38        0xc g:/pi/gcc_linaro_7_1/bin/../aarch64-elf/libc/usr/lib\libc.a(lib_a-mlock.o)
                0x00000000000a0d38                __malloc_lock
                0x00000000000a0d40                __malloc_unlock
 *fill*         0x00000000000a0d44        0x4 
 .text          0x00000000000a0d48       0x4c g:/pi/gcc_linaro_7_1/bin/../aarch64-elf/libc/usr/lib\libc.a(lib_a-sbrkr.o)
                0x00000000000a0d48                _sbrk_r
 *fill*         0x00000000000a0d94        0x4 
 .text          0x00000000000a0d98      0x410 g:/pi/gcc_linaro_7_1/bin/../aarch64-elf/libc/usr/lib\libc.a(lib_a-freer.o)
                0x00000000000a0d98                _malloc_trim_r
                0x00000000000a0ea8                _free_r
 .text          0x00000000000a11a8       0x64 g:/pi/gcc_linaro_7_1/bin/../lib/gcc/aarch64-elf/7.1.1\libgcc.a(floatsitf.o)
                0x00000000000a11a8                __floatsitf
 *fill*         0x00000000000a120c        0x4 
 .text          0x00000000000a1210      0x344 g:/pi/gcc_linaro_7_1/bin/../lib/gcc/aarch64-elf/7.1.1\libgcc.a(trunctfdf2.o)
                0x00000000000a1210                __trunctfdf2
 *fill*         0x00000000000a1554        0x4 
 .text          0x00000000000a1558       0x6c g:/pi/gcc_linaro_7_1/bin/../lib/gcc/aarch64-elf/7.1.1\libgcc.a(sfp-exceptions.o)
                0x00000000000a1558                __sfp_handle_exceptions
                0x00000000000a15c4                __text_end__ = .

.data           0x00000000000a15c8     0x1180
                0x00000000000a15c8                . = ALIGN (0x4)
                0x00000000000a15c8                __data_start__ = .
 *(.data .data.*)
 .data.smartstart64
                0x00000000000a15c8       0x20 C:\Users\Leon\AppData\Local\Temp\ccKw2y84.o
                0x00000000000a15c8                RPi_IO_Base_Addr
                0x00000000000a15cc                RPi_BootAddr
                0x00000000000a15d0                RPi_CoresReady
                0x00000000000a15d4                RPi_CPUBootMode
                0x00000000000a15d8                RPi_CpuId
                0x00000000000a15dc                RPi_CompileMode
 .data          0x00000000000a15e8        0x4 C:\Users\Leon\AppData\Local\Temp\ccjCuHOB.o
 *fill*         0x00000000000a15ec        0x4 
 .data          0x00000000000a15f0      0x1c8 g:/pi/gcc_linaro_7_1/bin/../aarch64-elf/libc/usr/lib\libc.a(lib_a-locale.o)
                0x00000000000a15f0                __global_locale
                0x00000000000a1798                __default_locale
 .data          0x00000000000a17b8       0x14 g:/pi/gcc_linaro_7_1/bin/../aarch64-elf/libc/usr/lib\libc.a(lib_a-strtorx.o)
 *fill*         0x00000000000a17cc        0x4 
 .data          0x00000000000a17d0      0x750 g:/pi/gcc_linaro_7_1/bin/../aarch64-elf/libc/usr/lib\libc.a(lib_a-impure.o)
                0x00000000000a17d0                _impure_ptr
 .data          0x00000000000a1f20        0x8 g:/pi/gcc_linaro_7_1/bin/../aarch64-elf/libc/usr/lib\libc.a(lib_a-environ.o)
                0x00000000000a1f20                environ
 .data          0x00000000000a1f28      0x820 g:/pi/gcc_linaro_7_1/bin/../aarch64-elf/libc/usr/lib\libc.a(lib_a-mallocr.o)
                0x00000000000a1f28                __malloc_av_
                0x00000000000a2738                __malloc_sbrk_base
                0x00000000000a2740                __malloc_trim_threshold
                0x00000000000a2748                __data_end__ = .

.data1          0x00000000000a2748        0x8
                0x00000000000a2750                . = ALIGN (0x10)
 *fill*         0x00000000000a2748        0x8 
                0x00000000000a2750                __data1_start__ = .
 *(.data1 .data1.*)
                0x00000000000a2750                __data1_end__ = .

.bss            0x00000000000a2750      0x38c
                0x00000000000a2750                . = ALIGN (0x4)
                0x00000000000a2750                __bss_start__ = .
 *(.bss .bss.*)
 .bss           0x00000000000a2750       0x78 C:\Users\Leon\AppData\Local\Temp\ccjCuHOB.o
                0x00000000000a2754                console
 .bss           0x00000000000a27c8       0x18 C:\Users\Leon\AppData\Local\Temp\ccGwOPZx.o
 .bss           0x00000000000a27e0      0x2b0 g:/pi/gcc_linaro_7_1/bin/../aarch64-elf/libc/usr/lib\libc.a(lib_a-locale.o)
                0x00000000000a2a88                _PathLocale
 .bss           0x00000000000a2a90        0x8 g:/pi/gcc_linaro_7_1/bin/../aarch64-elf/libc/usr/lib\libc.a(lib_a-environ.o)
 .bss           0x00000000000a2a98       0x40 g:/pi/gcc_linaro_7_1/bin/../aarch64-elf/libc/usr/lib\libc.a(lib_a-mallocr.o)
                0x00000000000a2a98                __malloc_top_pad
                0x00000000000a2aa0                __malloc_current_mallinfo
                0x00000000000a2ac8                __malloc_max_sbrked_mem
                0x00000000000a2ad0                __malloc_max_total_mem
 *(COMMON)
 COMMON         0x00000000000a2ad8        0x4 g:/pi/gcc_linaro_7_1/bin/../aarch64-elf/libc/usr/lib\libc.a(lib_a-reent.o)
                0x00000000000a2ad8                errno
                0x00000000000a2adc                __bss_end__ = .

.rodata         0x00000000000a2ae0     0x1ccc
                0x00000000000a2ae0                . = ALIGN (0x4)
                0x00000000000a2ae0                __rodata_start__ = .
 *(.rodata .rodata.*)
 .rodata        0x00000000000a2ae0        0x4 C:\Users\Leon\AppData\Local\Temp\cchgO91X.o
 *fill*         0x00000000000a2ae4        0x4 
 .rodata.str1.8
                0x00000000000a2ae8       0x45 C:\Users\Leon\AppData\Local\Temp\cchgO91X.o
 *fill*         0x00000000000a2b2d        0x3 
 .rodata        0x00000000000a2b30     0x1004 C:\Users\Leon\AppData\Local\Temp\ccjCuHOB.o
                0x00000000000a3b30                BitFontEnd
 *fill*         0x00000000000a3b34        0x4 
 .rodata.str1.8
                0x00000000000a3b38      0x123 C:\Users\Leon\AppData\Local\Temp\ccjCuHOB.o
 *fill*         0x00000000000a3c5b        0x5 
 .rodata        0x00000000000a3c60      0x108 C:\Users\Leon\AppData\Local\Temp\ccGwOPZx.o
 .rodata.str1.8
                0x00000000000a3d68      0x1dc C:\Users\Leon\AppData\Local\Temp\ccGwOPZx.o
 *fill*         0x00000000000a3f44        0x4 
 .rodata        0x00000000000a3f48      0x250 g:/pi/gcc_linaro_7_1/bin/../aarch64-elf/libc/usr/lib\libc.a(lib_a-locale.o)
                0x00000000000a3ff0                __C_locale
 .rodata.str1.8
                0x00000000000a4198      0x184 g:/pi/gcc_linaro_7_1/bin/../aarch64-elf/libc/usr/lib\libc.a(lib_a-locale.o)
                                        0x18c (size before relaxing)
 *fill*         0x00000000000a431c        0x4 
 .rodata        0x00000000000a4320       0x90 g:/pi/gcc_linaro_7_1/bin/../aarch64-elf/libc/usr/lib\libc.a(lib_a-mbtowc_r.o)
 .rodata        0x00000000000a43b0       0x58 g:/pi/gcc_linaro_7_1/bin/../aarch64-elf/libc/usr/lib\libc.a(lib_a-strtod.o)
 .rodata.str1.8
                0x00000000000a4408       0x18 g:/pi/gcc_linaro_7_1/bin/../aarch64-elf/libc/usr/lib\libc.a(lib_a-strtod.o)
                                         0x13 (size before relaxing)
 .rodata        0x00000000000a4420      0x101 g:/pi/gcc_linaro_7_1/bin/../aarch64-elf/libc/usr/lib\libc.a(lib_a-ctype_.o)
                0x00000000000a4420                _ctype_
 *fill*         0x00000000000a4521        0x7 
 .rodata        0x00000000000a4528      0x100 g:/pi/gcc_linaro_7_1/bin/../aarch64-elf/libc/usr/lib\libc.a(lib_a-gdtoa-gethex.o)
                0x00000000000a4528                __hexdig
 .rodata        0x00000000000a4628      0x128 g:/pi/gcc_linaro_7_1/bin/../aarch64-elf/libc/usr/lib\libc.a(lib_a-mprec.o)
                0x00000000000a4638                __mprec_tens
                0x00000000000a4700                __mprec_tinytens
                0x00000000000a4728                __mprec_bigtens
 .rodata        0x00000000000a4750       0x5c g:/pi/gcc_linaro_7_1/bin/../aarch64-elf/libc/usr/lib\libc.a(lib_a-strtodg.o)
 .rodata.str1.8
                0x00000000000a47ac       0x13 g:/pi/gcc_linaro_7_1/bin/../aarch64-elf/libc/usr/lib\libc.a(lib_a-strtodg.o)
                0x00000000000a47bf                __rodata_end__ = .

.stack_core0    0x00000000000a47ac     0x5204
                0x00000000000a47b0                . = ALIGN (0x10)
 *fill*         0x00000000000a47ac        0x4 
                0x00000000000a47b0                __stack_start_core0__ = .
                0x00000000000a49b0                . = (. + 0x200)
 *fill*         0x00000000000a47b0      0x200 
                0x00000000000a49b0                __EL0_stack_core0 = .
                0x00000000000a89b0                . = (. + 0x4000)
 *fill*         0x00000000000a49b0     0x4000 
                0x00000000000a89b0                __EL1_stack_core0 = .
                0x00000000000a99b0                . = (. + 0x1000)
 *fill*         0x00000000000a89b0     0x1000 
                0x00000000000a99b0                __EL2_stack_core0 = .
                0x00000000000a99b0                . = ALIGN (0x10)
                0x00000000000a99b0                __stack_end_core0__ = .

.stack_core1    0x00000000000a99b0     0x1400
                0x00000000000a99b0                . = ALIGN (0x10)
                0x00000000000a99b0                __stack_start_core1__ = .
                0x00000000000a9bb0                . = (. + 0x200)
 *fill*         0x00000000000a99b0      0x200 
                0x00000000000a9bb0                __EL0_stack_core1 = .
                0x00000000000a9db0                . = (. + 0x200)
 *fill*         0x00000000000a9bb0      0x200 
                0x00000000000a9db0                __EL1_stack_core1 = .
                0x00000000000aadb0                . = (. + 0x1000)
 *fill*         0x00000000000a9db0     0x1000 
                0x00000000000aadb0                __EL2_stack_core1 = .
                0x00000000000aadb0                . = ALIGN (0x10)
                0x00000000000aadb0                __stack_end_core1__ = .

.stack_core2    0x00000000000aadb0     0x1400
                0x00000000000aadb0                . = ALIGN (0x10)
                0x00000000000aadb0                __stack_start_core2__ = .
                0x00000000000aafb0                . = (. + 0x200)
 *fill*         0x00000000000aadb0      0x200 
                0x00000000000aafb0                __EL0_stack_core2 = .
                0x00000000000ab1b0                . = (. + 0x200)
 *fill*         0x00000000000aafb0      0x200 
                0x00000000000ab1b0                __EL1_stack_core2 = .
                0x00000000000ac1b0                . = (. + 0x1000)
 *fill*         0x00000000000ab1b0     0x1000 
                0x00000000000ac1b0                __EL2_stack_core2 = .
                0x00000000000ac1b0                . = ALIGN (0x10)
                0x00000000000ac1b0                __stack_end_core2__ = .

.stack_core3    0x00000000000ac1b0     0x1400
                0x00000000000ac1b0                . = ALIGN (0x10)
                0x00000000000ac1b0                __stack_start_core3__ = .
                0x00000000000ac3b0                . = (. + 0x200)
 *fill*         0x00000000000ac1b0      0x200 
                0x00000000000ac3b0                __EL0_stack_core3 = .
                0x00000000000ac5b0                . = (. + 0x200)
 *fill*         0x00000000000ac3b0      0x200 
                0x00000000000ac5b0                __EL1_stack_core3 = .
                0x00000000000ad5b0                . = (. + 0x1000)
 *fill*         0x00000000000ac5b0     0x1000 
                0x00000000000ad5b0                __EL2_stack_core3 = .
                0x00000000000ad5b0                . = ALIGN (0x10)
                0x00000000000ad5b0                __stack_end_core3__ = .

.heap           0x00000000000ad5b0        0x0
                0x00000000000ad5b0                . = ALIGN (0x4)
                0x00000000000ad5b0                __heap_start__ = .
                0x00000000000ad5b0                _end = .
                [!provide]                        PROVIDE (end, .)

/DISCARD/
 *(*)
LOAD C:\Users\Leon\AppData\Local\Temp\cchgO91X.o
LOAD C:\Users\Leon\AppData\Local\Temp\ccKw2y84.o
LOAD C:\Users\Leon\AppData\Local\Temp\ccjCuHOB.o
LOAD C:\Users\Leon\AppData\Local\Temp\ccGwOPZx.o
LOAD g:/pi/gcc_linaro_7_1/bin/../aarch64-elf/libc/usr/lib\libc.a
LOAD g:/pi/gcc_linaro_7_1/bin/../aarch64-elf/libc/usr/lib\libm.a
LOAD g:/pi/gcc_linaro_7_1/bin/../lib/gcc/aarch64-elf/7.1.1\libgcc.a
OUTPUT(kernel.elf elf64-littleaarch64)
